
Running 1 test using 1 worker

  ✘  1 [gallery] › src/test/playwright/gallery-scan.spec.ts:48:9 › gallery › fisheyebar (1.2s)


  1) [gallery] › src/test/playwright/gallery-scan.spec.ts:48:9 › gallery › fisheyebar ──────────────

    Error: [2mexpect([22m[31mlocator[39m[2m).[22mtoHaveScreenshot[2m([22m[32mexpected[39m[2m)[22m failed

    Locator: locator('.z-p-8').first()
      10187 pixels (ratio 0.02 of all image pixels) are different.

      Snapshot: fisheyebar-gallery.png

    Call log:
    [2m  - Expect "toHaveScreenshot(fisheyebar-gallery.png)" with timeout 5000ms[22m
    [2m    - verifying given screenshot expectation[22m
    [2m  - waiting for locator('.z-p-8').first()[22m
    [2m    - locator resolved to <div id="aSfX0" class="z-p-8 z-div">…</div>[22m
    [2m  - taking element screenshot[22m
    [2m    - disabled all CSS animations[22m
    [2m  - waiting for fonts to load...[22m
    [2m  - fonts loaded[22m
    [2m  - attempting scroll into view action[22m
    [2m    - waiting for element to be stable[22m
    [2m  - 10187 pixels (ratio 0.02 of all image pixels) are different.[22m
    [2m  - waiting 100ms before taking screenshot[22m
    [2m  - waiting for locator('.z-p-8').first()[22m
    [2m    - locator resolved to <div id="aSfX0" class="z-p-8 z-div">…</div>[22m
    [2m  - taking element screenshot[22m
    [2m    - disabled all CSS animations[22m
    [2m  - waiting for fonts to load...[22m
    [2m  - fonts loaded[22m
    [2m  - attempting scroll into view action[22m
    [2m    - waiting for element to be stable[22m
    [2m  - captured a stable screenshot[22m
    [2m  - 10187 pixels (ratio 0.02 of all image pixels) are different.[22m


      68 |       ).toBeVisible();
      69 |       // Flat layout: doc/screenshots/<comp>-gallery.png (single hyphenated name).
    > 70 |       await expect(wrapper).toHaveScreenshot(`${comp}-gallery.png`, {
         |                             ^
      71 |         animations: 'disabled',
      72 |         // small tolerance for sub-pixel AA differences across runs
      73 |         maxDiffPixelRatio: 0.01,
        at /Users/hawk/Documents/workspace/ZK10/jess-b/zk/zkpreview/src/test/playwright/gallery-scan.spec.ts:70:29

    attachment #1: fisheyebar-gallery (image/png) ──────────────────────────────────────────────────
    Expected: doc/screenshots/fisheyebar-gallery.png
    Received: ../doc/jess-review/gates/batch47-final/pw-gallery/gallery-scan-gallery-fisheyebar-gallery/fisheyebar-gallery-actual.png
    Diff:     ../doc/jess-review/gates/batch47-final/pw-gallery/gallery-scan-gallery-fisheyebar-gallery/fisheyebar-gallery-diff.png
    ────────────────────────────────────────────────────────────────────────────────────────────────

    Error Context: ../doc/jess-review/gates/batch47-final/pw-gallery/gallery-scan-gallery-fisheyebar-gallery/error-context.md

  1 failed
    [gallery] › src/test/playwright/gallery-scan.spec.ts:48:9 › gallery › fisheyebar ───────────────
