
Running 231 tests using 4 workers

  ✓    4 [forced-colors] › src/test/playwright/forced-colors.spec.ts:32:7 › forced-colors (Windows High-Contrast) a11y guards › forced-colors is actually emulated (659ms)
  ✓    1 [hit-target] › src/test/playwright/hit-target.spec.ts:68:7 › multislider: every knob owns its own centre (929ms)
  ✓    3 [focus-scan] › src/test/playwright/focus-ring-scan.spec.ts:266:9 › focus-ring scan › a (934ms)
  ✓    5 [forced-colors] › src/test/playwright/forced-colors.spec.ts:38:7 › forced-colors (Windows High-Contrast) a11y guards › checkbox checked/indeterminate opt out of the OS palette (glyph stays legible) (493ms)
  ✓    6 [hit-target] › src/test/playwright/hit-target.spec.ts:68:7 › rangeslider: every knob owns its own centre (339ms)
  -    7 [focus-scan] › src/test/playwright/focus-ring-scan.spec.ts:266:9 › focus-ring scan › absolutelayout
  ✓    9 [hit-target] › src/test/playwright/hit-target.spec.ts:68:7 › slider: every knob owns its own centre (323ms)
  -   10 [focus-scan] › src/test/playwright/focus-ring-scan.spec.ts:266:9 › focus-ring scan › anchorlayout
  ✓    8 [forced-colors] › src/test/playwright/forced-colors.spec.ts:50:7 › forced-colors (Windows High-Contrast) a11y guards › text-input focus draws a real outline (box-shadow focus ring is stripped) (898ms)
  ✓   11 [focus-scan] › src/test/playwright/focus-ring-scan.spec.ts:266:9 › focus-ring scan › anchornav (1.1s)
  ✓   12 [forced-colors] › src/test/playwright/forced-colors.spec.ts:65:7 › forced-colors (Windows High-Contrast) a11y guards › selected list row uses the system selection colors (tint would otherwise vanish) (1.2s)
  -   13 [focus-scan] › src/test/playwright/focus-ring-scan.spec.ts:266:9 › focus-ring scan › avatar
  ✓    2 [component-theming] › src/test/playwright/component-theming.spec.ts:34:7 › Component Theme Variables › regional override restyles scoped buttons only (3.6s)
  ✓   14 [forced-colors] › src/test/playwright/forced-colors.spec.ts:81:7 › forced-colors (Windows High-Contrast) a11y guards › elevation-only surfaces gain a border (box-shadow is stripped) (357ms)
  ✓   15 [focus-scan] › src/test/playwright/focus-ring-scan.spec.ts:266:9 › focus-ring scan › badge (399ms)
  ✓   17 [forced-colors] › src/test/playwright/forced-colors.spec.ts:92:7 › forced-colors (Windows High-Contrast) a11y guards › buttons are delineated by a border (276ms)
  -   18 [focus-scan] › src/test/playwright/focus-ring-scan.spec.ts:266:9 › focus-ring scan › bandbox
  ✓   19 [forced-colors] › src/test/playwright/forced-colors.spec.ts:101:7 › forced-colors (Windows High-Contrast) a11y guards › elevation surface (groupbox) gains a border (623ms)
  -   20 [focus-scan] › src/test/playwright/focus-ring-scan.spec.ts:266:9 › focus-ring scan › barcode
  ✓   21 [forced-colors] › src/test/playwright/forced-colors.spec.ts:112:7 › forced-colors (Windows High-Contrast) a11y guards › paging current page uses the system selection color (361ms)
  ✓   16 [component-theming] › src/test/playwright/component-theming.spec.ts:48:7 › Component Theme Variables › disabled button keeps its disabled treatment inside a scoped region (1.6s)
  ✓   23 [forced-colors] › src/test/playwright/forced-colors.spec.ts:123:7 › forced-colors (Windows High-Contrast) a11y guards › calendar selected day keeps a visible filled disc (fill on ::before) (645ms)
  ✓   22 [focus-scan] › src/test/playwright/focus-ring-scan.spec.ts:266:9 › focus-ring scan › biglistbox (1.1s)
  ✓   25 [forced-colors] › src/test/playwright/forced-colors.spec.ts:139:7 › forced-colors (Windows High-Contrast) a11y guards › spinner up/down arrow icons stay visible (fill is foreground, not page bg) (417ms)
  ✓   27 [forced-colors] › src/test/playwright/forced-colors.spec.ts:153:7 › forced-colors (Windows High-Contrast) a11y guards › combobox caret icon stays visible (unlayered fill beats the component rule) (660ms)
  ✓   26 [focus-scan] › src/test/playwright/focus-ring-scan.spec.ts:266:9 › focus-ring scan › borderlayout (940ms)
  ✓   24 [component-theming] › src/test/playwright/component-theming.spec.ts:54:7 › Component Theme Variables › whole-app :root override wins (loaded after norm.css.dsp) (1.9s)
  ✓   29 [focus-scan] › src/test/playwright/focus-ring-scan.spec.ts:266:9 › focus-ring scan › breadcrumb (443ms)
  ✓   28 [forced-colors] › src/test/playwright/forced-colors.spec.ts:165:7 › forced-colors (Windows High-Contrast) a11y guards › selected list check keeps its baked box (icon-fill guard must not clobber it) (558ms)
  ✓   32 [forced-colors] › src/test/playwright/forced-colors.spec.ts:186:7 › forced-colors (Windows High-Contrast) a11y guards › accordion selected tab uses the system selection color (449ms)
  ✓   33 [forced-colors] › src/test/playwright/forced-colors.spec.ts:197:7 › forced-colors (Windows High-Contrast) a11y guards › datebox popup gains a border (box-shadow elevation is stripped) (394ms)
  ✓   31 [focus-scan] › src/test/playwright/focus-ring-scan.spec.ts:266:9 › focus-ring scan › button (881ms)
  ✓   30 [component-theming] › src/test/playwright/component-theming.spec.ts:65:7 › Component Theme Variables › input — regional border/radius override, sibling untouched (1.3s)
  ✓   34 [forced-colors] › src/test/playwright/forced-colors.spec.ts:211:7 › forced-colors (Windows High-Contrast) a11y guards › confirmpopup gains a border and keeps its arrow (elevation + CSS-triangle beak) (301ms)
  -   35 [focus-scan] › src/test/playwright/focus-ring-scan.spec.ts:266:9 › focus-ring scan › calendar
  ✓   37 [forced-colors] › src/test/playwright/forced-colors.spec.ts:225:7 › forced-colors (Windows High-Contrast) a11y guards › focus ring on a SELECTED navbar item stays visible (Highlight-on-Highlight) (495ms)
  ✓   38 [focus-scan] › src/test/playwright/focus-ring-scan.spec.ts:266:9 › focus-ring scan › caption (464ms)
  ✓   40 [focus-scan] › src/test/playwright/focus-ring-scan.spec.ts:266:9 › focus-ring scan › cardlayout (497ms)
  ✓   39 [forced-colors] › src/test/playwright/forced-colors.spec.ts:257:7 › forced-colors (Windows High-Contrast) a11y guards › datebox timezone selector keeps its top gap from the calendar (spacing is a margin, mode-independent) (530ms)
  ✓   36 [component-theming] › src/test/playwright/component-theming.spec.ts:77:7 › Component Theme Variables › window — regional surface/radius override, sibling untouched (1.4s)
  ✓   41 [focus-scan] › src/test/playwright/focus-ring-scan.spec.ts:266:9 › focus-ring scan › carousel (755ms)
  -   43 [focus-scan] › src/test/playwright/focus-ring-scan.spec.ts:266:9 › focus-ring scan › cascader
  ✓   42 [component-theming] › src/test/playwright/component-theming.spec.ts:89:7 › Component Theme Variables › grid — regional border/radius override, sibling untouched (1.7s)
  ✓   44 [focus-scan] › src/test/playwright/focus-ring-scan.spec.ts:266:9 › focus-ring scan › checkbox (592ms)
  ✓   46 [focus-scan] › src/test/playwright/focus-ring-scan.spec.ts:266:9 › focus-ring scan › chip (378ms)
  -   47 [focus-scan] › src/test/playwright/focus-ring-scan.spec.ts:266:9 › focus-ring scan › chosenbox
  ✓   45 [component-theming] › src/test/playwright/component-theming.spec.ts:101:7 › Component Theme Variables › listbox — regional frame + selection override, sibling untouched (1.7s)
  ✓   48 [focus-scan] › src/test/playwright/focus-ring-scan.spec.ts:266:9 › focus-ring scan › coachmark (642ms)
  ✓   50 [focus-scan] › src/test/playwright/focus-ring-scan.spec.ts:266:9 › focus-ring scan › codeeditor (655ms)
  -   51 [focus-scan] › src/test/playwright/focus-ring-scan.spec.ts:266:9 › focus-ring scan › colorbox
  ✓   49 [component-theming] › src/test/playwright/component-theming.spec.ts:115:7 › Component Theme Variables › tree — regional frame + selection override, sibling untouched (1.5s)
  -   52 [focus-scan] › src/test/playwright/focus-ring-scan.spec.ts:266:9 › focus-ring scan › columnlayout
  -   54 [focus-scan] › src/test/playwright/focus-ring-scan.spec.ts:266:9 › focus-ring scan › combobox
  -   55 [focus-scan] › src/test/playwright/focus-ring-scan.spec.ts:266:9 › focus-ring scan › combobutton
  ✓   53 [component-theming] › src/test/playwright/component-theming.spec.ts:131:7 › Component Theme Variables › panel — regional surface/radius override, sibling untouched (1.5s)
  ✓   56 [focus-scan] › src/test/playwright/focus-ring-scan.spec.ts:266:9 › focus-ring scan › component-theming (1.6s)
  ✓   58 [focus-scan] › src/test/playwright/focus-ring-scan.spec.ts:266:9 › focus-ring scan › confirmpopup (354ms)
  ✓   57 [component-theming] › src/test/playwright/component-theming.spec.ts:142:7 › Component Theme Variables › groupbox — regional frame override, sibling untouched (1.3s)
  -   59 [focus-scan] › src/test/playwright/focus-ring-scan.spec.ts:266:9 › focus-ring scan › cropper
  -   61 [focus-scan] › src/test/playwright/focus-ring-scan.spec.ts:266:9 › focus-ring scan › datebox
  -   62 [focus-scan] › src/test/playwright/focus-ring-scan.spec.ts:266:9 › focus-ring scan › daterangebox
  -   63 [focus-scan] › src/test/playwright/focus-ring-scan.spec.ts:266:9 › focus-ring scan › decimalbox
  ✓   60 [component-theming] › src/test/playwright/component-theming.spec.ts:154:7 › Component Theme Variables › combobox — regional field override, sibling untouched (1.2s)
  -   64 [focus-scan] › src/test/playwright/focus-ring-scan.spec.ts:266:9 › focus-ring scan › dnd
  -   66 [focus-scan] › src/test/playwright/focus-ring-scan.spec.ts:266:9 › focus-ring scan › doublebox
  -   67 [focus-scan] › src/test/playwright/focus-ring-scan.spec.ts:266:9 › focus-ring scan › doublespinner
  ✓   68 [focus-scan] › src/test/playwright/focus-ring-scan.spec.ts:266:9 › focus-ring scan › drawer (349ms)
  -   69 [focus-scan] › src/test/playwright/focus-ring-scan.spec.ts:266:9 › focus-ring scan › dropupload
  ✓   65 [component-theming] › src/test/playwright/component-theming.spec.ts:168:7 › Component Theme Variables › datebox — regional border/radius override, sibling untouched (1.4s)
  -   70 [focus-scan] › src/test/playwright/focus-ring-scan.spec.ts:266:9 › focus-ring scan › errorbox
  ✓   72 [focus-scan] › src/test/playwright/focus-ring-scan.spec.ts:266:9 › focus-ring scan › fisheyebar (334ms)
  -   73 [focus-scan] › src/test/playwright/focus-ring-scan.spec.ts:266:9 › focus-ring scan › goldenlayout
  ✓   74 [focus-scan] › src/test/playwright/focus-ring-scan.spec.ts:266:9 › focus-ring scan › grid (397ms)
  ✓   71 [component-theming] › src/test/playwright/component-theming.spec.ts:179:7 › Component Theme Variables › timebox — regional border/radius override, sibling untouched (1.4s)
  -   75 [focus-scan] › src/test/playwright/focus-ring-scan.spec.ts:266:9 › focus-ring scan › grid-detail
  -   77 [focus-scan] › src/test/playwright/focus-ring-scan.spec.ts:266:9 › focus-ring scan › grid-grouping
  ✓   78 [focus-scan] › src/test/playwright/focus-ring-scan.spec.ts:266:9 › focus-ring scan › grid-header (446ms)
  -   79 [focus-scan] › src/test/playwright/focus-ring-scan.spec.ts:266:9 › focus-ring scan › grid-livegrouping
  ✓   76 [component-theming] › src/test/playwright/component-theming.spec.ts:190:7 › Component Theme Variables › spinner — regional border/radius override, sibling untouched (1.3s)
  ✓   80 [focus-scan] › src/test/playwright/focus-ring-scan.spec.ts:266:9 › focus-ring scan › grid-paging (723ms)
  -   82 [focus-scan] › src/test/playwright/focus-ring-scan.spec.ts:266:9 › focus-ring scan › groupbox
  ✓   81 [component-theming] › src/test/playwright/component-theming.spec.ts:201:7 › Component Theme Variables › bandbox — regional border/radius override, sibling untouched (1.3s)
  ✓   83 [focus-scan] › src/test/playwright/focus-ring-scan.spec.ts:266:9 › focus-ring scan › hlayout (347ms)
  ✓   85 [focus-scan] › src/test/playwright/focus-ring-scan.spec.ts:266:9 › focus-ring scan › inputgroup (284ms)
  -   86 [focus-scan] › src/test/playwright/focus-ring-scan.spec.ts:266:9 › focus-ring scan › intbox
  ✓   87 [focus-scan] › src/test/playwright/focus-ring-scan.spec.ts:266:9 › focus-ring scan › label (333ms)
  ✓   84 [component-theming] › src/test/playwright/component-theming.spec.ts:216:7 › Component Theme Variables › daterangebox — regional border/radius override, sibling untouched (1.3s)
  ✓   88 [focus-scan] › src/test/playwright/focus-ring-scan.spec.ts:266:9 › focus-ring scan › linelayout (409ms)
  ✓   90 [focus-scan] › src/test/playwright/focus-ring-scan.spec.ts:266:9 › focus-ring scan › listbox (325ms)
  ✓   91 [focus-scan] › src/test/playwright/focus-ring-scan.spec.ts:266:9 › focus-ring scan › listbox-grouping (594ms)
  ✓   89 [component-theming] › src/test/playwright/component-theming.spec.ts:227:7 › Component Theme Variables › daterangebox — whole-app :root override wins (loaded after norm.css.dsp) (1.5s)
  ✓   92 [focus-scan] › src/test/playwright/focus-ring-scan.spec.ts:266:9 › focus-ring scan › listbox-header (647ms)
  -   94 [focus-scan] › src/test/playwright/focus-ring-scan.spec.ts:266:9 › focus-ring scan › longbox
  ✓   95 [focus-scan] › src/test/playwright/focus-ring-scan.spec.ts:266:9 › focus-ring scan › menubar (293ms)
  ✓   96 [focus-scan] › src/test/playwright/focus-ring-scan.spec.ts:266:9 › focus-ring scan › messagebox (335ms)
  -   97 [focus-scan] › src/test/playwright/focus-ring-scan.spec.ts:266:9 › focus-ring scan › multislider
  ✓   93 [component-theming] › src/test/playwright/component-theming.spec.ts:238:7 › Component Theme Variables › tabbox — regional accent/border override, sibling untouched (1.3s)
  ✓   98 [focus-scan] › src/test/playwright/focus-ring-scan.spec.ts:266:9 › focus-ring scan › navbar (488ms)
  ✓  100 [focus-scan] › src/test/playwright/focus-ring-scan.spec.ts:266:9 › focus-ring scan › notification (565ms)
  ✓   99 [component-theming] › src/test/playwright/component-theming.spec.ts:253:7 › Component Theme Variables › menubar — regional surface override, sibling untouched (1.4s)
  ✓  101 [focus-scan] › src/test/playwright/focus-ring-scan.spec.ts:266:9 › focus-ring scan › organigram (656ms)
  ✓  103 [focus-scan] › src/test/playwright/focus-ring-scan.spec.ts:266:9 › focus-ring scan › paging (598ms)
  -  104 [focus-scan] › src/test/playwright/focus-ring-scan.spec.ts:266:9 › focus-ring scan › panel
  ✓  102 [component-theming] › src/test/playwright/component-theming.spec.ts:264:7 › Component Theme Variables › avatar — regional fill override (hoisted base knob), sibling untouched (1.3s)
  ✓  105 [focus-scan] › src/test/playwright/focus-ring-scan.spec.ts:266:9 › focus-ring scan › pdfviewer (443ms)
  ✓  107 [focus-scan] › src/test/playwright/focus-ring-scan.spec.ts:266:9 › focus-ring scan › popup (313ms)
  -  108 [focus-scan] › src/test/playwright/focus-ring-scan.spec.ts:266:9 › focus-ring scan › portallayout
  ✓  106 [component-theming] › src/test/playwright/component-theming.spec.ts:274:7 › Component Theme Variables › badge — default fill region-overridable, non-default severity pinned (1.3s)
  ✓  109 [focus-scan] › src/test/playwright/focus-ring-scan.spec.ts:266:9 › focus-ring scan › progressmeter (269ms)
  ✓  111 [focus-scan] › src/test/playwright/focus-ring-scan.spec.ts:266:9 › focus-ring scan › radiogroup (305ms)
  -  112 [focus-scan] › src/test/playwright/focus-ring-scan.spec.ts:266:9 › focus-ring scan › rangeslider
  -  113 [focus-scan] › src/test/playwright/focus-ring-scan.spec.ts:266:9 › focus-ring scan › rating
  ✓  114 [focus-scan] › src/test/playwright/focus-ring-scan.spec.ts:266:9 › focus-ring scan › responsive-grid (277ms)
  ✓  110 [component-theming] › src/test/playwright/component-theming.spec.ts:290:7 › Component Theme Variables › rating — regional accent override, sibling untouched (1.2s)
  -  115 [focus-scan] › src/test/playwright/focus-ring-scan.spec.ts:266:9 › focus-ring scan › rowlayout
  ✓  117 [focus-scan] › src/test/playwright/focus-ring-scan.spec.ts:266:9 › focus-ring scan › runtime-error (305ms)
  -  118 [focus-scan] › src/test/playwright/focus-ring-scan.spec.ts:266:9 › focus-ring scan › scrollbar
  -  119 [focus-scan] › src/test/playwright/focus-ring-scan.spec.ts:266:9 › focus-ring scan › scrollview
  -  120 [focus-scan] › src/test/playwright/focus-ring-scan.spec.ts:266:9 › focus-ring scan › searchbox
  ✓  116 [component-theming] › src/test/playwright/component-theming.spec.ts:301:7 › Component Theme Variables › rating — whole-app :root override wins (loaded after norm.css.dsp) (1.4s)
  ✓  121 [focus-scan] › src/test/playwright/focus-ring-scan.spec.ts:266:9 › focus-ring scan › selectbox (497ms)
  -  123 [focus-scan] › src/test/playwright/focus-ring-scan.spec.ts:266:9 › focus-ring scan › separator
  ✓  124 [focus-scan] › src/test/playwright/focus-ring-scan.spec.ts:266:9 › focus-ring scan › signature (306ms)
  ✓  122 [component-theming] › src/test/playwright/component-theming.spec.ts:314:7 › Component Theme Variables › progressmeter — regional track/fill override, sibling untouched (1.7s)
  ✓  125 [focus-scan] › src/test/playwright/focus-ring-scan.spec.ts:266:9 › focus-ring scan › slider (372ms)
  ✓  127 [focus-scan] › src/test/playwright/focus-ring-scan.spec.ts:266:9 › focus-ring scan › space (389ms)
  -  128 [focus-scan] › src/test/playwright/focus-ring-scan.spec.ts:266:9 › focus-ring scan › spinner
  -  129 [focus-scan] › src/test/playwright/focus-ring-scan.spec.ts:266:9 › focus-ring scan › splitlayout
  -  130 [focus-scan] › src/test/playwright/focus-ring-scan.spec.ts:266:9 › focus-ring scan › splitter
  ✓  126 [component-theming] › src/test/playwright/component-theming.spec.ts:325:7 › Component Theme Variables › progressmeter — whole-app :root override wins (loaded after norm.css.dsp) (1.4s)
  -  131 [focus-scan] › src/test/playwright/focus-ring-scan.spec.ts:266:9 › focus-ring scan › stepbar
  ✓  133 [focus-scan] › src/test/playwright/focus-ring-scan.spec.ts:266:9 › focus-ring scan › tabbox (718ms)
  ✓  134 [focus-scan] › src/test/playwright/focus-ring-scan.spec.ts:266:9 › focus-ring scan › tabbox-misc (338ms)
  ✓  132 [component-theming] › src/test/playwright/component-theming.spec.ts:340:7 › Component Theme Variables › paging — regional radius/selected override, sibling untouched (1.4s)
  -  135 [focus-scan] › src/test/playwright/focus-ring-scan.spec.ts:266:9 › focus-ring scan › tablelayout
  -  137 [focus-scan] › src/test/playwright/focus-ring-scan.spec.ts:266:9 › focus-ring scan › tbeditor
  -  138 [focus-scan] › src/test/playwright/focus-ring-scan.spec.ts:266:9 › focus-ring scan › textbox
  -  139 [focus-scan] › src/test/playwright/focus-ring-scan.spec.ts:266:9 › focus-ring scan › timebox
  -  140 [focus-scan] › src/test/playwright/focus-ring-scan.spec.ts:266:9 › focus-ring scan › timepicker
  ✓  136 [component-theming] › src/test/playwright/component-theming.spec.ts:356:7 › Component Theme Variables › paging — whole-app :root override wins (loaded after norm.css.dsp) (1.6s)
  ✓  141 [focus-scan] › src/test/playwright/focus-ring-scan.spec.ts:266:9 › focus-ring scan › toast (407ms)
  ✓  143 [focus-scan] › src/test/playwright/focus-ring-scan.spec.ts:266:9 › focus-ring scan › toolbar (767ms)
  ✓  142 [component-theming] › src/test/playwright/component-theming.spec.ts:370:7 › Component Theme Variables › combobutton — regional bg/fg/radius override, sibling untouched (1.7s)
  ✓  145 [component-theming] › src/test/playwright/component-theming.spec.ts:382:7 › Component Theme Variables › combobutton — whole-app :root override wins (loaded after norm.css.dsp) (3.6s)
  ✓  144 [focus-scan] › src/test/playwright/focus-ring-scan.spec.ts:266:9 › focus-ring scan › tree (4.3s)
  ✓  147 [focus-scan] › src/test/playwright/focus-ring-scan.spec.ts:266:9 › focus-ring scan › tree-header (1.2s)
  ✓  148 [focus-scan] › src/test/playwright/focus-ring-scan.spec.ts:266:9 › focus-ring scan › vlayout (1.2s)
  ✓  146 [component-theming] › src/test/playwright/component-theming.spec.ts:395:7 › Component Theme Variables › selectbox — regional border/radius override, sibling untouched (2.6s)
  ✓  149 [focus-scan] › src/test/playwright/focus-ring-scan.spec.ts:266:9 › focus-ring scan › window (560ms)
  ✓  151 [focus-scan] › src/test/playwright/focus-ring-scan.spec.ts:373:9 › focus-ring scan — selected + focused under forced-colors › navbar: navbar item (1.4s)
  ✓  150 [component-theming] › src/test/playwright/component-theming.spec.ts:406:7 › Component Theme Variables › selectbox — whole-app :root override wins (loaded after norm.css.dsp) (2.1s)
  ✓  152 [focus-scan] › src/test/playwright/focus-ring-scan.spec.ts:373:9 › focus-ring scan — selected + focused under forced-colors › tree: tree row (830ms)
  ✓  154 [focus-scan] › src/test/playwright/focus-ring-scan.spec.ts:373:9 › focus-ring scan — selected + focused under forced-colors › listbox: listbox row (2.4s)
  ✓  153 [component-theming] › src/test/playwright/component-theming.spec.ts:420:7 › Component Theme Variables › inputgroup — regional border/radius/addon override, sibling untouched (3.5s)
  ✓  155 [focus-scan] › src/test/playwright/focus-ring-scan.spec.ts:373:9 › focus-ring scan — selected + focused under forced-colors › paging: paging button (891ms)
  ✓  157 [focus-scan] › src/test/playwright/focus-ring-scan.spec.ts:373:9 › focus-ring scan — selected + focused under forced-colors › organigram: organigram node (1.5s)
  ✓  156 [component-theming] › src/test/playwright/component-theming.spec.ts:438:7 › Component Theme Variables › inputgroup — whole-app :root override wins (loaded after norm.css.dsp) (2.5s)
  ✓  158 [component-theming] › src/test/playwright/component-theming.spec.ts:453:7 › Component Theme Variables › calendar — regional border/radius/accent override, sibling untouched (2.0s)
  ✓  159 [component-theming] › src/test/playwright/component-theming.spec.ts:472:7 › Component Theme Variables › calendar — whole-app :root override wins (loaded after norm.css.dsp) (2.0s)
  ✓  160 [component-theming] › src/test/playwright/component-theming.spec.ts:485:7 › Component Theme Variables › toolbar — regional bg/border override, sibling untouched (1.4s)
  ✓  161 [component-theming] › src/test/playwright/component-theming.spec.ts:496:7 › Component Theme Variables › toolbar — whole-app :root override wins (loaded after norm.css.dsp) (1.4s)
  ✓  162 [component-theming] › src/test/playwright/component-theming.spec.ts:510:7 › Component Theme Variables › toolbarbutton — regional fg/radius/checked override, sibling untouched (1.3s)
  ✓  163 [component-theming] › src/test/playwright/component-theming.spec.ts:527:7 › Component Theme Variables › toolbarbutton — whole-app :root override wins (loaded after norm.css.dsp) (1.4s)
  ✓  164 [component-theming] › src/test/playwright/component-theming.spec.ts:541:7 › Component Theme Variables › slider — regional track/accent/radius override, sibling untouched (1.3s)
  ✓  165 [component-theming] › src/test/playwright/component-theming.spec.ts:559:7 › Component Theme Variables › slider — whole-app :root override wins (loaded after norm.css.dsp) (1.2s)
  ✓  166 [component-theming] › src/test/playwright/component-theming.spec.ts:575:7 › Component Theme Variables › rangeslider — regional track/accent/radius override, sibling untouched (1.2s)
  ✓  167 [component-theming] › src/test/playwright/component-theming.spec.ts:597:7 › Component Theme Variables › rangeslider — whole-app :root override wins (loaded after norm.css.dsp) (1.1s)
  ✓  168 [component-theming] › src/test/playwright/component-theming.spec.ts:614:7 › Component Theme Variables › multislider — regional track/accent/radius override, sibling untouched (1.1s)
  ✓  169 [component-theming] › src/test/playwright/component-theming.spec.ts:636:7 › Component Theme Variables › multislider — whole-app :root override wins (loaded after norm.css.dsp) (1.2s)
  ✓  170 [component-theming] › src/test/playwright/component-theming.spec.ts:649:7 › Component Theme Variables › checkbox — regional border/accent override, sibling untouched (1.1s)
  ✓  171 [component-theming] › src/test/playwright/component-theming.spec.ts:664:7 › Component Theme Variables › checkbox — whole-app :root override wins (loaded after norm.css.dsp) (1.2s)
  ✓  172 [component-theming] › src/test/playwright/component-theming.spec.ts:679:7 › Component Theme Variables › radio — regional border/accent override, sibling untouched (1.3s)
  ✓  173 [component-theming] › src/test/playwright/component-theming.spec.ts:694:7 › Component Theme Variables › radio — whole-app :root override wins (loaded after norm.css.dsp) (1.3s)
  ✓  174 [component-theming] › src/test/playwright/component-theming.spec.ts:711:7 › Component Theme Variables › messagebox — zero-regression defaults (1.4s)
  ✓  175 [component-theming] › src/test/playwright/component-theming.spec.ts:721:7 › Component Theme Variables › messagebox — whole-app :root override wins (loaded after norm.css.dsp) (1.4s)
  ✓  176 [component-theming] › src/test/playwright/component-theming.spec.ts:749:7 › Component Theme Variables › popup — zero-regression defaults (1.2s)
  ✓  177 [component-theming] › src/test/playwright/component-theming.spec.ts:759:7 › Component Theme Variables › popup — whole-app :root override wins (loaded after norm.css.dsp) (1.3s)
  ✓  178 [component-theming] › src/test/playwright/component-theming.spec.ts:782:7 › Component Theme Variables › notification — regional bg/fg/radius override, sibling untouched (1.3s)
  ✓  179 [component-theming] › src/test/playwright/component-theming.spec.ts:802:7 › Component Theme Variables › notification — whole-app :root override wins (loaded after norm.css.dsp) (1.1s)
  ✓  180 [component-theming] › src/test/playwright/component-theming.spec.ts:818:7 › Component Theme Variables › toast — regional bg/fg/radius/accent override, sibling untouched (1.2s)
  ✓  181 [component-theming] › src/test/playwright/component-theming.spec.ts:849:7 › Component Theme Variables › toast — whole-app :root override wins (loaded after norm.css.dsp) (1.2s)
  ✓  182 [component-theming] › src/test/playwright/component-theming.spec.ts:861:7 › Component Theme Variables › a — regional fg override, sibling untouched (1.2s)
  ✓  183 [component-theming] › src/test/playwright/component-theming.spec.ts:873:7 › Component Theme Variables › a — whole-app :root override wins (loaded after norm.css.dsp) (1.2s)
  ✓  184 [component-theming] › src/test/playwright/component-theming.spec.ts:887:7 › Component Theme Variables › timepicker — regional border/radius override, sibling untouched (1.2s)
  ✓  185 [component-theming] › src/test/playwright/component-theming.spec.ts:898:7 › Component Theme Variables › timepicker — whole-app :root override wins (loaded after norm.css.dsp) (1.3s)
  ✓  186 [component-theming] › src/test/playwright/component-theming.spec.ts:914:7 › Component Theme Variables › chosenbox — regional border/radius/chip override, sibling untouched (1.3s)
  ✓  187 [component-theming] › src/test/playwright/component-theming.spec.ts:940:7 › Component Theme Variables › chosenbox — whole-app :root override wins (loaded after norm.css.dsp) (1.2s)
  ✓  188 [component-theming] › src/test/playwright/component-theming.spec.ts:956:7 › Component Theme Variables › cascader — regional border/radius/fg override, sibling untouched (1.2s)
  ✓  189 [component-theming] › src/test/playwright/component-theming.spec.ts:975:7 › Component Theme Variables › cascader — whole-app :root override wins (loaded after norm.css.dsp) (1.2s)
  ✓  190 [component-theming] › src/test/playwright/component-theming.spec.ts:991:7 › Component Theme Variables › searchbox — regional border/radius/fg override, sibling untouched (1.2s)
  ✓  191 [component-theming] › src/test/playwright/component-theming.spec.ts:1010:7 › Component Theme Variables › searchbox — whole-app :root override wins (loaded after norm.css.dsp) (1.2s)
  ✓  192 [component-theming] › src/test/playwright/component-theming.spec.ts:1028:7 › Component Theme Variables › drawer — zero-regression defaults (1.3s)
  ✓  193 [component-theming] › src/test/playwright/component-theming.spec.ts:1039:7 › Component Theme Variables › drawer — whole-app :root override wins (loaded after norm.css.dsp) (1.3s)
  ✓  194 [component-theming] › src/test/playwright/component-theming.spec.ts:1060:7 › Component Theme Variables › nav — regional bg/radius/selected override, sibling untouched (1.1s)
  ✓  195 [component-theming] › src/test/playwright/component-theming.spec.ts:1084:7 › Component Theme Variables › nav — whole-app :root override wins (loaded after norm.css.dsp) (1.1s)
  ✓  196 [component-theming] › src/test/playwright/component-theming.spec.ts:1102:7 › Component Theme Variables › anchornav — regional fg/accent override, sibling untouched (1.2s)
  ✓  197 [component-theming] › src/test/playwright/component-theming.spec.ts:1126:7 › Component Theme Variables › anchornav — whole-app :root override wins (loaded after norm.css.dsp) (1.2s)
  ✓  198 [component-theming] › src/test/playwright/component-theming.spec.ts:1150:7 › Component Theme Variables › stepbar — regional connector/icon/title override, sibling untouched (1.2s)
  ✓  199 [component-theming] › src/test/playwright/component-theming.spec.ts:1184:7 › Component Theme Variables › stepbar — whole-app :root override wins (loaded after norm.css.dsp) (1.4s)
  ✓  200 [component-theming] › src/test/playwright/component-theming.spec.ts:1204:7 › Component Theme Variables › coachmark — zero-regression defaults (1.5s)
  ✓  201 [component-theming] › src/test/playwright/component-theming.spec.ts:1214:7 › Component Theme Variables › coachmark — whole-app :root override wins (loaded after norm.css.dsp) (1.3s)
  ✓  202 [component-theming] › src/test/playwright/component-theming.spec.ts:1232:7 › Component Theme Variables › colorbox — regional border/radius override, sibling untouched (1.2s)
  ✓  203 [component-theming] › src/test/playwright/component-theming.spec.ts:1243:7 › Component Theme Variables › colorbox — whole-app :root override wins (loaded after norm.css.dsp) (1.2s)
  ✓  204 [component-theming] › src/test/playwright/component-theming.spec.ts:1254:7 › Component Theme Variables › biglistbox — regional border/radius/header-fg override, sibling untouched (1.2s)
  ✓  205 [component-theming] › src/test/playwright/component-theming.spec.ts:1267:7 › Component Theme Variables › biglistbox — whole-app :root override wins (loaded after norm.css.dsp) (1.2s)
  ✓  206 [component-theming] › src/test/playwright/component-theming.spec.ts:1282:7 › Component Theme Variables › fisheye — regional label/radius override, sibling untouched (1.1s)
  ✓  207 [component-theming] › src/test/playwright/component-theming.spec.ts:1295:7 › Component Theme Variables › fisheye — whole-app :root override wins (loaded after norm.css.dsp) (1.1s)
  ✓  208 [component-theming] › src/test/playwright/component-theming.spec.ts:1310:7 › Component Theme Variables › pdfviewer — regional border/radius/toolbar override, sibling untouched (1.2s)
  ✓  209 [component-theming] › src/test/playwright/component-theming.spec.ts:1323:7 › Component Theme Variables › pdfviewer — whole-app :root override wins (loaded after norm.css.dsp) (1.2s)
  ✓  210 [component-theming] › src/test/playwright/component-theming.spec.ts:1337:7 › Component Theme Variables › tbeditor — regional border/radius/toolbar override, sibling untouched (1.2s)
  ✓  211 [component-theming] › src/test/playwright/component-theming.spec.ts:1350:7 › Component Theme Variables › tbeditor — whole-app :root override wins (loaded after norm.css.dsp) (1.2s)
  ✓  212 [component-theming] › src/test/playwright/component-theming.spec.ts:1365:7 › Component Theme Variables › signature — regional border/radius override, sibling untouched (1.1s)
  ✓  213 [component-theming] › src/test/playwright/component-theming.spec.ts:1376:7 › Component Theme Variables › signature — whole-app :root override wins (loaded after norm.css.dsp) (1.1s)
  ✓  214 [component-theming] › src/test/playwright/component-theming.spec.ts:1391:7 › Component Theme Variables › cropper — regional border/radius/toolbar/text override, sibling untouched (1.2s)
  ✓  215 [component-theming] › src/test/playwright/component-theming.spec.ts:1408:7 › Component Theme Variables › cropper — whole-app :root override wins (loaded after norm.css.dsp) (1.2s)
  ✓  216 [component-theming] › src/test/playwright/component-theming.spec.ts:1422:7 › Component Theme Variables › dropupload — regional border/radius/bg override, sibling untouched (1.2s)
  ✓  217 [component-theming] › src/test/playwright/component-theming.spec.ts:1435:7 › Component Theme Variables › dropupload — whole-app :root override wins (loaded after norm.css.dsp) (1.2s)
  ✓  218 [component-theming] › src/test/playwright/component-theming.spec.ts:1452:7 › Component Theme Variables › organigram — regional border/radius/selected override, sibling untouched (1.2s)
  ✓  219 [component-theming] › src/test/playwright/component-theming.spec.ts:1476:7 › Component Theme Variables › organigram — whole-app :root override wins (loaded after norm.css.dsp) (1.1s)
  ✓  220 [component-theming] › src/test/playwright/component-theming.spec.ts:1494:7 › Component Theme Variables › goldenlayout — regional header/panel/accent override, sibling untouched (1.2s)
  ✓  221 [component-theming] › src/test/playwright/component-theming.spec.ts:1520:7 › Component Theme Variables › goldenlayout — whole-app :root override wins (loaded after norm.css.dsp) (1.1s)
  ✓  222 [component-theming] › src/test/playwright/component-theming.spec.ts:1539:7 › Component Theme Variables › portallayout — regional frame/counter override, sibling untouched (1.2s)
  ✓  223 [component-theming] › src/test/playwright/component-theming.spec.ts:1563:7 › Component Theme Variables › portallayout — whole-app :root override wins (loaded after norm.css.dsp) (1.2s)
  ✓  224 [component-theming] › src/test/playwright/component-theming.spec.ts:1584:7 › Component Theme Variables › confirmpopup — zero-regression defaults (1.2s)
  ✓  225 [component-theming] › src/test/playwright/component-theming.spec.ts:1601:7 › Component Theme Variables › confirmpopup — whole-app :root override wins (loaded after norm.css.dsp) (1.2s)
  ✓  226 [component-theming] › src/test/playwright/component-theming.spec.ts:1627:7 › Component Theme Variables › breadcrumb — regional fg/current-fg override, sibling untouched (1.2s)
  ✓  227 [component-theming] › src/test/playwright/component-theming.spec.ts:1642:7 › Component Theme Variables › breadcrumb — whole-app :root override wins (loaded after norm.css.dsp) (1.1s)
  ✓  228 [component-theming] › src/test/playwright/component-theming.spec.ts:1659:7 › Component Theme Variables › carousel — regional arrow-bg/indicator-active-bg override, sibling untouched (1.2s)
  ✓  229 [component-theming] › src/test/playwright/component-theming.spec.ts:1674:7 › Component Theme Variables › carousel — whole-app :root override wins (loaded after norm.css.dsp) (1.1s)
  ✓  230 [component-theming] › src/test/playwright/component-theming.spec.ts:1695:7 › Component Theme Variables › codeeditor — regional bg/border/gutter override, sibling untouched (1.1s)
  ✓  231 [component-theming] › src/test/playwright/component-theming.spec.ts:1711:7 › Component Theme Variables › codeeditor — whole-app :root override wins (loaded after norm.css.dsp) (1.2s)

  47 skipped
  184 passed (2.5m)
