{
 "normal": {
  "initial": "The Northern Clemency",
  "unsorted": {
   "Author": {
    "noBox": true
   },
   "Title": {
    "noBox": true
   },
   "Publisher": {
    "noBox": true
   }
  },
  "states": {
   "asc": {
    "ariaSort": "ascending",
    "cls": "z-icon-caret-up",
    "title": "Ascending Order",
    "first": "Hurry Down Sunshine",
    "menuCls": "z-icon-caret-down",
    "iouMenu": 0.211,
    "iouGroup": 0.216,
    "rest": {
     "contrast": 5.74,
     "inkPx": 456
    },
    "sortBox": {
     "w": 14,
     "h": 20
    }
   },
   "desc": {
    "ariaSort": "descending",
    "cls": "z-icon-caret-down",
    "title": "Descending Order",
    "first": "The Northern Clemency",
    "menuCls": "z-icon-caret-down",
    "iouMenu": 0.088,
    "iouGroup": 0.094,
    "rest": {
     "contrast": 5.74,
     "inkPx": 458
    },
    "sortBox": {
     "w": 14,
     "h": 20
    }
   }
  },
  "iouAscDesc": 0.463,
  "oneClick": {
   "before": "The Northern Clemency",
   "after": "Hurry Down Sunshine"
  }
 },
 "forced": {
  "initial": "The Northern Clemency",
  "unsorted": {
   "Author": {
    "noBox": true
   },
   "Title": {
    "noBox": true
   },
   "Publisher": {
    "noBox": true
   }
  },
  "states": {
   "asc": {
    "ariaSort": "ascending",
    "cls": "z-icon-caret-up",
    "title": "Ascending Order",
    "first": "Hurry Down Sunshine",
    "menuCls": "z-icon-caret-down",
    "iouMenu": 0.211,
    "iouGroup": 0.216,
    "rest": {
     "contrast": 21,
     "inkPx": 462
    },
    "sortBox": {
     "w": 14,
     "h": 20
    }
   },
   "desc": {
    "ariaSort": "descending",
    "cls": "z-icon-caret-down",
    "title": "Descending Order",
    "first": "The Northern Clemency",
    "menuCls": "z-icon-caret-down",
    "iouMenu": 0.087,
    "iouGroup": 0.092,
    "rest": {
     "contrast": 21,
     "inkPx": 462
    },
    "sortBox": {
     "w": 14,
     "h": 20
    }
   }
  },
  "iouAscDesc": 0.455,
  "oneClick": {
   "before": "The Northern Clemency",
   "after": "Hurry Down Sunshine"
  }
 }
}
