grid 0 rowH 52.5 Name[left] dL=0 dC=-17.49 dR=-34.98 | Status[left] dL=0 dC=-0.98 dR=-1.97
grid 1 rowH 52.5 Author[left] dL=0 dC=-21.79 dR=-43.58 | Title[left] dL=0 dC=-59.05 dR=-118.11 | Publisher[left] dL=0 dC=12.88 dR=25.75 | Pages[left] dL=0 dC=8.5 dR=17
grid 2 rowH 52.5 Left[left] dL=0 dC=-2.95 dR=-5.91 | Center[center] dL=-7.33 dC=0 dR=7.33 | Right[right] dL=-1.98 dC=-0.99 dR=0
grid 3 rowH 52 Left[left] dL=0 dC=-2.95 dR=-5.91 | Center[center] dL=-7.33 dC=0 dR=7.33 | Right[right] dL=-1.98 dC=-0.99 dR=0
grid 4 rowH 52.5 Col A[left] dL=0 dC=11.05 dR=22.09 | Col B[left] dL=0 dC=10.7 dR=21.39 | Col C[left] dL=0 dC=10.73 dR=21.47 | Col D[left] dL=0 dC=10.71 dR=21.42 | Col E[left] dL=0 dC=10.66 dR=21.33 | Col F[left] dL=0 dC=10.56 dR=21.13
grid 5 rowH null Name[left] dL=null dC=null dR=null | Value[left] dL=null dC=null dR=null
grid 6 rowH 52.5 Name[left] dL=0 dC=2.06 dR=4.13 | Value[left] dL=0 dC=16 dR=32
sorted asc ascending Author[left] dL=0 dC=-35.84 dR=-71.69 iconOverlap=false | Title[left] dL=0 dC=-52.45 dR=-104.89 | Publisher[left] dL=0 dC=-4.78 dR=-9.56 | Pages[left] dL=0 dC=8.49 dR=16.98
  hover {"menuBtn":{"x":308.5,"y":573,"width":24,"height":24},"thBox":{"x":33,"y":559,"width":303.5,"height":53},"menuInsideRightHalf":true,"textLeft":49,"textRight":94.421875,"menuOverlapsText":false,"textLeftSameAsNoHover":true}
sorted desc descending Author[left] dL=0 dC=-21.79 dR=-43.58 iconOverlap=false | Title[left] dL=0 dC=-59.05 dR=-118.11 | Publisher[left] dL=0 dC=12.88 dR=25.75 | Pages[left] dL=0 dC=8.5 dR=17
  hover {"menuBtn":{"x":308.5,"y":573,"width":24,"height":24},"thBox":{"x":33,"y":559,"width":303.5,"height":53},"menuInsideRightHalf":true,"textLeft":49,"textRight":94.421875,"menuOverlapsText":false,"textLeftSameAsNoHover":true}
listbox 0 Name[left] dL=4 dC=-13.49 dR=-30.98 | Role[left] dL=4 dC=-3.72 dR=-11.44
listbox 1 Name[left] dL=0 dC=-17.45 dR=-34.91 | Role[left] dL=4 dC=-3.72 dR=-11.44
listbox 2 Name[left] dL=-24 dC=-43.32 dR=-62.64 | Role[left] dL=4 dC=-3.72 dR=-11.44
listbox 3 Name[left] dL=4 dC=7.88 dR=11.75 | Gender[left] dL=4 dC=6.63 dR=9.25 | Age[left] dL=4 dC=10.69 dR=17.38 | Description[left] dL=4 dC=0.7 dR=-2.59
listbox 4 Name[left] dL=0 dC=4.5 dR=9 | Role[left] dL=4 dC=-1.03 dR=-6.06
listbox 5 Col A[left] dL=4 dC=15.05 dR=26.09 | Col B[left] dL=4 dC=14.7 dR=25.39 | Col C[left] dL=4 dC=14.73 dR=25.47 | Col D[left] dL=4 dC=14.71 dR=25.42 | Col E[left] dL=4 dC=14.66 dR=25.33
listbox 6 Name[left] dL=null dC=null dR=null
listbox 7 Name[left] dL=4 dC=6.06 dR=8.13 | Value[left] dL=4 dC=20 dR=36
tree 0 Name[left] dL=-20 dC=-32.38 dR=-44.75
tree 1 Name[left] dL=-20 dC=-18.26 dR=-16.52 | Description[left] dL=4 dC=-11.7 dR=-27.39
tree 2 
tree 3 Name[left] dL=-24 dC=-20.39 dR=-16.78 | Description[left] dL=4 dC=-11.7 dR=-27.39
tree 4 Name[left] dL=-40 dC=-38.26 dR=-36.52 | Description[left] dL=4 dC=-11.7 dR=-27.39
tree 5 Node[left] dL=-24 dC=-56.13 dR=-88.25
tree 6 
tree 7 aaa[left] dL=-20 dC=-16.01 dR=-12.02 | bbb[left] dL=4 dC=5.09 dR=6.17 | ccc[left] dL=4 dC=4.07 dR=4.14 | ddd[left] dL=4 dC=4.38 dR=4.77 | eee[left] dL=4 dC=4.77 dR=5.53 | fff[left] dL=4 dC=-0.68 dR=-5.36
tree 8 Name[left] dL=-20 dC=-37.61 dR=-55.22
tree 9 Name[left] dL=-20 dC=-17.94 dR=-15.88 | Value[left] dL=4 dC=20 dR=36
