
Running 107 tests using 1 worker

  ✓    1 [component-theming] › src/test/playwright/component-theming.spec.ts:34:7 › Component Theme Variables › regional override restyles scoped buttons only (1.7s)
  ✓    2 [component-theming] › src/test/playwright/component-theming.spec.ts:48:7 › Component Theme Variables › disabled button keeps its disabled treatment inside a scoped region (1.2s)
  ✓    3 [component-theming] › src/test/playwright/component-theming.spec.ts:54:7 › Component Theme Variables › whole-app :root override wins (loaded after norm.css.dsp) (1.3s)
  ✓    4 [component-theming] › src/test/playwright/component-theming.spec.ts:65:7 › Component Theme Variables › input — regional border/radius override, sibling untouched (1.2s)
  ✓    5 [component-theming] › src/test/playwright/component-theming.spec.ts:77:7 › Component Theme Variables › window — regional surface/radius override, sibling untouched (1.2s)
  ✓    6 [component-theming] › src/test/playwright/component-theming.spec.ts:89:7 › Component Theme Variables › grid — regional border/radius override, sibling untouched (1.1s)
  ✓    7 [component-theming] › src/test/playwright/component-theming.spec.ts:101:7 › Component Theme Variables › listbox — regional frame + selection override, sibling untouched (1.1s)
  ✓    8 [component-theming] › src/test/playwright/component-theming.spec.ts:115:7 › Component Theme Variables › tree — regional frame + selection override, sibling untouched (1.1s)
  ✓    9 [component-theming] › src/test/playwright/component-theming.spec.ts:131:7 › Component Theme Variables › panel — regional surface/radius override, sibling untouched (1.1s)
  ✓   10 [component-theming] › src/test/playwright/component-theming.spec.ts:142:7 › Component Theme Variables › groupbox — regional frame override, sibling untouched (1.1s)
  ✓   11 [component-theming] › src/test/playwright/component-theming.spec.ts:154:7 › Component Theme Variables › combobox — regional field override, sibling untouched (1.1s)
  ✓   12 [component-theming] › src/test/playwright/component-theming.spec.ts:168:7 › Component Theme Variables › datebox — regional border/radius override, sibling untouched (1.1s)
  ✓   13 [component-theming] › src/test/playwright/component-theming.spec.ts:179:7 › Component Theme Variables › timebox — regional border/radius override, sibling untouched (1.1s)
  ✓   14 [component-theming] › src/test/playwright/component-theming.spec.ts:190:7 › Component Theme Variables › spinner — regional border/radius override, sibling untouched (1.1s)
  ✓   15 [component-theming] › src/test/playwright/component-theming.spec.ts:201:7 › Component Theme Variables › bandbox — regional border/radius override, sibling untouched (1.1s)
  ✓   16 [component-theming] › src/test/playwright/component-theming.spec.ts:216:7 › Component Theme Variables › daterangebox — regional border/radius override, sibling untouched (1.2s)
  ✓   17 [component-theming] › src/test/playwright/component-theming.spec.ts:227:7 › Component Theme Variables › daterangebox — whole-app :root override wins (loaded after norm.css.dsp) (1.2s)
  ✓   18 [component-theming] › src/test/playwright/component-theming.spec.ts:238:7 › Component Theme Variables › tabbox — regional accent/border override, sibling untouched (1.1s)
  ✓   19 [component-theming] › src/test/playwright/component-theming.spec.ts:253:7 › Component Theme Variables › menubar — regional surface override, sibling untouched (1.2s)
  ✓   20 [component-theming] › src/test/playwright/component-theming.spec.ts:264:7 › Component Theme Variables › avatar — regional fill override (hoisted base knob), sibling untouched (1.2s)
  ✓   21 [component-theming] › src/test/playwright/component-theming.spec.ts:274:7 › Component Theme Variables › badge — default fill region-overridable, non-default severity pinned (1.2s)
  ✓   22 [component-theming] › src/test/playwright/component-theming.spec.ts:290:7 › Component Theme Variables › rating — regional accent override, sibling untouched (1.2s)
  ✓   23 [component-theming] › src/test/playwright/component-theming.spec.ts:301:7 › Component Theme Variables › rating — whole-app :root override wins (loaded after norm.css.dsp) (1.2s)
  ✓   24 [component-theming] › src/test/playwright/component-theming.spec.ts:314:7 › Component Theme Variables › progressmeter — regional track/fill override, sibling untouched (1.2s)
  ✓   25 [component-theming] › src/test/playwright/component-theming.spec.ts:325:7 › Component Theme Variables › progressmeter — whole-app :root override wins (loaded after norm.css.dsp) (1.2s)
  ✓   26 [component-theming] › src/test/playwright/component-theming.spec.ts:340:7 › Component Theme Variables › paging — regional radius/selected override, sibling untouched (1.1s)
  ✓   27 [component-theming] › src/test/playwright/component-theming.spec.ts:356:7 › Component Theme Variables › paging — whole-app :root override wins (loaded after norm.css.dsp) (1.2s)
  ✓   28 [component-theming] › src/test/playwright/component-theming.spec.ts:370:7 › Component Theme Variables › combobutton — regional bg/fg/radius override, sibling untouched (1.2s)
  ✓   29 [component-theming] › src/test/playwright/component-theming.spec.ts:382:7 › Component Theme Variables › combobutton — whole-app :root override wins (loaded after norm.css.dsp) (1.2s)
  ✓   30 [component-theming] › src/test/playwright/component-theming.spec.ts:395:7 › Component Theme Variables › selectbox — regional border/radius override, sibling untouched (1.3s)
  ✓   31 [component-theming] › src/test/playwright/component-theming.spec.ts:406:7 › Component Theme Variables › selectbox — whole-app :root override wins (loaded after norm.css.dsp) (1.2s)
  ✓   32 [component-theming] › src/test/playwright/component-theming.spec.ts:420:7 › Component Theme Variables › inputgroup — regional border/radius/addon override, sibling untouched (1.1s)
  ✓   33 [component-theming] › src/test/playwright/component-theming.spec.ts:438:7 › Component Theme Variables › inputgroup — whole-app :root override wins (loaded after norm.css.dsp) (1.3s)
  ✓   34 [component-theming] › src/test/playwright/component-theming.spec.ts:453:7 › Component Theme Variables › calendar — regional border/radius/accent override, sibling untouched (1.2s)
  ✓   35 [component-theming] › src/test/playwright/component-theming.spec.ts:472:7 › Component Theme Variables › calendar — whole-app :root override wins (loaded after norm.css.dsp) (1.2s)
  ✓   36 [component-theming] › src/test/playwright/component-theming.spec.ts:485:7 › Component Theme Variables › toolbar — regional bg/border override, sibling untouched (1.2s)
  ✓   37 [component-theming] › src/test/playwright/component-theming.spec.ts:496:7 › Component Theme Variables › toolbar — whole-app :root override wins (loaded after norm.css.dsp) (1.2s)
  ✓   38 [component-theming] › src/test/playwright/component-theming.spec.ts:510:7 › Component Theme Variables › toolbarbutton — regional fg/radius/checked override, sibling untouched (1.3s)
  ✓   39 [component-theming] › src/test/playwright/component-theming.spec.ts:527:7 › Component Theme Variables › toolbarbutton — whole-app :root override wins (loaded after norm.css.dsp) (1.2s)
  ✓   40 [component-theming] › src/test/playwright/component-theming.spec.ts:541:7 › Component Theme Variables › slider — regional track/accent/radius override, sibling untouched (1.2s)
  ✓   41 [component-theming] › src/test/playwright/component-theming.spec.ts:559:7 › Component Theme Variables › slider — whole-app :root override wins (loaded after norm.css.dsp) (1.2s)
  ✓   42 [component-theming] › src/test/playwright/component-theming.spec.ts:575:7 › Component Theme Variables › rangeslider — regional track/accent/radius override, sibling untouched (1.2s)
  ✓   43 [component-theming] › src/test/playwright/component-theming.spec.ts:597:7 › Component Theme Variables › rangeslider — whole-app :root override wins (loaded after norm.css.dsp) (1.2s)
  ✓   44 [component-theming] › src/test/playwright/component-theming.spec.ts:614:7 › Component Theme Variables › multislider — regional track/accent/radius override, sibling untouched (1.2s)
  ✓   45 [component-theming] › src/test/playwright/component-theming.spec.ts:636:7 › Component Theme Variables › multislider — whole-app :root override wins (loaded after norm.css.dsp) (1.2s)
  ✓   46 [component-theming] › src/test/playwright/component-theming.spec.ts:649:7 › Component Theme Variables › checkbox — regional border/accent override, sibling untouched (1.1s)
  ✓   47 [component-theming] › src/test/playwright/component-theming.spec.ts:664:7 › Component Theme Variables › checkbox — whole-app :root override wins (loaded after norm.css.dsp) (1.2s)
  ✓   48 [component-theming] › src/test/playwright/component-theming.spec.ts:679:7 › Component Theme Variables › radio — regional border/accent override, sibling untouched (1.1s)
  ✓   49 [component-theming] › src/test/playwright/component-theming.spec.ts:694:7 › Component Theme Variables › radio — whole-app :root override wins (loaded after norm.css.dsp) (1.2s)
  ✓   50 [component-theming] › src/test/playwright/component-theming.spec.ts:711:7 › Component Theme Variables › messagebox — zero-regression defaults (1.3s)
  ✓   51 [component-theming] › src/test/playwright/component-theming.spec.ts:721:7 › Component Theme Variables › messagebox — whole-app :root override wins (loaded after norm.css.dsp) (1.3s)
  ✓   52 [component-theming] › src/test/playwright/component-theming.spec.ts:749:7 › Component Theme Variables › popup — zero-regression defaults (1.2s)
  ✓   53 [component-theming] › src/test/playwright/component-theming.spec.ts:759:7 › Component Theme Variables › popup — whole-app :root override wins (loaded after norm.css.dsp) (1.2s)
  ✓   54 [component-theming] › src/test/playwright/component-theming.spec.ts:782:7 › Component Theme Variables › notification — regional bg/fg/radius override, sibling untouched (1.1s)
  ✓   55 [component-theming] › src/test/playwright/component-theming.spec.ts:802:7 › Component Theme Variables › notification — whole-app :root override wins (loaded after norm.css.dsp) (1.2s)
  ✓   56 [component-theming] › src/test/playwright/component-theming.spec.ts:818:7 › Component Theme Variables › toast — regional bg/fg/radius/accent override, sibling untouched (1.2s)
  ✓   57 [component-theming] › src/test/playwright/component-theming.spec.ts:849:7 › Component Theme Variables › toast — whole-app :root override wins (loaded after norm.css.dsp) (1.1s)
  ✓   58 [component-theming] › src/test/playwright/component-theming.spec.ts:861:7 › Component Theme Variables › a — regional fg override, sibling untouched (1.1s)
  ✓   59 [component-theming] › src/test/playwright/component-theming.spec.ts:873:7 › Component Theme Variables › a — whole-app :root override wins (loaded after norm.css.dsp) (1.1s)
  ✓   60 [component-theming] › src/test/playwright/component-theming.spec.ts:887:7 › Component Theme Variables › timepicker — regional border/radius override, sibling untouched (1.1s)
  ✓   61 [component-theming] › src/test/playwright/component-theming.spec.ts:898:7 › Component Theme Variables › timepicker — whole-app :root override wins (loaded after norm.css.dsp) (1.1s)
  ✓   62 [component-theming] › src/test/playwright/component-theming.spec.ts:914:7 › Component Theme Variables › chosenbox — regional border/radius/chip override, sibling untouched (1.2s)
  ✓   63 [component-theming] › src/test/playwright/component-theming.spec.ts:940:7 › Component Theme Variables › chosenbox — whole-app :root override wins (loaded after norm.css.dsp) (1.2s)
  ✓   64 [component-theming] › src/test/playwright/component-theming.spec.ts:956:7 › Component Theme Variables › cascader — regional border/radius/fg override, sibling untouched (1.2s)
  ✓   65 [component-theming] › src/test/playwright/component-theming.spec.ts:975:7 › Component Theme Variables › cascader — whole-app :root override wins (loaded after norm.css.dsp) (1.2s)
  ✓   66 [component-theming] › src/test/playwright/component-theming.spec.ts:991:7 › Component Theme Variables › searchbox — regional border/radius/fg override, sibling untouched (1.2s)
  ✓   67 [component-theming] › src/test/playwright/component-theming.spec.ts:1010:7 › Component Theme Variables › searchbox — whole-app :root override wins (loaded after norm.css.dsp) (1.2s)
  ✓   68 [component-theming] › src/test/playwright/component-theming.spec.ts:1028:7 › Component Theme Variables › drawer — zero-regression defaults (1.3s)
  ✓   69 [component-theming] › src/test/playwright/component-theming.spec.ts:1039:7 › Component Theme Variables › drawer — whole-app :root override wins (loaded after norm.css.dsp) (1.3s)
  ✓   70 [component-theming] › src/test/playwright/component-theming.spec.ts:1060:7 › Component Theme Variables › nav — regional bg/radius/selected override, sibling untouched (1.1s)
  ✓   71 [component-theming] › src/test/playwright/component-theming.spec.ts:1084:7 › Component Theme Variables › nav — whole-app :root override wins (loaded after norm.css.dsp) (1.2s)
  ✓   72 [component-theming] › src/test/playwright/component-theming.spec.ts:1102:7 › Component Theme Variables › anchornav — regional fg/accent override, sibling untouched (1.1s)
  ✓   73 [component-theming] › src/test/playwright/component-theming.spec.ts:1126:7 › Component Theme Variables › anchornav — whole-app :root override wins (loaded after norm.css.dsp) (1.1s)
  ✓   74 [component-theming] › src/test/playwright/component-theming.spec.ts:1150:7 › Component Theme Variables › stepbar — regional connector/icon/title override, sibling untouched (1.1s)
  ✓   75 [component-theming] › src/test/playwright/component-theming.spec.ts:1184:7 › Component Theme Variables › stepbar — whole-app :root override wins (loaded after norm.css.dsp) (1.2s)
  ✓   76 [component-theming] › src/test/playwright/component-theming.spec.ts:1204:7 › Component Theme Variables › coachmark — zero-regression defaults (1.3s)
  ✓   77 [component-theming] › src/test/playwright/component-theming.spec.ts:1214:7 › Component Theme Variables › coachmark — whole-app :root override wins (loaded after norm.css.dsp) (1.3s)
  ✓   78 [component-theming] › src/test/playwright/component-theming.spec.ts:1232:7 › Component Theme Variables › colorbox — regional border/radius override, sibling untouched (1.1s)
  ✓   79 [component-theming] › src/test/playwright/component-theming.spec.ts:1243:7 › Component Theme Variables › colorbox — whole-app :root override wins (loaded after norm.css.dsp) (1.1s)
  ✓   80 [component-theming] › src/test/playwright/component-theming.spec.ts:1254:7 › Component Theme Variables › biglistbox — regional border/radius/header-fg override, sibling untouched (1.1s)
  ✓   81 [component-theming] › src/test/playwright/component-theming.spec.ts:1267:7 › Component Theme Variables › biglistbox — whole-app :root override wins (loaded after norm.css.dsp) (1.2s)
  ✓   82 [component-theming] › src/test/playwright/component-theming.spec.ts:1282:7 › Component Theme Variables › fisheye — regional label/radius override, sibling untouched (1.1s)
  ✓   83 [component-theming] › src/test/playwright/component-theming.spec.ts:1295:7 › Component Theme Variables › fisheye — whole-app :root override wins (loaded after norm.css.dsp) (1.1s)
  ✓   84 [component-theming] › src/test/playwright/component-theming.spec.ts:1310:7 › Component Theme Variables › pdfviewer — regional border/radius/toolbar override, sibling untouched (1.1s)
  ✓   85 [component-theming] › src/test/playwright/component-theming.spec.ts:1323:7 › Component Theme Variables › pdfviewer — whole-app :root override wins (loaded after norm.css.dsp) (1.1s)
  ✓   86 [component-theming] › src/test/playwright/component-theming.spec.ts:1337:7 › Component Theme Variables › tbeditor — regional border/radius/toolbar override, sibling untouched (1.1s)
  ✓   87 [component-theming] › src/test/playwright/component-theming.spec.ts:1350:7 › Component Theme Variables › tbeditor — whole-app :root override wins (loaded after norm.css.dsp) (1.1s)
  ✓   88 [component-theming] › src/test/playwright/component-theming.spec.ts:1365:7 › Component Theme Variables › signature — regional border/radius override, sibling untouched (1.1s)
  ✓   89 [component-theming] › src/test/playwright/component-theming.spec.ts:1376:7 › Component Theme Variables › signature — whole-app :root override wins (loaded after norm.css.dsp) (1.1s)
  ✓   90 [component-theming] › src/test/playwright/component-theming.spec.ts:1391:7 › Component Theme Variables › cropper — regional border/radius/toolbar/text override, sibling untouched (1.2s)
  ✓   91 [component-theming] › src/test/playwright/component-theming.spec.ts:1408:7 › Component Theme Variables › cropper — whole-app :root override wins (loaded after norm.css.dsp) (1.2s)
  ✓   92 [component-theming] › src/test/playwright/component-theming.spec.ts:1422:7 › Component Theme Variables › dropupload — regional border/radius/bg override, sibling untouched (1.2s)
  ✓   93 [component-theming] › src/test/playwright/component-theming.spec.ts:1435:7 › Component Theme Variables › dropupload — whole-app :root override wins (loaded after norm.css.dsp) (1.1s)
  ✓   94 [component-theming] › src/test/playwright/component-theming.spec.ts:1452:7 › Component Theme Variables › organigram — regional border/radius/selected override, sibling untouched (1.2s)
  ✓   95 [component-theming] › src/test/playwright/component-theming.spec.ts:1476:7 › Component Theme Variables › organigram — whole-app :root override wins (loaded after norm.css.dsp) (1.2s)
  ✓   96 [component-theming] › src/test/playwright/component-theming.spec.ts:1494:7 › Component Theme Variables › goldenlayout — regional header/panel/accent override, sibling untouched (1.2s)
  ✓   97 [component-theming] › src/test/playwright/component-theming.spec.ts:1520:7 › Component Theme Variables › goldenlayout — whole-app :root override wins (loaded after norm.css.dsp) (1.2s)
  ✓   98 [component-theming] › src/test/playwright/component-theming.spec.ts:1539:7 › Component Theme Variables › portallayout — regional frame/counter override, sibling untouched (1.1s)
  ✓   99 [component-theming] › src/test/playwright/component-theming.spec.ts:1563:7 › Component Theme Variables › portallayout — whole-app :root override wins (loaded after norm.css.dsp) (1.1s)
  ✓  100 [component-theming] › src/test/playwright/component-theming.spec.ts:1584:7 › Component Theme Variables › confirmpopup — zero-regression defaults (1.2s)
  ✓  101 [component-theming] › src/test/playwright/component-theming.spec.ts:1601:7 › Component Theme Variables › confirmpopup — whole-app :root override wins (loaded after norm.css.dsp) (1.3s)
  ✓  102 [component-theming] › src/test/playwright/component-theming.spec.ts:1627:7 › Component Theme Variables › breadcrumb — regional fg/current-fg override, sibling untouched (1.2s)
  ✓  103 [component-theming] › src/test/playwright/component-theming.spec.ts:1642:7 › Component Theme Variables › breadcrumb — whole-app :root override wins (loaded after norm.css.dsp) (1.2s)
  ✓  104 [component-theming] › src/test/playwright/component-theming.spec.ts:1659:7 › Component Theme Variables › carousel — regional arrow-bg/indicator-active-bg override, sibling untouched (1.1s)
  ✓  105 [component-theming] › src/test/playwright/component-theming.spec.ts:1674:7 › Component Theme Variables › carousel — whole-app :root override wins (loaded after norm.css.dsp) (1.1s)
  ✓  106 [component-theming] › src/test/playwright/component-theming.spec.ts:1695:7 › Component Theme Variables › codeeditor — regional bg/border/gutter override, sibling untouched (1.1s)
  ✓  107 [component-theming] › src/test/playwright/component-theming.spec.ts:1711:7 › Component Theme Variables › codeeditor — whole-app :root override wins (loaded after norm.css.dsp) (1.2s)

  107 passed (2.1m)
