=== component-theming start Fri Oct  9 22:55:41 CST 2026
=== component-theming exit=0 end Fri Oct  9 22:57:50 CST 2026
  107 passed (2.1m)
=== hit-target start Fri Oct  9 22:57:50 CST 2026
=== hit-target exit=0 end Fri Oct  9 22:57:52 CST 2026
  3 passed (1.3s)
=== focus-scan start Fri Oct  9 22:57:52 CST 2026
=== focus-scan exit=0 end Fri Oct  9 22:58:20 CST 2026
  47 skipped
  57 passed (27.4s)
=== forced-colors start Fri Oct  9 22:58:20 CST 2026
=== forced-colors exit=0 end Fri Oct  9 22:58:26 CST 2026
  17 passed (4.9s)
=== chromium start Fri Oct  9 22:58:26 CST 2026
=== chromium exit=1 end Fri Oct  9 23:00:15 CST 2026
  2 failed
  132 passed (1.8m)
=== gallery start Fri Oct  9 23:00:15 CST 2026
=== gallery exit=1 end Fri Oct  9 23:01:34 CST 2026
  2 failed
  80 passed (1.3m)
=== tablet start Fri Oct  9 23:01:34 CST 2026
=== tablet exit=1 end Fri Oct  9 23:02:32 CST 2026
  6 failed
  49 passed (56.2s)
=== ALL DONE Fri Oct  9 23:02:32 CST 2026
