
Running 25 tests using 1 worker

  ✓   1 [chromium] › src/test/playwright/screenshot.spec.ts:66:7 › button › gallery (983ms)
  ✓   2 [chromium] › src/test/playwright/screenshot.spec.ts:77:11 › button › default-hover (775ms)
  ✓   3 [chromium] › src/test/playwright/screenshot.spec.ts:77:11 › button › default-focus (825ms)
  ✓   4 [chromium] › src/test/playwright/screenshot.spec.ts:77:11 › button › default-active (738ms)
  ✓   5 [chromium] › src/test/playwright/screenshot.spec.ts:77:11 › button › outlined-hover (818ms)
  ✓   6 [chromium] › src/test/playwright/screenshot.spec.ts:77:11 › button › outlined-focus (760ms)
  ✓   7 [chromium] › src/test/playwright/screenshot.spec.ts:77:11 › button › outlined-active (744ms)
  ✓   8 [chromium] › src/test/playwright/screenshot.spec.ts:92:7 › button › color-variant-disabled-state (685ms)
  ✓   9 [chromium] › src/test/playwright/screenshot.spec.ts:140:7 › button › graphic-and-label-have-md3-gap (665ms)
  ✓  10 [chromium] › src/test/playwright/screenshot.spec.ts:204:7 › checkbox › gallery (754ms)
  ✓  11 [chromium] › src/test/playwright/screenshot.spec.ts:209:9 › checkbox › hover (751ms)
  ✓  12 [chromium] › src/test/playwright/screenshot.spec.ts:209:9 › checkbox › focus (718ms)
  ✓  13 [chromium] › src/test/playwright/screenshot.spec.ts:221:7 › checkbox › tristate checked shows checkmark, indeterminate shows dash (664ms)
  ✓  14 [chromium] › src/test/playwright/screenshot.spec.ts:430:7 › combobox › comboitem icon is separated from its label (689ms)
  ✓  15 [chromium] › src/test/playwright/screenshot.spec.ts:1024:7 › coachmark › card is a neutral surface and nested button keeps the standard fill (679ms)
  ✓  16 [chromium] › src/test/playwright/screenshot.spec.ts:1054:7 › coachmark › close button is a circular icon-button target with symmetric corner inset (685ms)
  ✓  17 [chromium] › src/test/playwright/screenshot.spec.ts:1087:7 › coachmark › close button shows a hover state layer (809ms)
  ✓  18 [chromium] › src/test/playwright/screenshot.spec.ts:1760:7 › stepbar › wrapped-label-stacks-title-below-icon (675ms)
  ✓  19 [chromium] › src/test/playwright/screenshot.spec.ts:1785:7 › stepbar › wrapped-label-icons-share-one-baseline (698ms)
  ✓  20 [chromium] › src/test/playwright/screenshot.spec.ts:1955:9 › radiogroup › hover (783ms)
  ✓  21 [chromium] › src/test/playwright/screenshot.spec.ts:1955:9 › radiogroup › focus (737ms)
  ✓  22 [chromium] › src/test/playwright/screenshot.spec.ts:2198:7 › important-removal-guards › messagebox button row is flex with zeroed child margin without !important (897ms)
  ✓  23 [chromium] › src/test/playwright/screenshot.spec.ts:2267:11 › combobutton › hover (765ms)
  ✓  24 [chromium] › src/test/playwright/screenshot.spec.ts:2267:11 › combobutton › focus (719ms)
  ✓  25 [chromium] › src/test/playwright/screenshot.spec.ts:2439:9 › orphaned-helper-css › label-css-is-served (688ms)

  25 passed (19.5s)
EXIT 0
