listbox.zul #0 sbw 0 vScroll false cells 2 barPx null blank [255,255,255] blankFar [255,255,255] dE null/null thBg ["rgba(0, 0, 0, 0)"] barCellBg rgba(0, 0, 0, 0) barW 0
listbox.zul #1 sbw 0 vScroll false cells 2 barPx null blank [255,255,255] blankFar [255,255,255] dE null/null thBg ["rgba(0, 0, 0, 0)"] barCellBg rgba(0, 0, 0, 0) barW 0
listbox.zul #2 sbw 0 vScroll false cells 2 barPx null blank [255,255,255] blankFar [255,255,255] dE null/null thBg ["rgba(0, 0, 0, 0)"] barCellBg rgba(0, 0, 0, 0) barW 0
listbox.zul #3 sbw 0 vScroll false cells 4 barPx null blank [255,255,255] blankFar [255,255,255] dE null/null thBg ["rgba(0, 0, 0, 0)"] barCellBg rgba(0, 0, 0, 0) barW 0
listbox.zul #4 sbw 0 vScroll false cells 2 barPx null blank [255,255,255] blankFar [255,255,255] dE null/null thBg ["rgba(0, 0, 0, 0)"] barCellBg rgba(0, 0, 0, 0) barW 0
listbox.zul #5 sbw 0 vScroll false cells 5 barPx null blank [255,255,255] blankFar [255,255,255] dE null/null thBg ["rgb(255, 255, 255)","rgba(0, 0, 0, 0)"] barCellBg rgba(0, 0, 0, 0) barW 0
listbox.zul #6 sbw 0 vScroll false cells 1 barPx null blank null blankFar [255,255,255] dE null/null thBg ["rgba(0, 0, 0, 0)"] barCellBg rgba(0, 0, 0, 0) barW 0
listbox.zul #7 sbw 0 vScroll false cells 2 barPx null blank [255,255,255] blankFar [255,255,255] dE null/null thBg ["rgba(0, 0, 0, 0)"] barCellBg rgba(0, 0, 0, 0) barW 0
listbox-header.zul #0 sbw 0 vScroll false cells 9 barPx null blank [247,249,252] blankFar [247,249,252] dE null/null thBg ["rgba(0, 0, 0, 0)"] barCellBg rgba(0, 0, 0, 0) barW 0
listbox-header.zul #1 sbw 0 vScroll false cells 9 barPx null blank [247,249,252] blankFar [247,249,252] dE null/null thBg ["rgba(0, 0, 0, 0)"] barCellBg rgba(0, 0, 0, 0) barW 0
listbox-header.zul #2 sbw 0 vScroll false cells 9 barPx null blank [247,249,252] blankFar [247,249,252] dE null/null thBg ["rgba(0, 0, 0, 0)"] barCellBg rgba(0, 0, 0, 0) barW 0
listbox-header.zul #3 sbw 0 vScroll false cells 3 barPx null blank [255,255,255] blankFar [255,255,255] dE null/null thBg ["rgba(0, 0, 0, 0)"] barCellBg rgba(0, 0, 0, 0) barW 0
listbox-header.zul #4 sbw 0 vScroll false cells 6 barPx null blank [255,255,255] blankFar [255,255,255] dE null/null thBg ["rgba(0, 0, 0, 0)"] barCellBg rgba(0, 0, 0, 0) barW 0
listbox-header.zul #5 sbw 0 vScroll false cells 6 barPx null blank [255,255,255] blankFar [255,255,255] dE null/null thBg ["rgba(0, 0, 0, 0)"] barCellBg rgba(0, 0, 0, 0) barW 0
listbox-header.zul #6 sbw 0 vScroll false cells 2 barPx null blank [255,255,255] blankFar [255,255,255] dE null/null thBg ["rgba(0, 0, 0, 0)"] barCellBg rgba(0, 0, 0, 0) barW 0
listbox-header.zul #7 sbw 0 vScroll false cells 2 barPx null blank [255,255,255] blankFar [255,255,255] dE null/null thBg ["rgba(0, 0, 0, 0)"] barCellBg rgba(0, 0, 0, 0) barW 0
listbox-header.zul #8 sbw 0 vScroll false cells 3 barPx null blank [255,255,255] blankFar [255,255,255] dE null/null thBg ["rgba(0, 0, 0, 0)"] barCellBg rgba(0, 0, 0, 0) barW 0
listbox-header.zul #9 sbw 6 vScroll true cells 3 barPx [255,255,255] blank [255,255,255] blankFar [255,255,255] dE 0/0 thBg ["rgba(0, 0, 0, 0)"] barCellBg rgba(0, 0, 0, 0) barW 6
listbox-header.zul #10 sbw 0 vScroll false cells 3 barPx null blank [255,255,255] blankFar [255,255,255] dE null/null thBg ["rgba(0, 0, 0, 0)"] barCellBg rgba(0, 0, 0, 0) barW 0
listbox-header.zul #11 sbw 0 vScroll false cells 9 barPx null blank [247,249,252] blankFar [247,249,252] dE null/null thBg ["rgba(0, 0, 0, 0)"] barCellBg rgba(0, 0, 0, 0) barW 0
listbox-header.zul #12 sbw 0 vScroll false cells 9 barPx null blank [247,249,252] blankFar [247,249,252] dE null/null thBg ["rgba(0, 0, 0, 0)"] barCellBg rgba(0, 0, 0, 0) barW 0
listbox-header.zul #13 sbw 0 vScroll false cells 3 barPx null blank [255,255,255] blankFar [255,255,255] dE null/null thBg ["rgba(0, 0, 0, 0)"] barCellBg rgba(0, 0, 0, 0) barW 0
listbox-header.zul #14 sbw 0 vScroll false cells 3 barPx null blank [255,255,255] blankFar [255,255,255] dE null/null thBg ["rgba(0, 0, 0, 0)"] barCellBg rgba(0, 0, 0, 0) barW 0
listbox-header.zul #15 sbw 0 vScroll false cells 6 barPx null blank [255,255,255] blankFar [255,255,255] dE null/null thBg ["rgb(255, 255, 255)","rgba(0, 0, 0, 0)"] barCellBg rgba(0, 0, 0, 0) barW 0
listbox-header.zul #16 sbw 0 vScroll false cells 3 barPx null blank [255,255,255] blankFar [255,255,255] dE null/null thBg ["rgba(0, 0, 0, 0)"] barCellBg rgba(0, 0, 0, 0) barW 0
listbox-header.zul #17 sbw 0 vScroll false cells 4 barPx null blank [255,255,255] blankFar [247,249,252] dE null/null thBg ["rgba(0, 0, 0, 0)"] barCellBg rgba(0, 0, 0, 0) barW 0
