== core projects (full): component-theming hit-target focus-scan forced-colors  17:11:34

Running 231 tests using 4 workers

[1A[2K[1/231] [hit-target] › src/test/playwright/hit-target.spec.ts:68:7 › multislider: every knob owns its own centre
[1A[2K[2/231] [forced-colors] › src/test/playwright/forced-colors.spec.ts:32:7 › forced-colors (Windows High-Contrast) a11y guards › forced-colors is actually emulated
[1A[2K[3/231] [component-theming] › src/test/playwright/component-theming.spec.ts:34:7 › Component Theme Variables › regional override restyles scoped buttons only
[1A[2K[4/231] [focus-scan] › src/test/playwright/focus-ring-scan.spec.ts:266:9 › focus-ring scan › a
[1A[2K[5/231] [forced-colors] › src/test/playwright/forced-colors.spec.ts:38:7 › forced-colors (Windows High-Contrast) a11y guards › checkbox checked/indeterminate opt out of the OS palette (glyph stays legible)
[1A[2K[6/231] [hit-target] › src/test/playwright/hit-target.spec.ts:68:7 › rangeslider: every knob owns its own centre
[1A[2K[7/231] [focus-scan] › src/test/playwright/focus-ring-scan.spec.ts:266:9 › focus-ring scan › absolutelayout
[1A[2K[8/231] [hit-target] › src/test/playwright/hit-target.spec.ts:68:7 › slider: every knob owns its own centre
[1A[2K[9/231] [forced-colors] › src/test/playwright/forced-colors.spec.ts:50:7 › forced-colors (Windows High-Contrast) a11y guards › text-input focus draws a real outline (box-shadow focus ring is stripped)
[1A[2K[10/231] [focus-scan] › src/test/playwright/focus-ring-scan.spec.ts:266:9 › focus-ring scan › anchorlayout
[1A[2K[11/231] [forced-colors] › src/test/playwright/forced-colors.spec.ts:65:7 › forced-colors (Windows High-Contrast) a11y guards › selected list row uses the system selection colors (tint would otherwise vanish)
[1A[2K[12/231] [focus-scan] › src/test/playwright/focus-ring-scan.spec.ts:266:9 › focus-ring scan › anchornav
[1A[2K[13/231] [forced-colors] › src/test/playwright/forced-colors.spec.ts:81:7 › forced-colors (Windows High-Contrast) a11y guards › elevation-only surfaces gain a border (box-shadow is stripped)
[1A[2K[14/231] [focus-scan] › src/test/playwright/focus-ring-scan.spec.ts:266:9 › focus-ring scan › avatar
[1A[2K[15/231] [forced-colors] › src/test/playwright/forced-colors.spec.ts:92:7 › forced-colors (Windows High-Contrast) a11y guards › buttons are delineated by a border
[1A[2K[16/231] [focus-scan] › src/test/playwright/focus-ring-scan.spec.ts:266:9 › focus-ring scan › badge
[1A[2K[17/231] [component-theming] › src/test/playwright/component-theming.spec.ts:48:7 › Component Theme Variables › disabled button keeps its disabled treatment inside a scoped region
[1A[2K[18/231] [forced-colors] › src/test/playwright/forced-colors.spec.ts:101:7 › forced-colors (Windows High-Contrast) a11y guards › elevation surface (groupbox) gains a border
[1A[2K[19/231] [focus-scan] › src/test/playwright/focus-ring-scan.spec.ts:266:9 › focus-ring scan › bandbox
[1A[2K[20/231] [forced-colors] › src/test/playwright/forced-colors.spec.ts:112:7 › forced-colors (Windows High-Contrast) a11y guards › paging current page uses the system selection color
[1A[2K[21/231] [focus-scan] › src/test/playwright/focus-ring-scan.spec.ts:266:9 › focus-ring scan › barcode
[1A[2K[22/231] [forced-colors] › src/test/playwright/forced-colors.spec.ts:123:7 › forced-colors (Windows High-Contrast) a11y guards › calendar selected day keeps a visible filled disc (fill on ::before)
[1A[2K[23/231] [focus-scan] › src/test/playwright/focus-ring-scan.spec.ts:266:9 › focus-ring scan › biglistbox
[1A[2K[24/231] [forced-colors] › src/test/playwright/forced-colors.spec.ts:139:7 › forced-colors (Windows High-Contrast) a11y guards › spinner up/down arrow icons stay visible (fill is foreground, not page bg)
[1A[2K[25/231] [component-theming] › src/test/playwright/component-theming.spec.ts:54:7 › Component Theme Variables › whole-app :root override wins (loaded after norm.css.dsp)
[1A[2K[26/231] [forced-colors] › src/test/playwright/forced-colors.spec.ts:153:7 › forced-colors (Windows High-Contrast) a11y guards › combobox caret icon stays visible (unlayered fill beats the component rule)
[1A[2K[27/231] [focus-scan] › src/test/playwright/focus-ring-scan.spec.ts:266:9 › focus-ring scan › borderlayout
[1A[2K[28/231] [forced-colors] › src/test/playwright/forced-colors.spec.ts:165:7 › forced-colors (Windows High-Contrast) a11y guards › selected list check keeps its baked box (icon-fill guard must not clobber it)
[1A[2K[29/231] [focus-scan] › src/test/playwright/focus-ring-scan.spec.ts:266:9 › focus-ring scan › breadcrumb
[1A[2K[30/231] [forced-colors] › src/test/playwright/forced-colors.spec.ts:186:7 › forced-colors (Windows High-Contrast) a11y guards › accordion selected tab uses the system selection color
[1A[2K[31/231] [focus-scan] › src/test/playwright/focus-ring-scan.spec.ts:266:9 › focus-ring scan › button
[1A[2K[32/231] [component-theming] › src/test/playwright/component-theming.spec.ts:65:7 › Component Theme Variables › input — regional border/radius override, sibling untouched
[1A[2K[33/231] [forced-colors] › src/test/playwright/forced-colors.spec.ts:197:7 › forced-colors (Windows High-Contrast) a11y guards › datebox popup gains a border (box-shadow elevation is stripped)
[1A[2K[34/231] [forced-colors] › src/test/playwright/forced-colors.spec.ts:211:7 › forced-colors (Windows High-Contrast) a11y guards › confirmpopup gains a border and keeps its arrow (elevation + CSS-triangle beak)
[1A[2K[35/231] [forced-colors] › src/test/playwright/forced-colors.spec.ts:225:7 › forced-colors (Windows High-Contrast) a11y guards › focus ring on a SELECTED navbar item stays visible (Highlight-on-Highlight)
[1A[2K[36/231] [focus-scan] › src/test/playwright/focus-ring-scan.spec.ts:266:9 › focus-ring scan › calendar
[1A[2K[37/231] [forced-colors] › src/test/playwright/forced-colors.spec.ts:257:7 › forced-colors (Windows High-Contrast) a11y guards › datebox timezone selector keeps its top gap from the calendar (spacing is a margin, mode-independent)
[1A[2K[38/231] [focus-scan] › src/test/playwright/focus-ring-scan.spec.ts:266:9 › focus-ring scan › caption
[1A[2K[39/231] [component-theming] › src/test/playwright/component-theming.spec.ts:77:7 › Component Theme Variables › window — regional surface/radius override, sibling untouched
[1A[2K[40/231] [focus-scan] › src/test/playwright/focus-ring-scan.spec.ts:266:9 › focus-ring scan › cardlayout
[1A[2K[41/231] [focus-scan] › src/test/playwright/focus-ring-scan.spec.ts:266:9 › focus-ring scan › carousel
[1A[2K[42/231] [focus-scan] › src/test/playwright/focus-ring-scan.spec.ts:266:9 › focus-ring scan › cascader
[1A[2K[43/231] [focus-scan] › src/test/playwright/focus-ring-scan.spec.ts:266:9 › focus-ring scan › checkbox
[1A[2K[44/231] [component-theming] › src/test/playwright/component-theming.spec.ts:89:7 › Component Theme Variables › grid — regional border/radius override, sibling untouched
[1A[2K[45/231] [focus-scan] › src/test/playwright/focus-ring-scan.spec.ts:266:9 › focus-ring scan › chip
[1A[2K[46/231] [focus-scan] › src/test/playwright/focus-ring-scan.spec.ts:266:9 › focus-ring scan › chosenbox
[1A[2K[47/231] [focus-scan] › src/test/playwright/focus-ring-scan.spec.ts:266:9 › focus-ring scan › coachmark
[1A[2K[48/231] [focus-scan] › src/test/playwright/focus-ring-scan.spec.ts:266:9 › focus-ring scan › codeeditor
[1A[2K[49/231] [component-theming] › src/test/playwright/component-theming.spec.ts:101:7 › Component Theme Variables › listbox — regional frame + selection override, sibling untouched
[1A[2K[50/231] [focus-scan] › src/test/playwright/focus-ring-scan.spec.ts:266:9 › focus-ring scan › colorbox
[1A[2K[51/231] [focus-scan] › src/test/playwright/focus-ring-scan.spec.ts:266:9 › focus-ring scan › columnlayout
[1A[2K[52/231] [focus-scan] › src/test/playwright/focus-ring-scan.spec.ts:266:9 › focus-ring scan › combobox
[1A[2K[53/231] [focus-scan] › src/test/playwright/focus-ring-scan.spec.ts:266:9 › focus-ring scan › combobutton
[1A[2K[54/231] [component-theming] › src/test/playwright/component-theming.spec.ts:115:7 › Component Theme Variables › tree — regional frame + selection override, sibling untouched
[1A[2K[55/231] [focus-scan] › src/test/playwright/focus-ring-scan.spec.ts:266:9 › focus-ring scan › component-theming
[1A[2K[56/231] [component-theming] › src/test/playwright/component-theming.spec.ts:131:7 › Component Theme Variables › panel — regional surface/radius override, sibling untouched
[1A[2K[57/231] [focus-scan] › src/test/playwright/focus-ring-scan.spec.ts:266:9 › focus-ring scan › confirmpopup
[1A[2K[58/231] [component-theming] › src/test/playwright/component-theming.spec.ts:142:7 › Component Theme Variables › groupbox — regional frame override, sibling untouched
[1A[2K[59/231] [focus-scan] › src/test/playwright/focus-ring-scan.spec.ts:266:9 › focus-ring scan › cropper
[1A[2K[60/231] [focus-scan] › src/test/playwright/focus-ring-scan.spec.ts:266:9 › focus-ring scan › datebox
[1A[2K[61/231] [focus-scan] › src/test/playwright/focus-ring-scan.spec.ts:266:9 › focus-ring scan › daterangebox
[1A[2K[62/231] [focus-scan] › src/test/playwright/focus-ring-scan.spec.ts:266:9 › focus-ring scan › decimalbox
[1A[2K[63/231] [component-theming] › src/test/playwright/component-theming.spec.ts:154:7 › Component Theme Variables › combobox — regional field override, sibling untouched
[1A[2K[64/231] [focus-scan] › src/test/playwright/focus-ring-scan.spec.ts:266:9 › focus-ring scan › dnd
[1A[2K[65/231] [focus-scan] › src/test/playwright/focus-ring-scan.spec.ts:266:9 › focus-ring scan › doublebox
[1A[2K[66/231] [focus-scan] › src/test/playwright/focus-ring-scan.spec.ts:266:9 › focus-ring scan › doublespinner
[1A[2K[67/231] [focus-scan] › src/test/playwright/focus-ring-scan.spec.ts:266:9 › focus-ring scan › drawer
[1A[2K[68/231] [component-theming] › src/test/playwright/component-theming.spec.ts:168:7 › Component Theme Variables › datebox — regional border/radius override, sibling untouched
[1A[2K[69/231] [focus-scan] › src/test/playwright/focus-ring-scan.spec.ts:266:9 › focus-ring scan › dropupload
[1A[2K[70/231] [focus-scan] › src/test/playwright/focus-ring-scan.spec.ts:266:9 › focus-ring scan › errorbox
[1A[2K[71/231] [focus-scan] › src/test/playwright/focus-ring-scan.spec.ts:266:9 › focus-ring scan › fisheyebar
[1A[2K[72/231] [focus-scan] › src/test/playwright/focus-ring-scan.spec.ts:266:9 › focus-ring scan › goldenlayout
[1A[2K[73/231] [component-theming] › src/test/playwright/component-theming.spec.ts:179:7 › Component Theme Variables › timebox — regional border/radius override, sibling untouched
[1A[2K[74/231] [focus-scan] › src/test/playwright/focus-ring-scan.spec.ts:266:9 › focus-ring scan › grid
[1A[2K[75/231] [focus-scan] › src/test/playwright/focus-ring-scan.spec.ts:266:9 › focus-ring scan › grid-detail
[1A[2K[76/231] [focus-scan] › src/test/playwright/focus-ring-scan.spec.ts:266:9 › focus-ring scan › grid-grouping
[1A[2K[77/231] [focus-scan] › src/test/playwright/focus-ring-scan.spec.ts:266:9 › focus-ring scan › grid-header
[1A[2K[78/231] [component-theming] › src/test/playwright/component-theming.spec.ts:190:7 › Component Theme Variables › spinner — regional border/radius override, sibling untouched
[1A[2K[79/231] [focus-scan] › src/test/playwright/focus-ring-scan.spec.ts:266:9 › focus-ring scan › grid-livegrouping
[1A[2K[80/231] [focus-scan] › src/test/playwright/focus-ring-scan.spec.ts:266:9 › focus-ring scan › grid-paging
[1A[2K[81/231] [focus-scan] › src/test/playwright/focus-ring-scan.spec.ts:266:9 › focus-ring scan › groupbox
[1A[2K[82/231] [component-theming] › src/test/playwright/component-theming.spec.ts:201:7 › Component Theme Variables › bandbox — regional border/radius override, sibling untouched
[1A[2K[83/231] [focus-scan] › src/test/playwright/focus-ring-scan.spec.ts:266:9 › focus-ring scan › hlayout
[1A[2K[84/231] [focus-scan] › src/test/playwright/focus-ring-scan.spec.ts:266:9 › focus-ring scan › inputgroup
[1A[2K[85/231] [focus-scan] › src/test/playwright/focus-ring-scan.spec.ts:266:9 › focus-ring scan › intbox
[1A[2K[86/231] [focus-scan] › src/test/playwright/focus-ring-scan.spec.ts:266:9 › focus-ring scan › label
[1A[2K[87/231] [component-theming] › src/test/playwright/component-theming.spec.ts:216:7 › Component Theme Variables › daterangebox — regional border/radius override, sibling untouched
[1A[2K[88/231] [focus-scan] › src/test/playwright/focus-ring-scan.spec.ts:266:9 › focus-ring scan › linelayout
[1A[2K[89/231] [focus-scan] › src/test/playwright/focus-ring-scan.spec.ts:266:9 › focus-ring scan › listbox
[1A[2K[90/231] [focus-scan] › src/test/playwright/focus-ring-scan.spec.ts:266:9 › focus-ring scan › listbox-grouping
[1A[2K[91/231] [focus-scan] › src/test/playwright/focus-ring-scan.spec.ts:266:9 › focus-ring scan › listbox-header
[1A[2K[92/231] [component-theming] › src/test/playwright/component-theming.spec.ts:227:7 › Component Theme Variables › daterangebox — whole-app :root override wins (loaded after norm.css.dsp)
[1A[2K[93/231] [focus-scan] › src/test/playwright/focus-ring-scan.spec.ts:266:9 › focus-ring scan › longbox
[1A[2K[94/231] [focus-scan] › src/test/playwright/focus-ring-scan.spec.ts:266:9 › focus-ring scan › menubar
[1A[2K[95/231] [focus-scan] › src/test/playwright/focus-ring-scan.spec.ts:266:9 › focus-ring scan › messagebox
[1A[2K[96/231] [focus-scan] › src/test/playwright/focus-ring-scan.spec.ts:266:9 › focus-ring scan › multislider
[1A[2K[97/231] [component-theming] › src/test/playwright/component-theming.spec.ts:238:7 › Component Theme Variables › tabbox — regional accent/border override, sibling untouched
[1A[2K[98/231] [focus-scan] › src/test/playwright/focus-ring-scan.spec.ts:266:9 › focus-ring scan › navbar
[1A[2K[99/231] [component-theming] › src/test/playwright/component-theming.spec.ts:253:7 › Component Theme Variables › menubar — regional surface override, sibling untouched
[1A[2K[100/231] [focus-scan] › src/test/playwright/focus-ring-scan.spec.ts:266:9 › focus-ring scan › notification
[1A[2K[101/231] [focus-scan] › src/test/playwright/focus-ring-scan.spec.ts:266:9 › focus-ring scan › organigram
[1A[2K[102/231] [focus-scan] › src/test/playwright/focus-ring-scan.spec.ts:266:9 › focus-ring scan › paging
[1A[2K[103/231] [component-theming] › src/test/playwright/component-theming.spec.ts:264:7 › Component Theme Variables › avatar — regional fill override (hoisted base knob), sibling untouched
[1A[2K[104/231] [focus-scan] › src/test/playwright/focus-ring-scan.spec.ts:266:9 › focus-ring scan › panel
[1A[2K[105/231] [focus-scan] › src/test/playwright/focus-ring-scan.spec.ts:266:9 › focus-ring scan › pdfviewer
[1A[2K[106/231] [focus-scan] › src/test/playwright/focus-ring-scan.spec.ts:266:9 › focus-ring scan › popup
[1A[2K[107/231] [focus-scan] › src/test/playwright/focus-ring-scan.spec.ts:266:9 › focus-ring scan › portallayout
[1A[2K[108/231] [component-theming] › src/test/playwright/component-theming.spec.ts:274:7 › Component Theme Variables › badge — default fill region-overridable, non-default severity pinned
[1A[2K[109/231] [focus-scan] › src/test/playwright/focus-ring-scan.spec.ts:266:9 › focus-ring scan › progressmeter
[1A[2K[110/231] [focus-scan] › src/test/playwright/focus-ring-scan.spec.ts:266:9 › focus-ring scan › radiogroup
[1A[2K[111/231] [focus-scan] › src/test/playwright/focus-ring-scan.spec.ts:266:9 › focus-ring scan › rangeslider
[1A[2K[112/231] [focus-scan] › src/test/playwright/focus-ring-scan.spec.ts:266:9 › focus-ring scan › rating
[1A[2K[113/231] [focus-scan] › src/test/playwright/focus-ring-scan.spec.ts:266:9 › focus-ring scan › responsive-grid
[1A[2K[114/231] [component-theming] › src/test/playwright/component-theming.spec.ts:290:7 › Component Theme Variables › rating — regional accent override, sibling untouched
[1A[2K[115/231] [focus-scan] › src/test/playwright/focus-ring-scan.spec.ts:266:9 › focus-ring scan › rowlayout
[1A[2K[116/231] [focus-scan] › src/test/playwright/focus-ring-scan.spec.ts:266:9 › focus-ring scan › runtime-error
[1A[2K[117/231] [focus-scan] › src/test/playwright/focus-ring-scan.spec.ts:266:9 › focus-ring scan › scrollbar
[1A[2K[118/231] [component-theming] › src/test/playwright/component-theming.spec.ts:301:7 › Component Theme Variables › rating — whole-app :root override wins (loaded after norm.css.dsp)
[1A[2K[119/231] [focus-scan] › src/test/playwright/focus-ring-scan.spec.ts:266:9 › focus-ring scan › scrollview
[1A[2K[120/231] [focus-scan] › src/test/playwright/focus-ring-scan.spec.ts:266:9 › focus-ring scan › searchbox
[1A[2K[121/231] [focus-scan] › src/test/playwright/focus-ring-scan.spec.ts:266:9 › focus-ring scan › selectbox
[1A[2K[122/231] [focus-scan] › src/test/playwright/focus-ring-scan.spec.ts:266:9 › focus-ring scan › separator
[1A[2K[123/231] [focus-scan] › src/test/playwright/focus-ring-scan.spec.ts:266:9 › focus-ring scan › signature
[1A[2K[124/231] [component-theming] › src/test/playwright/component-theming.spec.ts:314:7 › Component Theme Variables › progressmeter — regional track/fill override, sibling untouched
[1A[2K[125/231] [focus-scan] › src/test/playwright/focus-ring-scan.spec.ts:266:9 › focus-ring scan › slider
[1A[2K[126/231] [focus-scan] › src/test/playwright/focus-ring-scan.spec.ts:266:9 › focus-ring scan › space
[1A[2K[127/231] [focus-scan] › src/test/playwright/focus-ring-scan.spec.ts:266:9 › focus-ring scan › spinner
[1A[2K[128/231] [component-theming] › src/test/playwright/component-theming.spec.ts:325:7 › Component Theme Variables › progressmeter — whole-app :root override wins (loaded after norm.css.dsp)
[1A[2K[129/231] [focus-scan] › src/test/playwright/focus-ring-scan.spec.ts:266:9 › focus-ring scan › splitlayout
[1A[2K[130/231] [focus-scan] › src/test/playwright/focus-ring-scan.spec.ts:266:9 › focus-ring scan › splitter
[1A[2K[131/231] [focus-scan] › src/test/playwright/focus-ring-scan.spec.ts:266:9 › focus-ring scan › stepbar
[1A[2K[132/231] [focus-scan] › src/test/playwright/focus-ring-scan.spec.ts:266:9 › focus-ring scan › tabbox
[1A[2K[133/231] [focus-scan] › src/test/playwright/focus-ring-scan.spec.ts:266:9 › focus-ring scan › tabbox-misc
[1A[2K[134/231] [component-theming] › src/test/playwright/component-theming.spec.ts:340:7 › Component Theme Variables › paging — regional radius/selected override, sibling untouched
[1A[2K[135/231] [focus-scan] › src/test/playwright/focus-ring-scan.spec.ts:266:9 › focus-ring scan › tablelayout
[1A[2K[136/231] [focus-scan] › src/test/playwright/focus-ring-scan.spec.ts:266:9 › focus-ring scan › tbeditor
[1A[2K[137/231] [focus-scan] › src/test/playwright/focus-ring-scan.spec.ts:266:9 › focus-ring scan › textbox
[1A[2K[138/231] [focus-scan] › src/test/playwright/focus-ring-scan.spec.ts:266:9 › focus-ring scan › timebox
[1A[2K[139/231] [component-theming] › src/test/playwright/component-theming.spec.ts:356:7 › Component Theme Variables › paging — whole-app :root override wins (loaded after norm.css.dsp)
[1A[2K[140/231] [focus-scan] › src/test/playwright/focus-ring-scan.spec.ts:266:9 › focus-ring scan › timepicker
[1A[2K[141/231] [focus-scan] › src/test/playwright/focus-ring-scan.spec.ts:266:9 › focus-ring scan › toast
[1A[2K[142/231] [focus-scan] › src/test/playwright/focus-ring-scan.spec.ts:266:9 › focus-ring scan › toolbar
[1A[2K[143/231] [focus-scan] › src/test/playwright/focus-ring-scan.spec.ts:266:9 › focus-ring scan › tree
[1A[2K[144/231] [component-theming] › src/test/playwright/component-theming.spec.ts:370:7 › Component Theme Variables › combobutton — regional bg/fg/radius override, sibling untouched
[1A[2K[145/231] [focus-scan] › src/test/playwright/focus-ring-scan.spec.ts:266:9 › focus-ring scan › tree-header
[1A[2K[146/231] [focus-scan] › src/test/playwright/focus-ring-scan.spec.ts:266:9 › focus-ring scan › vlayout
[1A[2K[147/231] [focus-scan] › src/test/playwright/focus-ring-scan.spec.ts:266:9 › focus-ring scan › window
[1A[2K[148/231] [focus-scan] › src/test/playwright/focus-ring-scan.spec.ts:373:9 › focus-ring scan — selected + focused under forced-colors › navbar: navbar item
[1A[2K[149/231] [component-theming] › src/test/playwright/component-theming.spec.ts:382:7 › Component Theme Variables › combobutton — whole-app :root override wins (loaded after norm.css.dsp)
[1A[2K[150/231] [focus-scan] › src/test/playwright/focus-ring-scan.spec.ts:373:9 › focus-ring scan — selected + focused under forced-colors › tree: tree row
[1A[2K[151/231] [focus-scan] › src/test/playwright/focus-ring-scan.spec.ts:373:9 › focus-ring scan — selected + focused under forced-colors › listbox: listbox row
[1A[2K[152/231] [focus-scan] › src/test/playwright/focus-ring-scan.spec.ts:373:9 › focus-ring scan — selected + focused under forced-colors › paging: paging button
[1A[2K[153/231] [focus-scan] › src/test/playwright/focus-ring-scan.spec.ts:373:9 › focus-ring scan — selected + focused under forced-colors › organigram: organigram node
[1A[2K[154/231] [component-theming] › src/test/playwright/component-theming.spec.ts:395:7 › Component Theme Variables › selectbox — regional border/radius override, sibling untouched
[1A[2K[155/231] [component-theming] › src/test/playwright/component-theming.spec.ts:406:7 › Component Theme Variables › selectbox — whole-app :root override wins (loaded after norm.css.dsp)
[1A[2K[156/231] [component-theming] › src/test/playwright/component-theming.spec.ts:420:7 › Component Theme Variables › inputgroup — regional border/radius/addon override, sibling untouched
[1A[2K[157/231] [component-theming] › src/test/playwright/component-theming.spec.ts:438:7 › Component Theme Variables › inputgroup — whole-app :root override wins (loaded after norm.css.dsp)
[1A[2K[158/231] [component-theming] › src/test/playwright/component-theming.spec.ts:453:7 › Component Theme Variables › calendar — regional border/radius/accent override, sibling untouched
[1A[2K[159/231] [component-theming] › src/test/playwright/component-theming.spec.ts:472:7 › Component Theme Variables › calendar — whole-app :root override wins (loaded after norm.css.dsp)
[1A[2K[160/231] [component-theming] › src/test/playwright/component-theming.spec.ts:485:7 › Component Theme Variables › toolbar — regional bg/border override, sibling untouched
[1A[2K[161/231] [component-theming] › src/test/playwright/component-theming.spec.ts:496:7 › Component Theme Variables › toolbar — whole-app :root override wins (loaded after norm.css.dsp)
[1A[2K[162/231] [component-theming] › src/test/playwright/component-theming.spec.ts:510:7 › Component Theme Variables › toolbarbutton — regional fg/radius/checked override, sibling untouched
[1A[2K[163/231] [component-theming] › src/test/playwright/component-theming.spec.ts:527:7 › Component Theme Variables › toolbarbutton — whole-app :root override wins (loaded after norm.css.dsp)
[1A[2K[164/231] [component-theming] › src/test/playwright/component-theming.spec.ts:541:7 › Component Theme Variables › slider — regional track/accent/radius override, sibling untouched
[1A[2K[165/231] [component-theming] › src/test/playwright/component-theming.spec.ts:559:7 › Component Theme Variables › slider — whole-app :root override wins (loaded after norm.css.dsp)
[1A[2K[166/231] [component-theming] › src/test/playwright/component-theming.spec.ts:575:7 › Component Theme Variables › rangeslider — regional track/accent/radius override, sibling untouched
[1A[2K[167/231] [component-theming] › src/test/playwright/component-theming.spec.ts:597:7 › Component Theme Variables › rangeslider — whole-app :root override wins (loaded after norm.css.dsp)
[1A[2K[168/231] [component-theming] › src/test/playwright/component-theming.spec.ts:614:7 › Component Theme Variables › multislider — regional track/accent/radius override, sibling untouched
[1A[2K[169/231] [component-theming] › src/test/playwright/component-theming.spec.ts:636:7 › Component Theme Variables › multislider — whole-app :root override wins (loaded after norm.css.dsp)
[1A[2K[170/231] [component-theming] › src/test/playwright/component-theming.spec.ts:649:7 › Component Theme Variables › checkbox — regional border/accent override, sibling untouched
[1A[2K[171/231] [component-theming] › src/test/playwright/component-theming.spec.ts:664:7 › Component Theme Variables › checkbox — whole-app :root override wins (loaded after norm.css.dsp)
[1A[2K[172/231] [component-theming] › src/test/playwright/component-theming.spec.ts:679:7 › Component Theme Variables › radio — regional border/accent override, sibling untouched
[1A[2K[173/231] [component-theming] › src/test/playwright/component-theming.spec.ts:694:7 › Component Theme Variables › radio — whole-app :root override wins (loaded after norm.css.dsp)
[1A[2K[174/231] [component-theming] › src/test/playwright/component-theming.spec.ts:711:7 › Component Theme Variables › messagebox — zero-regression defaults
[1A[2K[175/231] [component-theming] › src/test/playwright/component-theming.spec.ts:721:7 › Component Theme Variables › messagebox — whole-app :root override wins (loaded after norm.css.dsp)
[1A[2K[176/231] [component-theming] › src/test/playwright/component-theming.spec.ts:749:7 › Component Theme Variables › popup — zero-regression defaults
[1A[2K[177/231] [component-theming] › src/test/playwright/component-theming.spec.ts:759:7 › Component Theme Variables › popup — whole-app :root override wins (loaded after norm.css.dsp)
[1A[2K[178/231] [component-theming] › src/test/playwright/component-theming.spec.ts:782:7 › Component Theme Variables › notification — regional bg/fg/radius override, sibling untouched
[1A[2K[179/231] [component-theming] › src/test/playwright/component-theming.spec.ts:802:7 › Component Theme Variables › notification — whole-app :root override wins (loaded after norm.css.dsp)
[1A[2K[180/231] [component-theming] › src/test/playwright/component-theming.spec.ts:818:7 › Component Theme Variables › toast — regional bg/fg/radius/accent override, sibling untouched
[1A[2K[181/231] [component-theming] › src/test/playwright/component-theming.spec.ts:849:7 › Component Theme Variables › toast — whole-app :root override wins (loaded after norm.css.dsp)
[1A[2K[182/231] [component-theming] › src/test/playwright/component-theming.spec.ts:861:7 › Component Theme Variables › a — regional fg override, sibling untouched
[1A[2K[183/231] [component-theming] › src/test/playwright/component-theming.spec.ts:873:7 › Component Theme Variables › a — whole-app :root override wins (loaded after norm.css.dsp)
[1A[2K[184/231] [component-theming] › src/test/playwright/component-theming.spec.ts:887:7 › Component Theme Variables › timepicker — regional border/radius override, sibling untouched
[1A[2K[185/231] [component-theming] › src/test/playwright/component-theming.spec.ts:898:7 › Component Theme Variables › timepicker — whole-app :root override wins (loaded after norm.css.dsp)
[1A[2K[186/231] [component-theming] › src/test/playwright/component-theming.spec.ts:914:7 › Component Theme Variables › chosenbox — regional border/radius/chip override, sibling untouched
[1A[2K[187/231] [component-theming] › src/test/playwright/component-theming.spec.ts:940:7 › Component Theme Variables › chosenbox — whole-app :root override wins (loaded after norm.css.dsp)
[1A[2K[188/231] [component-theming] › src/test/playwright/component-theming.spec.ts:956:7 › Component Theme Variables › cascader — regional border/radius/fg override, sibling untouched
[1A[2K[189/231] [component-theming] › src/test/playwright/component-theming.spec.ts:975:7 › Component Theme Variables › cascader — whole-app :root override wins (loaded after norm.css.dsp)
[1A[2K[190/231] [component-theming] › src/test/playwright/component-theming.spec.ts:991:7 › Component Theme Variables › searchbox — regional border/radius/fg override, sibling untouched
[1A[2K[191/231] [component-theming] › src/test/playwright/component-theming.spec.ts:1010:7 › Component Theme Variables › searchbox — whole-app :root override wins (loaded after norm.css.dsp)
[1A[2K[192/231] [component-theming] › src/test/playwright/component-theming.spec.ts:1028:7 › Component Theme Variables › drawer — zero-regression defaults
[1A[2K[193/231] [component-theming] › src/test/playwright/component-theming.spec.ts:1039:7 › Component Theme Variables › drawer — whole-app :root override wins (loaded after norm.css.dsp)
[1A[2K[194/231] [component-theming] › src/test/playwright/component-theming.spec.ts:1060:7 › Component Theme Variables › nav — regional bg/radius/selected override, sibling untouched
[1A[2K[195/231] [component-theming] › src/test/playwright/component-theming.spec.ts:1084:7 › Component Theme Variables › nav — whole-app :root override wins (loaded after norm.css.dsp)
[1A[2K[196/231] [component-theming] › src/test/playwright/component-theming.spec.ts:1102:7 › Component Theme Variables › anchornav — regional fg/accent override, sibling untouched
[1A[2K[197/231] [component-theming] › src/test/playwright/component-theming.spec.ts:1126:7 › Component Theme Variables › anchornav — whole-app :root override wins (loaded after norm.css.dsp)
[1A[2K[198/231] [component-theming] › src/test/playwright/component-theming.spec.ts:1150:7 › Component Theme Variables › stepbar — regional connector/icon/title override, sibling untouched
[1A[2K[199/231] [component-theming] › src/test/playwright/component-theming.spec.ts:1184:7 › Component Theme Variables › stepbar — whole-app :root override wins (loaded after norm.css.dsp)
[1A[2K[200/231] [component-theming] › src/test/playwright/component-theming.spec.ts:1204:7 › Component Theme Variables › coachmark — zero-regression defaults
[1A[2K[201/231] [component-theming] › src/test/playwright/component-theming.spec.ts:1214:7 › Component Theme Variables › coachmark — whole-app :root override wins (loaded after norm.css.dsp)
[1A[2K[202/231] [component-theming] › src/test/playwright/component-theming.spec.ts:1232:7 › Component Theme Variables › colorbox — regional border/radius override, sibling untouched
[1A[2K[203/231] [component-theming] › src/test/playwright/component-theming.spec.ts:1243:7 › Component Theme Variables › colorbox — whole-app :root override wins (loaded after norm.css.dsp)
[1A[2K[204/231] [component-theming] › src/test/playwright/component-theming.spec.ts:1254:7 › Component Theme Variables › biglistbox — regional border/radius/header-fg override, sibling untouched
[1A[2K[205/231] [component-theming] › src/test/playwright/component-theming.spec.ts:1267:7 › Component Theme Variables › biglistbox — whole-app :root override wins (loaded after norm.css.dsp)
[1A[2K[206/231] [component-theming] › src/test/playwright/component-theming.spec.ts:1282:7 › Component Theme Variables › fisheye — regional label/radius override, sibling untouched
[1A[2K[207/231] [component-theming] › src/test/playwright/component-theming.spec.ts:1295:7 › Component Theme Variables › fisheye — whole-app :root override wins (loaded after norm.css.dsp)
[1A[2K[208/231] [component-theming] › src/test/playwright/component-theming.spec.ts:1310:7 › Component Theme Variables › pdfviewer — regional border/radius/toolbar override, sibling untouched
[1A[2K[209/231] [component-theming] › src/test/playwright/component-theming.spec.ts:1323:7 › Component Theme Variables › pdfviewer — whole-app :root override wins (loaded after norm.css.dsp)
[1A[2K[210/231] [component-theming] › src/test/playwright/component-theming.spec.ts:1337:7 › Component Theme Variables › tbeditor — regional border/radius/toolbar override, sibling untouched
[1A[2K[211/231] [component-theming] › src/test/playwright/component-theming.spec.ts:1350:7 › Component Theme Variables › tbeditor — whole-app :root override wins (loaded after norm.css.dsp)
[1A[2K[212/231] [component-theming] › src/test/playwright/component-theming.spec.ts:1365:7 › Component Theme Variables › signature — regional border/radius override, sibling untouched
[1A[2K[213/231] [component-theming] › src/test/playwright/component-theming.spec.ts:1376:7 › Component Theme Variables › signature — whole-app :root override wins (loaded after norm.css.dsp)
[1A[2K[214/231] [component-theming] › src/test/playwright/component-theming.spec.ts:1391:7 › Component Theme Variables › cropper — regional border/radius/toolbar/text override, sibling untouched
[1A[2K[215/231] [component-theming] › src/test/playwright/component-theming.spec.ts:1408:7 › Component Theme Variables › cropper — whole-app :root override wins (loaded after norm.css.dsp)
[1A[2K[216/231] [component-theming] › src/test/playwright/component-theming.spec.ts:1422:7 › Component Theme Variables › dropupload — regional border/radius/bg override, sibling untouched
[1A[2K[217/231] [component-theming] › src/test/playwright/component-theming.spec.ts:1435:7 › Component Theme Variables › dropupload — whole-app :root override wins (loaded after norm.css.dsp)
[1A[2K[218/231] [component-theming] › src/test/playwright/component-theming.spec.ts:1452:7 › Component Theme Variables › organigram — regional border/radius/selected override, sibling untouched
[1A[2K[219/231] [component-theming] › src/test/playwright/component-theming.spec.ts:1476:7 › Component Theme Variables › organigram — whole-app :root override wins (loaded after norm.css.dsp)
[1A[2K[220/231] [component-theming] › src/test/playwright/component-theming.spec.ts:1494:7 › Component Theme Variables › goldenlayout — regional header/panel/accent override, sibling untouched
[1A[2K[221/231] [component-theming] › src/test/playwright/component-theming.spec.ts:1520:7 › Component Theme Variables › goldenlayout — whole-app :root override wins (loaded after norm.css.dsp)
[1A[2K[222/231] [component-theming] › src/test/playwright/component-theming.spec.ts:1539:7 › Component Theme Variables › portallayout — regional frame/counter override, sibling untouched
[1A[2K[223/231] [component-theming] › src/test/playwright/component-theming.spec.ts:1563:7 › Component Theme Variables › portallayout — whole-app :root override wins (loaded after norm.css.dsp)
[1A[2K[224/231] [component-theming] › src/test/playwright/component-theming.spec.ts:1584:7 › Component Theme Variables › confirmpopup — zero-regression defaults
[1A[2K[225/231] [component-theming] › src/test/playwright/component-theming.spec.ts:1601:7 › Component Theme Variables › confirmpopup — whole-app :root override wins (loaded after norm.css.dsp)
[1A[2K[226/231] [component-theming] › src/test/playwright/component-theming.spec.ts:1627:7 › Component Theme Variables › breadcrumb — regional fg/current-fg override, sibling untouched
[1A[2K[227/231] [component-theming] › src/test/playwright/component-theming.spec.ts:1642:7 › Component Theme Variables › breadcrumb — whole-app :root override wins (loaded after norm.css.dsp)
[1A[2K[228/231] [component-theming] › src/test/playwright/component-theming.spec.ts:1659:7 › Component Theme Variables › carousel — regional arrow-bg/indicator-active-bg override, sibling untouched
[1A[2K[229/231] [component-theming] › src/test/playwright/component-theming.spec.ts:1674:7 › Component Theme Variables › carousel — whole-app :root override wins (loaded after norm.css.dsp)
[1A[2K[230/231] [component-theming] › src/test/playwright/component-theming.spec.ts:1695:7 › Component Theme Variables › codeeditor — regional bg/border/gutter override, sibling untouched
[1A[2K[231/231] [component-theming] › src/test/playwright/component-theming.spec.ts:1711:7 › Component Theme Variables › codeeditor — whole-app :root override wins (loaded after norm.css.dsp)
[1A[2K  47 skipped
  184 passed (2.4m)
== core exit 0  17:14:02
== visual projects (gallery, chromium) filtered -g 'selectbox|bandbox|listbox'  17:14:02

Running 12 tests using 2 workers

[1A[2K[1/12] [gallery] › src/test/playwright/gallery-scan.spec.ts:48:9 › gallery › biglistbox
[1A[2K[2/12] [chromium] › src/test/playwright/screenshot.spec.ts:367:7 › input focus (no layout shift) › datebox & bandbox open-state: inset ring, no border-width bump
[1A[2K[3/12] [chromium] › src/test/playwright/screenshot.spec.ts:467:7 › listbox › gallery
[1A[2K[4/12] [gallery] › src/test/playwright/gallery-scan.spec.ts:48:9 › gallery › listbox-grouping
[1A[2K[5/12] [chromium] › src/test/playwright/screenshot.spec.ts:471:7 › listbox › hover
[1A[2K[6/12] [gallery] › src/test/playwright/gallery-scan.spec.ts:48:9 › gallery › listbox-header
[1A[2K[7/12] [chromium] › src/test/playwright/screenshot.spec.ts:725:7 › bandbox › gallery
[1A[2K[8/12] [chromium] › src/test/playwright/screenshot.spec.ts:730:9 › bandbox › hover
[1A[2K[9/12] [chromium] › src/test/playwright/screenshot.spec.ts:730:9 › bandbox › focus
[1A[2K[10/12] [chromium] › src/test/playwright/screenshot.spec.ts:752:7 › selectbox › gallery
[1A[2K  1) [chromium] › src/test/playwright/screenshot.spec.ts:752:7 › selectbox › gallery ───────────────

    Error: [2mexpect([22m[31mlocator[39m[2m).[22mtoHaveScreenshot[2m([22m[32mexpected[39m[2m)[22m failed

    Locator: locator('.z-p-8').first()
      64 pixels (ratio 0.01 of all image pixels) are different.

      Snapshot: selectbox-gallery.png

    Call log:
    [2m  - Expect "toHaveScreenshot(selectbox-gallery.png)" with timeout 5000ms[22m
    [2m    - verifying given screenshot expectation[22m
    [2m  - waiting for locator('.z-p-8').first()[22m
    [2m    - locator resolved to <div id="qCiZ0" class="z-p-8 z-div">…</div>[22m
    [2m  - taking element screenshot[22m
    [2m    - disabled all CSS animations[22m
    [2m  - waiting for fonts to load...[22m
    [2m  - fonts loaded[22m
    [2m  - attempting scroll into view action[22m
    [2m    - waiting for element to be stable[22m
    [2m  - 64 pixels (ratio 0.01 of all image pixels) are different.[22m
    [2m  - waiting 100ms before taking screenshot[22m
    [2m  - waiting for locator('.z-p-8').first()[22m
    [2m    - locator resolved to <div id="qCiZ0" class="z-p-8 z-div">…</div>[22m
    [2m  - taking element screenshot[22m
    [2m    - disabled all CSS animations[22m
    [2m  - waiting for fonts to load...[22m
    [2m  - fonts loaded[22m
    [2m  - attempting scroll into view action[22m
    [2m    - waiting for element to be stable[22m
    [2m  - captured a stable screenshot[22m
    [2m  - 64 pixels (ratio 0.01 of all image pixels) are different.[22m


      751 |
      752 |   test('gallery', async ({ page }) => {
    > 753 |     await expect(page.locator('.z-p-8').first()).toHaveScreenshot(`${DIR}-gallery.png`);
          |                                                  ^
      754 |   });
      755 |
      756 |   for (const { name, action } of hoverFocusStates) {
        at /Users/hawk/Documents/workspace/ZK10/zk/zkpreview/src/test/playwright/screenshot.spec.ts:753:50

    attachment #1: selectbox-gallery (image/png) ───────────────────────────────────────────────────
    Expected: doc/screenshots/selectbox-gallery.png
    Received: ../doc/jess-review/gates/batch7-final/pw-visual/screenshot-selectbox-gallery-chromium/selectbox-gallery-actual.png
    Diff:     ../doc/jess-review/gates/batch7-final/pw-visual/screenshot-selectbox-gallery-chromium/selectbox-gallery-diff.png
    ────────────────────────────────────────────────────────────────────────────────────────────────

    Error Context: ../doc/jess-review/gates/batch7-final/pw-visual/screenshot-selectbox-gallery-chromium/error-context.md


[1A[2K[11/12] [chromium] › src/test/playwright/screenshot.spec.ts:757:9 › selectbox › hover
[1A[2K  2) [chromium] › src/test/playwright/screenshot.spec.ts:757:9 › selectbox › hover ─────────────────

    Error: [2mexpect([22m[31mpage[39m[2m).[22mtoHaveScreenshot[2m([22m[32mexpected[39m[2m)[22m failed

      22 pixels (ratio 0.01 of all image pixels) are different.

      Snapshot: selectbox-hover.png

    Call log:
    [2m  - Expect "toHaveScreenshot(selectbox-hover.png)" with timeout 5000ms[22m
    [2m    - verifying given screenshot expectation[22m
    [2m  - taking page screenshot[22m
    [2m    - disabled all CSS animations[22m
    [2m  - waiting for fonts to load...[22m
    [2m  - fonts loaded[22m
    [2m  - 22 pixels (ratio 0.01 of all image pixels) are different.[22m
    [2m  - waiting 100ms before taking screenshot[22m
    [2m  - taking page screenshot[22m
    [2m    - disabled all CSS animations[22m
    [2m  - waiting for fonts to load...[22m
    [2m  - fonts loaded[22m
    [2m  - captured a stable screenshot[22m
    [2m  - 22 pixels (ratio 0.01 of all image pixels) are different.[22m


      23 |   const x = Math.max(0, box.x - PAD);
      24 |   const y = Math.max(0, box.y - PAD);
    > 25 |   await expect(page).toHaveScreenshot(name, {
         |                      ^
      26 |     clip: { x, y, width: box.x + box.width + PAD - x, height: box.y + box.height + PAD - y },
      27 |     animations: 'disabled',
      28 |     // Absolute floor for anti-aliasing flicker. These crops are small (a selectbox
        at padShot (/Users/hawk/Documents/workspace/ZK10/zk/zkpreview/src/test/playwright/screenshot.spec.ts:25:22)
        at /Users/hawk/Documents/workspace/ZK10/zk/zkpreview/src/test/playwright/screenshot.spec.ts:760:7

    attachment #1: selectbox-hover (image/png) ─────────────────────────────────────────────────────
    Expected: doc/screenshots/selectbox-hover.png
    Received: ../doc/jess-review/gates/batch7-final/pw-visual/screenshot-selectbox-hover-chromium/selectbox-hover-actual.png
    Diff:     ../doc/jess-review/gates/batch7-final/pw-visual/screenshot-selectbox-hover-chromium/selectbox-hover-diff.png
    ────────────────────────────────────────────────────────────────────────────────────────────────

    Error Context: ../doc/jess-review/gates/batch7-final/pw-visual/screenshot-selectbox-hover-chromium/error-context.md


[1A[2K[12/12] [chromium] › src/test/playwright/screenshot.spec.ts:757:9 › selectbox › focus
[1A[2K  3) [chromium] › src/test/playwright/screenshot.spec.ts:757:9 › selectbox › focus ─────────────────

    Error: [2mexpect([22m[31mpage[39m[2m).[22mtoHaveScreenshot[2m([22m[32mexpected[39m[2m)[22m failed

      22 pixels (ratio 0.01 of all image pixels) are different.

      Snapshot: selectbox-focus.png

    Call log:
    [2m  - Expect "toHaveScreenshot(selectbox-focus.png)" with timeout 5000ms[22m
    [2m    - verifying given screenshot expectation[22m
    [2m  - taking page screenshot[22m
    [2m    - disabled all CSS animations[22m
    [2m  - waiting for fonts to load...[22m
    [2m  - fonts loaded[22m
    [2m  - 22 pixels (ratio 0.01 of all image pixels) are different.[22m
    [2m  - waiting 100ms before taking screenshot[22m
    [2m  - taking page screenshot[22m
    [2m    - disabled all CSS animations[22m
    [2m  - waiting for fonts to load...[22m
    [2m  - fonts loaded[22m
    [2m  - captured a stable screenshot[22m
    [2m  - 22 pixels (ratio 0.01 of all image pixels) are different.[22m


      23 |   const x = Math.max(0, box.x - PAD);
      24 |   const y = Math.max(0, box.y - PAD);
    > 25 |   await expect(page).toHaveScreenshot(name, {
         |                      ^
      26 |     clip: { x, y, width: box.x + box.width + PAD - x, height: box.y + box.height + PAD - y },
      27 |     animations: 'disabled',
      28 |     // Absolute floor for anti-aliasing flicker. These crops are small (a selectbox
        at padShot (/Users/hawk/Documents/workspace/ZK10/zk/zkpreview/src/test/playwright/screenshot.spec.ts:25:22)
        at /Users/hawk/Documents/workspace/ZK10/zk/zkpreview/src/test/playwright/screenshot.spec.ts:760:7

    attachment #1: selectbox-focus (image/png) ─────────────────────────────────────────────────────
    Expected: doc/screenshots/selectbox-focus.png
    Received: ../doc/jess-review/gates/batch7-final/pw-visual/screenshot-selectbox-focus-chromium/selectbox-focus-actual.png
    Diff:     ../doc/jess-review/gates/batch7-final/pw-visual/screenshot-selectbox-focus-chromium/selectbox-focus-diff.png
    ────────────────────────────────────────────────────────────────────────────────────────────────

    Error Context: ../doc/jess-review/gates/batch7-final/pw-visual/screenshot-selectbox-focus-chromium/error-context.md


[1A[2K  3 failed
    [chromium] › src/test/playwright/screenshot.spec.ts:752:7 › selectbox › gallery ────────────────
    [chromium] › src/test/playwright/screenshot.spec.ts:757:9 › selectbox › hover ──────────────────
    [chromium] › src/test/playwright/screenshot.spec.ts:757:9 › selectbox › focus ──────────────────
  9 passed (10.3s)
== visual exit 1  17:14:14
