  ✓   50 [component-theming] › src/test/playwright/component-theming.spec.ts:711:7 › Component Theme Variables › messagebox — zero-regression defaults (1.4s)
  ✓   51 [component-theming] › src/test/playwright/component-theming.spec.ts:721:7 › Component Theme Variables › messagebox — whole-app :root override wins (loaded after norm.css.dsp) (1.4s)
  ✓   52 [component-theming] › src/test/playwright/component-theming.spec.ts:749:7 › Component Theme Variables › popup — zero-regression defaults (1.2s)
  ✓   53 [component-theming] › src/test/playwright/component-theming.spec.ts:759:7 › Component Theme Variables › popup — whole-app :root override wins (loaded after norm.css.dsp) (1.2s)
  ✓   54 [component-theming] › src/test/playwright/component-theming.spec.ts:782:7 › Component Theme Variables › notification — regional bg/fg/radius override, sibling untouched (1.2s)
  ✓   55 [component-theming] › src/test/playwright/component-theming.spec.ts:802:7 › Component Theme Variables › notification — whole-app :root override wins (loaded after norm.css.dsp) (1.1s)
  ✓   56 [component-theming] › src/test/playwright/component-theming.spec.ts:818:7 › Component Theme Variables › toast — regional bg/fg/radius/accent override, sibling untouched (1.2s)
  ✓   57 [component-theming] › src/test/playwright/component-theming.spec.ts:849:7 › Component Theme Variables › toast — whole-app :root override wins (loaded after norm.css.dsp) (1.1s)
  ✓   58 [component-theming] › src/test/playwright/component-theming.spec.ts:861:7 › Component Theme Variables › a — regional fg override, sibling untouched (1.1s)
  ✓   59 [component-theming] › src/test/playwright/component-theming.spec.ts:873:7 › Component Theme Variables › a — whole-app :root override wins (loaded after norm.css.dsp) (1.1s)
  ✓   60 [component-theming] › src/test/playwright/component-theming.spec.ts:887:7 › Component Theme Variables › timepicker — regional border/radius override, sibling untouched (1.2s)
  ✓   61 [component-theming] › src/test/playwright/component-theming.spec.ts:898:7 › Component Theme Variables › timepicker — whole-app :root override wins (loaded after norm.css.dsp) (1.1s)
  ✓   62 [component-theming] › src/test/playwright/component-theming.spec.ts:914:7 › Component Theme Variables › chosenbox — regional border/radius/chip override, sibling untouched (1.2s)
  ✓   63 [component-theming] › src/test/playwright/component-theming.spec.ts:940:7 › Component Theme Variables › chosenbox — whole-app :root override wins (loaded after norm.css.dsp) (1.1s)
  ✓   64 [component-theming] › src/test/playwright/component-theming.spec.ts:956:7 › Component Theme Variables › cascader — regional border/radius/fg override, sibling untouched (1.1s)
  ✓   65 [component-theming] › src/test/playwright/component-theming.spec.ts:975:7 › Component Theme Variables › cascader — whole-app :root override wins (loaded after norm.css.dsp) (1.2s)
  ✓   66 [component-theming] › src/test/playwright/component-theming.spec.ts:991:7 › Component Theme Variables › searchbox — regional border/radius/fg override, sibling untouched (1.1s)
  ✓   67 [component-theming] › src/test/playwright/component-theming.spec.ts:1010:7 › Component Theme Variables › searchbox — whole-app :root override wins (loaded after norm.css.dsp) (1.1s)
  ✓   68 [component-theming] › src/test/playwright/component-theming.spec.ts:1028:7 › Component Theme Variables › drawer — zero-regression defaults (1.3s)
  ✓   69 [component-theming] › src/test/playwright/component-theming.spec.ts:1039:7 › Component Theme Variables › drawer — whole-app :root override wins (loaded after norm.css.dsp) (1.3s)
  ✓   70 [component-theming] › src/test/playwright/component-theming.spec.ts:1060:7 › Component Theme Variables › nav — regional bg/radius/selected override, sibling untouched (1.1s)
  ✓   71 [component-theming] › src/test/playwright/component-theming.spec.ts:1084:7 › Component Theme Variables › nav — whole-app :root override wins (loaded after norm.css.dsp) (1.1s)
  ✓   72 [component-theming] › src/test/playwright/component-theming.spec.ts:1102:7 › Component Theme Variables › anchornav — regional fg/accent override, sibling untouched (1.1s)
  ✓   73 [component-theming] › src/test/playwright/component-theming.spec.ts:1126:7 › Component Theme Variables › anchornav — whole-app :root override wins (loaded after norm.css.dsp) (1.1s)
  ✓   74 [component-theming] › src/test/playwright/component-theming.spec.ts:1150:7 › Component Theme Variables › stepbar — regional connector/icon/title override, sibling untouched (1.2s)
  ✓   75 [component-theming] › src/test/playwright/component-theming.spec.ts:1184:7 › Component Theme Variables › stepbar — whole-app :root override wins (loaded after norm.css.dsp) (1.2s)
  ✓   76 [component-theming] › src/test/playwright/component-theming.spec.ts:1204:7 › Component Theme Variables › coachmark — zero-regression defaults (1.3s)
  ✓   77 [component-theming] › src/test/playwright/component-theming.spec.ts:1214:7 › Component Theme Variables › coachmark — whole-app :root override wins (loaded after norm.css.dsp) (1.3s)
  ✓   78 [component-theming] › src/test/playwright/component-theming.spec.ts:1232:7 › Component Theme Variables › colorbox — regional border/radius override, sibling untouched (1.1s)
  ✓   79 [component-theming] › src/test/playwright/component-theming.spec.ts:1243:7 › Component Theme Variables › colorbox — whole-app :root override wins (loaded after norm.css.dsp) (1.2s)
  ✓   80 [component-theming] › src/test/playwright/component-theming.spec.ts:1254:7 › Component Theme Variables › biglistbox — regional border/radius/header-fg override, sibling untouched (1.2s)
  ✓   81 [component-theming] › src/test/playwright/component-theming.spec.ts:1267:7 › Component Theme Variables › biglistbox — whole-app :root override wins (loaded after norm.css.dsp) (1.1s)
  ✓   82 [component-theming] › src/test/playwright/component-theming.spec.ts:1282:7 › Component Theme Variables › fisheye — regional label/radius override, sibling untouched (1.2s)
  ✓   83 [component-theming] › src/test/playwright/component-theming.spec.ts:1295:7 › Component Theme Variables › fisheye — whole-app :root override wins (loaded after norm.css.dsp) (1.2s)
  ✓   84 [component-theming] › src/test/playwright/component-theming.spec.ts:1310:7 › Component Theme Variables › pdfviewer — regional border/radius/toolbar override, sibling untouched (1.1s)
  ✓   85 [component-theming] › src/test/playwright/component-theming.spec.ts:1323:7 › Component Theme Variables › pdfviewer — whole-app :root override wins (loaded after norm.css.dsp) (1.2s)
  ✓   86 [component-theming] › src/test/playwright/component-theming.spec.ts:1337:7 › Component Theme Variables › tbeditor — regional border/radius/toolbar override, sibling untouched (1.2s)
  ✓   87 [component-theming] › src/test/playwright/component-theming.spec.ts:1350:7 › Component Theme Variables › tbeditor — whole-app :root override wins (loaded after norm.css.dsp) (1.1s)
  ✓   88 [component-theming] › src/test/playwright/component-theming.spec.ts:1365:7 › Component Theme Variables › signature — regional border/radius override, sibling untouched (1.1s)
  ✓   89 [component-theming] › src/test/playwright/component-theming.spec.ts:1376:7 › Component Theme Variables › signature — whole-app :root override wins (loaded after norm.css.dsp) (1.2s)
  ✓   90 [component-theming] › src/test/playwright/component-theming.spec.ts:1391:7 › Component Theme Variables › cropper — regional border/radius/toolbar/text override, sibling untouched (1.2s)
  ✓   91 [component-theming] › src/test/playwright/component-theming.spec.ts:1408:7 › Component Theme Variables › cropper — whole-app :root override wins (loaded after norm.css.dsp) (1.1s)
  ✓   92 [component-theming] › src/test/playwright/component-theming.spec.ts:1422:7 › Component Theme Variables › dropupload — regional border/radius/bg override, sibling untouched (1.1s)
  ✓   93 [component-theming] › src/test/playwright/component-theming.spec.ts:1435:7 › Component Theme Variables › dropupload — whole-app :root override wins (loaded after norm.css.dsp) (1.2s)
  ✓   94 [component-theming] › src/test/playwright/component-theming.spec.ts:1452:7 › Component Theme Variables › organigram — regional border/radius/selected override, sibling untouched (1.1s)
  ✓   95 [component-theming] › src/test/playwright/component-theming.spec.ts:1476:7 › Component Theme Variables › organigram — whole-app :root override wins (loaded after norm.css.dsp) (1.2s)
  ✓   96 [component-theming] › src/test/playwright/component-theming.spec.ts:1494:7 › Component Theme Variables › goldenlayout — regional header/panel/accent override, sibling untouched (1.2s)
  ✓   97 [component-theming] › src/test/playwright/component-theming.spec.ts:1520:7 › Component Theme Variables › goldenlayout — whole-app :root override wins (loaded after norm.css.dsp) (1.2s)
  ✓   98 [component-theming] › src/test/playwright/component-theming.spec.ts:1539:7 › Component Theme Variables › portallayout — regional frame/counter override, sibling untouched (1.2s)
  ✓   99 [component-theming] › src/test/playwright/component-theming.spec.ts:1563:7 › Component Theme Variables › portallayout — whole-app :root override wins (loaded after norm.css.dsp) (1.1s)
  ✓  100 [component-theming] › src/test/playwright/component-theming.spec.ts:1584:7 › Component Theme Variables › confirmpopup — zero-regression defaults (1.3s)
  ✓  101 [component-theming] › src/test/playwright/component-theming.spec.ts:1601:7 › Component Theme Variables › confirmpopup — whole-app :root override wins (loaded after norm.css.dsp) (1.2s)
  ✓  102 [component-theming] › src/test/playwright/component-theming.spec.ts:1627:7 › Component Theme Variables › breadcrumb — regional fg/current-fg override, sibling untouched (1.2s)
  ✓  103 [component-theming] › src/test/playwright/component-theming.spec.ts:1642:7 › Component Theme Variables › breadcrumb — whole-app :root override wins (loaded after norm.css.dsp) (1.1s)
  ✓  104 [component-theming] › src/test/playwright/component-theming.spec.ts:1659:7 › Component Theme Variables › carousel — regional arrow-bg/indicator-active-bg override, sibling untouched (1.1s)
  ✓  105 [component-theming] › src/test/playwright/component-theming.spec.ts:1674:7 › Component Theme Variables › carousel — whole-app :root override wins (loaded after norm.css.dsp) (1.1s)
  ✓  106 [component-theming] › src/test/playwright/component-theming.spec.ts:1695:7 › Component Theme Variables › codeeditor — regional bg/border/gutter override, sibling untouched (1.1s)
  ✓  107 [component-theming] › src/test/playwright/component-theming.spec.ts:1711:7 › Component Theme Variables › codeeditor — whole-app :root override wins (loaded after norm.css.dsp) (1.1s)

  107 passed (2.1m)
