  ✓   48 [focus-scan] › src/test/playwright/focus-ring-scan.spec.ts:266:9 › focus-ring scan › hlayout (611ms)
  ✓   49 [focus-scan] › src/test/playwright/focus-ring-scan.spec.ts:266:9 › focus-ring scan › inputgroup (393ms)
  -   50 [focus-scan] › src/test/playwright/focus-ring-scan.spec.ts:266:9 › focus-ring scan › intbox
  ✓   51 [focus-scan] › src/test/playwright/focus-ring-scan.spec.ts:266:9 › focus-ring scan › label (271ms)
  ✓   52 [focus-scan] › src/test/playwright/focus-ring-scan.spec.ts:266:9 › focus-ring scan › linelayout (416ms)
  ✓   53 [focus-scan] › src/test/playwright/focus-ring-scan.spec.ts:266:9 › focus-ring scan › listbox (258ms)
  ✓   54 [focus-scan] › src/test/playwright/focus-ring-scan.spec.ts:266:9 › focus-ring scan › listbox-grouping (252ms)
  ✓   55 [focus-scan] › src/test/playwright/focus-ring-scan.spec.ts:266:9 › focus-ring scan › listbox-header (382ms)
  -   56 [focus-scan] › src/test/playwright/focus-ring-scan.spec.ts:266:9 › focus-ring scan › longbox
  ✓   57 [focus-scan] › src/test/playwright/focus-ring-scan.spec.ts:266:9 › focus-ring scan › menubar (239ms)
  ✓   58 [focus-scan] › src/test/playwright/focus-ring-scan.spec.ts:266:9 › focus-ring scan › messagebox (234ms)
  -   59 [focus-scan] › src/test/playwright/focus-ring-scan.spec.ts:266:9 › focus-ring scan › multislider
  ✓   60 [focus-scan] › src/test/playwright/focus-ring-scan.spec.ts:266:9 › focus-ring scan › navbar (360ms)
  ✓   61 [focus-scan] › src/test/playwright/focus-ring-scan.spec.ts:266:9 › focus-ring scan › notification (262ms)
  ✓   62 [focus-scan] › src/test/playwright/focus-ring-scan.spec.ts:266:9 › focus-ring scan › organigram (370ms)
  ✓   63 [focus-scan] › src/test/playwright/focus-ring-scan.spec.ts:266:9 › focus-ring scan › paging (317ms)
  -   64 [focus-scan] › src/test/playwright/focus-ring-scan.spec.ts:266:9 › focus-ring scan › panel
  ✓   65 [focus-scan] › src/test/playwright/focus-ring-scan.spec.ts:266:9 › focus-ring scan › pdfviewer (251ms)
  ✓   66 [focus-scan] › src/test/playwright/focus-ring-scan.spec.ts:266:9 › focus-ring scan › popup (210ms)
  -   67 [focus-scan] › src/test/playwright/focus-ring-scan.spec.ts:266:9 › focus-ring scan › portallayout
  ✓   68 [focus-scan] › src/test/playwright/focus-ring-scan.spec.ts:266:9 › focus-ring scan › progressmeter (256ms)
  ✓   69 [focus-scan] › src/test/playwright/focus-ring-scan.spec.ts:266:9 › focus-ring scan › radiogroup (280ms)
  -   70 [focus-scan] › src/test/playwright/focus-ring-scan.spec.ts:266:9 › focus-ring scan › rangeslider
  -   71 [focus-scan] › src/test/playwright/focus-ring-scan.spec.ts:266:9 › focus-ring scan › rating
  ✓   72 [focus-scan] › src/test/playwright/focus-ring-scan.spec.ts:266:9 › focus-ring scan › responsive-grid (268ms)
  -   73 [focus-scan] › src/test/playwright/focus-ring-scan.spec.ts:266:9 › focus-ring scan › rowlayout
  ✓   74 [focus-scan] › src/test/playwright/focus-ring-scan.spec.ts:266:9 › focus-ring scan › runtime-error (241ms)
  -   75 [focus-scan] › src/test/playwright/focus-ring-scan.spec.ts:266:9 › focus-ring scan › scrollbar
  -   76 [focus-scan] › src/test/playwright/focus-ring-scan.spec.ts:266:9 › focus-ring scan › scrollview
  -   77 [focus-scan] › src/test/playwright/focus-ring-scan.spec.ts:266:9 › focus-ring scan › searchbox
  ✓   78 [focus-scan] › src/test/playwright/focus-ring-scan.spec.ts:266:9 › focus-ring scan › selectbox (365ms)
  -   79 [focus-scan] › src/test/playwright/focus-ring-scan.spec.ts:266:9 › focus-ring scan › separator
  ✓   80 [focus-scan] › src/test/playwright/focus-ring-scan.spec.ts:266:9 › focus-ring scan › signature (280ms)
  ✓   81 [focus-scan] › src/test/playwright/focus-ring-scan.spec.ts:266:9 › focus-ring scan › slider (282ms)
  ✓   82 [focus-scan] › src/test/playwright/focus-ring-scan.spec.ts:266:9 › focus-ring scan › space (241ms)
  -   83 [focus-scan] › src/test/playwright/focus-ring-scan.spec.ts:266:9 › focus-ring scan › spinner
  -   84 [focus-scan] › src/test/playwright/focus-ring-scan.spec.ts:266:9 › focus-ring scan › splitlayout
  -   85 [focus-scan] › src/test/playwright/focus-ring-scan.spec.ts:266:9 › focus-ring scan › splitter
  -   86 [focus-scan] › src/test/playwright/focus-ring-scan.spec.ts:266:9 › focus-ring scan › stepbar
  ✓   87 [focus-scan] › src/test/playwright/focus-ring-scan.spec.ts:266:9 › focus-ring scan › tabbox (306ms)
  ✓   88 [focus-scan] › src/test/playwright/focus-ring-scan.spec.ts:266:9 › focus-ring scan › tabbox-misc (269ms)
  -   89 [focus-scan] › src/test/playwright/focus-ring-scan.spec.ts:266:9 › focus-ring scan › tablelayout
  -   90 [focus-scan] › src/test/playwright/focus-ring-scan.spec.ts:266:9 › focus-ring scan › tbeditor
  -   91 [focus-scan] › src/test/playwright/focus-ring-scan.spec.ts:266:9 › focus-ring scan › textbox
  -   92 [focus-scan] › src/test/playwright/focus-ring-scan.spec.ts:266:9 › focus-ring scan › timebox
  -   93 [focus-scan] › src/test/playwright/focus-ring-scan.spec.ts:266:9 › focus-ring scan › timepicker
  ✓   94 [focus-scan] › src/test/playwright/focus-ring-scan.spec.ts:266:9 › focus-ring scan › toast (260ms)
  ✓   95 [focus-scan] › src/test/playwright/focus-ring-scan.spec.ts:266:9 › focus-ring scan › toolbar (396ms)
  ✓   96 [focus-scan] › src/test/playwright/focus-ring-scan.spec.ts:266:9 › focus-ring scan › tree (418ms)
  ✓   97 [focus-scan] › src/test/playwright/focus-ring-scan.spec.ts:266:9 › focus-ring scan › tree-header (312ms)
  ✓   98 [focus-scan] › src/test/playwright/focus-ring-scan.spec.ts:266:9 › focus-ring scan › vlayout (272ms)
  ✓   99 [focus-scan] › src/test/playwright/focus-ring-scan.spec.ts:266:9 › focus-ring scan › window (261ms)
  ✓  100 [focus-scan] › src/test/playwright/focus-ring-scan.spec.ts:373:9 › focus-ring scan — selected + focused under forced-colors › navbar: navbar item (279ms)
  ✓  101 [focus-scan] › src/test/playwright/focus-ring-scan.spec.ts:373:9 › focus-ring scan — selected + focused under forced-colors › tree: tree row (329ms)
  ✓  102 [focus-scan] › src/test/playwright/focus-ring-scan.spec.ts:373:9 › focus-ring scan — selected + focused under forced-colors › listbox: listbox row (290ms)
  ✓  103 [focus-scan] › src/test/playwright/focus-ring-scan.spec.ts:373:9 › focus-ring scan — selected + focused under forced-colors › paging: paging button (429ms)
  ✓  104 [focus-scan] › src/test/playwright/focus-ring-scan.spec.ts:373:9 › focus-ring scan — selected + focused under forced-colors › organigram: organigram node (403ms)

  47 skipped
  57 passed (35.4s)
