grid-gallery: exp 1280x2181 act 1280x2181 diffAny=7389 diffSig=6443 chromaticPx=0 best=(0,0) resid=6443
   YIQ t=0.05: pixelmatch=4134 (at 0.2: 2387) maxDelta=11829 (= t 0.5796)
   FILL 255,255,255->224,224,224 n=467 [51,170 614x1337]
   FILL 224,224,224->255,255,255 n=270 [55,165 614x1109]
   FILL 255,255,255->102,102,102 n=268 [50,164 949x1810]
   FILL 102,102,102->255,255,255 n=246 [54,164 949x1810]
   moved>3px clusters: 18; strong-chroma clusters: 0
   [390,186 12x266] n=551 chroma=0/0 local=(1,0) resid=549 wide=(-8,0) resid=28 MOVED>3
   [657,579 66x12] n=456 chroma=0/0 local=(-3,0) resid=427 wide=(-4,0) resid=0 MOVED>3
   [178,164 74x8] n=454 chroma=0/0 local=(-3,0) resid=383 wide=(-4,0) resid=0 MOVED>3
   [960,579 44x14] n=347 chroma=0/0 local=(-3,0) resid=284 wide=(-4,0) resid=0 MOVED>3
   [487,915 47x12] n=332 chroma=0/0 local=(-2,0) resid=0 wide=(-2,0) resid=0
   [161,952 47x12] n=332 chroma=0/0 local=(-2,0) resid=0 wide=(-2,0) resid=0
   [49,579 50x11] n=302 chroma=0/0 local=(-3,0) resid=296 wide=(-4,0) resid=0 MOVED>3
   [229,207 46x12] n=297 chroma=0/0 local=(-3,0) resid=275 wide=(-4,0) resid=0 MOVED>3
   [656,1639 41x12] n=294 chroma=0/0 local=(-3,0) resid=261 wide=(-4,0) resid=0 MOVED>3
   [656,1963 41x12] n=294 chroma=0/0 local=(-3,0) resid=261 wide=(-4,0) resid=0 MOVED>3
   [249,1263 39x12] n=289 chroma=0/0 local=(-3,0) resid=216 wide=(-4,0) resid=0 MOVED>3
   [849,1263 40x12] n=288 chroma=0/0 local=(-3,0) resid=220 wide=(-4,0) resid=0 MOVED>3
   [49,1263 40x12] n=280 chroma=0/0 local=(-3,0) resid=214 wide=(-4,0) resid=0 MOVED>3
   [50,207 42x12] n=276 chroma=0/0 local=(-3,0) resid=273 wide=(-4,0) resid=0 MOVED>3
   [50,1639 42x12] n=276 chroma=0/0 local=(-3,0) resid=273 wide=(-4,0) resid=0 MOVED>3
   [73,1963 42x12] n=276 chroma=0/0 local=(-3,0) resid=273 wide=(-4,0) resid=0 MOVED>3
   [449,1263 40x12] n=272 chroma=0/0 local=(-3,0) resid=215 wide=(-4,0) resid=0 MOVED>3
   [353,579 32x11] n=209 chroma=0/0 local=(-3,0) resid=185 wide=(-4,0) resid=0 MOVED>3
   [376,915 29x12] n=205 chroma=0/0 local=(-3,0) resid=159 wide=(-4,0) resid=0 MOVED>3
   [50,952 29x12] n=205 chroma=0/0 local=(-3,0) resid=159 wide=(-4,0) resid=0 MOVED>3
listbox-gallery: exp 1280x2540 act 1280x2540 diffAny=156 diffSig=156 chromaticPx=0 best=(0,0) resid=156
   YIQ t=0.05: pixelmatch=156 (at 0.2: 0) maxDelta=486 (= t 0.1174)
   moved>3px clusters: 0; strong-chroma clusters: 0
   [432,1708 1x158] n=156 chroma=0/0 local=(0,0) resid=156 wide=(0,0) resid=156
tree-gallery: exp 1280x6358 act 1280x6358 diffAny=264 diffSig=264 chromaticPx=0 best=(0,0) resid=264
   YIQ t=0.05: pixelmatch=264 (at 0.2: 0) maxDelta=486 (= t 0.1174)
   FILL 255,255,255->224,224,224 n=264 [732,5073 1x268]
   moved>3px clusters: 0; strong-chroma clusters: 0
   [732,5073 1x268] n=264 chroma=0/0 local=(0,0) resid=264 wide=(0,0) resid=264
grid-tablet: exp 834x2357 act 834x2357 diffAny=6868 diffSig=6020 chromaticPx=0 best=(0,0) resid=6020
   YIQ t=0.05: pixelmatch=3988 (at 0.2: 2236) maxDelta=23141 (= t 0.8106)
   FILL 255,255,255->224,224,224 n=548 [55,170 583x1481]
   FILL 224,224,224->255,255,255 n=318 [59,165 443x1217]
   FILL 255,255,255->102,102,102 n=211 [54,164 613x1966]
   moved>3px clusters: 16; strong-chroma clusters: 0
   [390,186 12x306] n=631 chroma=0/0 local=(1,0) resid=629 wide=(-8,0) resid=28 MOVED>3
   [438,623 66x12] n=456 chroma=0/0 local=(-3,0) resid=427 wide=(-4,0) resid=0 MOVED>3
   [178,164 74x8] n=454 chroma=0/0 local=(-3,0) resid=383 wide=(-4,0) resid=0 MOVED>3
   [487,991 47x12] n=332 chroma=0/0 local=(-2,0) resid=0 wide=(-2,0) resid=0
   [161,1028 47x12] n=332 chroma=0/0 local=(-2,0) resid=0 wide=(-2,0) resid=0
   [630,623 44x14] n=324 chroma=0/0 local=(-3,0) resid=264 wide=(-4,0) resid=0 MOVED>3
   [453,1371 40x12] n=315 chroma=0/0 local=(-3,0) resid=233 wide=(-4,0) resid=0 MOVED>3
   [53,623 50x11] n=302 chroma=0/0 local=(-3,0) resid=296 wide=(-4,0) resid=0 MOVED>3
   [233,211 46x12] n=297 chroma=0/0 local=(-3,0) resid=275 wide=(-4,0) resid=0 MOVED>3
   [437,1787 41x12] n=294 chroma=0/0 local=(-3,0) resid=261 wide=(-4,0) resid=0 MOVED>3
   [437,2119 41x12] n=294 chroma=0/0 local=(-3,0) resid=261 wide=(-4,0) resid=0 MOVED>3
   [53,1371 40x12] n=280 chroma=0/0 local=(-3,0) resid=214 wide=(-4,0) resid=0 MOVED>3
   [54,211 42x12] n=276 chroma=0/0 local=(-3,0) resid=273 wide=(-4,0) resid=0 MOVED>3
   [54,1787 42x12] n=276 chroma=0/0 local=(-3,0) resid=273 wide=(-4,0) resid=0 MOVED>3
   [77,2119 42x12] n=276 chroma=0/0 local=(-3,0) resid=273 wide=(-4,0) resid=0 MOVED>3
   [245,623 33x12] n=231 chroma=0/0 local=(-3,0) resid=181 wide=(-4,0) resid=0 MOVED>3
   [380,991 29x12] n=205 chroma=0/0 local=(-3,0) resid=159 wide=(-4,0) resid=0 MOVED>3
   [54,1028 29x12] n=205 chroma=0/0 local=(-3,0) resid=159 wide=(-4,0) resid=0 MOVED>3
paging-tablet: exp 834x1245 act 834x1245 diffAny=1781 diffSig=1537 chromaticPx=0 best=(0,0) resid=1537
   YIQ t=0.05: pixelmatch=977 (at 0.2: 664) maxDelta=11829 (= t 0.5796)
   moved>3px clusters: 4; strong-chroma clusters: 0
   [246,775 75x12] n=507 chroma=0/0 local=(-3,0) resid=428 wide=(-4,0) resid=0 MOVED>3
   [438,775 74x12] n=480 chroma=0/0 local=(-3,0) resid=437 wide=(-4,0) resid=0 MOVED>3
   [630,775 71x12] n=469 chroma=0/0 local=(-3,0) resid=428 wide=(-4,0) resid=0 MOVED>3
   [53,775 13x11] n=81 chroma=0/0 local=(-3,0) resid=65 wide=(-4,0) resid=0 MOVED>3
