
Running 185 tests using 2 workers

  ✓    1 [tablet] › src/test/playwright/tablet.spec.ts:38:7 › tablet-stylesheet › tablet.css is enabled on a mobile UA (1.5s)
  ✓    2 [chromium] › src/test/playwright/screenshot.spec.ts:66:7 › button › gallery (1.8s)
  ✓    3 [tablet] › src/test/playwright/tablet.spec.ts:59:9 › tablet-touch-size › button meets MD3 minimum touch target (803ms)
  ✓    4 [chromium] › src/test/playwright/screenshot.spec.ts:77:11 › button › default-hover (824ms)
  ✓    5 [tablet] › src/test/playwright/tablet.spec.ts:59:9 › tablet-touch-size › textbox meets MD3 minimum touch target (706ms)
  ✓    6 [chromium] › src/test/playwright/screenshot.spec.ts:77:11 › button › default-focus (781ms)
  ✓    7 [tablet] › src/test/playwright/tablet.spec.ts:59:9 › tablet-touch-size › combobox meets MD3 minimum touch target (692ms)
  ✓    8 [chromium] › src/test/playwright/screenshot.spec.ts:77:11 › button › default-active (804ms)
  ✓    9 [tablet] › src/test/playwright/tablet.spec.ts:59:9 › tablet-touch-size › datebox meets MD3 minimum touch target (699ms)
  ✓   10 [chromium] › src/test/playwright/screenshot.spec.ts:77:11 › button › outlined-hover (801ms)
  ✓   11 [tablet] › src/test/playwright/tablet.spec.ts:88:9 › tablet-no-horizontal-overflow › /combobox.zul content fits the viewport width (678ms)
  ✓   13 [tablet] › src/test/playwright/tablet.spec.ts:88:9 › tablet-no-horizontal-overflow › /datebox.zul content fits the viewport width (736ms)
  ✓   12 [chromium] › src/test/playwright/screenshot.spec.ts:77:11 › button › outlined-focus (882ms)
  ✓   14 [tablet] › src/test/playwright/tablet.spec.ts:88:9 › tablet-no-horizontal-overflow › /timebox.zul content fits the viewport width (788ms)
  ✓   15 [chromium] › src/test/playwright/screenshot.spec.ts:77:11 › button › outlined-active (911ms)
  ✓   16 [tablet] › src/test/playwright/tablet.spec.ts:88:9 › tablet-no-horizontal-overflow › /spinner.zul content fits the viewport width (677ms)
  ✓   17 [chromium] › src/test/playwright/screenshot.spec.ts:92:7 › button › color-variant-disabled-state (694ms)
  ✓   18 [tablet] › src/test/playwright/tablet.spec.ts:88:9 › tablet-no-horizontal-overflow › /textbox.zul content fits the viewport width (658ms)
  ✓   19 [chromium] › src/test/playwright/screenshot.spec.ts:140:7 › button › graphic-and-label-have-md3-gap (679ms)
  ✓   20 [tablet] › src/test/playwright/tablet.spec.ts:112:7 › tablet-matrix-scroll-usable › matrix scrolls horizontally and inputs stay usable on a phone (981ms)
  ✓   21 [chromium] › src/test/playwright/screenshot.spec.ts:180:7 › textbox › gallery (751ms)
  ✓   23 [chromium] › src/test/playwright/screenshot.spec.ts:185:9 › textbox › hover (762ms)
  ✓   22 [tablet] › src/test/playwright/tablet.spec.ts:155:7 › tablet-matrix-label-readable › the row-label column keeps its width on a phone (not collapsed to 0) (1.0s)
  ✓   24 [chromium] › src/test/playwright/screenshot.spec.ts:185:9 › textbox › focus (749ms)
  ✓   26 [chromium] › src/test/playwright/screenshot.spec.ts:204:7 › checkbox › gallery (774ms)
  ✓   25 [tablet] › src/test/playwright/tablet.spec.ts:241:9 › tablet-datebox-wheel › picker opens on-screen with a bounded scroll wheel (1.8s)
  ✓   27 [chromium] › src/test/playwright/screenshot.spec.ts:209:9 › checkbox › hover (893ms)
  ✓   28 [tablet] › src/test/playwright/tablet.spec.ts:279:9 › tablet-datebox-wheel › mobile-readonly trigger stays interactive (861ms)
  ✓   29 [chromium] › src/test/playwright/screenshot.spec.ts:209:9 › checkbox › focus (780ms)
  ✓   31 [chromium] › src/test/playwright/screenshot.spec.ts:221:7 › checkbox › tristate checked shows checkmark, indeterminate shows dash (672ms)
  ✓   32 [chromium] › src/test/playwright/screenshot.spec.ts:277:7 › input focus (no layout shift) › textbox family: no border-width transition, content edge stable (678ms)
  ✓   30 [tablet] › src/test/playwright/tablet.spec.ts:298:9 › tablet-datebox-wheel › tapping the input lands the sheet flush (not below the fold) (1.7s)
  ✓   33 [chromium] › src/test/playwright/screenshot.spec.ts:287:7 › input focus (no layout shift) › combobox input: no border-width transition, content edge stable (743ms)
  ✓   35 [chromium] › src/test/playwright/screenshot.spec.ts:304:7 › input focus (no layout shift) › datebox timezone <select>: Mechanism A ring, no border-width transition (719ms)
  ✓   34 [tablet] › src/test/playwright/tablet.spec.ts:241:9 › tablet-timebox-wheel › picker opens on-screen with a bounded scroll wheel (1.8s)
  ✓   36 [chromium] › src/test/playwright/screenshot.spec.ts:339:7 › input focus (no layout shift) › datebox open state (icon click): no border-width growth, no layout shift (786ms)
  ✓   37 [tablet] › src/test/playwright/tablet.spec.ts:279:9 › tablet-timebox-wheel › mobile-readonly trigger stays interactive (775ms)
  ✓   38 [chromium] › src/test/playwright/screenshot.spec.ts:367:7 › input focus (no layout shift) › datebox & bandbox open-state: inset ring, no border-width bump (664ms)
  ✓   40 [chromium] › src/test/playwright/screenshot.spec.ts:400:7 › combobox › gallery (717ms)
  ✓   41 [chromium] › src/test/playwright/screenshot.spec.ts:405:9 › combobox › hover (763ms)
  ✓   39 [tablet] › src/test/playwright/tablet.spec.ts:298:9 › tablet-timebox-wheel › tapping the input lands the sheet flush (not below the fold) (1.7s)
  ✓   42 [chromium] › src/test/playwright/screenshot.spec.ts:405:9 › combobox › focus (776ms)
  ✓   43 [tablet] › src/test/playwright/tablet.spec.ts:347:7 › tablet-combobox-sheet › opens as a bottom-sheet pinned flush to the viewport bottom (1.3s)
  ✓   44 [chromium] › src/test/playwright/screenshot.spec.ts:416:7 › combobox › dropdown (878ms)
  ✓   46 [chromium] › src/test/playwright/screenshot.spec.ts:430:7 › combobox › comboitem icon is separated from its label (659ms)
  ✓   45 [tablet] › src/test/playwright/tablet.spec.ts:364:7 › tablet-combobox-sheet › stays flush to the bottom when the page is scrolled (1.3s)
  ✓   48 [tablet] › src/test/playwright/tablet.spec.ts:469:9 › tablet-textbox › gallery (746ms)
  ✘   47 [chromium] › src/test/playwright/screenshot.spec.ts:467:7 › listbox › gallery (1.8s)
  ✓   49 [tablet] › src/test/playwright/tablet.spec.ts:469:9 › tablet-intbox › gallery (781ms)
  ✓   50 [tablet] › src/test/playwright/tablet.spec.ts:469:9 › tablet-longbox › gallery (770ms)
  ✓   51 [chromium] › src/test/playwright/screenshot.spec.ts:471:7 › listbox › hover (901ms)
  ✓   52 [tablet] › src/test/playwright/tablet.spec.ts:469:9 › tablet-doublebox › gallery (793ms)
  ✓   54 [tablet] › src/test/playwright/tablet.spec.ts:469:9 › tablet-decimalbox › gallery (793ms)
  ✓   55 [tablet] › src/test/playwright/tablet.spec.ts:469:9 › tablet-combobox › gallery (723ms)
  ✘   53 [chromium] › src/test/playwright/screenshot.spec.ts:489:7 › grid › gallery (1.7s)
  ✓   56 [tablet] › src/test/playwright/tablet.spec.ts:469:9 › tablet-bandbox › gallery (753ms)
  ✓   57 [chromium] › src/test/playwright/screenshot.spec.ts:493:7 › grid › hover (826ms)
  ✓   58 [tablet] › src/test/playwright/tablet.spec.ts:469:9 › tablet-datebox › gallery (758ms)
  ✓   59 [chromium] › src/test/playwright/screenshot.spec.ts:511:7 › datebox › gallery (761ms)
  ✓   60 [tablet] › src/test/playwright/tablet.spec.ts:469:9 › tablet-timebox › gallery (731ms)
  ✓   61 [chromium] › src/test/playwright/screenshot.spec.ts:516:9 › datebox › hover (793ms)
  ✓   62 [tablet] › src/test/playwright/tablet.spec.ts:469:9 › tablet-spinner › gallery (755ms)
  ✓   64 [tablet] › src/test/playwright/tablet.spec.ts:469:9 › tablet-doublespinner › gallery (730ms)
  ✓   63 [chromium] › src/test/playwright/screenshot.spec.ts:516:9 › datebox › focus (758ms)
  ✓   66 [chromium] › src/test/playwright/screenshot.spec.ts:534:7 › datebox › input hugs its date content (field-sizing, no clip, tracks length) (692ms)
  ✓   65 [tablet] › src/test/playwright/tablet.spec.ts:469:9 › tablet-calendar › gallery (903ms)
  ✓   67 [chromium] › src/test/playwright/screenshot.spec.ts:576:7 › daterangebox › input hugs its date content (not the UA ~20ch default) (832ms)
  ✓   68 [tablet] › src/test/playwright/tablet.spec.ts:469:9 › tablet-checkbox › gallery (782ms)
  ✓   69 [chromium] › src/test/playwright/screenshot.spec.ts:597:7 › daterangebox › invalid state paints the error border (ZK-6133 workaround) (745ms)
  ✓   70 [tablet] › src/test/playwright/tablet.spec.ts:469:9 › tablet-radiogroup › gallery (857ms)
  ✓   71 [chromium] › src/test/playwright/screenshot.spec.ts:631:7 › timebox › gallery (810ms)
  ✓   72 [tablet] › src/test/playwright/tablet.spec.ts:469:9 › tablet-button › gallery (939ms)
  ✓   73 [chromium] › src/test/playwright/screenshot.spec.ts:636:9 › timebox › hover (823ms)
  ✓   74 [tablet] › src/test/playwright/tablet.spec.ts:469:9 › tablet-combobutton › gallery (788ms)
  ✓   75 [chromium] › src/test/playwright/screenshot.spec.ts:636:9 › timebox › focus (751ms)
  ✓   76 [tablet] › src/test/playwright/tablet.spec.ts:469:9 › tablet-toolbar › gallery (799ms)
  ✓   77 [chromium] › src/test/playwright/screenshot.spec.ts:650:7 › timebox › input hugs its time content (field-sizing, no clip) (678ms)
  ✓   78 [tablet] › src/test/playwright/tablet.spec.ts:469:9 › tablet-menubar › gallery (761ms)
  ✓   79 [chromium] › src/test/playwright/screenshot.spec.ts:687:7 › timepicker › input hugs its time content (field-sizing, no clip) (667ms)
  ✓   81 [chromium] › src/test/playwright/screenshot.spec.ts:714:7 › spinner › gallery (736ms)
  ✓   80 [tablet] › src/test/playwright/tablet.spec.ts:469:9 › tablet-tabbox › gallery (1.0s)
  ✓   82 [chromium] › src/test/playwright/screenshot.spec.ts:719:9 › spinner › hover (743ms)
  ✓   83 [tablet] › src/test/playwright/tablet.spec.ts:469:9 › tablet-listbox › gallery (894ms)
  ✓   84 [chromium] › src/test/playwright/screenshot.spec.ts:719:9 › spinner › focus (709ms)
  ✓   86 [chromium] › src/test/playwright/screenshot.spec.ts:739:7 › bandbox › gallery (734ms)
  ✘   85 [tablet] › src/test/playwright/tablet.spec.ts:469:9 › tablet-grid › gallery (1.4s)
  ✓   87 [chromium] › src/test/playwright/screenshot.spec.ts:744:9 › bandbox › hover (753ms)
  ✓   89 [chromium] › src/test/playwright/screenshot.spec.ts:744:9 › bandbox › focus (770ms)
  ✓   90 [chromium] › src/test/playwright/screenshot.spec.ts:766:7 › selectbox › gallery (759ms)
  ✓   88 [tablet] › src/test/playwright/tablet.spec.ts:469:9 › tablet-tree › gallery (1.9s)
  ✓   91 [chromium] › src/test/playwright/screenshot.spec.ts:771:9 › selectbox › hover (781ms)
  ✓   93 [chromium] › src/test/playwright/screenshot.spec.ts:771:9 › selectbox › focus (769ms)
  ✘   92 [tablet] › src/test/playwright/tablet.spec.ts:469:9 › tablet-paging › gallery (1.2s)
  ✓   95 [tablet] › src/test/playwright/tablet.spec.ts:469:9 › tablet-biglistbox › gallery (1.1s)
  ✓   96 [tablet] › src/test/playwright/tablet.spec.ts:469:9 › tablet-window › gallery (878ms)
  ✓   94 [chromium] › src/test/playwright/screenshot.spec.ts:790:7 › tabbox › gallery (3.3s)
  ✓   97 [tablet] › src/test/playwright/tablet.spec.ts:469:9 › tablet-panel › gallery (965ms)
  ✓   98 [chromium] › src/test/playwright/screenshot.spec.ts:794:7 › tabbox › hover (830ms)
  ✓   99 [tablet] › src/test/playwright/tablet.spec.ts:469:9 › tablet-errorbox › gallery (755ms)
  ✓  101 [tablet] › src/test/playwright/tablet.spec.ts:469:9 › tablet-notification › gallery (766ms)
  ✓  102 [tablet] › src/test/playwright/tablet.spec.ts:469:9 › tablet-slider › gallery (755ms)
  ✓  103 [tablet] › src/test/playwright/tablet.spec.ts:469:9 › tablet-selectbox › gallery (742ms)
  ✘  100 [chromium] › src/test/playwright/screenshot.spec.ts:812:7 › tree › gallery (3.5s)
  ✓  104 [tablet] › src/test/playwright/tablet.spec.ts:490:7 › tablet-colorbox-dismiss › outside tap closes the popup (no display:block left on the reattached popup) (1.1s)
  ✓  105 [tablet] › src/test/playwright/tablet.spec.ts:515:7 › tablet-colorbox-dismiss › selecting a color leaves no visible popup/palette-button artifact (1.1s)
  ✓  107 [tablet] › src/test/playwright/tablet.spec.ts:557:7 › tablet-scrollview-affordance › the overlay scrollbar is present, proportional and inert to touch (696ms)
  ✓  106 [chromium] › src/test/playwright/screenshot.spec.ts:816:7 › tree › hover (1.4s)
  ✓  109 [chromium] › src/test/playwright/screenshot.spec.ts:834:7 › window › gallery (825ms)
  ✓  108 [tablet] › src/test/playwright/tablet.spec.ts:641:7 › tablet-scrollview-affordance › a touch drag moves the content (1.5s)
  ✓  110 [chromium] › src/test/playwright/screenshot.spec.ts:850:7 › panel › gallery (902ms)
  ✓  111 [tablet] › src/test/playwright/tablet.spec.ts:682:7 › tablet-scrollview-affordance › gallery — overlay scrollbar revealed (736ms)
  ✓  112 [chromium] › src/test/playwright/screenshot.spec.ts:876:7 › navbar › selected item is a rounded tonal container with no left accent (779ms)
  ✓  113 [chromium] › src/test/playwright/screenshot.spec.ts:937:7 › navbar › submenu item keyboard focus ring is the theme inset ring and is not clipped (769ms)
  ✓  114 [chromium] › src/test/playwright/screenshot.spec.ts:1038:7 › coachmark › card is a neutral surface and nested button keeps the standard fill (673ms)
  ✓  115 [chromium] › src/test/playwright/screenshot.spec.ts:1068:7 › coachmark › close button is a circular icon-button target with symmetric corner inset (719ms)
  ✓  116 [chromium] › src/test/playwright/screenshot.spec.ts:1101:7 › coachmark › close button shows a hover state layer (896ms)
  ✓  117 [chromium] › src/test/playwright/screenshot.spec.ts:1120:7 › tablet-isolation › tablet.css is absent on a desktop UA (679ms)
  ✓  118 [chromium] › src/test/playwright/screenshot.spec.ts:1142:7 › viewport-fill › horizontal overflow must not spawn a spurious vertical scrollbar (680ms)
  ✓  119 [chromium] › src/test/playwright/screenshot.spec.ts:1179:7 › viewport-fill › colorbox popup dismisses on a click in the empty area below content (992ms)
  ✓  120 [chromium] › src/test/playwright/screenshot.spec.ts:1226:7 › pv-cols-fill › state matrix columns fill the container width on desktop (665ms)
  ✓  121 [chromium] › src/test/playwright/screenshot.spec.ts:1274:9 › container-header-height › window header uses border-box and stays compact (679ms)
  ✓  122 [chromium] › src/test/playwright/screenshot.spec.ts:1274:9 › container-header-height › panel header uses border-box and stays compact (673ms)
  ✓  123 [chromium] › src/test/playwright/screenshot.spec.ts:1274:9 › container-header-height › groupbox header uses border-box and stays compact (701ms)
  ✓  124 [chromium] › src/test/playwright/screenshot.spec.ts:1314:7 › errorbox-position-invariance › icon/close gaps are constant and the beak sits flush outside the content (1.2s)
  ✓  125 [chromium] › src/test/playwright/screenshot.spec.ts:1406:7 › notification › shell-is-bare-and-icon-clears-stripe (671ms)
  ✓  126 [chromium] › src/test/playwright/screenshot.spec.ts:1433:7 › notification › variant-backgrounds-are-opaque (654ms)
  ✓  127 [chromium] › src/test/playwright/screenshot.spec.ts:1458:7 › notification › single-line-content-is-vertically-centered (660ms)
  ✓  128 [chromium] › src/test/playwright/screenshot.spec.ts:1490:7 › toast › gallery (823ms)
  ✓  129 [chromium] › src/test/playwright/screenshot.spec.ts:1494:7 › toast › base-content-has-no-dark-scrim-fill (707ms)
  ✓  130 [chromium] › src/test/playwright/screenshot.spec.ts:1518:7 › tooltip › dark-popup-fill-and-text (2.8s)
  ✓  131 [chromium] › src/test/playwright/screenshot.spec.ts:1555:7 › linelayout › content-aligns-with-points (740ms)
  ✓  132 [chromium] › src/test/playwright/screenshot.spec.ts:1604:7 › linelayout › point-content-centered (721ms)
  ✓  133 [chromium] › src/test/playwright/screenshot.spec.ts:1657:7 › splitter-family › bars-are-borderless-across-the-family (1.5s)
  ✓  134 [chromium] › src/test/playwright/screenshot.spec.ts:1692:7 › splitter-family › pill-does-not-resize-on-hover (1.2s)
  ✓  135 [chromium] › src/test/playwright/screenshot.spec.ts:1725:7 › stepbar › error-icon-glyph-renders (873ms)
  ✓  136 [chromium] › src/test/playwright/screenshot.spec.ts:1746:7 › stepbar › vertical-connector-centered-under-icon (1.4s)
  ✓  137 [chromium] › src/test/playwright/screenshot.spec.ts:1774:7 › stepbar › wrapped-label-stacks-title-below-icon (843ms)
  ✓  138 [chromium] › src/test/playwright/screenshot.spec.ts:1799:7 › stepbar › wrapped-label-icons-share-one-baseline (727ms)
  ✓  139 [chromium] › src/test/playwright/screenshot.spec.ts:1829:7 › dropupload › no-phantom-state-rules (699ms)
  ✓  140 [chromium] › src/test/playwright/screenshot.spec.ts:1864:7 › inputgroup › no-layout-shift-on-focus (678ms)
  ✓  141 [chromium] › src/test/playwright/screenshot.spec.ts:1932:9 › radiogroup › hover (774ms)
  ✓  142 [chromium] › src/test/playwright/screenshot.spec.ts:1932:9 › radiogroup › focus (737ms)
  ✓  143 [chromium] › src/test/playwright/screenshot.spec.ts:1951:7 › rating › hover (826ms)
  ✓  144 [chromium] › src/test/playwright/screenshot.spec.ts:1971:9 › slider › hover (766ms)
  ✓  145 [chromium] › src/test/playwright/screenshot.spec.ts:1971:9 › slider › focus (717ms)
  ✓  146 [chromium] › src/test/playwright/screenshot.spec.ts:1991:9 › colorbox › hover (773ms)
  ✓  147 [chromium] › src/test/playwright/screenshot.spec.ts:1991:9 › colorbox › focus (764ms)
  ✓  148 [chromium] › src/test/playwright/screenshot.spec.ts:2098:7 › codeeditor › focus ring is uniform on all four sides (gutter must not eat it) (465ms)
  ✓  149 [chromium] › src/test/playwright/screenshot.spec.ts:2114:7 › codeeditor › dark surface focus ring is uniform and legible against the fill (355ms)
  ✓  150 [chromium] › src/test/playwright/screenshot.spec.ts:2142:7 › important-removal-guards › progressmeter fill bar stays display:block without !important (677ms)
  ✓  151 [chromium] › src/test/playwright/screenshot.spec.ts:2153:7 › important-removal-guards › messagebox button row is flex with zeroed child margin without !important (898ms)
  ✓  152 [chromium] › src/test/playwright/screenshot.spec.ts:2167:7 › important-removal-guards › menupopup separator keeps its 4px vertical margin without !important (1.1s)
  ✓  153 [chromium] › src/test/playwright/screenshot.spec.ts:2222:11 › intbox › hover (754ms)
  ✓  154 [chromium] › src/test/playwright/screenshot.spec.ts:2222:11 › intbox › focus (764ms)
  ✓  155 [chromium] › src/test/playwright/screenshot.spec.ts:2222:11 › longbox › hover (813ms)
  ✓  156 [chromium] › src/test/playwright/screenshot.spec.ts:2222:11 › longbox › focus (734ms)
  ✓  157 [chromium] › src/test/playwright/screenshot.spec.ts:2222:11 › doublebox › hover (839ms)
  ✓  158 [chromium] › src/test/playwright/screenshot.spec.ts:2222:11 › doublebox › focus (814ms)
  ✓  159 [chromium] › src/test/playwright/screenshot.spec.ts:2222:11 › decimalbox › hover (751ms)
  ✓  160 [chromium] › src/test/playwright/screenshot.spec.ts:2222:11 › decimalbox › focus (761ms)
  ✓  161 [chromium] › src/test/playwright/screenshot.spec.ts:2222:11 › doublespinner › hover (1.0s)
  ✓  162 [chromium] › src/test/playwright/screenshot.spec.ts:2222:11 › doublespinner › focus (738ms)
  ✓  163 [chromium] › src/test/playwright/screenshot.spec.ts:2222:11 › chosenbox › hover (806ms)
  ✓  164 [chromium] › src/test/playwright/screenshot.spec.ts:2222:11 › chosenbox › focus (742ms)
  ✓  165 [chromium] › src/test/playwright/screenshot.spec.ts:2222:11 › searchbox › hover (843ms)
  ✓  166 [chromium] › src/test/playwright/screenshot.spec.ts:2222:11 › searchbox › focus (785ms)
  ✓  167 [chromium] › src/test/playwright/screenshot.spec.ts:2222:11 › cascader › hover (815ms)
  ✓  168 [chromium] › src/test/playwright/screenshot.spec.ts:2222:11 › cascader › focus (745ms)
  ✓  169 [chromium] › src/test/playwright/screenshot.spec.ts:2222:11 › combobutton › hover (762ms)
  ✓  170 [chromium] › src/test/playwright/screenshot.spec.ts:2222:11 › combobutton › focus (819ms)
  ✓  171 [chromium] › src/test/playwright/screenshot.spec.ts:2222:11 › multislider › hover (779ms)
  ✓  172 [chromium] › src/test/playwright/screenshot.spec.ts:2222:11 › multislider › focus (745ms)
  ✓  173 [chromium] › src/test/playwright/screenshot.spec.ts:2222:11 › rangeslider › hover (801ms)
  ✓  174 [chromium] › src/test/playwright/screenshot.spec.ts:2222:11 › rangeslider › focus (847ms)
  ✓  175 [chromium] › src/test/playwright/screenshot.spec.ts:2241:7 › searchbox dropdown › dropdown (1.2s)
  ✓  176 [chromium] › src/test/playwright/screenshot.spec.ts:2255:7 › chosenbox dropdown › dropdown (1.3s)
  ✓  177 [chromium] › src/test/playwright/screenshot.spec.ts:2270:7 › chosenbox dropdown › chip focus (812ms)
  ✓  178 [chromium] › src/test/playwright/screenshot.spec.ts:2299:7 › scrollbar › simulated-thumb-md3-radius-and-easing (716ms)
  ✓  179 [chromium] › src/test/playwright/screenshot.spec.ts:2321:7 › scrollbar › embed-rail-and-hover-thumb-share-cross-axis-no-jump (1.1s)
  ✓  180 [chromium] › src/test/playwright/screenshot.spec.ts:2394:9 › orphaned-helper-css › label-css-is-served (661ms)
  ✓  181 [chromium] › src/test/playwright/screenshot.spec.ts:2394:9 › orphaned-helper-css › div-css-is-served (656ms)
  ✓  182 [chromium] › src/test/playwright/screenshot.spec.ts:2394:9 › orphaned-helper-css › span-css-is-served (715ms)
  ✓  183 [chromium] › src/test/playwright/screenshot.spec.ts:2394:9 › orphaned-helper-css › html-css-is-served (661ms)
  ✓  184 [chromium] › src/test/playwright/screenshot.spec.ts:2394:9 › orphaned-helper-css › image-css-is-served (672ms)
  ✓  185 [chromium] › src/test/playwright/screenshot.spec.ts:2394:9 › orphaned-helper-css › imagemap-css-is-served (704ms)


  1) [chromium] › src/test/playwright/screenshot.spec.ts:467:7 › listbox › gallery ─────────────────

    Error: [2mexpect([22m[31mlocator[39m[2m).[22mtoHaveScreenshot[2m([22m[32mexpected[39m[2m)[22m failed

    Locator: locator('.z-p-8').first()
      156 pixels (ratio 0.01 of all image pixels) are different.

      Snapshot: listbox-gallery.png

    Call log:
    [2m  - Expect "toHaveScreenshot(listbox-gallery.png)" with timeout 5000ms[22m
    [2m    - verifying given screenshot expectation[22m
    [2m  - waiting for locator('.z-p-8').first()[22m
    [2m    - locator resolved to <div id="rJVD0" class="z-p-8 z-div">…</div>[22m
    [2m  - taking element screenshot[22m
    [2m    - disabled all CSS animations[22m
    [2m  - waiting for fonts to load...[22m
    [2m  - fonts loaded[22m
    [2m  - attempting scroll into view action[22m
    [2m    - waiting for element to be stable[22m
    [2m  - 156 pixels (ratio 0.01 of all image pixels) are different.[22m
    [2m  - waiting 100ms before taking screenshot[22m
    [2m  - waiting for locator('.z-p-8').first()[22m
    [2m    - locator resolved to <div id="rJVD0" class="z-p-8 z-div">…</div>[22m
    [2m  - taking element screenshot[22m
    [2m    - disabled all CSS animations[22m
    [2m  - waiting for fonts to load...[22m
    [2m  - fonts loaded[22m
    [2m  - attempting scroll into view action[22m
    [2m    - waiting for element to be stable[22m
    [2m  - captured a stable screenshot[22m
    [2m  - 156 pixels (ratio 0.01 of all image pixels) are different.[22m


      466 |
      467 |   test('gallery', async ({ page }) => {
    > 468 |     await expect(page.locator('.z-p-8').first()).toHaveScreenshot(`${DIR}-gallery.png`);
          |                                                  ^
      469 |   });
      470 |
      471 |   test('hover', async ({ page }) => {
        at /Users/hawk/Documents/workspace/ZK10/zk/zkpreview/src/test/playwright/screenshot.spec.ts:468:50

    attachment #1: listbox-gallery (image/png) ─────────────────────────────────────────────────────
    Expected: doc/screenshots/listbox-gallery.png
    Received: ../doc/jess-review/gates/batch3-baseline/pw/screenshot-listbox-gallery-chromium/listbox-gallery-actual.png
    Diff:     ../doc/jess-review/gates/batch3-baseline/pw/screenshot-listbox-gallery-chromium/listbox-gallery-diff.png
    ────────────────────────────────────────────────────────────────────────────────────────────────

    Error Context: ../doc/jess-review/gates/batch3-baseline/pw/screenshot-listbox-gallery-chromium/error-context.md

  2) [chromium] › src/test/playwright/screenshot.spec.ts:489:7 › grid › gallery ────────────────────

    Error: [2mexpect([22m[31mlocator[39m[2m).[22mtoHaveScreenshot[2m([22m[32mexpected[39m[2m)[22m failed

    Locator: locator('.z-p-8').first()
      4134 pixels (ratio 0.01 of all image pixels) are different.

      Snapshot: grid-gallery.png

    Call log:
    [2m  - Expect "toHaveScreenshot(grid-gallery.png)" with timeout 5000ms[22m
    [2m    - verifying given screenshot expectation[22m
    [2m  - waiting for locator('.z-p-8').first()[22m
    [2m    - locator resolved to <div id="cV5E0" class="z-p-8 z-div">…</div>[22m
    [2m  - taking element screenshot[22m
    [2m    - disabled all CSS animations[22m
    [2m  - waiting for fonts to load...[22m
    [2m  - fonts loaded[22m
    [2m  - attempting scroll into view action[22m
    [2m    - waiting for element to be stable[22m
    [2m  - 4134 pixels (ratio 0.01 of all image pixels) are different.[22m
    [2m  - waiting 100ms before taking screenshot[22m
    [2m  - waiting for locator('.z-p-8').first()[22m
    [2m    - locator resolved to <div id="cV5E0" class="z-p-8 z-div">…</div>[22m
    [2m  - taking element screenshot[22m
    [2m    - disabled all CSS animations[22m
    [2m  - waiting for fonts to load...[22m
    [2m  - fonts loaded[22m
    [2m  - attempting scroll into view action[22m
    [2m    - waiting for element to be stable[22m
    [2m  - captured a stable screenshot[22m
    [2m  - 4134 pixels (ratio 0.01 of all image pixels) are different.[22m


      488 |
      489 |   test('gallery', async ({ page }) => {
    > 490 |     await expect(page.locator('.z-p-8').first()).toHaveScreenshot(`${DIR}-gallery.png`);
          |                                                  ^
      491 |   });
      492 |
      493 |   test('hover', async ({ page }) => {
        at /Users/hawk/Documents/workspace/ZK10/zk/zkpreview/src/test/playwright/screenshot.spec.ts:490:50

    attachment #1: grid-gallery (image/png) ────────────────────────────────────────────────────────
    Expected: doc/screenshots/grid-gallery.png
    Received: ../doc/jess-review/gates/batch3-baseline/pw/screenshot-grid-gallery-chromium/grid-gallery-actual.png
    Diff:     ../doc/jess-review/gates/batch3-baseline/pw/screenshot-grid-gallery-chromium/grid-gallery-diff.png
    ────────────────────────────────────────────────────────────────────────────────────────────────

    Error Context: ../doc/jess-review/gates/batch3-baseline/pw/screenshot-grid-gallery-chromium/error-context.md

  3) [chromium] › src/test/playwright/screenshot.spec.ts:812:7 › tree › gallery ────────────────────

    Error: [2mexpect([22m[31mlocator[39m[2m).[22mtoHaveScreenshot[2m([22m[32mexpected[39m[2m)[22m failed

    Locator: locator('.z-p-8').first()
      264 pixels (ratio 0.01 of all image pixels) are different.

      Snapshot: tree-gallery.png

    Call log:
    [2m  - Expect "toHaveScreenshot(tree-gallery.png)" with timeout 5000ms[22m
    [2m    - verifying given screenshot expectation[22m
    [2m  - waiting for locator('.z-p-8').first()[22m
    [2m    - locator resolved to <div id="xW7W0" class="z-p-8 z-div">…</div>[22m
    [2m  - taking element screenshot[22m
    [2m    - disabled all CSS animations[22m
    [2m  - waiting for fonts to load...[22m
    [2m  - fonts loaded[22m
    [2m  - attempting scroll into view action[22m
    [2m    - waiting for element to be stable[22m
    [2m  - 264 pixels (ratio 0.01 of all image pixels) are different.[22m
    [2m  - waiting 100ms before taking screenshot[22m
    [2m  - waiting for locator('.z-p-8').first()[22m
    [2m    - locator resolved to <div id="xW7W0" class="z-p-8 z-div">…</div>[22m
    [2m  - taking element screenshot[22m
    [2m    - disabled all CSS animations[22m
    [2m  - waiting for fonts to load...[22m
    [2m  - fonts loaded[22m
    [2m  - attempting scroll into view action[22m
    [2m    - waiting for element to be stable[22m
    [2m  - captured a stable screenshot[22m
    [2m  - 264 pixels (ratio 0.01 of all image pixels) are different.[22m


      811 |
      812 |   test('gallery', async ({ page }) => {
    > 813 |     await expect(page.locator('.z-p-8').first()).toHaveScreenshot(`${DIR}-gallery.png`);
          |                                                  ^
      814 |   });
      815 |
      816 |   test('hover', async ({ page }) => {
        at /Users/hawk/Documents/workspace/ZK10/zk/zkpreview/src/test/playwright/screenshot.spec.ts:813:50

    attachment #1: tree-gallery (image/png) ────────────────────────────────────────────────────────
    Expected: doc/screenshots/tree-gallery.png
    Received: ../doc/jess-review/gates/batch3-baseline/pw/screenshot-tree-gallery-chromium/tree-gallery-actual.png
    Diff:     ../doc/jess-review/gates/batch3-baseline/pw/screenshot-tree-gallery-chromium/tree-gallery-diff.png
    ────────────────────────────────────────────────────────────────────────────────────────────────

    Error Context: ../doc/jess-review/gates/batch3-baseline/pw/screenshot-tree-gallery-chromium/error-context.md

  4) [tablet] › src/test/playwright/tablet.spec.ts:469:9 › tablet-grid › gallery ───────────────────

    Error: [2mexpect([22m[31mlocator[39m[2m).[22mtoHaveScreenshot[2m([22m[32mexpected[39m[2m)[22m failed

    Locator: locator('.z-p-8').first()
      2236 pixels (ratio 0.01 of all image pixels) are different.

      Snapshot: grid-tablet.png

    Call log:
    [2m  - Expect "toHaveScreenshot(grid-tablet.png)" with timeout 5000ms[22m
    [2m    - verifying given screenshot expectation[22m
    [2m  - waiting for locator('.z-p-8').first()[22m
    [2m    - locator resolved to <div id="cEpP0" class="z-p-8 z-div">…</div>[22m
    [2m  - taking element screenshot[22m
    [2m    - disabled all CSS animations[22m
    [2m  - waiting for fonts to load...[22m
    [2m  - fonts loaded[22m
    [2m  - attempting scroll into view action[22m
    [2m    - waiting for element to be stable[22m
    [2m  - 2236 pixels (ratio 0.01 of all image pixels) are different.[22m
    [2m  - waiting 100ms before taking screenshot[22m
    [2m  - waiting for locator('.z-p-8').first()[22m
    [2m    - locator resolved to <div id="cEpP0" class="z-p-8 z-div">…</div>[22m
    [2m  - taking element screenshot[22m
    [2m    - disabled all CSS animations[22m
    [2m  - waiting for fonts to load...[22m
    [2m  - fonts loaded[22m
    [2m  - attempting scroll into view action[22m
    [2m    - waiting for element to be stable[22m
    [2m  - captured a stable screenshot[22m
    [2m  - 2236 pixels (ratio 0.01 of all image pixels) are different.[22m


      472 |       await page.evaluate(() => document.fonts.ready.then(() => true));
      473 |       await expect(page.locator('.z-p-8').first())
    > 474 |         .toHaveScreenshot(`${comp}-tablet.png`, maxDiffPixelRatio ? { maxDiffPixelRatio } : {});
          |          ^
      475 |     });
      476 |   });
      477 | }
        at /Users/hawk/Documents/workspace/ZK10/zk/zkpreview/src/test/playwright/tablet.spec.ts:474:10

    attachment #1: grid-tablet (image/png) ─────────────────────────────────────────────────────────
    Expected: doc/screenshots/grid-tablet.png
    Received: ../doc/jess-review/gates/batch3-baseline/pw/tablet-tablet-grid-gallery-tablet/grid-tablet-actual.png
    Diff:     ../doc/jess-review/gates/batch3-baseline/pw/tablet-tablet-grid-gallery-tablet/grid-tablet-diff.png
    ────────────────────────────────────────────────────────────────────────────────────────────────

    Error Context: ../doc/jess-review/gates/batch3-baseline/pw/tablet-tablet-grid-gallery-tablet/error-context.md

  5) [tablet] › src/test/playwright/tablet.spec.ts:469:9 › tablet-paging › gallery ─────────────────

    Error: [2mexpect([22m[31mlocator[39m[2m).[22mtoHaveScreenshot[2m([22m[32mexpected[39m[2m)[22m failed

    Locator: locator('.z-p-8').first()
      664 pixels (ratio 0.01 of all image pixels) are different.

      Snapshot: paging-tablet.png

    Call log:
    [2m  - Expect "toHaveScreenshot(paging-tablet.png)" with timeout 5000ms[22m
    [2m    - verifying given screenshot expectation[22m
    [2m  - waiting for locator('.z-p-8').first()[22m
    [2m    - locator resolved to <div id="hHpG0" class="z-p-8 z-div">…</div>[22m
    [2m  - taking element screenshot[22m
    [2m    - disabled all CSS animations[22m
    [2m  - waiting for fonts to load...[22m
    [2m  - fonts loaded[22m
    [2m  - attempting scroll into view action[22m
    [2m    - waiting for element to be stable[22m
    [2m  - 664 pixels (ratio 0.01 of all image pixels) are different.[22m
    [2m  - waiting 100ms before taking screenshot[22m
    [2m  - waiting for locator('.z-p-8').first()[22m
    [2m    - locator resolved to <div id="hHpG0" class="z-p-8 z-div">…</div>[22m
    [2m  - taking element screenshot[22m
    [2m    - disabled all CSS animations[22m
    [2m  - waiting for fonts to load...[22m
    [2m  - fonts loaded[22m
    [2m  - attempting scroll into view action[22m
    [2m    - waiting for element to be stable[22m
    [2m  - captured a stable screenshot[22m
    [2m  - 664 pixels (ratio 0.01 of all image pixels) are different.[22m


      472 |       await page.evaluate(() => document.fonts.ready.then(() => true));
      473 |       await expect(page.locator('.z-p-8').first())
    > 474 |         .toHaveScreenshot(`${comp}-tablet.png`, maxDiffPixelRatio ? { maxDiffPixelRatio } : {});
          |          ^
      475 |     });
      476 |   });
      477 | }
        at /Users/hawk/Documents/workspace/ZK10/zk/zkpreview/src/test/playwright/tablet.spec.ts:474:10

    attachment #1: paging-tablet (image/png) ───────────────────────────────────────────────────────
    Expected: doc/screenshots/paging-tablet.png
    Received: ../doc/jess-review/gates/batch3-baseline/pw/tablet-tablet-paging-gallery-tablet/paging-tablet-actual.png
    Diff:     ../doc/jess-review/gates/batch3-baseline/pw/tablet-tablet-paging-gallery-tablet/paging-tablet-diff.png
    ────────────────────────────────────────────────────────────────────────────────────────────────

    Error Context: ../doc/jess-review/gates/batch3-baseline/pw/tablet-tablet-paging-gallery-tablet/error-context.md

  5 failed
    [chromium] › src/test/playwright/screenshot.spec.ts:467:7 › listbox › gallery ──────────────────
    [chromium] › src/test/playwright/screenshot.spec.ts:489:7 › grid › gallery ─────────────────────
    [chromium] › src/test/playwright/screenshot.spec.ts:812:7 › tree › gallery ─────────────────────
    [tablet] › src/test/playwright/tablet.spec.ts:469:9 › tablet-grid › gallery ────────────────────
    [tablet] › src/test/playwright/tablet.spec.ts:469:9 › tablet-paging › gallery ──────────────────
  180 passed (1.9m)
