S0 z-slider z-slider-horizontal root {"l":96.765625,"t":183,"r":276.765625,"b":231,"w":180,"h":48} btn0 {"l":96.765625,"t":197,"r":116.765625,"b":217,"w":20,"h":20}
    drag10px curpos 6 text "6" tip {"l":105.5859375,"t":169,"r":128.4140625,"b":197,"w":22.828125,"h":28} btn {"l":106.765625,"t":197,"r":126.765625,"b":217,"w":20,"h":20} dx 0.23 dy -24 inkDx 0 inkDy 0 pixInk 0 0 overlap false gap 0 inVp true rgb(240, 244, 250) 11px pad 4px 8px lh 20px 107px/169px
    value5 curpos 5 text "5" tip {"l":103.734375,"t":169,"r":126.265625,"b":197,"w":22.53125,"h":28} btn {"l":104.765625,"t":197,"r":124.765625,"b":217,"w":20,"h":20} dx 0.23 dy -24 inkDx 0 inkDy 0 pixInk 0 0 overlap false gap 0 inVp true rgb(240, 244, 250) 11px pad 4px 8px lh 20px 105px/169px
    value50 curpos 50 text "50" tip {"l":172.265625,"t":169,"r":201.734375,"b":197,"w":29.46875,"h":28} btn {"l":176.765625,"t":197,"r":196.765625,"b":217,"w":20,"h":20} dx 0.23 dy -24 inkDx 0 inkDy 0 pixInk 0 0 overlap false gap 0 inVp true rgb(240, 244, 250) 11px pad 4px 8px lh 20px 177px/169px
    value100 curpos 100 text "100" tip {"l":249.8203125,"t":169,"r":284.1796875,"b":197,"w":34.359375,"h":28} btn {"l":256.765625,"t":197,"r":276.765625,"b":217,"w":20,"h":20} dx 0.23 dy -24 inkDx 0 inkDy 0 pixInk 0 0 overlap false gap 0 inVp true rgb(240, 244, 250) 11px pad 4px 8px lh 20px 257px/169px
    afterRelease {"tipExists":false,"curpos":100}
S1 z-slider z-slider-horizontal z-slider-sphere root {"l":96.765625,"t":239,"r":276.765625,"b":287,"w":180,"h":48} btn0 {"l":96.765625,"t":253,"r":116.765625,"b":273,"w":20,"h":20}
    drag10px curpos 6 text "6" tip {"l":105.5859375,"t":225,"r":128.4140625,"b":253,"w":22.828125,"h":28} btn {"l":106.765625,"t":253,"r":126.765625,"b":273,"w":20,"h":20} dx 0.23 dy -24 inkDx 0 inkDy 0 pixInk 0 0 overlap false gap 0 inVp true rgb(240, 244, 250) 11px pad 4px 8px lh 20px 107px/225px
    value5 curpos 5 text "5" tip {"l":103.734375,"t":225,"r":126.265625,"b":253,"w":22.53125,"h":28} btn {"l":104.765625,"t":253,"r":124.765625,"b":273,"w":20,"h":20} dx 0.23 dy -24 inkDx 0 inkDy 0 pixInk 0 0 overlap false gap 0 inVp true rgb(240, 244, 250) 11px pad 4px 8px lh 20px 105px/225px
    value50 curpos 50 text "50" tip {"l":172.265625,"t":225,"r":201.734375,"b":253,"w":29.46875,"h":28} btn {"l":176.765625,"t":253,"r":196.765625,"b":273,"w":20,"h":20} dx 0.23 dy -24 inkDx 0 inkDy 0 pixInk 0 0 overlap false gap 0 inVp true rgb(240, 244, 250) 11px pad 4px 8px lh 20px 177px/225px
    value100 curpos 100 text "100" tip {"l":249.8203125,"t":225,"r":284.1796875,"b":253,"w":34.359375,"h":28} btn {"l":256.765625,"t":253,"r":276.765625,"b":273,"w":20,"h":20} dx 0.23 dy -24 inkDx 0 inkDy 0 pixInk 0 0 overlap false gap 0 inVp true rgb(240, 244, 250) 11px pad 4px 8px lh 20px 257px/225px
    afterRelease {"tipExists":false,"curpos":100}
S2 z-slider z-slider-horizontal z-slider-scale root {"l":96.765625,"t":295,"r":276.765625,"b":343,"w":180,"h":48} btn0 {"l":96.765625,"t":309,"r":116.765625,"b":329,"w":20,"h":20}
    drag10px curpos 6 text "6" tip {"l":105.5859375,"t":281,"r":128.4140625,"b":309,"w":22.828125,"h":28} btn {"l":106.765625,"t":309,"r":126.765625,"b":329,"w":20,"h":20} dx 0.23 dy -24 inkDx 0 inkDy 0 pixInk 0 0 overlap false gap 0 inVp true rgb(240, 244, 250) 11px pad 4px 8px lh 20px 107px/281px
    value5 curpos 5 text "5" tip {"l":103.734375,"t":281,"r":126.265625,"b":309,"w":22.53125,"h":28} btn {"l":104.765625,"t":309,"r":124.765625,"b":329,"w":20,"h":20} dx 0.23 dy -24 inkDx 0 inkDy 0 pixInk 0 0 overlap false gap 0 inVp true rgb(240, 244, 250) 11px pad 4px 8px lh 20px 105px/281px
    value50 curpos 50 text "50" tip {"l":172.265625,"t":281,"r":201.734375,"b":309,"w":29.46875,"h":28} btn {"l":176.765625,"t":309,"r":196.765625,"b":329,"w":20,"h":20} dx 0.23 dy -24 inkDx 0 inkDy 0 pixInk 0 0 overlap false gap 0 inVp true rgb(240, 244, 250) 11px pad 4px 8px lh 20px 177px/281px
    value100 curpos 100 text "100" tip {"l":249.8203125,"t":281,"r":284.1796875,"b":309,"w":34.359375,"h":28} btn {"l":256.765625,"t":309,"r":276.765625,"b":329,"w":20,"h":20} dx 0.23 dy -24 inkDx 0 inkDy 0 pixInk 0 0 overlap false gap 0 inVp true rgb(240, 244, 250) 11px pad 4px 8px lh 20px 257px/281px
    afterRelease {"tipExists":false,"curpos":100}
S3 z-slider z-slider-vertical root {"l":96.765625,"t":450,"r":144.765625,"b":570,"w":48,"h":120} btn0 {"l":110.765625,"t":450,"r":130.765625,"b":470,"w":20,"h":20}
    drag10px curpos 10 text "10" tip {"l":131,"t":456,"r":158.421875,"b":484,"w":27.421875,"h":28} btn {"l":110.765625,"t":460,"r":130.765625,"b":480,"w":20,"h":20} dx 23.95 dy 0 inkDx 0 inkDy 0 pixInk 0.04 0 overlap false gap -47.66 inVp true rgb(240, 244, 250) 11px pad 4px 8px lh 20px 131px/460px
    value5 curpos 5 text "5" tip {"l":131,"t":451,"r":153.53125,"b":479,"w":22.53125,"h":28} btn {"l":110.765625,"t":455,"r":130.765625,"b":475,"w":20,"h":20} dx 21.5 dy 0 inkDx 0 inkDy 0 pixInk -0.02 0 overlap false gap -42.77 inVp true rgb(240, 244, 250) 11px pad 4px 8px lh 20px 131px/455px
    value50 curpos 50 text "50" tip {"l":131,"t":496,"r":160.46875,"b":524,"w":29.46875,"h":28} btn {"l":110.765625,"t":500,"r":130.765625,"b":520,"w":20,"h":20} dx 24.97 dy 0 inkDx 0 inkDy 0 pixInk 0.02 0 overlap false gap -49.7 inVp true rgb(240, 244, 250) 11px pad 4px 8px lh 20px 131px/500px
    value100 curpos 100 text "100" tip {"l":131,"t":546,"r":165.359375,"b":574,"w":34.359375,"h":28} btn {"l":110.765625,"t":550,"r":130.765625,"b":570,"w":20,"h":20} dx 27.41 dy 0 inkDx 0 inkDy 0 pixInk -0.18 0 overlap false gap -54.59 inVp true rgb(240, 244, 250) 11px pad 4px 8px lh 20px 131px/550px
    afterRelease {"tipExists":false,"curpos":100}
S4 z-slider z-slider-vertical z-slider-sphere root {"l":96.765625,"t":583,"r":144.765625,"b":703,"w":48,"h":120} btn0 {"l":110.765625,"t":583,"r":130.765625,"b":603,"w":20,"h":20}
    drag10px curpos 10 text "10" tip {"l":131,"t":589,"r":158.421875,"b":617,"w":27.421875,"h":28} btn {"l":110.765625,"t":593,"r":130.765625,"b":613,"w":20,"h":20} dx 23.95 dy 0 inkDx 0 inkDy 0 pixInk 0.04 0 overlap false gap -47.66 inVp true rgb(240, 244, 250) 11px pad 4px 8px lh 20px 131px/593px
    value5 curpos 5 text "5" tip {"l":131,"t":584,"r":153.53125,"b":612,"w":22.53125,"h":28} btn {"l":110.765625,"t":588,"r":130.765625,"b":608,"w":20,"h":20} dx 21.5 dy 0 inkDx 0 inkDy 0 pixInk -0.02 0 overlap false gap -42.77 inVp true rgb(240, 244, 250) 11px pad 4px 8px lh 20px 131px/588px
    value50 curpos 50 text "50" tip {"l":131,"t":629,"r":160.46875,"b":657,"w":29.46875,"h":28} btn {"l":110.765625,"t":633,"r":130.765625,"b":653,"w":20,"h":20} dx 24.97 dy 0 inkDx 0 inkDy 0 pixInk 0.02 0 overlap false gap -49.7 inVp true rgb(240, 244, 250) 11px pad 4px 8px lh 20px 131px/633px
    value100 curpos 100 text "100" tip {"l":131,"t":679,"r":165.359375,"b":707,"w":34.359375,"h":28} btn {"l":110.765625,"t":683,"r":130.765625,"b":703,"w":20,"h":20} dx 27.41 dy 0 inkDx 0 inkDy 0 pixInk -0.18 0 overlap false gap -54.59 inVp true rgb(240, 244, 250) 11px pad 4px 8px lh 20px 131px/683px
    afterRelease {"tipExists":false,"curpos":100}
