slider.zul REST  .z-slider-popup count 0 slidetip false tooltip-ish elements 0 classes []
  HELD {"widget":"z-slider z-slider-horizontal","btn":"z-slider-button","x":106.765625,"y":207,"vertical":false} .z-slider-popup count 1 slidetip true classes []
  afterRelease .z-slider-popup 0 slidetip false
multislider.zul REST  .z-slider-popup count 0 slidetip false tooltip-ish elements 18 classes ["z-sliderbuttons-tooltip"]
   rest "z-sliderbuttons-tooltip" text "10" rect {"l":68.29,"t":155,"r":95.71,"b":183,"w":27.42,"h":28} disp block hidden tf matrix(1, 0, 0, 1, -13.7109, 0) thumb z-sliderbuttons-button dx 0 dy -32
   rest "z-sliderbuttons-tooltip" text "70" rect {"l":367.5,"t":155,"r":396.5,"b":183,"w":29,"h":28} disp block hidden tf matrix(1, 0, 0, 1, -14.5, 0) thumb z-sliderbuttons-button dx 0 dy -32
   rest "z-sliderbuttons-tooltip" text "20" rect {"l":117.17,"t":155,"r":146.83,"b":183,"w":29.66,"h":28} disp block hidden tf matrix(1, 0, 0, 1, -14.8281, 0) thumb z-sliderbuttons-button dx 0 dy -32
   rest "z-sliderbuttons-tooltip" text "50" rect {"l":267.27,"t":155,"r":296.73,"b":183,"w":29.47,"h":28} disp block hidden tf matrix(1, 0, 0, 1, -14.7344, 0) thumb z-sliderbuttons-button dx 0 dy -32
   rest "z-sliderbuttons-tooltip" text "30" rect {"l":167.13,"t":155,"r":196.87,"b":183,"w":29.73,"h":28} disp block hidden tf matrix(1, 0, 0, 1, -14.8672, 0) thumb z-sliderbuttons-button dx 0 dy -32
   rest "z-sliderbuttons-tooltip" text "40" rect {"l":216.98,"t":155,"r":247.02,"b":183,"w":30.05,"h":28} disp block hidden tf matrix(1, 0, 0, 1, -15.0234, 0) thumb z-sliderbuttons-button dx 0 dy -32
   rest "z-sliderbuttons-tooltip" text "5" rect {"l":8,"t":336,"r":30.53,"b":364,"w":22.53,"h":28} disp block hidden tf matrix(1, 0, 0, 1, 0, -14) thumb z-sliderbuttons-button dx -38.73 dy 0
   rest "z-sliderbuttons-tooltip" text "100" rect {"l":8,"t":749.03,"r":42.36,"b":777.03,"w":34.36,"h":28} disp block hidden tf matrix(1, 0, 0, 1, 0, -14) thumb z-sliderbuttons-button dx -32.82 dy 0
   rest "z-sliderbuttons-tooltip" text "20" rect {"l":8,"t":401.2,"r":37.66,"b":429.2,"w":29.66,"h":28} disp block hidden tf matrix(1, 0, 0, 1, 0, -14) thumb z-sliderbuttons-button dx -35.17 dy 0
   rest "z-sliderbuttons-tooltip" text "50" rect {"l":8,"t":531.64,"r":37.47,"b":559.64,"w":29.47,"h":28} disp block hidden tf matrix(1, 0, 0, 1, 0, -14) thumb z-sliderbuttons-button dx -35.27 dy 0
   rest "z-sliderbuttons-tooltip" text "20" rect {"l":117.17,"t":929,"r":146.83,"b":957,"w":29.66,"h":28} disp block hidden tf matrix(1, 0, 0, 1, -14.8281, 0) thumb z-sliderbuttons-button dx 0 dy -32
   rest "z-sliderbuttons-tooltip" text "60" rect {"l":317.12,"t":929,"r":346.88,"b":957,"w":29.77,"h":28} disp block hidden tf matrix(1, 0, 0, 1, -14.8828, 0) thumb z-sliderbuttons-button dx 0 dy -32
   rest "z-sliderbuttons-tooltip" text "25" rect {"l":142.38,"t":1018,"r":171.62,"b":1046,"w":29.23,"h":28} disp block hidden tf matrix(1, 0, 0, 1, -14.6172, 0) thumb z-sliderbuttons-button dx 0 dy -32
   rest "z-sliderbuttons-tooltip" text "75" rect {"l":392.67,"t":1018,"r":421.33,"b":1046,"w":28.66,"h":28} disp block hidden tf matrix(1, 0, 0, 1, -14.3281, 0) thumb z-sliderbuttons-button dx 0 dy -32
   rest "z-sliderbuttons-tooltip" text "20" rect {"l":117.17,"t":1107,"r":146.83,"b":1135,"w":29.66,"h":28} disp block hidden tf matrix(1, 0, 0, 1, -14.8281, 0) thumb z-sliderbuttons-button dx 0 dy -32
   rest "z-sliderbuttons-tooltip" text "60" rect {"l":317.12,"t":1107,"r":346.88,"b":1135,"w":29.77,"h":28} disp block hidden tf matrix(1, 0, 0, 1, -14.8828, 0) thumb z-sliderbuttons-button dx 0 dy -32
   rest "z-sliderbuttons-tooltip" text "30" rect {"l":167.13,"t":1220,"r":196.87,"b":1248,"w":29.73,"h":28} disp block hidden tf matrix(1, 0, 0, 1, -14.8672, 0) thumb z-sliderbuttons-button dx 0 dy -32
   rest "z-sliderbuttons-tooltip" text "70" rect {"l":367.5,"t":1220,"r":396.5,"b":1248,"w":29,"h":28} disp block hidden tf matrix(1, 0, 0, 1, -14.5, 0) thumb z-sliderbuttons-button dx 0 dy -32
  HELD {"widget":"z-multislider z-multislider-horizontal","btn":"z-sliderbuttons-button","x":82,"y":201,"vertical":false} .z-slider-popup count 0 slidetip false classes ["z-sliderbuttons-tooltip"]
   held "z-sliderbuttons-tooltip" text "12" rect {"l":76.37,"t":148.1,"r":107.63,"b":180.3,"w":31.27,"h":32.2} disp block visible tf matrix(1, 0, 0, 1, -13.5938, 0) thumb z-sliderbuttons-button dx 0 dy -36.8
   held "z-sliderbuttons-tooltip" text "70" rect {"l":367.5,"t":155,"r":396.5,"b":183,"w":29,"h":28} disp block hidden tf matrix(1, 0, 0, 1, -14.5, 0) thumb z-sliderbuttons-button dx 0 dy -32
   held "z-sliderbuttons-tooltip" text "20" rect {"l":117.17,"t":155,"r":146.83,"b":183,"w":29.66,"h":28} disp block hidden tf matrix(1, 0, 0, 1, -14.8281, 0) thumb z-sliderbuttons-button dx 0 dy -32
   held "z-sliderbuttons-tooltip" text "50" rect {"l":267.27,"t":155,"r":296.73,"b":183,"w":29.47,"h":28} disp block hidden tf matrix(1, 0, 0, 1, -14.7344, 0) thumb z-sliderbuttons-button dx 0 dy -32
   held "z-sliderbuttons-tooltip" text "30" rect {"l":167.13,"t":155,"r":196.87,"b":183,"w":29.73,"h":28} disp block hidden tf matrix(1, 0, 0, 1, -14.8672, 0) thumb z-sliderbuttons-button dx 0 dy -32
   held "z-sliderbuttons-tooltip" text "40" rect {"l":216.98,"t":155,"r":247.02,"b":183,"w":30.05,"h":28} disp block hidden tf matrix(1, 0, 0, 1, -15.0234, 0) thumb z-sliderbuttons-button dx 0 dy -32
   held "z-sliderbuttons-tooltip" text "5" rect {"l":8,"t":336,"r":30.53,"b":364,"w":22.53,"h":28} disp block hidden tf matrix(1, 0, 0, 1, 0, -14) thumb z-sliderbuttons-button dx -38.73 dy 0
   held "z-sliderbuttons-tooltip" text "100" rect {"l":8,"t":749.03,"r":42.36,"b":777.03,"w":34.36,"h":28} disp block hidden tf matrix(1, 0, 0, 1, 0, -14) thumb z-sliderbuttons-button dx -32.82 dy 0
   held "z-sliderbuttons-tooltip" text "20" rect {"l":8,"t":401.2,"r":37.66,"b":429.2,"w":29.66,"h":28} disp block hidden tf matrix(1, 0, 0, 1, 0, -14) thumb z-sliderbuttons-button dx -35.17 dy 0
   held "z-sliderbuttons-tooltip" text "50" rect {"l":8,"t":531.64,"r":37.47,"b":559.64,"w":29.47,"h":28} disp block hidden tf matrix(1, 0, 0, 1, 0, -14) thumb z-sliderbuttons-button dx -35.27 dy 0
   held "z-sliderbuttons-tooltip" text "20" rect {"l":117.17,"t":929,"r":146.83,"b":957,"w":29.66,"h":28} disp block hidden tf matrix(1, 0, 0, 1, -14.8281, 0) thumb z-sliderbuttons-button dx 0 dy -32
   held "z-sliderbuttons-tooltip" text "60" rect {"l":317.12,"t":929,"r":346.88,"b":957,"w":29.77,"h":28} disp block hidden tf matrix(1, 0, 0, 1, -14.8828, 0) thumb z-sliderbuttons-button dx 0 dy -32
   held "z-sliderbuttons-tooltip" text "25" rect {"l":142.38,"t":1018,"r":171.62,"b":1046,"w":29.23,"h":28} disp block hidden tf matrix(1, 0, 0, 1, -14.6172, 0) thumb z-sliderbuttons-button dx 0 dy -32
   held "z-sliderbuttons-tooltip" text "75" rect {"l":392.67,"t":1018,"r":421.33,"b":1046,"w":28.66,"h":28} disp block hidden tf matrix(1, 0, 0, 1, -14.3281, 0) thumb z-sliderbuttons-button dx 0 dy -32
   held "z-sliderbuttons-tooltip" text "20" rect {"l":117.17,"t":1107,"r":146.83,"b":1135,"w":29.66,"h":28} disp block hidden tf matrix(1, 0, 0, 1, -14.8281, 0) thumb z-sliderbuttons-button dx 0 dy -32
   held "z-sliderbuttons-tooltip" text "60" rect {"l":317.12,"t":1107,"r":346.88,"b":1135,"w":29.77,"h":28} disp block hidden tf matrix(1, 0, 0, 1, -14.8828, 0) thumb z-sliderbuttons-button dx 0 dy -32
   held "z-sliderbuttons-tooltip" text "30" rect {"l":167.13,"t":1220,"r":196.87,"b":1248,"w":29.73,"h":28} disp block hidden tf matrix(1, 0, 0, 1, -14.8672, 0) thumb z-sliderbuttons-button dx 0 dy -32
   held "z-sliderbuttons-tooltip" text "70" rect {"l":367.5,"t":1220,"r":396.5,"b":1248,"w":29,"h":28} disp block hidden tf matrix(1, 0, 0, 1, -14.5, 0) thumb z-sliderbuttons-button dx 0 dy -32
  afterRelease .z-slider-popup 0 slidetip false
rangeslider.zul REST  .z-slider-popup count 0 slidetip false tooltip-ish elements 14 classes ["z-sliderbuttons-tooltip"]
   rest "z-sliderbuttons-tooltip" text "10" rect {"l":68.29,"t":153,"r":95.71,"b":181,"w":27.42,"h":28} disp block hidden tf matrix(1, 0, 0, 1, -13.7109, 0) thumb z-sliderbuttons-button dx 0 dy -32
   rest "z-sliderbuttons-tooltip" text "90" rect {"l":467.12,"t":153,"r":496.88,"b":181,"w":29.77,"h":28} disp block hidden tf matrix(1, 0, 0, 1, -14.8828, 0) thumb z-sliderbuttons-button dx 0 dy -32
   rest "z-sliderbuttons-tooltip" text "20" rect {"l":117.17,"t":222,"r":146.83,"b":250,"w":29.66,"h":28} disp block hidden tf matrix(1, 0, 0, 1, -14.8281, 0) thumb z-sliderbuttons-button dx 0 dy -32
   rest "z-sliderbuttons-tooltip" text "80" rect {"l":417.13,"t":222,"r":446.88,"b":250,"w":29.75,"h":28} disp block hidden tf matrix(1, 0, 0, 1, -14.875, 0) thumb z-sliderbuttons-button dx 0 dy -32
   rest "z-sliderbuttons-tooltip" text "20" rect {"l":0.67,"t":489,"r":30.33,"b":517,"w":29.66,"h":28} disp block hidden tf matrix(1, 0, 0, 1, 0, -14) thumb z-sliderbuttons-button dx -35.17 dy 0
   rest "z-sliderbuttons-tooltip" text "80" rect {"l":0.67,"t":789,"r":30.42,"b":817,"w":29.75,"h":28} disp block hidden tf matrix(1, 0, 0, 1, 0, -14) thumb z-sliderbuttons-button dx -35.13 dy 0
   rest "z-sliderbuttons-tooltip" text "20" rect {"l":87.97,"t":489,"r":117.63,"b":517,"w":29.66,"h":28} disp block hidden tf matrix(1, 0, 0, 1, 0, -14) thumb z-sliderbuttons-button dx -35.17 dy 0
   rest "z-sliderbuttons-tooltip" text "80" rect {"l":87.97,"t":789,"r":117.72,"b":817,"w":29.75,"h":28} disp block hidden tf matrix(1, 0, 0, 1, 0, -14) thumb z-sliderbuttons-button dx -35.13 dy 0
   rest "z-sliderbuttons-tooltip" text "25" rect {"l":142.38,"t":992,"r":171.62,"b":1020,"w":29.23,"h":28} disp block hidden tf matrix(1, 0, 0, 1, -14.6172, 0) thumb z-sliderbuttons-button dx 0 dy -32
   rest "z-sliderbuttons-tooltip" text "75" rect {"l":392.67,"t":992,"r":421.33,"b":1020,"w":28.66,"h":28} disp block hidden tf matrix(1, 0, 0, 1, -14.3281, 0) thumb z-sliderbuttons-button dx 0 dy -32
   rest "z-sliderbuttons-tooltip" text "20" rect {"l":117.17,"t":1077,"r":146.83,"b":1105,"w":29.66,"h":28} disp block hidden tf matrix(1, 0, 0, 1, -14.8281, 0) thumb z-sliderbuttons-button dx 0 dy -32
   rest "z-sliderbuttons-tooltip" text "80" rect {"l":417.13,"t":1077,"r":446.88,"b":1105,"w":29.75,"h":28} disp block hidden tf matrix(1, 0, 0, 1, -14.875, 0) thumb z-sliderbuttons-button dx 0 dy -32
   rest "z-sliderbuttons-tooltip" text "30" rect {"l":167.13,"t":1186,"r":196.87,"b":1214,"w":29.73,"h":28} disp block hidden tf matrix(1, 0, 0, 1, -14.8672, 0) thumb z-sliderbuttons-button dx 0 dy -32
   rest "z-sliderbuttons-tooltip" text "70" rect {"l":367.5,"t":1186,"r":396.5,"b":1214,"w":29,"h":28} disp block hidden tf matrix(1, 0, 0, 1, -14.5, 0) thumb z-sliderbuttons-button dx 0 dy -32
  HELD {"widget":"z-rangeslider z-rangeslider-horizontal","btn":"z-sliderbuttons-button","x":82,"y":199,"vertical":false} .z-slider-popup count 0 slidetip false classes ["z-sliderbuttons-tooltip"]
   held "z-sliderbuttons-tooltip" text "12" rect {"l":76.37,"t":146.1,"r":107.63,"b":178.3,"w":31.27,"h":32.2} disp block visible tf matrix(1, 0, 0, 1, -13.5938, 0) thumb z-sliderbuttons-button dx 0 dy -36.8
   held "z-sliderbuttons-tooltip" text "90" rect {"l":467.12,"t":153,"r":496.88,"b":181,"w":29.77,"h":28} disp block hidden tf matrix(1, 0, 0, 1, -14.8828, 0) thumb z-sliderbuttons-button dx 0 dy -32
   held "z-sliderbuttons-tooltip" text "20" rect {"l":117.17,"t":222,"r":146.83,"b":250,"w":29.66,"h":28} disp block hidden tf matrix(1, 0, 0, 1, -14.8281, 0) thumb z-sliderbuttons-button dx 0 dy -32
   held "z-sliderbuttons-tooltip" text "80" rect {"l":417.13,"t":222,"r":446.88,"b":250,"w":29.75,"h":28} disp block hidden tf matrix(1, 0, 0, 1, -14.875, 0) thumb z-sliderbuttons-button dx 0 dy -32
   held "z-sliderbuttons-tooltip" text "20" rect {"l":0.67,"t":489,"r":30.33,"b":517,"w":29.66,"h":28} disp block hidden tf matrix(1, 0, 0, 1, 0, -14) thumb z-sliderbuttons-button dx -35.17 dy 0
   held "z-sliderbuttons-tooltip" text "80" rect {"l":0.67,"t":789,"r":30.42,"b":817,"w":29.75,"h":28} disp block hidden tf matrix(1, 0, 0, 1, 0, -14) thumb z-sliderbuttons-button dx -35.13 dy 0
   held "z-sliderbuttons-tooltip" text "20" rect {"l":87.97,"t":489,"r":117.63,"b":517,"w":29.66,"h":28} disp block hidden tf matrix(1, 0, 0, 1, 0, -14) thumb z-sliderbuttons-button dx -35.17 dy 0
   held "z-sliderbuttons-tooltip" text "80" rect {"l":87.97,"t":789,"r":117.72,"b":817,"w":29.75,"h":28} disp block hidden tf matrix(1, 0, 0, 1, 0, -14) thumb z-sliderbuttons-button dx -35.13 dy 0
   held "z-sliderbuttons-tooltip" text "25" rect {"l":142.38,"t":992,"r":171.62,"b":1020,"w":29.23,"h":28} disp block hidden tf matrix(1, 0, 0, 1, -14.6172, 0) thumb z-sliderbuttons-button dx 0 dy -32
   held "z-sliderbuttons-tooltip" text "75" rect {"l":392.67,"t":992,"r":421.33,"b":1020,"w":28.66,"h":28} disp block hidden tf matrix(1, 0, 0, 1, -14.3281, 0) thumb z-sliderbuttons-button dx 0 dy -32
   held "z-sliderbuttons-tooltip" text "20" rect {"l":117.17,"t":1077,"r":146.83,"b":1105,"w":29.66,"h":28} disp block hidden tf matrix(1, 0, 0, 1, -14.8281, 0) thumb z-sliderbuttons-button dx 0 dy -32
   held "z-sliderbuttons-tooltip" text "80" rect {"l":417.13,"t":1077,"r":446.88,"b":1105,"w":29.75,"h":28} disp block hidden tf matrix(1, 0, 0, 1, -14.875, 0) thumb z-sliderbuttons-button dx 0 dy -32
   held "z-sliderbuttons-tooltip" text "30" rect {"l":167.13,"t":1186,"r":196.87,"b":1214,"w":29.73,"h":28} disp block hidden tf matrix(1, 0, 0, 1, -14.8672, 0) thumb z-sliderbuttons-button dx 0 dy -32
   held "z-sliderbuttons-tooltip" text "70" rect {"l":367.5,"t":1186,"r":396.5,"b":1214,"w":29,"h":28} disp block hidden tf matrix(1, 0, 0, 1, -14.5, 0) thumb z-sliderbuttons-button dx 0 dy -32
  afterRelease .z-slider-popup 0 slidetip false
