== gallery (slider|multislider|rangeslider|combobutton|rating) ==

Running 5 tests using 1 worker

  ✓  1 [gallery] › src/test/playwright/gallery-scan.spec.ts:48:9 › gallery › combobutton (958ms)
  ✓  2 [gallery] › src/test/playwright/gallery-scan.spec.ts:48:9 › gallery › multislider (972ms)
  ✓  3 [gallery] › src/test/playwright/gallery-scan.spec.ts:48:9 › gallery › rangeslider (939ms)
  ✓  4 [gallery] › src/test/playwright/gallery-scan.spec.ts:48:9 › gallery › rating (879ms)
  ✓  5 [gallery] › src/test/playwright/gallery-scan.spec.ts:48:9 › gallery › slider (897ms)

  5 passed (5.7s)
exit=0
== component-theming + hit-target + focus-scan ==

Running 214 tests using 3 workers

  ✓    1 [hit-target] › src/test/playwright/hit-target.spec.ts:68:7 › multislider: every knob owns its own centre (535ms)
  ✓    3 [focus-scan] › src/test/playwright/focus-ring-scan.spec.ts:266:9 › focus-ring scan › a (748ms)
  ✓    4 [hit-target] › src/test/playwright/hit-target.spec.ts:68:7 › rangeslider: every knob owns its own centre (363ms)
  -    5 [focus-scan] › src/test/playwright/focus-ring-scan.spec.ts:266:9 › focus-ring scan › absolutelayout
  ✓    6 [hit-target] › src/test/playwright/hit-target.spec.ts:68:7 › slider: every knob owns its own centre (358ms)
  -    7 [focus-scan] › src/test/playwright/focus-ring-scan.spec.ts:266:9 › focus-ring scan › anchorlayout
  ✓    8 [focus-scan] › src/test/playwright/focus-ring-scan.spec.ts:266:9 › focus-ring scan › anchornav (378ms)
  -    9 [focus-scan] › src/test/playwright/focus-ring-scan.spec.ts:266:9 › focus-ring scan › avatar
  ✓    2 [component-theming] › src/test/playwright/component-theming.spec.ts:34:7 › Component Theme Variables › regional override restyles scoped buttons only (2.9s)
  ✓   10 [focus-scan] › src/test/playwright/focus-ring-scan.spec.ts:266:9 › focus-ring scan › badge (332ms)
  -   12 [focus-scan] › src/test/playwright/focus-ring-scan.spec.ts:266:9 › focus-ring scan › bandbox
  -   13 [focus-scan] › src/test/playwright/focus-ring-scan.spec.ts:266:9 › focus-ring scan › barcode
  ✓   11 [component-theming] › src/test/playwright/component-theming.spec.ts:48:7 › Component Theme Variables › disabled button keeps its disabled treatment inside a scoped region (1.3s)
  ✓   14 [focus-scan] › src/test/playwright/focus-ring-scan.spec.ts:266:9 › focus-ring scan › biglistbox (582ms)
  ✓   16 [focus-scan] › src/test/playwright/focus-ring-scan.spec.ts:266:9 › focus-ring scan › borderlayout (381ms)
  ✓   17 [focus-scan] › src/test/playwright/focus-ring-scan.spec.ts:266:9 › focus-ring scan › breadcrumb (531ms)
  ✓   15 [component-theming] › src/test/playwright/component-theming.spec.ts:54:7 › Component Theme Variables › whole-app :root override wins (loaded after norm.css.dsp) (1.5s)
  ✓   18 [focus-scan] › src/test/playwright/focus-ring-scan.spec.ts:266:9 › focus-ring scan › button (638ms)
  -   20 [focus-scan] › src/test/playwright/focus-ring-scan.spec.ts:266:9 › focus-ring scan › calendar
  ✓   21 [focus-scan] › src/test/playwright/focus-ring-scan.spec.ts:266:9 › focus-ring scan › caption (292ms)
  ✓   22 [focus-scan] › src/test/playwright/focus-ring-scan.spec.ts:266:9 › focus-ring scan › cardlayout (250ms)
  ✓   19 [component-theming] › src/test/playwright/component-theming.spec.ts:65:7 › Component Theme Variables › input — regional border/radius override, sibling untouched (1.3s)
  ✓   23 [focus-scan] › src/test/playwright/focus-ring-scan.spec.ts:266:9 › focus-ring scan › carousel (386ms)
  -   25 [focus-scan] › src/test/playwright/focus-ring-scan.spec.ts:266:9 › focus-ring scan › cascader
  ✓   26 [focus-scan] › src/test/playwright/focus-ring-scan.spec.ts:266:9 › focus-ring scan › checkbox (493ms)
  ✓   24 [component-theming] › src/test/playwright/component-theming.spec.ts:77:7 › Component Theme Variables › window — regional surface/radius override, sibling untouched (1.5s)
  ✓   27 [focus-scan] › src/test/playwright/focus-ring-scan.spec.ts:266:9 › focus-ring scan › chip (462ms)
  -   29 [focus-scan] › src/test/playwright/focus-ring-scan.spec.ts:266:9 › focus-ring scan › chosenbox
  ✓   30 [focus-scan] › src/test/playwright/focus-ring-scan.spec.ts:266:9 › focus-ring scan › coachmark (428ms)
  ✓   31 [focus-scan] › src/test/playwright/focus-ring-scan.spec.ts:266:9 › focus-ring scan › codeeditor (425ms)
  ✓   28 [component-theming] › src/test/playwright/component-theming.spec.ts:89:7 › Component Theme Variables › grid — regional border/radius override, sibling untouched (1.4s)
  -   32 [focus-scan] › src/test/playwright/focus-ring-scan.spec.ts:266:9 › focus-ring scan › colorbox
  -   34 [focus-scan] › src/test/playwright/focus-ring-scan.spec.ts:266:9 › focus-ring scan › columnlayout
  -   35 [focus-scan] › src/test/playwright/focus-ring-scan.spec.ts:266:9 › focus-ring scan › combobox
  -   36 [focus-scan] › src/test/playwright/focus-ring-scan.spec.ts:266:9 › focus-ring scan › combobutton
  ✓   33 [component-theming] › src/test/playwright/component-theming.spec.ts:101:7 › Component Theme Variables › listbox — regional frame + selection override, sibling untouched (1.4s)
  ✓   38 [component-theming] › src/test/playwright/component-theming.spec.ts:115:7 › Component Theme Variables › tree — regional frame + selection override, sibling untouched (1.7s)
  ✓   37 [focus-scan] › src/test/playwright/focus-ring-scan.spec.ts:266:9 › focus-ring scan › component-theming (2.7s)
  ✓   40 [focus-scan] › src/test/playwright/focus-ring-scan.spec.ts:266:9 › focus-ring scan › confirmpopup (466ms)
  -   41 [focus-scan] › src/test/playwright/focus-ring-scan.spec.ts:266:9 › focus-ring scan › cropper
  ✓   39 [component-theming] › src/test/playwright/component-theming.spec.ts:131:7 › Component Theme Variables › panel — regional surface/radius override, sibling untouched (1.4s)
  -   42 [focus-scan] › src/test/playwright/focus-ring-scan.spec.ts:266:9 › focus-ring scan › datebox
  -   44 [focus-scan] › src/test/playwright/focus-ring-scan.spec.ts:266:9 › focus-ring scan › daterangebox
  -   45 [focus-scan] › src/test/playwright/focus-ring-scan.spec.ts:266:9 › focus-ring scan › decimalbox
  -   46 [focus-scan] › src/test/playwright/focus-ring-scan.spec.ts:266:9 › focus-ring scan › dnd
  ✓   43 [component-theming] › src/test/playwright/component-theming.spec.ts:142:7 › Component Theme Variables › groupbox — regional frame override, sibling untouched (1.4s)
  -   47 [focus-scan] › src/test/playwright/focus-ring-scan.spec.ts:266:9 › focus-ring scan › doublebox
  -   49 [focus-scan] › src/test/playwright/focus-ring-scan.spec.ts:266:9 › focus-ring scan › doublespinner
  ✓   50 [focus-scan] › src/test/playwright/focus-ring-scan.spec.ts:266:9 › focus-ring scan › drawer (341ms)
  -   51 [focus-scan] › src/test/playwright/focus-ring-scan.spec.ts:266:9 › focus-ring scan › dropupload
  -   52 [focus-scan] › src/test/playwright/focus-ring-scan.spec.ts:266:9 › focus-ring scan › errorbox
  ✓   48 [component-theming] › src/test/playwright/component-theming.spec.ts:154:7 › Component Theme Variables › combobox — regional field override, sibling untouched (1.3s)
  ✓   53 [focus-scan] › src/test/playwright/focus-ring-scan.spec.ts:266:9 › focus-ring scan › fisheyebar (277ms)
  -   55 [focus-scan] › src/test/playwright/focus-ring-scan.spec.ts:266:9 › focus-ring scan › goldenlayout
  ✓   56 [focus-scan] › src/test/playwright/focus-ring-scan.spec.ts:266:9 › focus-ring scan › grid (459ms)
  -   57 [focus-scan] › src/test/playwright/focus-ring-scan.spec.ts:266:9 › focus-ring scan › grid-detail
  ✓   54 [component-theming] › src/test/playwright/component-theming.spec.ts:168:7 › Component Theme Variables › datebox — regional border/radius override, sibling untouched (1.4s)
  -   58 [focus-scan] › src/test/playwright/focus-ring-scan.spec.ts:266:9 › focus-ring scan › grid-grouping
  ✓   60 [focus-scan] › src/test/playwright/focus-ring-scan.spec.ts:266:9 › focus-ring scan › grid-header (443ms)
  -   61 [focus-scan] › src/test/playwright/focus-ring-scan.spec.ts:266:9 › focus-ring scan › grid-livegrouping
  ✓   59 [component-theming] › src/test/playwright/component-theming.spec.ts:179:7 › Component Theme Variables › timebox — regional border/radius override, sibling untouched (1.3s)
  ✓   62 [focus-scan] › src/test/playwright/focus-ring-scan.spec.ts:266:9 › focus-ring scan › grid-paging (478ms)
  -   64 [focus-scan] › src/test/playwright/focus-ring-scan.spec.ts:266:9 › focus-ring scan › groupbox
  ✓   65 [focus-scan] › src/test/playwright/focus-ring-scan.spec.ts:266:9 › focus-ring scan › hlayout (373ms)
  ✓   66 [focus-scan] › src/test/playwright/focus-ring-scan.spec.ts:266:9 › focus-ring scan › inputgroup (238ms)
  ✓   63 [component-theming] › src/test/playwright/component-theming.spec.ts:190:7 › Component Theme Variables › spinner — regional border/radius override, sibling untouched (1.3s)
  -   67 [focus-scan] › src/test/playwright/focus-ring-scan.spec.ts:266:9 › focus-ring scan › intbox
  ✓   69 [focus-scan] › src/test/playwright/focus-ring-scan.spec.ts:266:9 › focus-ring scan › label (515ms)
  ✓   70 [focus-scan] › src/test/playwright/focus-ring-scan.spec.ts:266:9 › focus-ring scan › linelayout (660ms)
  ✓   68 [component-theming] › src/test/playwright/component-theming.spec.ts:201:7 › Component Theme Variables › bandbox — regional border/radius override, sibling untouched (1.4s)
  ✓   71 [focus-scan] › src/test/playwright/focus-ring-scan.spec.ts:266:9 › focus-ring scan › listbox (517ms)
  ✓   73 [focus-scan] › src/test/playwright/focus-ring-scan.spec.ts:266:9 › focus-ring scan › listbox-grouping (577ms)
  ✓   72 [component-theming] › src/test/playwright/component-theming.spec.ts:216:7 › Component Theme Variables › daterangebox — regional border/radius override, sibling untouched (1.5s)
  ✓   74 [focus-scan] › src/test/playwright/focus-ring-scan.spec.ts:266:9 › focus-ring scan › listbox-header (490ms)
  -   76 [focus-scan] › src/test/playwright/focus-ring-scan.spec.ts:266:9 › focus-ring scan › longbox
  ✓   77 [focus-scan] › src/test/playwright/focus-ring-scan.spec.ts:266:9 › focus-ring scan › menubar (630ms)
  ✓   75 [component-theming] › src/test/playwright/component-theming.spec.ts:227:7 › Component Theme Variables › daterangebox — whole-app :root override wins (loaded after norm.css.dsp) (1.5s)
  ✓   78 [focus-scan] › src/test/playwright/focus-ring-scan.spec.ts:266:9 › focus-ring scan › messagebox (605ms)
  -   80 [focus-scan] › src/test/playwright/focus-ring-scan.spec.ts:266:9 › focus-ring scan › multislider
  ✓   81 [focus-scan] › src/test/playwright/focus-ring-scan.spec.ts:266:9 › focus-ring scan › navbar (585ms)
  ✓   79 [component-theming] › src/test/playwright/component-theming.spec.ts:238:7 › Component Theme Variables › tabbox — regional accent/border override, sibling untouched (1.4s)
  ✓   82 [focus-scan] › src/test/playwright/focus-ring-scan.spec.ts:266:9 › focus-ring scan › notification (506ms)
  ✓   84 [focus-scan] › src/test/playwright/focus-ring-scan.spec.ts:266:9 › focus-ring scan › organigram (399ms)
  ✓   85 [focus-scan] › src/test/playwright/focus-ring-scan.spec.ts:266:9 › focus-ring scan › paging (484ms)
  -   86 [focus-scan] › src/test/playwright/focus-ring-scan.spec.ts:266:9 › focus-ring scan › panel
  ✓   83 [component-theming] › src/test/playwright/component-theming.spec.ts:253:7 › Component Theme Variables › menubar — regional surface override, sibling untouched (1.4s)
  ✓   87 [focus-scan] › src/test/playwright/focus-ring-scan.spec.ts:266:9 › focus-ring scan › pdfviewer (272ms)
  ✓   89 [focus-scan] › src/test/playwright/focus-ring-scan.spec.ts:266:9 › focus-ring scan › popup (262ms)
  -   90 [focus-scan] › src/test/playwright/focus-ring-scan.spec.ts:266:9 › focus-ring scan › portallayout
  ✓   91 [focus-scan] › src/test/playwright/focus-ring-scan.spec.ts:266:9 › focus-ring scan › progressmeter (358ms)
  ✓   88 [component-theming] › src/test/playwright/component-theming.spec.ts:264:7 › Component Theme Variables › avatar — regional fill override (hoisted base knob), sibling untouched (1.5s)
  ✓   92 [focus-scan] › src/test/playwright/focus-ring-scan.spec.ts:266:9 › focus-ring scan › radiogroup (506ms)
  -   94 [focus-scan] › src/test/playwright/focus-ring-scan.spec.ts:266:9 › focus-ring scan › rangeslider
  -   95 [focus-scan] › src/test/playwright/focus-ring-scan.spec.ts:266:9 › focus-ring scan › rating
  ✓   93 [component-theming] › src/test/playwright/component-theming.spec.ts:274:7 › Component Theme Variables › badge — default fill region-overridable, non-default severity pinned (1.4s)
  ✓   96 [focus-scan] › src/test/playwright/focus-ring-scan.spec.ts:266:9 › focus-ring scan › responsive-grid (407ms)
  -   98 [focus-scan] › src/test/playwright/focus-ring-scan.spec.ts:266:9 › focus-ring scan › rowlayout
  ✓   99 [focus-scan] › src/test/playwright/focus-ring-scan.spec.ts:266:9 › focus-ring scan › runtime-error (458ms)
  -  100 [focus-scan] › src/test/playwright/focus-ring-scan.spec.ts:266:9 › focus-ring scan › scrollbar
  ✓   97 [component-theming] › src/test/playwright/component-theming.spec.ts:290:7 › Component Theme Variables › rating — regional accent override, sibling untouched (1.5s)
  -  101 [focus-scan] › src/test/playwright/focus-ring-scan.spec.ts:266:9 › focus-ring scan › scrollview
  -  103 [focus-scan] › src/test/playwright/focus-ring-scan.spec.ts:266:9 › focus-ring scan › searchbox
  ✓  104 [focus-scan] › src/test/playwright/focus-ring-scan.spec.ts:266:9 › focus-ring scan › selectbox (550ms)
  -  105 [focus-scan] › src/test/playwright/focus-ring-scan.spec.ts:266:9 › focus-ring scan › separator
  ✓  102 [component-theming] › src/test/playwright/component-theming.spec.ts:301:7 › Component Theme Variables › rating — whole-app :root override wins (loaded after norm.css.dsp) (1.4s)
  ✓  106 [focus-scan] › src/test/playwright/focus-ring-scan.spec.ts:266:9 › focus-ring scan › signature (355ms)
  ✓  108 [focus-scan] › src/test/playwright/focus-ring-scan.spec.ts:266:9 › focus-ring scan › slider (355ms)
  ✓  109 [focus-scan] › src/test/playwright/focus-ring-scan.spec.ts:266:9 › focus-ring scan › space (300ms)
  -  110 [focus-scan] › src/test/playwright/focus-ring-scan.spec.ts:266:9 › focus-ring scan › spinner
  -  111 [focus-scan] › src/test/playwright/focus-ring-scan.spec.ts:266:9 › focus-ring scan › splitlayout
  ✓  107 [component-theming] › src/test/playwright/component-theming.spec.ts:314:7 › Component Theme Variables › progressmeter — regional track/fill override, sibling untouched (1.4s)
  -  112 [focus-scan] › src/test/playwright/focus-ring-scan.spec.ts:266:9 › focus-ring scan › splitter
  -  114 [focus-scan] › src/test/playwright/focus-ring-scan.spec.ts:266:9 › focus-ring scan › stepbar
  ✓  115 [focus-scan] › src/test/playwright/focus-ring-scan.spec.ts:266:9 › focus-ring scan › tabbox (405ms)
  ✓  116 [focus-scan] › src/test/playwright/focus-ring-scan.spec.ts:266:9 › focus-ring scan › tabbox-misc (269ms)
  -  117 [focus-scan] › src/test/playwright/focus-ring-scan.spec.ts:266:9 › focus-ring scan › tablelayout
  ✓  113 [component-theming] › src/test/playwright/component-theming.spec.ts:325:7 › Component Theme Variables › progressmeter — whole-app :root override wins (loaded after norm.css.dsp) (1.4s)
  -  118 [focus-scan] › src/test/playwright/focus-ring-scan.spec.ts:266:9 › focus-ring scan › tbeditor
  -  120 [focus-scan] › src/test/playwright/focus-ring-scan.spec.ts:266:9 › focus-ring scan › textbox
  -  121 [focus-scan] › src/test/playwright/focus-ring-scan.spec.ts:266:9 › focus-ring scan › timebox
  -  122 [focus-scan] › src/test/playwright/focus-ring-scan.spec.ts:266:9 › focus-ring scan › timepicker
  ✓  119 [component-theming] › src/test/playwright/component-theming.spec.ts:340:7 › Component Theme Variables › paging — regional radius/selected override, sibling untouched (1.3s)
  ✓  123 [focus-scan] › src/test/playwright/focus-ring-scan.spec.ts:266:9 › focus-ring scan › toast (455ms)
  ✓  125 [focus-scan] › src/test/playwright/focus-ring-scan.spec.ts:266:9 › focus-ring scan › toolbar (785ms)
  ✓  124 [component-theming] › src/test/playwright/component-theming.spec.ts:356:7 › Component Theme Variables › paging — whole-app :root override wins (loaded after norm.css.dsp) (1.5s)
  ✓  126 [focus-scan] › src/test/playwright/focus-ring-scan.spec.ts:266:9 › focus-ring scan › tree (586ms)
  ✓  128 [focus-scan] › src/test/playwright/focus-ring-scan.spec.ts:266:9 › focus-ring scan › tree-header (459ms)
  ✓  129 [focus-scan] › src/test/playwright/focus-ring-scan.spec.ts:266:9 › focus-ring scan › vlayout (324ms)
  ✓  127 [component-theming] › src/test/playwright/component-theming.spec.ts:370:7 › Component Theme Variables › combobutton — regional bg/fg/radius override, sibling untouched (1.3s)
  ✓  130 [focus-scan] › src/test/playwright/focus-ring-scan.spec.ts:266:9 › focus-ring scan › window (320ms)
  ✓  132 [focus-scan] › src/test/playwright/focus-ring-scan.spec.ts:373:9 › focus-ring scan — selected + focused under forced-colors › navbar: navbar item (272ms)
  ✓  133 [focus-scan] › src/test/playwright/focus-ring-scan.spec.ts:373:9 › focus-ring scan — selected + focused under forced-colors › tree: tree row (386ms)
  ✓  134 [focus-scan] › src/test/playwright/focus-ring-scan.spec.ts:373:9 › focus-ring scan — selected + focused under forced-colors › listbox: listbox row (306ms)
  ✓  131 [component-theming] › src/test/playwright/component-theming.spec.ts:382:7 › Component Theme Variables › combobutton — whole-app :root override wins (loaded after norm.css.dsp) (1.3s)
  ✓  135 [focus-scan] › src/test/playwright/focus-ring-scan.spec.ts:373:9 › focus-ring scan — selected + focused under forced-colors › paging: paging button (261ms)
  ✓  137 [focus-scan] › src/test/playwright/focus-ring-scan.spec.ts:373:9 › focus-ring scan — selected + focused under forced-colors › organigram: organigram node (286ms)
  ✓  136 [component-theming] › src/test/playwright/component-theming.spec.ts:395:7 › Component Theme Variables › selectbox — regional border/radius override, sibling untouched (1.3s)
  ✓  138 [component-theming] › src/test/playwright/component-theming.spec.ts:406:7 › Component Theme Variables › selectbox — whole-app :root override wins (loaded after norm.css.dsp) (1.2s)
  ✓  139 [component-theming] › src/test/playwright/component-theming.spec.ts:420:7 › Component Theme Variables › inputgroup — regional border/radius/addon override, sibling untouched (1.4s)
  ✓  140 [component-theming] › src/test/playwright/component-theming.spec.ts:438:7 › Component Theme Variables › inputgroup — whole-app :root override wins (loaded after norm.css.dsp) (1.3s)
  ✓  141 [component-theming] › src/test/playwright/component-theming.spec.ts:453:7 › Component Theme Variables › calendar — regional border/radius/accent override, sibling untouched (1.3s)
  ✓  142 [component-theming] › src/test/playwright/component-theming.spec.ts:472:7 › Component Theme Variables › calendar — whole-app :root override wins (loaded after norm.css.dsp) (1.2s)
  ✓  143 [component-theming] › src/test/playwright/component-theming.spec.ts:485:7 › Component Theme Variables › toolbar — regional bg/border override, sibling untouched (1.2s)
  ✓  144 [component-theming] › src/test/playwright/component-theming.spec.ts:496:7 › Component Theme Variables › toolbar — whole-app :root override wins (loaded after norm.css.dsp) (1.2s)
  ✓  145 [component-theming] › src/test/playwright/component-theming.spec.ts:510:7 › Component Theme Variables › toolbarbutton — regional fg/radius/checked override, sibling untouched (1.2s)
  ✓  146 [component-theming] › src/test/playwright/component-theming.spec.ts:527:7 › Component Theme Variables › toolbarbutton — whole-app :root override wins (loaded after norm.css.dsp) (1.2s)
  ✓  147 [component-theming] › src/test/playwright/component-theming.spec.ts:541:7 › Component Theme Variables › slider — regional track/accent/radius override, sibling untouched (1.2s)
  ✓  148 [component-theming] › src/test/playwright/component-theming.spec.ts:559:7 › Component Theme Variables › slider — whole-app :root override wins (loaded after norm.css.dsp) (1.1s)
  ✓  149 [component-theming] › src/test/playwright/component-theming.spec.ts:575:7 › Component Theme Variables › rangeslider — regional track/accent/radius override, sibling untouched (1.2s)
  ✓  150 [component-theming] › src/test/playwright/component-theming.spec.ts:597:7 › Component Theme Variables › rangeslider — whole-app :root override wins (loaded after norm.css.dsp) (1.3s)
  ✓  151 [component-theming] › src/test/playwright/component-theming.spec.ts:614:7 › Component Theme Variables › multislider — regional track/accent/radius override, sibling untouched (1.3s)
  ✓  152 [component-theming] › src/test/playwright/component-theming.spec.ts:636:7 › Component Theme Variables › multislider — whole-app :root override wins (loaded after norm.css.dsp) (1.1s)
  ✓  153 [component-theming] › src/test/playwright/component-theming.spec.ts:649:7 › Component Theme Variables › checkbox — regional border/accent override, sibling untouched (1.2s)
  ✓  154 [component-theming] › src/test/playwright/component-theming.spec.ts:664:7 › Component Theme Variables › checkbox — whole-app :root override wins (loaded after norm.css.dsp) (1.2s)
  ✓  155 [component-theming] › src/test/playwright/component-theming.spec.ts:679:7 › Component Theme Variables › radio — regional border/accent override, sibling untouched (1.2s)
  ✓  156 [component-theming] › src/test/playwright/component-theming.spec.ts:694:7 › Component Theme Variables › radio — whole-app :root override wins (loaded after norm.css.dsp) (1.2s)
  ✓  157 [component-theming] › src/test/playwright/component-theming.spec.ts:711:7 › Component Theme Variables › messagebox — zero-regression defaults (1.4s)
  ✓  158 [component-theming] › src/test/playwright/component-theming.spec.ts:721:7 › Component Theme Variables › messagebox — whole-app :root override wins (loaded after norm.css.dsp) (1.5s)
  ✓  159 [component-theming] › src/test/playwright/component-theming.spec.ts:749:7 › Component Theme Variables › popup — zero-regression defaults (1.3s)
  ✓  160 [component-theming] › src/test/playwright/component-theming.spec.ts:759:7 › Component Theme Variables › popup — whole-app :root override wins (loaded after norm.css.dsp) (1.3s)
  ✓  161 [component-theming] › src/test/playwright/component-theming.spec.ts:782:7 › Component Theme Variables › notification — regional bg/fg/radius override, sibling untouched (1.2s)
  ✓  162 [component-theming] › src/test/playwright/component-theming.spec.ts:802:7 › Component Theme Variables › notification — whole-app :root override wins (loaded after norm.css.dsp) (1.2s)
  ✓  163 [component-theming] › src/test/playwright/component-theming.spec.ts:818:7 › Component Theme Variables › toast — regional bg/fg/radius/accent override, sibling untouched (1.2s)
  ✓  164 [component-theming] › src/test/playwright/component-theming.spec.ts:849:7 › Component Theme Variables › toast — whole-app :root override wins (loaded after norm.css.dsp) (1.1s)
  ✓  165 [component-theming] › src/test/playwright/component-theming.spec.ts:861:7 › Component Theme Variables › a — regional fg override, sibling untouched (1.3s)
  ✓  166 [component-theming] › src/test/playwright/component-theming.spec.ts:873:7 › Component Theme Variables › a — whole-app :root override wins (loaded after norm.css.dsp) (1.2s)
  ✓  167 [component-theming] › src/test/playwright/component-theming.spec.ts:887:7 › Component Theme Variables › timepicker — regional border/radius override, sibling untouched (1.2s)
  ✓  168 [component-theming] › src/test/playwright/component-theming.spec.ts:898:7 › Component Theme Variables › timepicker — whole-app :root override wins (loaded after norm.css.dsp) (1.2s)
  ✓  169 [component-theming] › src/test/playwright/component-theming.spec.ts:914:7 › Component Theme Variables › chosenbox — regional border/radius/chip override, sibling untouched (1.3s)
  ✓  170 [component-theming] › src/test/playwright/component-theming.spec.ts:940:7 › Component Theme Variables › chosenbox — whole-app :root override wins (loaded after norm.css.dsp) (1.2s)
  ✓  171 [component-theming] › src/test/playwright/component-theming.spec.ts:956:7 › Component Theme Variables › cascader — regional border/radius/fg override, sibling untouched (1.2s)
  ✓  172 [component-theming] › src/test/playwright/component-theming.spec.ts:975:7 › Component Theme Variables › cascader — whole-app :root override wins (loaded after norm.css.dsp) (1.2s)
  ✓  173 [component-theming] › src/test/playwright/component-theming.spec.ts:991:7 › Component Theme Variables › searchbox — regional border/radius/fg override, sibling untouched (1.3s)
  ✓  174 [component-theming] › src/test/playwright/component-theming.spec.ts:1010:7 › Component Theme Variables › searchbox — whole-app :root override wins (loaded after norm.css.dsp) (1.3s)
  ✓  175 [component-theming] › src/test/playwright/component-theming.spec.ts:1028:7 › Component Theme Variables › drawer — zero-regression defaults (1.5s)
  ✓  176 [component-theming] › src/test/playwright/component-theming.spec.ts:1039:7 › Component Theme Variables › drawer — whole-app :root override wins (loaded after norm.css.dsp) (1.4s)
  ✓  177 [component-theming] › src/test/playwright/component-theming.spec.ts:1060:7 › Component Theme Variables › nav — regional bg/radius/selected override, sibling untouched (1.1s)
  ✓  178 [component-theming] › src/test/playwright/component-theming.spec.ts:1084:7 › Component Theme Variables › nav — whole-app :root override wins (loaded after norm.css.dsp) (1.2s)
  ✓  179 [component-theming] › src/test/playwright/component-theming.spec.ts:1102:7 › Component Theme Variables › anchornav — regional fg/accent override, sibling untouched (1.3s)
  ✓  180 [component-theming] › src/test/playwright/component-theming.spec.ts:1126:7 › Component Theme Variables › anchornav — whole-app :root override wins (loaded after norm.css.dsp) (1.6s)
  ✓  181 [component-theming] › src/test/playwright/component-theming.spec.ts:1150:7 › Component Theme Variables › stepbar — regional connector/icon/title override, sibling untouched (2.2s)
  ✓  182 [component-theming] › src/test/playwright/component-theming.spec.ts:1184:7 › Component Theme Variables › stepbar — whole-app :root override wins (loaded after norm.css.dsp) (1.5s)
  ✓  183 [component-theming] › src/test/playwright/component-theming.spec.ts:1204:7 › Component Theme Variables › coachmark — zero-regression defaults (1.4s)
  ✓  184 [component-theming] › src/test/playwright/component-theming.spec.ts:1214:7 › Component Theme Variables › coachmark — whole-app :root override wins (loaded after norm.css.dsp) (1.3s)
  ✓  185 [component-theming] › src/test/playwright/component-theming.spec.ts:1232:7 › Component Theme Variables › colorbox — regional border/radius override, sibling untouched (1.1s)
  ✓  186 [component-theming] › src/test/playwright/component-theming.spec.ts:1243:7 › Component Theme Variables › colorbox — whole-app :root override wins (loaded after norm.css.dsp) (1.2s)
  ✓  187 [component-theming] › src/test/playwright/component-theming.spec.ts:1254:7 › Component Theme Variables › biglistbox — regional border/radius/header-fg override, sibling untouched (1.3s)
  ✓  188 [component-theming] › src/test/playwright/component-theming.spec.ts:1267:7 › Component Theme Variables › biglistbox — whole-app :root override wins (loaded after norm.css.dsp) (1.2s)
  ✓  189 [component-theming] › src/test/playwright/component-theming.spec.ts:1282:7 › Component Theme Variables › fisheye — regional label/radius override, sibling untouched (1.2s)
  ✓  190 [component-theming] › src/test/playwright/component-theming.spec.ts:1295:7 › Component Theme Variables › fisheye — whole-app :root override wins (loaded after norm.css.dsp) (1.1s)
  ✓  191 [component-theming] › src/test/playwright/component-theming.spec.ts:1310:7 › Component Theme Variables › pdfviewer — regional border/radius/toolbar override, sibling untouched (1.1s)
  ✓  192 [component-theming] › src/test/playwright/component-theming.spec.ts:1323:7 › Component Theme Variables › pdfviewer — whole-app :root override wins (loaded after norm.css.dsp) (1.1s)
  ✓  193 [component-theming] › src/test/playwright/component-theming.spec.ts:1337:7 › Component Theme Variables › tbeditor — regional border/radius/toolbar override, sibling untouched (1.3s)
  ✓  194 [component-theming] › src/test/playwright/component-theming.spec.ts:1350:7 › Component Theme Variables › tbeditor — whole-app :root override wins (loaded after norm.css.dsp) (1.2s)
  ✓  195 [component-theming] › src/test/playwright/component-theming.spec.ts:1365:7 › Component Theme Variables › signature — regional border/radius override, sibling untouched (1.2s)
  ✓  196 [component-theming] › src/test/playwright/component-theming.spec.ts:1376:7 › Component Theme Variables › signature — whole-app :root override wins (loaded after norm.css.dsp) (1.1s)
  ✓  197 [component-theming] › src/test/playwright/component-theming.spec.ts:1391:7 › Component Theme Variables › cropper — regional border/radius/toolbar/text override, sibling untouched (1.2s)
  ✓  198 [component-theming] › src/test/playwright/component-theming.spec.ts:1408:7 › Component Theme Variables › cropper — whole-app :root override wins (loaded after norm.css.dsp) (1.2s)
  ✓  199 [component-theming] › src/test/playwright/component-theming.spec.ts:1422:7 › Component Theme Variables › dropupload — regional border/radius/bg override, sibling untouched (1.1s)
  ✓  200 [component-theming] › src/test/playwright/component-theming.spec.ts:1435:7 › Component Theme Variables › dropupload — whole-app :root override wins (loaded after norm.css.dsp) (1.2s)
  ✓  201 [component-theming] › src/test/playwright/component-theming.spec.ts:1452:7 › Component Theme Variables › organigram — regional border/radius/selected override, sibling untouched (1.2s)
  ✓  202 [component-theming] › src/test/playwright/component-theming.spec.ts:1476:7 › Component Theme Variables › organigram — whole-app :root override wins (loaded after norm.css.dsp) (1.2s)
  ✓  203 [component-theming] › src/test/playwright/component-theming.spec.ts:1494:7 › Component Theme Variables › goldenlayout — regional header/panel/accent override, sibling untouched (1.2s)
  ✓  204 [component-theming] › src/test/playwright/component-theming.spec.ts:1520:7 › Component Theme Variables › goldenlayout — whole-app :root override wins (loaded after norm.css.dsp) (1.2s)
  ✓  205 [component-theming] › src/test/playwright/component-theming.spec.ts:1539:7 › Component Theme Variables › portallayout — regional frame/counter override, sibling untouched (1.2s)
  ✓  206 [component-theming] › src/test/playwright/component-theming.spec.ts:1563:7 › Component Theme Variables › portallayout — whole-app :root override wins (loaded after norm.css.dsp) (1.2s)
  ✓  207 [component-theming] › src/test/playwright/component-theming.spec.ts:1584:7 › Component Theme Variables › confirmpopup — zero-regression defaults (1.2s)
  ✓  208 [component-theming] › src/test/playwright/component-theming.spec.ts:1601:7 › Component Theme Variables › confirmpopup — whole-app :root override wins (loaded after norm.css.dsp) (1.3s)
  ✓  209 [component-theming] › src/test/playwright/component-theming.spec.ts:1627:7 › Component Theme Variables › breadcrumb — regional fg/current-fg override, sibling untouched (1.2s)
  ✓  210 [component-theming] › src/test/playwright/component-theming.spec.ts:1642:7 › Component Theme Variables › breadcrumb — whole-app :root override wins (loaded after norm.css.dsp) (1.2s)
  ✓  211 [component-theming] › src/test/playwright/component-theming.spec.ts:1659:7 › Component Theme Variables › carousel — regional arrow-bg/indicator-active-bg override, sibling untouched (1.2s)
  ✓  212 [component-theming] › src/test/playwright/component-theming.spec.ts:1674:7 › Component Theme Variables › carousel — whole-app :root override wins (loaded after norm.css.dsp) (1.2s)
  ✓  213 [component-theming] › src/test/playwright/component-theming.spec.ts:1695:7 › Component Theme Variables › codeeditor — regional bg/border/gutter override, sibling untouched (1.3s)
  ✓  214 [component-theming] › src/test/playwright/component-theming.spec.ts:1711:7 › Component Theme Variables › codeeditor — whole-app :root override wins (loaded after norm.css.dsp) (2.1s)

  47 skipped
  167 passed (2.4m)
exit=0
