[
 {
  "i": 0,
  "name": "Row States",
  "gridW": 362,
  "bodyRectRight": 393,
  "bodyInnerRight": 393,
  "bodyTableRight": 393,
  "headTableRight": 393,
  "headInnerRight": 393,
  "diffBody": 0,
  "diffHead": 0,
  "bodyHasVScroll": false,
  "bodyHasHScroll": false
 },
 {
  "i": 1,
  "name": "Basic",
  "gridW": 1216,
  "bodyRectRight": 1247,
  "bodyInnerRight": 1247,
  "bodyTableRight": 1247,
  "headTableRight": 1247,
  "headInnerRight": 1247,
  "diffBody": 0,
  "diffHead": 0,
  "bodyHasVScroll": false,
  "bodyHasHScroll": false
 },
 {
  "i": 2,
  "name": "Auxhead above",
  "gridW": 302,
  "bodyRectRight": 333,
  "bodyInnerRight": 333,
  "bodyTableRight": 333,
  "headTableRight": 333,
  "headInnerRight": 333,
  "diffBody": 0,
  "diffHead": 0,
  "bodyHasVScroll": false,
  "bodyHasHScroll": false
 },
 {
  "i": 3,
  "name": "Auxhead below",
  "gridW": 302,
  "bodyRectRight": 659,
  "bodyInnerRight": 659,
  "bodyTableRight": 659,
  "headTableRight": 659,
  "headInnerRight": 659,
  "diffBody": 0,
  "diffHead": 0,
  "bodyHasVScroll": false,
  "bodyHasHScroll": false
 },
 {
  "i": 4,
  "name": "Frozen",
  "gridW": 1216,
  "bodyRectRight": 1247,
  "bodyInnerRight": 1247,
  "bodyTableRight": 2033,
  "headTableRight": 2033,
  "headInnerRight": 1247,
  "diffBody": 786,
  "diffHead": 786,
  "bodyHasVScroll": false,
  "bodyHasHScroll": true
 },
 {
  "i": 5,
  "name": "Empty",
  "gridW": 1216,
  "bodyRectRight": 1247,
  "bodyInnerRight": 1247,
  "bodyTableRight": 1247,
  "headTableRight": 1247,
  "headInnerRight": 1247,
  "diffBody": 0,
  "diffHead": 0,
  "bodyHasVScroll": false,
  "bodyHasHScroll": false
 },
 {
  "i": 6,
  "name": "No-border",
  "gridW": 1168,
  "bodyRectRight": 1224,
  "bodyInnerRight": 1224,
  "bodyTableRight": 1224,
  "headTableRight": 1224,
  "headInnerRight": 1224,
  "diffBody": 0,
  "diffHead": 0,
  "bodyHasVScroll": false,
  "bodyHasHScroll": false
 }
]
