=== component-theming start Fri Oct  9 22:30:55 CST 2026
=== component-theming exit=1 end Fri Oct  9 22:33:03 CST 2026
  2 failed
  105 passed (2.1m)
=== hit-target start Fri Oct  9 22:33:03 CST 2026
=== hit-target exit=0 end Fri Oct  9 22:33:06 CST 2026
  3 passed (1.2s)
=== focus-scan start Fri Oct  9 22:33:06 CST 2026
=== focus-scan exit=0 end Fri Oct  9 22:33:33 CST 2026
  47 skipped
  57 passed (26.2s)
=== forced-colors start Fri Oct  9 22:33:33 CST 2026
=== forced-colors exit=0 end Fri Oct  9 22:33:39 CST 2026
  17 passed (5.2s)
=== chromium start Fri Oct  9 22:33:39 CST 2026
=== chromium exit=1 end Fri Oct  9 22:35:29 CST 2026
  1 failed
  131 passed (1.8m)
=== gallery start Fri Oct  9 22:35:29 CST 2026
=== gallery exit=1 end Fri Oct  9 22:36:47 CST 2026
  2 failed
  80 passed (1.3m)
=== tablet start Fri Oct  9 22:36:47 CST 2026
=== tablet exit=1 end Fri Oct  9 22:37:44 CST 2026
  6 failed
  49 passed (56.5s)
=== ALL DONE Fri Oct  9 22:37:44 CST 2026
