
===== R2 vs round-1: 16 differing leaves (16 raw)
toast.tokens.--zk-toast-accent.raw: "#007fab" -> "color-mix(in srgb, #007fab 80%, #000000de)"
toast.tokens.--zk-toast-accent.resolved: "rgb(0, 127, 171)" -> "color(srgb 0 0.409018 0.550725 / 0.974118)"
toast.knob.info.geom.iconColor: "color(srgb 0.331723 0.257649 0.52818 / 0.974118)" -> "rgb(103, 80, 164)"
toast.knob.info.px.iconInk.n: 482 -> 483
toast.knob.info.px.iconInk.mostSaturated: [89,70,138] -> [103,80,164]
toast.knob.info.px.iconInk.darkest: [89,70,138] -> [103,80,164]
toast.knob.info.px.iconInk.median: [89,70,138] -> [103,80,164]
toast.knob.info.px.iconInk.contrastSat: 6.38 -> 5.22
toast.knob.info.px.iconInk.contrastDark: 6.38 -> 5.22
toast.knob.info.px.iconInk.contrastMedian: 6.38 -> 5.22
toast.knob.info.px.iconComputedRaw: "color(srgb 0.331723 0.257649 0.52818 / 0.974118)" -> "rgb(103, 80, 164)"
toast.knob.info.px.iconComputed: null -> [103,80,164]
toast.knob.info.px.contrastIconComputed: null -> 5.22
toast.knob.info.dE_icon_vs_default: 38.06 -> 44.18
notification.tokens.--zk-toast-accent.raw: "#007fab" -> "color-mix(in srgb, #007fab 80%, #000000de)"
notification.tokens.--zk-toast-accent.resolved: "rgb(0, 127, 171)" -> "color(srgb 0 0.409018 0.550725 / 0.974118)"

===== R2 vs RED: 434 differing leaves (448 raw)
toast.tokens.--zk-toast-accent.raw: "#007fab" -> "color-mix(in srgb, #007fab 80%, #000000de)"
toast.tokens.--zk-toast-accent.resolved: "rgb(0, 127, 171)" -> "color(srgb 0 0.409018 0.550725 / 0.974118)"
toast.static.info.geom.iconColor: "rgb(0, 127, 171)" -> "color(srgb 0 0.409018 0.550725 / 0.974118)"
toast.static.info.px.iconInk.mostSaturated: [0,127,171] -> [6,107,143]
toast.static.info.px.iconInk.darkest: [0,127,171] -> [6,107,143]
toast.static.info.px.iconInk.median: [0,127,171] -> [6,107,143]
toast.static.info.px.iconInk.contrastSat: 3.68 -> 4.85
toast.static.info.px.iconInk.contrastDark: 3.68 -> 4.85
toast.static.info.px.iconInk.contrastMedian: 3.68 -> 4.85
toast.static.info.px.iconComputedRaw: "rgb(0, 127, 171)" -> "color(srgb 0 0.409018 0.550725 / 0.974118)"
toast.static.info.px.iconComputed: [0,127,171] -> null
toast.static.info.px.contrastIconComputed: 3.68 -> null
toast.live.geom.iconColor: "rgb(0, 127, 171)" -> "color(srgb 0 0.409018 0.550725 / 0.974118)"
toast.live.px.iconInk.mostSaturated: [0,127,171] -> [6,107,143]
toast.live.px.iconInk.darkest: [0,127,171] -> [6,107,143]
toast.live.px.iconInk.median: [0,127,171] -> [6,107,143]
toast.live.px.iconInk.contrastSat: 3.68 -> 4.85
toast.live.px.iconInk.contrastDark: 3.68 -> 4.85
toast.live.px.iconInk.contrastMedian: 3.68 -> 4.85
toast.live.px.iconComputedRaw: "rgb(0, 127, 171)" -> "color(srgb 0 0.409018 0.550725 / 0.974118)"
toast.live.px.iconComputed: [0,127,171] -> null
toast.live.px.contrastIconComputed: 3.68 -> null
toast.knob.info.dE_icon_vs_default: 44.89 -> 44.18
notification.tokens.--zk-toast-accent.raw: "#007fab" -> "color-mix(in srgb, #007fab 80%, #000000de)"
notification.tokens.--zk-toast-accent.resolved: "rgb(0, 127, 171)" -> "color(srgb 0 0.409018 0.550725 / 0.974118)"
notification.static.info.geom.contentBg: "color(srgb 0.88 0.939765 0.960471)" -> "rgb(224, 232, 244)"
notification.static.info.geom.iconColor: "rgb(0, 127, 171)" -> "color(srgb 0 0.409018 0.550725 / 0.974118)"
notification.static.info.px.bg: [224,240,245] -> [224,232,244]
notification.static.info.px.bgWorst.c: [224,240,245] -> [224,232,244]
notification.static.info.px.bg2: [224,240,245] -> [224,232,244]
notification.static.info.px.iconInk.n: 483 -> 480
notification.static.info.px.iconInk.mostSaturated: [0,127,171] -> [6,107,143]
notification.static.info.px.iconInk.darkest: [0,127,171] -> [6,107,143]
notification.static.info.px.iconInk.median: [0,127,171] -> [6,107,143]
notification.static.info.px.iconInk.contrastSat: 3.88 -> 4.85
notification.static.info.px.iconInk.contrastDark: 3.88 -> 4.85
notification.static.info.px.iconInk.contrastMedian: 3.88 -> 4.85
notification.static.info.px.textInk.mostSaturated: [196,210,215] -> [196,203,214]
notification.static.info.px.textInk.darkest: [29,31,32] -> [29,30,32]
notification.static.info.px.textInk.median: [57,61,63] -> [57,59,62]
notification.static.info.px.textInk.contrastSat: 1.33 -> 1.32
notification.static.info.px.textInk.contrastDark: 14.15 -> 13.52
notification.static.info.px.textInk.contrastMedian: 9.38 -> 9.11
notification.static.info.px.iconComputedRaw: "rgb(0, 127, 171)" -> "color(srgb 0 0.409018 0.550725 / 0.974118)"
notification.static.info.px.iconComputed: [0,127,171] -> null
notification.static.info.px.contrastIconComputed: 3.88 -> null
notification.static.info.dE_bg_vs_toast: 5.07 -> 0
notification.static.warning.geom.contentBg: "color(srgb 0.968941 0.909647 0.88)" -> "oklch(0.92 0.0652707 39.5542)"
notification.static.warning.px.bg: [247,232,224] -> [255,215,197]
notification.static.warning.px.bgWorst.c: [247,232,224] -> [255,215,197]
notification.static.warning.px.bg2: [247,232,224] -> [255,215,197]
notification.static.warning.px.iconInk.n: 483 -> 478
notification.static.warning.px.iconInk.contrastSat: 7.4 -> 6.65
notification.static.warning.px.iconInk.contrastDark: 7.4 -> 6.65
notification.static.warning.px.iconInk.contrastMedian: 7.4 -> 6.65
notification.static.warning.px.textInk.n: 2708 -> 2700
notification.static.warning.px.textInk.mostSaturated: [217,203,196] -> [229,193,176]
notification.static.warning.px.textInk.darkest: [32,30,29] -> [33,28,26]
notification.static.warning.px.textInk.median: [62,58,56] -> [64,54,50]
notification.static.warning.px.textInk.contrastSat: 1.32 -> 1.25
notification.static.warning.px.textInk.contrastDark: 13.89 -> 12.67
notification.static.warning.px.textInk.contrastMedian: 9.41 -> 8.81
notification.static.warning.dE_bg_vs_toast: 11.97 -> 0
notification.static.error.geom.contentBg: "color(srgb 0.979294 0.902118 0.902118)" -> "oklch(0.89 0.0560565 26.4067)"
notification.static.error.px.bg: [250,230,230] -> [254,205,199]
notification.static.error.px.bgWorst.c: [250,230,230] -> [254,205,199]
notification.static.error.px.bg2: [250,230,230] -> [254,205,199]
notification.static.error.px.iconInk.n: 549 -> 547
notification.static.error.px.iconInk.contrastSat: 9.19 -> 7.75
notification.static.error.px.iconInk.contrastDark: 9.19 -> 7.75
notification.static.error.px.iconInk.contrastMedian: 9.19 -> 7.75
notification.static.error.px.textInk.n: 2360 -> 2356
notification.static.error.px.textInk.mostSaturated: [221,203,203] -> [228,184,178]
notification.static.error.px.textInk.darkest: [33,30,30] -> [33,27,26]
notification.static.error.px.textInk.median: [60,55,55] -> [60,48,47]
notification.static.error.px.textInk.contrastSat: 1.3 -> 1.25
notification.static.error.px.textInk.contrastDark: 13.81 -> 11.95
notification.static.error.px.textInk.contrastMedian: 9.77 -> 8.92
notification.static.error.dE_bg_vs_toast: 13.54 -> 0
notification.pointer.info.left.geom.contentBg: "color(srgb 0.88 0.939765 0.960471)" -> "rgb(224, 232, 244)"
notification.pointer.info.left.geom.iconColor: "rgb(0, 127, 171)" -> "color(srgb 0 0.409018 0.550725 / 0.974118)"
notification.pointer.info.left.geom.pointer.borderRight: "rgb(0, 127, 171)" -> "rgb(224, 232, 244)"
notification.pointer.info.left.px.bg: [224,240,245] -> [224,232,244]
notification.pointer.info.left.px.bgWorst.c: [224,240,245] -> [224,232,244]
notification.pointer.info.left.px.bg2: [224,240,245] -> [224,232,244]
notification.pointer.info.left.px.iconInk.n: 483 -> 480
notification.pointer.info.left.px.iconInk.mostSaturated: [0,127,171] -> [6,107,143]
notification.pointer.info.left.px.iconInk.darkest: [0,127,171] -> [6,107,143]
notification.pointer.info.left.px.iconInk.median: [0,127,171] -> [6,107,143]
notification.pointer.info.left.px.iconInk.contrastSat: 3.88 -> 4.85
notification.pointer.info.left.px.iconInk.contrastDark: 3.88 -> 4.85
notification.pointer.info.left.px.iconInk.contrastMedian: 3.88 -> 4.85
notification.pointer.info.left.px.textInk.mostSaturated: [196,210,215] -> [196,203,214]
notification.pointer.info.left.px.textInk.darkest: [29,31,32] -> [29,30,32]
notification.pointer.info.left.px.textInk.median: [58,62,64] -> [58,60,63]
notification.pointer.info.left.px.textInk.contrastSat: 1.33 -> 1.32
notification.pointer.info.left.px.textInk.contrastDark: 14.15 -> 13.52
notification.pointer.info.left.px.textInk.contrastMedian: 9.24 -> 8.97
notification.pointer.info.left.px.closeInk.mostSaturated: [119,128,131] -> [119,124,130]
notification.pointer.info.left.px.closeInk.darkest: [106,114,116] -> [106,110,116]
notification.pointer.info.left.px.closeInk.median: [116,124,127] -> [116,120,126]
notification.pointer.info.left.px.closeInk.contrastSat: 3.45 -> 3.41
notification.pointer.info.left.px.closeInk.contrastDark: 4.2 -> 4.16
notification.pointer.info.left.px.closeInk.contrastMedian: 3.64 -> 3.6
notification.pointer.info.left.px.pointer.color: [0,127,171] -> [224,232,244]
notification.pointer.info.left.px.pointer.worstInner.dE: 52.64 -> 0
notification.pointer.info.left.px.pointer.worstInner.c: [224,240,245] -> [224,232,244]
notification.pointer.info.left.px.pointer.dE_vs_contentBg: 52.64 -> 0
notification.pointer.info.left.px.pointer.dE_vs_pageBg: 60.84 -> 10.67
notification.pointer.info.left.px.pointer.contrast_vs_pageBg: 4.54 -> 1.23
notification.pointer.info.left.px.iconComputedRaw: "rgb(0, 127, 171)" -> "color(srgb 0 0.409018 0.550725 / 0.974118)"
notification.pointer.info.left.px.iconComputed: [0,127,171] -> null
notification.pointer.info.left.px.contrastIconComputed: 3.88 -> null
notification.pointer.info.left.dE_bg_vs_toast: 5.07 -> 0
notification.pointer.info.right.geom.contentBg: "color(srgb 0.88 0.939765 0.960471)" -> "rgb(224, 232, 244)"
notification.pointer.info.right.geom.iconColor: "rgb(0, 127, 171)" -> "color(srgb 0 0.409018 0.550725 / 0.974118)"
notification.pointer.info.right.px.bg: [224,240,245] -> [224,232,244]
notification.pointer.info.right.px.bgWorst.c: [224,240,245] -> [224,232,244]
notification.pointer.info.right.px.bg2: [224,240,245] -> [224,232,244]
notification.pointer.info.right.px.iconInk.n: 481 -> 478
notification.pointer.info.right.px.iconInk.mostSaturated: [0,127,171] -> [6,107,143]
notification.pointer.info.right.px.iconInk.darkest: [0,127,171] -> [6,107,143]
notification.pointer.info.right.px.iconInk.median: [0,127,171] -> [6,107,143]
notification.pointer.info.right.px.iconInk.contrastSat: 3.88 -> 4.85
notification.pointer.info.right.px.iconInk.contrastDark: 3.88 -> 4.85
notification.pointer.info.right.px.iconInk.contrastMedian: 3.88 -> 4.85
notification.pointer.info.right.px.textInk.mostSaturated: [196,210,215] -> [196,203,214]
notification.pointer.info.right.px.textInk.darkest: [29,31,32] -> [29,30,32]
notification.pointer.info.right.px.textInk.median: [57,61,63] -> [57,59,62]
notification.pointer.info.right.px.textInk.contrastSat: 1.33 -> 1.32
notification.pointer.info.right.px.textInk.contrastDark: 14.15 -> 13.52
notification.pointer.info.right.px.textInk.contrastMedian: 9.38 -> 9.11
notification.pointer.info.right.px.closeInk.mostSaturated: [119,128,131] -> [119,124,130]
notification.pointer.info.right.px.closeInk.darkest: [106,114,116] -> [106,110,116]
notification.pointer.info.right.px.closeInk.median: [116,124,127] -> [116,120,126]
notification.pointer.info.right.px.closeInk.contrastSat: 3.45 -> 3.41
notification.pointer.info.right.px.closeInk.contrastDark: 4.2 -> 4.16
notification.pointer.info.right.px.closeInk.contrastMedian: 3.64 -> 3.6
notification.pointer.info.right.px.pointer.dE_vs_contentBg: 5.07 -> 0
notification.pointer.info.right.px.iconComputedRaw: "rgb(0, 127, 171)" -> "color(srgb 0 0.409018 0.550725 / 0.974118)"
notification.pointer.info.right.px.iconComputed: [0,127,171] -> null
notification.pointer.info.right.px.contrastIconComputed: 3.88 -> null
notification.pointer.info.right.dE_bg_vs_toast: 5.07 -> 0
notification.pointer.info.up.geom.contentBg: "color(srgb 0.88 0.939765 0.960471)" -> "rgb(224, 232, 244)"
notification.pointer.info.up.geom.iconColor: "rgb(0, 127, 171)" -> "color(srgb 0 0.409018 0.550725 / 0.974118)"
notification.pointer.info.up.px.bg: [224,240,245] -> [224,232,244]
notification.pointer.info.up.px.bgWorst.c: [224,240,245] -> [224,232,244]
notification.pointer.info.up.px.bg2: [224,240,245] -> [224,232,244]
notification.pointer.info.up.px.iconInk.n: 483 -> 480
notification.pointer.info.up.px.iconInk.mostSaturated: [0,127,171] -> [6,107,143]
notification.pointer.info.up.px.iconInk.darkest: [0,127,171] -> [6,107,143]
notification.pointer.info.up.px.iconInk.median: [0,127,171] -> [6,107,143]
notification.pointer.info.up.px.iconInk.contrastSat: 3.88 -> 4.85
notification.pointer.info.up.px.iconInk.contrastDark: 3.88 -> 4.85
notification.pointer.info.up.px.iconInk.contrastMedian: 3.88 -> 4.85
notification.pointer.info.up.px.textInk.mostSaturated: [196,210,215] -> [196,203,214]
notification.pointer.info.up.px.textInk.darkest: [29,31,32] -> [29,30,32]
notification.pointer.info.up.px.textInk.median: [57,61,63] -> [57,59,62]
notification.pointer.info.up.px.textInk.contrastSat: 1.33 -> 1.32
notification.pointer.info.up.px.textInk.contrastDark: 14.15 -> 13.52
notification.pointer.info.up.px.textInk.contrastMedian: 9.38 -> 9.11
notification.pointer.info.up.px.closeInk.mostSaturated: [119,128,131] -> [119,124,130]
notification.pointer.info.up.px.closeInk.darkest: [106,114,116] -> [106,110,116]
notification.pointer.info.up.px.closeInk.median: [116,124,127] -> [116,120,126]
notification.pointer.info.up.px.closeInk.contrastSat: 3.45 -> 3.41
notification.pointer.info.up.px.closeInk.contrastDark: 4.2 -> 4.16
notification.pointer.info.up.px.closeInk.contrastMedian: 3.64 -> 3.6
notification.pointer.info.up.px.pointer.worstInner.dE: 5.07 -> 0
notification.pointer.info.up.px.pointer.worstInner.c: [224,240,245] -> [224,232,244]
notification.pointer.info.up.px.pointer.dE_vs_contentBg: 5.07 -> 0
notification.pointer.info.up.px.iconComputedRaw: "rgb(0, 127, 171)" -> "color(srgb 0 0.409018 0.550725 / 0.974118)"
notification.pointer.info.up.px.iconComputed: [0,127,171] -> null
notification.pointer.info.up.px.contrastIconComputed: 3.88 -> null
notification.pointer.info.up.dE_bg_vs_toast: 5.07 -> 0
notification.pointer.info.down.geom.contentBg: "color(srgb 0.88 0.939765 0.960471)" -> "rgb(224, 232, 244)"
notification.pointer.info.down.geom.iconColor: "rgb(0, 127, 171)" -> "color(srgb 0 0.409018 0.550725 / 0.974118)"
notification.pointer.info.down.px.bg: [224,240,245] -> [224,232,244]
notification.pointer.info.down.px.bgWorst.c: [224,240,245] -> [224,232,244]
notification.pointer.info.down.px.bg2: [224,240,245] -> [224,232,244]
notification.pointer.info.down.px.iconInk.n: 483 -> 480
notification.pointer.info.down.px.iconInk.mostSaturated: [0,127,171] -> [6,107,143]
notification.pointer.info.down.px.iconInk.darkest: [0,127,171] -> [6,107,143]
notification.pointer.info.down.px.iconInk.median: [0,127,171] -> [6,107,143]
notification.pointer.info.down.px.iconInk.contrastSat: 3.88 -> 4.85
notification.pointer.info.down.px.iconInk.contrastDark: 3.88 -> 4.85
notification.pointer.info.down.px.iconInk.contrastMedian: 3.88 -> 4.85
notification.pointer.info.down.px.textInk.mostSaturated: [196,210,215] -> [196,203,214]
notification.pointer.info.down.px.textInk.darkest: [29,31,32] -> [29,30,32]
notification.pointer.info.down.px.textInk.median: [57,61,63] -> [57,59,62]
notification.pointer.info.down.px.textInk.contrastSat: 1.33 -> 1.32
notification.pointer.info.down.px.textInk.contrastDark: 14.15 -> 13.52
notification.pointer.info.down.px.textInk.contrastMedian: 9.38 -> 9.11
notification.pointer.info.down.px.closeInk.mostSaturated: [119,128,131] -> [119,124,130]
notification.pointer.info.down.px.closeInk.darkest: [106,114,116] -> [106,110,116]
notification.pointer.info.down.px.closeInk.median: [116,124,127] -> [116,120,126]
notification.pointer.info.down.px.closeInk.contrastSat: 3.45 -> 3.41
notification.pointer.info.down.px.closeInk.contrastDark: 4.2 -> 4.16
notification.pointer.info.down.px.closeInk.contrastMedian: 3.64 -> 3.6
notification.pointer.info.down.px.pointer.worstInner.dE: 5.07 -> 0
notification.pointer.info.down.px.pointer.worstInner.c: [224,240,245] -> [224,232,244]
notification.pointer.info.down.px.pointer.dE_vs_contentBg: 5.07 -> 0
notification.pointer.info.down.px.iconComputedRaw: "rgb(0, 127, 171)" -> "color(srgb 0 0.409018 0.550725 / 0.974118)"
notification.pointer.info.down.px.iconComputed: [0,127,171] -> null
notification.pointer.info.down.px.contrastIconComputed: 3.88 -> null
notification.pointer.info.down.dE_bg_vs_toast: 5.07 -> 0
notification.pointer.warning.left.geom.contentBg: "color(srgb 0.968941 0.909647 0.88)" -> "oklch(0.92 0.0652707 39.5542)"
notification.pointer.warning.left.geom.pointer.borderRight: "rgb(255, 152, 0)" -> "oklch(0.92 0.0652707 39.5542)"
notification.pointer.warning.left.px.bg: [247,232,224] -> [255,215,197]
notification.pointer.warning.left.px.bgWorst.c: [247,232,224] -> [255,215,197]
notification.pointer.warning.left.px.bg2: [247,232,224] -> [255,215,197]
notification.pointer.warning.left.px.iconInk.n: 483 -> 478
notification.pointer.warning.left.px.iconInk.contrastSat: 7.4 -> 6.65
notification.pointer.warning.left.px.iconInk.contrastDark: 7.4 -> 6.65
notification.pointer.warning.left.px.iconInk.contrastMedian: 7.4 -> 6.65
notification.pointer.warning.left.px.textInk.n: 2632 -> 2617
notification.pointer.warning.left.px.textInk.mostSaturated: [217,203,196] -> [229,193,176]
notification.pointer.warning.left.px.textInk.darkest: [32,30,29] -> [33,28,26]
notification.pointer.warning.left.px.textInk.median: [60,57,55] -> [61,52,47]
notification.pointer.warning.left.px.textInk.contrastSat: 1.32 -> 1.25
notification.pointer.warning.left.px.textInk.contrastDark: 13.89 -> 12.67
notification.pointer.warning.left.px.textInk.contrastMedian: 9.59 -> 9.12
notification.pointer.warning.left.px.closeInk.mostSaturated: [215,202,195] -> [222,187,171]
notification.pointer.warning.left.px.closeInk.darkest: [32,30,29] -> [33,28,26]
notification.pointer.warning.left.px.closeInk.median: [128,120,116] -> [132,111,102]
notification.pointer.warning.left.px.closeInk.contrastDark: 13.89 -> 12.67
notification.pointer.warning.left.px.closeInk.contrastMedian: 3.62 -> 3.55
notification.pointer.warning.left.px.pointer.color: [255,152,0] -> [255,215,197]
notification.pointer.warning.left.px.pointer.worstInner.dE: 79.12 -> 0
notification.pointer.warning.left.px.pointer.worstInner.c: [247,232,224] -> [255,215,197]
notification.pointer.warning.left.px.pointer.dE_vs_contentBg: 79.12 -> 0
notification.pointer.warning.left.px.pointer.dE_vs_pageBg: 87.57 -> 21.19
notification.pointer.warning.left.px.pointer.contrast_vs_pageBg: 2.16 -> 1.33
notification.pointer.warning.left.dE_bg_vs_toast: 11.97 -> 0
notification.pointer.warning.right.geom.contentBg: "color(srgb 0.968941 0.909647 0.88)" -> "oklch(0.92 0.0652707 39.5542)"
notification.pointer.warning.right.geom.pointer.borderLeft: "color(srgb 0.741176 0.247059 0 / 0.12)" -> "oklch(0.92 0.0652707 39.5542)"
notification.pointer.warning.right.px.bg: [247,232,224] -> [255,215,197]
notification.pointer.warning.right.px.bgWorst.c: [247,232,224] -> [255,215,197]
notification.pointer.warning.right.px.bg2: [247,232,224] -> [255,215,197]
notification.pointer.warning.right.px.iconInk.n: 481 -> 474
notification.pointer.warning.right.px.iconInk.contrastSat: 7.4 -> 6.65
notification.pointer.warning.right.px.iconInk.contrastDark: 7.4 -> 6.65
notification.pointer.warning.right.px.iconInk.contrastMedian: 7.4 -> 6.65
notification.pointer.warning.right.px.textInk.n: 2694 -> 2686
notification.pointer.warning.right.px.textInk.mostSaturated: [217,203,196] -> [229,193,176]
notification.pointer.warning.right.px.textInk.darkest: [32,30,29] -> [33,28,26]
notification.pointer.warning.right.px.textInk.median: [62,58,56] -> [64,54,50]
notification.pointer.warning.right.px.textInk.contrastSat: 1.32 -> 1.25
notification.pointer.warning.right.px.textInk.contrastDark: 13.89 -> 12.67
notification.pointer.warning.right.px.textInk.contrastMedian: 9.41 -> 8.81
notification.pointer.warning.right.px.closeInk.mostSaturated: [132,124,119] -> [138,116,106]
notification.pointer.warning.right.px.closeInk.darkest: [117,110,106] -> [121,102,93]
notification.pointer.warning.right.px.closeInk.median: [128,120,116] -> [132,111,102]
notification.pointer.warning.right.px.closeInk.contrastSat: 3.43 -> 3.3
notification.pointer.warning.right.px.closeInk.contrastDark: 4.19 -> 4.08
notification.pointer.warning.right.px.closeInk.contrastMedian: 3.62 -> 3.55
notification.pointer.warning.right.px.pointer.color: [241,226,218] -> [255,215,197]
notification.pointer.warning.right.px.pointer.worstInner.dE: 6.74 -> 0
notification.pointer.warning.right.px.pointer.worstInner.c: [222,207,199] -> [255,215,197]
notification.pointer.warning.right.px.pointer.dE_vs_contentBg: 2.11 -> 0
notification.pointer.warning.right.px.pointer.dE_vs_pageBg: 11.44 -> 21.19
notification.pointer.warning.right.px.pointer.contrast_vs_pageBg: 1.26 -> 1.33
notification.pointer.warning.right.dE_bg_vs_toast: 11.97 -> 0
notification.pointer.warning.up.geom.contentBg: "color(srgb 0.968941 0.909647 0.88)" -> "oklch(0.92 0.0652707 39.5542)"
notification.pointer.warning.up.geom.pointer.borderBottom: "color(srgb 0.741176 0.247059 0 / 0.12)" -> "oklch(0.92 0.0652707 39.5542)"
notification.pointer.warning.up.px.bg: [247,232,224] -> [255,215,197]
notification.pointer.warning.up.px.bgWorst.c: [247,232,224] -> [255,215,197]
notification.pointer.warning.up.px.bg2: [247,232,224] -> [255,215,197]
notification.pointer.warning.up.px.iconInk.n: 483 -> 478
notification.pointer.warning.up.px.iconInk.contrastSat: 7.4 -> 6.65
notification.pointer.warning.up.px.iconInk.contrastDark: 7.4 -> 6.65
notification.pointer.warning.up.px.iconInk.contrastMedian: 7.4 -> 6.65
notification.pointer.warning.up.px.textInk.n: 2616 -> 2609
notification.pointer.warning.up.px.textInk.mostSaturated: [217,203,196] -> [229,193,176]
notification.pointer.warning.up.px.textInk.darkest: [32,30,29] -> [33,28,26]
notification.pointer.warning.up.px.textInk.median: [62,58,56] -> [64,54,50]
notification.pointer.warning.up.px.textInk.contrastSat: 1.32 -> 1.25
notification.pointer.warning.up.px.textInk.contrastDark: 13.89 -> 12.67
notification.pointer.warning.up.px.textInk.contrastMedian: 9.41 -> 8.81
notification.pointer.warning.up.px.closeInk.mostSaturated: [186,174,168] -> [192,162,148]
notification.pointer.warning.up.px.closeInk.darkest: [32,30,29] -> [33,28,26]
notification.pointer.warning.up.px.closeInk.median: [128,120,116] -> [132,111,102]
notification.pointer.warning.up.px.closeInk.contrastSat: 1.81 -> 1.79
notification.pointer.warning.up.px.closeInk.contrastDark: 13.89 -> 12.67
notification.pointer.warning.up.px.closeInk.contrastMedian: 3.62 -> 3.55
notification.pointer.warning.up.px.pointer.color: [247,232,224] -> [255,215,197]
notification.pointer.warning.up.px.pointer.worstInner.dE: 3.16 -> 0
notification.pointer.warning.up.px.pointer.worstInner.c: [238,223,215] -> [255,215,197]
notification.pointer.warning.up.px.pointer.dE_vs_pageBg: 76.8 -> 80.8
notification.pointer.warning.up.px.pointer.contrast_vs_pageBg: 4.04 -> 3.63
notification.pointer.warning.up.dE_bg_vs_toast: 11.97 -> 0
notification.pointer.warning.down.geom.contentBg: "color(srgb 0.968941 0.909647 0.88)" -> "oklch(0.92 0.0652707 39.5542)"
notification.pointer.warning.down.geom.pointer.borderTop: "color(srgb 0.741176 0.247059 0 / 0.12)" -> "oklch(0.92 0.0652707 39.5542)"
notification.pointer.warning.down.px.bg: [247,232,224] -> [255,215,197]
notification.pointer.warning.down.px.bgWorst.c: [247,232,224] -> [255,215,197]
notification.pointer.warning.down.px.bg2: [247,232,224] -> [255,215,197]
notification.pointer.warning.down.px.iconInk.n: 483 -> 478
notification.pointer.warning.down.px.iconInk.contrastSat: 7.4 -> 6.65
notification.pointer.warning.down.px.iconInk.contrastDark: 7.4 -> 6.65
notification.pointer.warning.down.px.iconInk.contrastMedian: 7.4 -> 6.65
notification.pointer.warning.down.px.textInk.n: 2616 -> 2609
notification.pointer.warning.down.px.textInk.mostSaturated: [217,203,196] -> [229,193,176]
notification.pointer.warning.down.px.textInk.darkest: [32,30,29] -> [33,28,26]
notification.pointer.warning.down.px.textInk.median: [62,58,56] -> [64,54,50]
notification.pointer.warning.down.px.textInk.contrastSat: 1.32 -> 1.25
notification.pointer.warning.down.px.textInk.contrastDark: 13.89 -> 12.67
notification.pointer.warning.down.px.textInk.contrastMedian: 9.41 -> 8.81
notification.pointer.warning.down.px.closeInk.mostSaturated: [221,208,201] -> [229,193,176]
notification.pointer.warning.down.px.closeInk.darkest: [32,30,29] -> [33,28,26]
notification.pointer.warning.down.px.closeInk.median: [128,120,116] -> [132,111,102]
notification.pointer.warning.down.px.closeInk.contrastSat: 1.26 -> 1.25
notification.pointer.warning.down.px.closeInk.contrastDark: 13.89 -> 12.67
notification.pointer.warning.down.px.closeInk.contrastMedian: 3.62 -> 3.55
notification.pointer.warning.down.px.pointer.color: [235,220,212] -> [255,215,197]
notification.pointer.warning.down.px.pointer.worstInner.dE: 10.75 -> 0
notification.pointer.warning.down.px.pointer.worstInner.c: [205,190,182] -> [255,215,197]
notification.pointer.warning.down.px.pointer.dE_vs_contentBg: 4.22 -> 0
notification.pointer.warning.down.px.pointer.dE_vs_pageBg: 13.21 -> 21.19
notification.pointer.warning.down.px.pointer.contrast_vs_pageBg: 1.34 -> 1.33
notification.pointer.warning.down.dE_bg_vs_toast: 11.97 -> 0
notification.pointer.error.left.geom.contentBg: "color(srgb 0.979294 0.902118 0.902118)" -> "oklch(0.89 0.0560565 26.4067)"
notification.pointer.error.left.geom.pointer.borderRight: "rgb(239, 83, 80)" -> "oklch(0.89 0.0560565 26.4067)"
notification.pointer.error.left.px.bg: [250,230,230] -> [254,205,199]
notification.pointer.error.left.px.bgWorst.c: [250,230,230] -> [254,205,199]
notification.pointer.error.left.px.bg2: [250,230,230] -> [254,205,199]
notification.pointer.error.left.px.iconInk.n: 549 -> 547
notification.pointer.error.left.px.iconInk.contrastSat: 9.19 -> 7.75
notification.pointer.error.left.px.iconInk.contrastDark: 9.19 -> 7.75
notification.pointer.error.left.px.iconInk.contrastMedian: 9.19 -> 7.75
notification.pointer.error.left.px.textInk.n: 2354 -> 2339
notification.pointer.error.left.px.textInk.mostSaturated: [221,203,203] -> [228,184,178]
notification.pointer.error.left.px.textInk.darkest: [33,30,30] -> [33,27,26]
notification.pointer.error.left.px.textInk.median: [57,53,53] -> [57,46,45]
notification.pointer.error.left.px.textInk.contrastSat: 1.3 -> 1.25
notification.pointer.error.left.px.textInk.contrastDark: 13.81 -> 11.95
notification.pointer.error.left.px.textInk.contrastMedian: 10.1 -> 9.22
notification.pointer.error.left.px.closeInk.mostSaturated: [134,123,123] -> [133,108,104]
notification.pointer.error.left.px.closeInk.darkest: [119,109,109] -> [121,97,94]
notification.pointer.error.left.px.closeInk.median: [129,119,119] -> [131,106,103]
notification.pointer.error.left.px.closeInk.contrastSat: 3.41 -> 3.4
notification.pointer.error.left.px.closeInk.contrastDark: 4.18 -> 4.01
notification.pointer.error.left.px.closeInk.contrastMedian: 3.62 -> 3.5
notification.pointer.error.left.px.pointer.color: [239,83,80] -> [254,205,199]
notification.pointer.error.left.px.pointer.worstInner.dE: 71.58 -> 0
notification.pointer.error.left.px.pointer.worstInner.c: [250,230,230] -> [254,205,199]
notification.pointer.error.left.px.pointer.dE_vs_contentBg: 71.58 -> 0
notification.pointer.error.left.px.pointer.dE_vs_pageBg: 81.34 -> 23.32
notification.pointer.error.left.px.pointer.contrast_vs_pageBg: 3.49 -> 1.42
notification.pointer.error.left.dE_bg_vs_toast: 13.54 -> 0
notification.pointer.error.right.geom.contentBg: "color(srgb 0.979294 0.902118 0.902118)" -> "oklch(0.89 0.0560565 26.4067)"
notification.pointer.error.right.geom.pointer.borderLeft: "color(srgb 0.827451 0.184314 0.184314 / 0.12)" -> "oklch(0.89 0.0560565 26.4067)"
notification.pointer.error.right.px.bg: [250,230,230] -> [254,205,199]
notification.pointer.error.right.px.bgWorst.c: [250,230,230] -> [254,205,199]
notification.pointer.error.right.px.bg2: [250,230,230] -> [254,205,199]
notification.pointer.error.right.px.iconInk.n: 548 -> 546
notification.pointer.error.right.px.iconInk.contrastSat: 9.19 -> 7.75
notification.pointer.error.right.px.iconInk.contrastDark: 9.19 -> 7.75
notification.pointer.error.right.px.iconInk.contrastMedian: 9.19 -> 7.75
notification.pointer.error.right.px.textInk.n: 2360 -> 2356
notification.pointer.error.right.px.textInk.mostSaturated: [221,203,203] -> [228,184,178]
notification.pointer.error.right.px.textInk.darkest: [33,30,30] -> [33,27,26]
notification.pointer.error.right.px.textInk.median: [60,55,55] -> [60,48,47]
notification.pointer.error.right.px.textInk.contrastSat: 1.3 -> 1.25
notification.pointer.error.right.px.textInk.contrastDark: 13.81 -> 11.95
notification.pointer.error.right.px.textInk.contrastMedian: 9.77 -> 8.92
notification.pointer.error.right.px.closeInk.mostSaturated: [134,123,123] -> [133,108,104]
notification.pointer.error.right.px.closeInk.darkest: [119,109,109] -> [121,97,94]
notification.pointer.error.right.px.closeInk.median: [129,119,119] -> [131,106,103]
notification.pointer.error.right.px.closeInk.contrastSat: 3.41 -> 3.4
notification.pointer.error.right.px.closeInk.contrastDark: 4.18 -> 4.01
notification.pointer.error.right.px.closeInk.contrastMedian: 3.62 -> 3.5
notification.pointer.error.right.px.pointer.color: [244,224,224] -> [254,205,199]
notification.pointer.error.right.px.pointer.worstInner.dE: 6.74 -> 0
notification.pointer.error.right.px.pointer.worstInner.c: [225,205,205] -> [254,205,199]
notification.pointer.error.right.px.pointer.dE_vs_contentBg: 2.11 -> 0
notification.pointer.error.right.px.pointer.dE_vs_pageBg: 11.77 -> 23.32
notification.pointer.error.right.px.pointer.contrast_vs_pageBg: 1.27 -> 1.42
notification.pointer.error.right.dE_bg_vs_toast: 13.54 -> 0
notification.pointer.error.up.geom.contentBg: "color(srgb 0.979294 0.902118 0.902118)" -> "oklch(0.89 0.0560565 26.4067)"
notification.pointer.error.up.geom.pointer.borderBottom: "color(srgb 0.827451 0.184314 0.184314 / 0.12)" -> "oklch(0.89 0.0560565 26.4067)"
notification.pointer.error.up.px.bg: [250,230,230] -> [254,205,199]
notification.pointer.error.up.px.bgWorst.c: [250,230,230] -> [254,205,199]
notification.pointer.error.up.px.bg2: [250,230,230] -> [254,205,199]
notification.pointer.error.up.px.iconInk.n: 549 -> 547
notification.pointer.error.up.px.iconInk.contrastSat: 9.19 -> 7.75
notification.pointer.error.up.px.iconInk.contrastDark: 9.19 -> 7.75
notification.pointer.error.up.px.iconInk.contrastMedian: 9.19 -> 7.75
notification.pointer.error.up.px.textInk.n: 2360 -> 2356
notification.pointer.error.up.px.textInk.mostSaturated: [221,203,203] -> [228,184,178]
notification.pointer.error.up.px.textInk.darkest: [33,30,30] -> [33,27,26]
notification.pointer.error.up.px.textInk.median: [60,55,55] -> [60,48,47]
notification.pointer.error.up.px.textInk.contrastSat: 1.3 -> 1.25
notification.pointer.error.up.px.textInk.contrastDark: 13.81 -> 11.95
notification.pointer.error.up.px.textInk.contrastMedian: 9.77 -> 8.92
notification.pointer.error.up.px.closeInk.mostSaturated: [134,123,123] -> [133,108,104]
notification.pointer.error.up.px.closeInk.darkest: [119,109,109] -> [121,97,94]
notification.pointer.error.up.px.closeInk.median: [129,119,119] -> [131,106,103]
notification.pointer.error.up.px.closeInk.contrastSat: 3.41 -> 3.4
notification.pointer.error.up.px.closeInk.contrastDark: 4.18 -> 4.01
notification.pointer.error.up.px.closeInk.contrastMedian: 3.62 -> 3.5
notification.pointer.error.up.px.pointer.color: [250,230,230] -> [254,205,199]
notification.pointer.error.up.px.pointer.worstInner.dE: 3.16 -> 0
notification.pointer.error.up.px.pointer.worstInner.c: [241,221,221] -> [254,205,199]
notification.pointer.error.up.px.pointer.dE_vs_pageBg: 73.77 -> 75.58
notification.pointer.error.up.px.pointer.contrast_vs_pageBg: 4.03 -> 3.4
notification.pointer.error.up.dE_bg_vs_toast: 13.54 -> 0
notification.pointer.error.down.geom.contentBg: "color(srgb 0.979294 0.902118 0.902118)" -> "oklch(0.89 0.0560565 26.4067)"
notification.pointer.error.down.geom.pointer.borderTop: "color(srgb 0.827451 0.184314 0.184314 / 0.12)" -> "oklch(0.89 0.0560565 26.4067)"
notification.pointer.error.down.px.bg: [250,230,230] -> [254,205,199]
notification.pointer.error.down.px.bgWorst.c: [250,230,230] -> [254,205,199]
notification.pointer.error.down.px.bg2: [250,230,230] -> [254,205,199]
notification.pointer.error.down.px.iconInk.n: 549 -> 547
notification.pointer.error.down.px.iconInk.contrastSat: 9.19 -> 7.75
notification.pointer.error.down.px.iconInk.contrastDark: 9.19 -> 7.75
notification.pointer.error.down.px.iconInk.contrastMedian: 9.19 -> 7.75
notification.pointer.error.down.px.textInk.n: 2360 -> 2356
notification.pointer.error.down.px.textInk.mostSaturated: [221,203,203] -> [228,184,178]
notification.pointer.error.down.px.textInk.darkest: [33,30,30] -> [33,27,26]
notification.pointer.error.down.px.textInk.median: [60,55,55] -> [60,48,47]
notification.pointer.error.down.px.textInk.contrastSat: 1.3 -> 1.25
notification.pointer.error.down.px.textInk.contrastDark: 13.81 -> 11.95
notification.pointer.error.down.px.textInk.contrastMedian: 9.77 -> 8.92
notification.pointer.error.down.px.closeInk.mostSaturated: [134,123,123] -> [133,108,104]
notification.pointer.error.down.px.closeInk.darkest: [119,109,109] -> [121,97,94]
notification.pointer.error.down.px.closeInk.median: [129,119,119] -> [131,106,103]
notification.pointer.error.down.px.closeInk.contrastSat: 3.41 -> 3.4
notification.pointer.error.down.px.closeInk.contrastDark: 4.18 -> 4.01
notification.pointer.error.down.px.closeInk.contrastMedian: 3.62 -> 3.5
notification.pointer.error.down.px.pointer.color: [238,218,218] -> [254,205,199]
notification.pointer.error.down.px.pointer.worstInner.dE: 10.75 -> 0
notification.pointer.error.down.px.pointer.worstInner.c: [208,188,188] -> [254,205,199]
notification.pointer.error.down.px.pointer.dE_vs_contentBg: 4.22 -> 0
notification.pointer.error.down.px.pointer.dE_vs_pageBg: 13.52 -> 23.32
notification.pointer.error.down.px.pointer.contrast_vs_pageBg: 1.34 -> 1.42
notification.pointer.error.down.dE_bg_vs_toast: 13.54 -> 0
