toast info: bg 224,232,244 icon sat 6,107,143 contrast 4.85 (darkest 6,107,143 4.85) computed color(srgb 0 0.409018 0.550725 / 0.974118) -> null; text darkest 29,30,32 13.52; close 87,90,95
toast warning: bg 255,215,197 icon sat 122,54,30 contrast 6.65 (darkest 122,54,30 6.65) computed oklch(0.42 0.101341 39.5542) -> null; text darkest 33,28,26 12.67; close 99,83,76
toast error: bg 254,205,199 icon sat 127,0,10 contrast 7.75 (darkest 127,0,10 7.75) computed oklch(0.375 0.154155 26.4067) -> null; text darkest 33,27,26 11.95; close 99,80,77
toast live info: bg 224,232,244 icon sat 6,107,143 contrast 4.85
toast knob info: icon sat 103,80,164 dE vs default 44.18; bg dE 0
toast knob warning: icon sat 122,54,30 dE vs default 0; bg dE 0
toast knob error: icon sat 127,0,10 dE vs default 0; bg dE 0
toast forced info: bg 255,255,255 icon n 491 darkest 0,0,0 contrast 21
toast forced warning: bg 255,255,255 icon n 491 darkest 0,0,0 contrast 21
toast forced error: bg 255,255,255 icon n 566 darkest 0,0,0 contrast 21
notification forced info: bg 255,255,255 icon n 491 darkest 0,0,0 contrast 21
notification forced warning: bg 255,255,255 icon n 491 darkest 0,0,0 contrast 21
notification forced error: bg 255,255,255 icon n 566 darkest 0,0,0 contrast 21
notification info: bg 224,232,244 vs toast 224,232,244 dE 0; icon sat 6,107,143 contrast 4.85 (darkest 4.85) computed color(srgb 0 0.409018 0.550725 / 0.974118) -> null
notification warning: bg 255,215,197 vs toast 255,215,197 dE 0; icon sat 122,54,30 contrast 6.65 (darkest 6.65) computed oklch(0.42 0.101341 39.5542) -> null
notification error: bg 254,205,199 vs toast 254,205,199 dE 0; icon sat 127,0,10 contrast 7.75 (darkest 7.75) computed oklch(0.375 0.154155 26.4067) -> null
notification info left (end_center): pointer cls "z-notification-pointer z-notification-left" colour 224,232,244 under 55,111,208 dE vs content bg 0 (content bg 224,232,244) dE vs page 10.67; computed borders T rgba(0, 0, 0, 0) R rgb(224, 232, 244) B rgba(0, 0, 0, 0) L rgba(0, 0, 0, 0)
notification info right (start_center): pointer cls "z-notification-pointer z-notification-right" colour 224,232,244 under 55,111,208 dE vs content bg 0 (content bg 224,232,244) dE vs page 10.67; computed borders T rgba(0, 0, 0, 0) R rgba(0, 0, 0, 0) B rgba(0, 0, 0, 0) L rgb(224, 232, 244)
notification info up (after_center): pointer cls "z-notification-pointer z-notification-up" colour 224,232,244 under 55,111,208 dE vs content bg 0 (content bg 224,232,244) dE vs page 67.32; computed borders T rgba(0, 0, 0, 0) R rgba(0, 0, 0, 0) B rgb(224, 232, 244) L rgba(0, 0, 0, 0)
notification info down (before_center): pointer cls "z-notification-pointer z-notification-down" colour 224,232,244 under 55,111,208 dE vs content bg 0 (content bg 224,232,244) dE vs page 10.67; computed borders T rgb(224, 232, 244) R rgba(0, 0, 0, 0) B rgba(0, 0, 0, 0) L rgba(0, 0, 0, 0)
notification warning left (end_center): pointer cls "z-notification-pointer z-notification-left" colour 255,215,197 under 55,111,208 dE vs content bg 0 (content bg 255,215,197) dE vs page 21.19; computed borders T rgba(0, 0, 0, 0) R oklch(0.92 0.0652707 39.5542) B rgba(0, 0, 0, 0) L rgba(0, 0, 0, 0)
notification warning right (start_center): pointer cls "z-notification-pointer z-notification-right" colour 255,215,197 under 55,111,208 dE vs content bg 0 (content bg 255,215,197) dE vs page 21.19; computed borders T rgba(0, 0, 0, 0) R rgba(0, 0, 0, 0) B rgba(0, 0, 0, 0) L oklch(0.92 0.0652707 39.5542)
notification warning up (after_center): pointer cls "z-notification-pointer z-notification-up" colour 255,215,197 under 55,111,208 dE vs content bg 0 (content bg 255,215,197) dE vs page 80.8; computed borders T rgba(0, 0, 0, 0) R rgba(0, 0, 0, 0) B oklch(0.92 0.0652707 39.5542) L rgba(0, 0, 0, 0)
notification warning down (before_center): pointer cls "z-notification-pointer z-notification-down" colour 255,215,197 under 55,111,208 dE vs content bg 0 (content bg 255,215,197) dE vs page 21.19; computed borders T oklch(0.92 0.0652707 39.5542) R rgba(0, 0, 0, 0) B rgba(0, 0, 0, 0) L rgba(0, 0, 0, 0)
notification error left (end_center): pointer cls "z-notification-pointer z-notification-left" colour 254,205,199 under 55,111,208 dE vs content bg 0 (content bg 254,205,199) dE vs page 23.32; computed borders T rgba(0, 0, 0, 0) R oklch(0.89 0.0560565 26.4067) B rgba(0, 0, 0, 0) L rgba(0, 0, 0, 0)
notification error right (start_center): pointer cls "z-notification-pointer z-notification-right" colour 254,205,199 under 55,111,208 dE vs content bg 0 (content bg 254,205,199) dE vs page 23.32; computed borders T rgba(0, 0, 0, 0) R rgba(0, 0, 0, 0) B rgba(0, 0, 0, 0) L oklch(0.89 0.0560565 26.4067)
notification error up (after_center): pointer cls "z-notification-pointer z-notification-up" colour 254,205,199 under 55,111,208 dE vs content bg 0 (content bg 254,205,199) dE vs page 75.58; computed borders T rgba(0, 0, 0, 0) R rgba(0, 0, 0, 0) B oklch(0.89 0.0560565 26.4067) L rgba(0, 0, 0, 0)
notification error down (before_center): pointer cls "z-notification-pointer z-notification-down" colour 254,205,199 under 55,111,208 dE vs content bg 0 (content bg 254,205,199) dE vs page 23.32; computed borders T oklch(0.89 0.0560565 26.4067) R rgba(0, 0, 0, 0) B rgba(0, 0, 0, 0) L rgba(0, 0, 0, 0)
