{
 "panel": {
  "expected": [
   1280,
   2241
  ],
  "actual": [
   1280,
   2245
  ],
  "rawDiffPixels": 61944,
  "compensatedDiffPixels": 11751,
  "shiftRuns": [
   {
    "y0": 0,
    "y1": 185,
    "shift": 0
   },
   {
    "y0": 188,
    "y1": 207,
    "shift": 0
   },
   {
    "y0": 222,
    "y1": 264,
    "shift": 0
   },
   {
    "y0": 275,
    "y1": 299,
    "shift": 0
   },
   {
    "y0": 304,
    "y1": 356,
    "shift": 0
   },
   {
    "y0": 357,
    "y1": 365,
    "shift": 2
   },
   {
    "y0": 367,
    "y1": 378,
    "shift": 0
   },
   {
    "y0": 382,
    "y1": 414,
    "shift": 0
   },
   {
    "y0": 417,
    "y1": 424,
    "shift": 2
   },
   {
    "y0": 426,
    "y1": 436,
    "shift": 0
   },
   {
    "y0": 441,
    "y1": 460,
    "shift": 0
   },
   {
    "y0": 461,
    "y1": 477,
    "shift": 2
   },
   {
    "y0": 479,
    "y1": 497,
    "shift": 0
   },
   {
    "y0": 501,
    "y1": 515,
    "shift": 0
   },
   {
    "y0": 518,
    "y1": 529,
    "shift": 2
   },
   {
    "y0": 531,
    "y1": 544,
    "shift": 0
   },
   {
    "y0": 551,
    "y1": 569,
    "shift": 0
   },
   {
    "y0": 570,
    "y1": 577,
    "shift": 2
   },
   {
    "y0": 583,
    "y1": 637,
    "shift": 0
   },
   {
    "y0": 639,
    "y1": 656,
    "shift": 0
   },
   {
    "y0": 657,
    "y1": 667,
    "shift": 2
   },
   {
    "y0": 669,
    "y1": 680,
    "shift": 0
   },
   {
    "y0": 689,
    "y1": 729,
    "shift": 0
   },
   {
    "y0": 730,
    "y1": 738,
    "shift": 2
   },
   {
    "y0": 740,
    "y1": 751,
    "shift": 0
   },
   {
    "y0": 755,
    "y1": 786,
    "shift": 0
   },
   {
    "y0": 787,
    "y1": 798,
    "shift": 2
   },
   {
    "y0": 800,
    "y1": 832,
    "shift": 0
   },
   {
    "y0": 833,
    "y1": 849,
    "shift": 2
   },
   {
    "y0": 851,
    "y1": 888,
    "shift": 0
   },
   {
    "y0": 889,
    "y1": 900,
    "shift": 2
   },
   {
    "y0": 902,
    "y1": 917,
    "shift": 0
   },
   {
    "y0": 922,
    "y1": 940,
    "shift": 0
   },
   {
    "y0": 941,
    "y1": 952,
    "shift": 2
   },
   {
    "y0": 954,
    "y1": 1009,
    "shift": 0
   },
   {
    "y0": 1013,
    "y1": 1029,
    "shift": 0
   },
   {
    "y0": 1030,
    "y1": 1041,
    "shift": 2
   },
   {
    "y0": 1043,
    "y1": 1058,
    "shift": 0
   },
   {
    "y0": 1062,
    "y1": 1102,
    "shift": 0
   },
   {
    "y0": 1103,
    "y1": 1111,
    "shift": 2
   },
   {
    "y0": 1113,
    "y1": 1124,
    "shift": 0
   },
   {
    "y0": 1128,
    "y1": 1159,
    "shift": 0
   },
   {
    "y0": 1160,
    "y1": 1171,
    "shift": 2
   },
   {
    "y0": 1173,
    "y1": 1184,
    "shift": 0
   },
   {
    "y0": 1187,
    "y1": 1206,
    "shift": 0
   },
   {
    "y0": 1207,
    "y1": 1223,
    "shift": 2
   },
   {
    "y0": 1225,
    "y1": 1243,
    "shift": 0
   },
   {
    "y0": 1247,
    "y1": 1263,
    "shift": 0
   },
   {
    "y0": 1264,
    "y1": 1273,
    "shift": 2
   },
   {
    "y0": 1279,
    "y1": 1380,
    "shift": 0
   },
   {
    "y0": 1385,
    "y1": 1412,
    "shift": 0
   },
   {
    "y0": 1413,
    "y1": 1424,
    "shift": 2
   },
   {
    "y0": 1426,
    "y1": 1435,
    "shift": 0
   },
   {
    "y0": 1439,
    "y1": 1455,
    "shift": 0
   },
   {
    "y0": 1456,
    "y1": 1470,
    "shift": 2
   },
   {
    "y0": 1472,
    "y1": 1634,
    "shift": 0
   },
   {
    "y0": 1638,
    "y1": 1677,
    "shift": 0
   },
   {
    "y0": 1678,
    "y1": 1689,
    "shift": 2
   },
   {
    "y0": 1691,
    "y1": 1700,
    "shift": 0
   },
   {
    "y0": 1704,
    "y1": 1729,
    "shift": 0
   },
   {
    "y0": 1733,
    "y1": 1751,
    "shift": 0
   },
   {
    "y0": 1752,
    "y1": 1766,
    "shift": 2
   },
   {
    "y0": 1768,
    "y1": 1786,
    "shift": 0
   },
   {
    "y0": 1790,
    "y1": 1807,
    "shift": 0
   },
   {
    "y0": 1808,
    "y1": 1822,
    "shift": 2
   },
   {
    "y0": 1824,
    "y1": 1928,
    "shift": 0
   },
   {
    "y0": 1932,
    "y1": 1972,
    "shift": 0
   },
   {
    "y0": 1973,
    "y1": 1981,
    "shift": 2
   },
   {
    "y0": 1983,
    "y1": 1994,
    "shift": 0
   },
   {
    "y0": 1998,
    "y1": 2029,
    "shift": 0
   },
   {
    "y0": 2030,
    "y1": 2042,
    "shift": 2
   },
   {
    "y0": 2044,
    "y1": 2054,
    "shift": 0
   },
   {
    "y0": 2057,
    "y1": 2076,
    "shift": 0
   },
   {
    "y0": 2096,
    "y1": 2112,
    "shift": 0
   },
   {
    "y0": 2117,
    "y1": 2136,
    "shift": 0
   },
   {
    "y0": 2148,
    "y1": 2172,
    "shift": 0
   },
   {
    "y0": 2177,
    "y1": 2240,
    "shift": 0
   }
  ],
  "bands": [
   {
    "y0": 186,
    "y1": 186,
    "shift": 2,
    "px": 2
   },
   {
    "y0": 187,
    "y1": 187,
    "shift": 1,
    "px": 2
   },
   {
    "y0": 188,
    "y1": 207,
    "shift": 0,
    "px": 40
   },
   {
    "y0": 208,
    "y1": 208,
    "shift": 1,
    "px": 11
   },
   {
    "y0": 209,
    "y1": 211,
    "shift": 0,
    "px": 60
   },
   {
    "y0": 212,
    "y1": 212,
    "shift": 1,
    "px": 36
   },
   {
    "y0": 213,
    "y1": 213,
    "shift": 0,
    "px": 35
   },
   {
    "y0": 214,
    "y1": 216,
    "shift": 1,
    "px": 98
   },
   {
    "y0": 217,
    "y1": 217,
    "shift": 4,
    "px": 25
   },
   {
    "y0": 218,
    "y1": 218,
    "shift": 3,
    "px": 29
   },
   {
    "y0": 219,
    "y1": 219,
    "shift": 2,
    "px": 27
   },
   {
    "y0": 220,
    "y1": 221,
    "shift": 1,
    "px": 8
   },
   {
    "y0": 222,
    "y1": 264,
    "shift": 0,
    "px": 109
   },
   {
    "y0": 265,
    "y1": 266,
    "shift": 1,
    "px": 78
   },
   {
    "y0": 267,
    "y1": 267,
    "shift": 2,
    "px": 33
   },
   {
    "y0": 268,
    "y1": 268,
    "shift": 1,
    "px": 35
   },
   {
    "y0": 269,
    "y1": 269,
    "shift": 0,
    "px": 34
   },
   {
    "y0": 270,
    "y1": 270,
    "shift": 4,
    "px": 24
   },
   {
    "y0": 271,
    "y1": 271,
    "shift": 3,
    "px": 31
   },
   {
    "y0": 272,
    "y1": 273,
    "shift": 2,
    "px": 38
   },
   {
    "y0": 274,
    "y1": 274,
    "shift": 1,
    "px": 2
   },
   {
    "y0": 275,
    "y1": 299,
    "shift": 0,
    "px": 50
   },
   {
    "y0": 437,
    "y1": 437,
    "shift": 2,
    "px": 272
   },
   {
    "y0": 438,
    "y1": 438,
    "shift": 0,
    "px": 2
   },
   {
    "y0": 439,
    "y1": 439,
    "shift": 2,
    "px": 2
   },
   {
    "y0": 440,
    "y1": 440,
    "shift": 1,
    "px": 2
   },
   {
    "y0": 441,
    "y1": 460,
    "shift": 0,
    "px": 45
   },
   {
    "y0": 461,
    "y1": 477,
    "shift": 2,
    "px": 1218
   },
   {
    "y0": 478,
    "y1": 478,
    "shift": 1,
    "px": 2
   },
   {
    "y0": 479,
    "y1": 497,
    "shift": 0,
    "px": 38
   },
   {
    "y0": 498,
    "y1": 498,
    "shift": 2,
    "px": 2
   },
   {
    "y0": 499,
    "y1": 499,
    "shift": 0,
    "px": 2
   },
   {
    "y0": 500,
    "y1": 500,
    "shift": 1,
    "px": 2
   },
   {
    "y0": 501,
    "y1": 515,
    "shift": 0,
    "px": 30
   },
   {
    "y0": 516,
    "y1": 516,
    "shift": 3,
    "px": 12
   },
   {
    "y0": 517,
    "y1": 517,
    "shift": 0,
    "px": 12
   },
   {
    "y0": 518,
    "y1": 529,
    "shift": 2,
    "px": 327
   },
   {
    "y0": 530,
    "y1": 530,
    "shift": 1,
    "px": 2
   },
   {
    "y0": 531,
    "y1": 544,
    "shift": 0,
    "px": 28
   },
   {
    "y0": 547,
    "y1": 547,
    "shift": 3,
    "px": 2
   },
   {
    "y0": 548,
    "y1": 549,
    "shift": 2,
    "px": 4
   },
   {
    "y0": 550,
    "y1": 550,
    "shift": 1,
    "px": 2
   },
   {
    "y0": 551,
    "y1": 569,
    "shift": 0,
    "px": 77
   },
   {
    "y0": 570,
    "y1": 577,
    "shift": 2,
    "px": 521
   },
   {
    "y0": 578,
    "y1": 578,
    "shift": 3,
    "px": 45
   },
   {
    "y0": 579,
    "y1": 581,
    "shift": 2,
    "px": 11
   },
   {
    "y0": 582,
    "y1": 582,
    "shift": 1,
    "px": 2
   },
   {
    "y0": 583,
    "y1": 637,
    "shift": 0,
    "px": 664
   },
   {
    "y0": 638,
    "y1": 638,
    "shift": 1,
    "px": 2
   },
   {
    "y0": 639,
    "y1": 656,
    "shift": 0,
    "px": 55
   },
   {
    "y0": 657,
    "y1": 667,
    "shift": 2,
    "px": 611
   },
   {
    "y0": 668,
    "y1": 668,
    "shift": 1,
    "px": 2
   },
   {
    "y0": 669,
    "y1": 680,
    "shift": 0,
    "px": 24
   },
   {
    "y0": 685,
    "y1": 685,
    "shift": 3,
    "px": 272
   },
   {
    "y0": 1183,
    "y1": 1184,
    "shift": 0,
    "px": 282
   },
   {
    "y0": 1185,
    "y1": 1185,
    "shift": 2,
    "px": 4
   },
   {
    "y0": 1186,
    "y1": 1186,
    "shift": 1,
    "px": 4
   },
   {
    "y0": 1187,
    "y1": 1206,
    "shift": 0,
    "px": 243
   },
   {
    "y0": 1207,
    "y1": 1223,
    "shift": 2,
    "px": 2052
   },
   {
    "y0": 1224,
    "y1": 1224,
    "shift": 1,
    "px": 4
   },
   {
    "y0": 1225,
    "y1": 1243,
    "shift": 0,
    "px": 76
   },
   {
    "y0": 1244,
    "y1": 1244,
    "shift": 2,
    "px": 4
   },
   {
    "y0": 1245,
    "y1": 1245,
    "shift": 0,
    "px": 4
   },
   {
    "y0": 1246,
    "y1": 1246,
    "shift": 1,
    "px": 4
   },
   {
    "y0": 1247,
    "y1": 1263,
    "shift": 0,
    "px": 68
   },
   {
    "y0": 1264,
    "y1": 1273,
    "shift": 2,
    "px": 585
   },
   {
    "y0": 1274,
    "y1": 1274,
    "shift": 3,
    "px": 52
   },
   {
    "y0": 1275,
    "y1": 1277,
    "shift": 2,
    "px": 17
   },
   {
    "y0": 1278,
    "y1": 1278,
    "shift": 1,
    "px": 4
   },
   {
    "y0": 1279,
    "y1": 1380,
    "shift": 0,
    "px": 408
   },
   {
    "y0": 1381,
    "y1": 1381,
    "shift": 4,
    "px": 2
   },
   {
    "y0": 1382,
    "y1": 1382,
    "shift": 3,
    "px": 280
   },
   {
    "y0": 2055,
    "y1": 2055,
    "shift": 2,
    "px": 4
   },
   {
    "y0": 2056,
    "y1": 2056,
    "shift": 1,
    "px": 4
   },
   {
    "y0": 2057,
    "y1": 2076,
    "shift": 0,
    "px": 81
   },
   {
    "y0": 2077,
    "y1": 2077,
    "shift": 3,
    "px": 49
   },
   {
    "y0": 2078,
    "y1": 2079,
    "shift": 0,
    "px": 99
   },
   {
    "y0": 2080,
    "y1": 2081,
    "shift": 2,
    "px": 352
   },
   {
    "y0": 2082,
    "y1": 2082,
    "shift": 0,
    "px": 176
   },
   {
    "y0": 2083,
    "y1": 2086,
    "shift": 3,
    "px": 678
   },
   {
    "y0": 2087,
    "y1": 2089,
    "shift": 4,
    "px": 383
   },
   {
    "y0": 2090,
    "y1": 2090,
    "shift": 3,
    "px": 12
   },
   {
    "y0": 2091,
    "y1": 2091,
    "shift": 2,
    "px": 12
   },
   {
    "y0": 2092,
    "y1": 2092,
    "shift": 4,
    "px": 10
   },
   {
    "y0": 2093,
    "y1": 2093,
    "shift": 3,
    "px": 4
   },
   {
    "y0": 2094,
    "y1": 2094,
    "shift": 2,
    "px": 4
   },
   {
    "y0": 2095,
    "y1": 2095,
    "shift": 1,
    "px": 4
   },
   {
    "y0": 2096,
    "y1": 2112,
    "shift": 0,
    "px": 68
   },
   {
    "y0": 2113,
    "y1": 2113,
    "shift": 4,
    "px": 2
   },
   {
    "y0": 2114,
    "y1": 2114,
    "shift": 3,
    "px": 2
   },
   {
    "y0": 2115,
    "y1": 2115,
    "shift": 2,
    "px": 2
   },
   {
    "y0": 2116,
    "y1": 2116,
    "shift": 1,
    "px": 2
   },
   {
    "y0": 2117,
    "y1": 2136,
    "shift": 0,
    "px": 133
   },
   {
    "y0": 2137,
    "y1": 2137,
    "shift": 2,
    "px": 62
   },
   {
    "y0": 2138,
    "y1": 2138,
    "shift": 0,
    "px": 59
   },
   {
    "y0": 2139,
    "y1": 2141,
    "shift": 3,
    "px": 180
   },
   {
    "y0": 2142,
    "y1": 2142,
    "shift": 2,
    "px": 63
   },
   {
    "y0": 2143,
    "y1": 2144,
    "shift": 4,
    "px": 58
   },
   {
    "y0": 2145,
    "y1": 2145,
    "shift": 3,
    "px": 2
   },
   {
    "y0": 2146,
    "y1": 2146,
    "shift": 2,
    "px": 2
   },
   {
    "y0": 2147,
    "y1": 2147,
    "shift": 1,
    "px": 2
   },
   {
    "y0": 2148,
    "y1": 2172,
    "shift": 0,
    "px": 50
   }
  ]
 },
 "borderlayout": {
  "expected": [
   1280,
   2543
  ],
  "actual": [
   1280,
   2543
  ],
  "diffPixels": 278671,
  "ratio": 0.0856,
  "bands": [
   {
    "y0": 34,
    "y1": 54,
    "px": 1232
   },
   {
    "y0": 104,
    "y1": 116,
    "px": 2174
   },
   {
    "y0": 202,
    "y1": 213,
    "px": 437
   },
   {
    "y0": 217,
    "y1": 265,
    "px": 34356
   },
   {
    "y0": 280,
    "y1": 297,
    "px": 1666
   },
   {
    "y0": 305,
    "y1": 305,
    "px": 484
   },
   {
    "y0": 326,
    "y1": 337,
    "px": 835
   },
   {
    "y0": 450,
    "y1": 538,
    "px": 79416
   },
   {
    "y0": 543,
    "y1": 554,
    "px": 450
   },
   {
    "y0": 598,
    "y1": 609,
    "px": 952
   },
   {
    "y0": 696,
    "y1": 707,
    "px": 437
   },
   {
    "y0": 711,
    "y1": 747,
    "px": 44951
   },
   {
    "y0": 751,
    "y1": 787,
    "px": 29142
   },
   {
    "y0": 808,
    "y1": 819,
    "px": 1304
   },
   {
    "y0": 856,
    "y1": 892,
    "px": 28284
   },
   {
    "y0": 896,
    "y1": 932,
    "px": 44922
   },
   {
    "y0": 937,
    "y1": 948,
    "px": 450
   },
   {
    "y0": 992,
    "y1": 1003,
    "px": 1021
   },
   {
    "y0": 1050,
    "y1": 1061,
    "px": 437
   },
   {
    "y0": 1066,
    "y1": 1077,
    "px": 437
   },
   {
    "y0": 1290,
    "y1": 1301,
    "px": 450
   },
   {
    "y0": 1306,
    "y1": 1317,
    "px": 450
   },
   {
    "y0": 1386,
    "y1": 1397,
    "px": 1330
   },
   {
    "y0": 1445,
    "y1": 1455,
    "px": 646
   },
   {
    "y0": 1797,
    "y1": 1810,
    "px": 1105
   },
   {
    "y0": 2150,
    "y1": 2163,
    "px": 1303
   }
  ]
 },
 "tabbox": {
  "expected": [
   1280,
   4332
  ],
  "actual": [
   1280,
   4332
  ],
  "diffPixels": 3366,
  "bands": [
   {
    "y0": 3983,
    "y1": 3995,
    "px": 706
   },
   {
    "y0": 4087,
    "y1": 4100,
    "px": 752
   },
   {
    "y0": 4136,
    "y1": 4149,
    "px": 768
   },
   {
    "y0": 4186,
    "y1": 4197,
    "px": 580
   },
   {
    "y0": 4235,
    "y1": 4246,
    "px": 560
   }
  ]
 }
}
