=== BL0 {"l":32,"t":60,"r":1242,"b":460,"w":1210,"h":400}
   north  z-north                    body {"l":32,"t":100,"r":1242,"b":159,"w":1210,"h":59} bodyPad 0px size 25% scroll {"scrollHeight":59,"clientHeight":59,"scrollWidth":1210,"clientWidth":1210,"overflowY":"auto","fits":true} text "North Content" rangeL-bodyL 16 inkL-bodyL 17 inkT-bodyT 21 ink {"l":49,"t":121,"w":86,"h":10.5} base [255,255,255] 
        chain ["SPAN.z-label pad=0px","DIV.z-p-4 z-div pad=16px","DIV.z-north-body pad=0px","DIV.z-north pad=0px"] 
        efp ["DIV.z-p-4 z-div pad=16px","DIV.z-north-body pad=0px","DIV.z-north pad=0px","DIV.z-borderlayout pad=0px","DIV.z-py-3 z-div pad=12px 0px","DIV.z-mb-6 z-div pad=0px"] head {"l":32,"t":60,"r":1242,"b":100,"w":1210,"h":40} splitter {"l":32,"t":160,"r":1242,"b":168,"w":1210,"h":8}
   south  z-south                    body {"l":32,"t":401,"r":1242,"b":460,"w":1210,"h":59} bodyPad 0px size 25% scroll {"scrollHeight":59,"clientHeight":59,"scrollWidth":1210,"clientWidth":1210,"overflowY":"auto","fits":true} text "South Content" rangeL-bodyL 16 inkL-bodyL 16.5 inkT-bodyT 21 ink {"l":48.5,"t":422,"w":87.5,"h":10.5} base [255,255,255] 
        chain ["SPAN.z-label pad=0px","DIV.z-p-4 z-div pad=16px","DIV.z-south-body pad=0px","DIV.z-south pad=0px"] 
        efp ["DIV.z-p-4 z-div pad=16px","DIV.z-south-body pad=0px","DIV.z-south pad=0px","DIV.z-borderlayout pad=0px","DIV.z-py-3 z-div pad=12px 0px","DIV.z-mb-6 z-div pad=0px"] head {"l":32,"t":361,"r":1242,"b":401,"w":1210,"h":40} splitter {"l":32,"t":352,"r":1242,"b":360,"w":1210,"h":8}
   west   z-west                     body {"l":32,"t":208,"r":273,"b":352,"w":241,"h":144} bodyPad 0px size 20% scroll {"scrollHeight":144,"clientHeight":144,"scrollWidth":241,"clientWidth":241,"overflowY":"auto","fits":true} text "West Content" rangeL-bodyL 16 inkL-bodyL 16 inkT-bodyT 21 ink {"l":48,"t":229,"w":83,"h":10.5} base [247,249,252] 
        chain ["SPAN.z-label pad=0px","DIV.z-p-4 z-div pad=16px","DIV.z-west-body pad=0px","DIV.z-west pad=0px"] 
        efp ["DIV.z-p-4 z-div pad=16px","DIV.z-west-body pad=0px","DIV.z-west pad=0px","DIV.z-borderlayout pad=0px","DIV.z-py-3 z-div pad=12px 0px","DIV.z-mb-6 z-div pad=0px"] head {"l":32,"t":168,"r":273,"b":208,"w":241,"h":40} splitter {"l":274,"t":168,"r":282,"b":352,"w":8,"h":184}
   east   z-east                     body {"l":1001,"t":208,"r":1242,"b":352,"w":241,"h":144} bodyPad 0px size 20% scroll {"scrollHeight":144,"clientHeight":144,"scrollWidth":241,"clientWidth":241,"overflowY":"auto","fits":true} text "East Content" rangeL-bodyL 16 inkL-bodyL 17 inkT-bodyT 21 ink {"l":1018,"t":229,"w":77.5,"h":10.5} base [247,249,252] 
        chain ["SPAN.z-label pad=0px","DIV.z-p-4 z-div pad=16px","DIV.z-east-body pad=0px","DIV.z-east pad=0px"] 
        efp ["DIV.z-p-4 z-div pad=16px","DIV.z-east-body pad=0px","DIV.z-east pad=0px","DIV.z-borderlayout pad=0px","DIV.z-py-3 z-div pad=12px 0px","DIV.z-mb-6 z-div pad=0px"] head {"l":1001,"t":168,"r":1242,"b":208,"w":241,"h":40} splitter {"l":992,"t":168,"r":1000,"b":352,"w":8,"h":184}
   center z-center                   body {"l":282,"t":168,"r":992,"b":352,"w":710,"h":184} bodyPad 0px size null scroll {"scrollHeight":184,"clientHeight":184,"scrollWidth":710,"clientWidth":710,"overflowY":"auto","fits":true} text "Center Content" rangeL-bodyL 16 inkL-bodyL 16.5 inkT-bodyT 21 ink {"l":298.5,"t":189,"w":93,"h":10.5} base [255,255,255] 
        chain ["SPAN.z-label pad=0px","DIV.z-p-4 z-div pad=16px","DIV.z-center-body pad=0px","DIV.z-center pad=0px"] 
        efp ["DIV.z-p-4 z-div pad=16px","DIV.z-center-body pad=0px","DIV.z-center pad=0px","DIV.z-borderlayout pad=0px","DIV.z-py-3 z-div pad=12px 0px","DIV.z-mb-6 z-div pad=0px"] head null splitter null
=== BL1 {"l":32,"t":60,"r":1242,"b":360,"w":1210,"h":300}
   north  z-north                    body {"l":32,"t":100,"r":1242,"b":164,"w":1210,"h":64} bodyPad 0px size 35% scroll {"scrollHeight":64,"clientHeight":64,"scrollWidth":1210,"clientWidth":1210,"overflowY":"auto","fits":true} text "North Content" rangeL-bodyL 16 inkL-bodyL 17 inkT-bodyT 21 ink {"l":49,"t":121,"w":86,"h":10.5} base [255,255,255] 
        chain ["SPAN.z-label pad=0px","DIV.z-p-4 z-div pad=16px","DIV.z-north-body pad=0px","DIV.z-north pad=0px"] 
        efp ["DIV.z-p-4 z-div pad=16px","DIV.z-north-body pad=0px","DIV.z-north pad=0px","DIV.z-borderlayout pad=0px","DIV.z-py-3 z-div pad=12px 0px","DIV.z-mb-6 z-div pad=0px"] head {"l":32,"t":60,"r":1242,"b":100,"w":1210,"h":40} splitter {"l":0,"t":0,"r":0,"b":0,"w":0,"h":0}
   south  z-south                    body {"l":32,"t":296,"r":1242,"b":360,"w":1210,"h":64} bodyPad 0px size 35% scroll {"scrollHeight":64,"clientHeight":64,"scrollWidth":1210,"clientWidth":1210,"overflowY":"auto","fits":true} text "South Content" rangeL-bodyL 16 inkL-bodyL 16.5 inkT-bodyT 21 ink {"l":48.5,"t":317,"w":87.5,"h":10.5} base [255,255,255] 
        chain ["SPAN.z-label pad=0px","DIV.z-p-4 z-div pad=16px","DIV.z-south-body pad=0px","DIV.z-south pad=0px"] 
        efp ["DIV.z-p-4 z-div pad=16px","DIV.z-south-body pad=0px","DIV.z-south pad=0px","DIV.z-borderlayout pad=0px","DIV.z-py-3 z-div pad=12px 0px","DIV.z-mb-6 z-div pad=0px"] head {"l":32,"t":256,"r":1242,"b":296,"w":1210,"h":40} splitter {"l":0,"t":0,"r":0,"b":0,"w":0,"h":0}
   west   z-west                     body {"l":32,"t":205,"r":273,"b":255,"w":241,"h":50} bodyPad 0px size 20% scroll {"scrollHeight":52,"clientHeight":50,"scrollWidth":235,"clientWidth":235,"overflowY":"auto","fits":false} text "West Content" rangeL-bodyL 16 inkL-bodyL 16 inkT-bodyT 21 ink {"l":48,"t":226,"w":83,"h":10.5} base [247,249,252] 
        chain ["SPAN.z-label pad=0px","DIV.z-p-4 z-div pad=16px","DIV.z-west-body pad=0px","DIV.z-west pad=0px"] 
        efp ["DIV.z-p-4 z-div pad=16px","DIV.z-west-body pad=0px","DIV.z-west pad=0px","DIV.z-borderlayout pad=0px","DIV.z-py-3 z-div pad=12px 0px","DIV.z-mb-6 z-div pad=0px"] head {"l":32,"t":165,"r":273,"b":205,"w":241,"h":40} splitter {"l":0,"t":0,"r":0,"b":0,"w":0,"h":0}
   east   z-east                     body {"l":1001,"t":205,"r":1242,"b":255,"w":241,"h":50} bodyPad 0px size 20% scroll {"scrollHeight":52,"clientHeight":50,"scrollWidth":235,"clientWidth":235,"overflowY":"auto","fits":false} text "East Content" rangeL-bodyL 16 inkL-bodyL 17 inkT-bodyT 21 ink {"l":1018,"t":226,"w":77.5,"h":10.5} base [247,249,252] 
        chain ["SPAN.z-label pad=0px","DIV.z-p-4 z-div pad=16px","DIV.z-east-body pad=0px","DIV.z-east pad=0px"] 
        efp ["DIV.z-p-4 z-div pad=16px","DIV.z-east-body pad=0px","DIV.z-east pad=0px","DIV.z-borderlayout pad=0px","DIV.z-py-3 z-div pad=12px 0px","DIV.z-mb-6 z-div pad=0px"] head {"l":1001,"t":165,"r":1242,"b":205,"w":241,"h":40} splitter {"l":0,"t":0,"r":0,"b":0,"w":0,"h":0}
   center z-center                   body {"l":274,"t":205,"r":1000,"b":255,"w":726,"h":50} bodyPad 0px size null scroll {"scrollHeight":52,"clientHeight":50,"scrollWidth":720,"clientWidth":720,"overflowY":"auto","fits":false} text "Center Content" rangeL-bodyL 16 inkL-bodyL 16.5 inkT-bodyT 21 ink {"l":290.5,"t":226,"w":93,"h":10.5} base [255,255,255] 
        chain ["SPAN.z-label pad=0px","DIV.z-p-4 z-div pad=16px","DIV.z-center-body pad=0px","DIV.z-center pad=0px"] 
        efp ["DIV.z-p-4 z-div pad=16px","DIV.z-center-body pad=0px","DIV.z-center pad=0px","DIV.z-borderlayout pad=0px","DIV.z-py-3 z-div pad=12px 0px","DIV.z-mb-6 z-div pad=0px"] head {"l":274,"t":165,"r":1000,"b":205,"w":726,"h":40} splitter null
=== BL2 {"l":32,"t":60,"r":1242,"b":360,"w":1210,"h":300}
   north  z-north z-north-noborder   body {"l":32,"t":60,"r":1242,"b":120,"w":1210,"h":60} bodyPad 0px size 20% scroll {"scrollHeight":60,"clientHeight":60,"scrollWidth":1210,"clientWidth":1210,"overflowY":"auto","fits":true} text "North Content" rangeL-bodyL 16 inkL-bodyL 17 inkT-bodyT 21 ink {"l":49,"t":81,"w":86,"h":10.5} base [255,255,255] 
        chain ["SPAN.z-label pad=0px","DIV.z-p-4 z-div pad=16px","DIV.z-north-body pad=0px","DIV.z-north z-north-noborder pad=0px"] 
        efp ["DIV.z-p-4 z-div pad=16px","DIV.z-north-body pad=0px","DIV.z-north z-north-noborder pad=0px","DIV.z-borderlayout pad=0px","DIV.z-py-3 z-div pad=12px 0px","DIV.z-mb-6 z-div pad=0px"] head null splitter {"l":0,"t":0,"r":0,"b":0,"w":0,"h":0}
   south  z-south z-south-noborder   body {"l":32,"t":300,"r":1242,"b":360,"w":1210,"h":60} bodyPad 0px size 20% scroll {"scrollHeight":60,"clientHeight":60,"scrollWidth":1210,"clientWidth":1210,"overflowY":"auto","fits":true} text "South Content" rangeL-bodyL 16 inkL-bodyL 16.5 inkT-bodyT 21 ink {"l":48.5,"t":321,"w":87.5,"h":10.5} base [255,255,255] 
        chain ["SPAN.z-label pad=0px","DIV.z-p-4 z-div pad=16px","DIV.z-south-body pad=0px","DIV.z-south z-south-noborder pad=0px"] 
        efp ["DIV.z-p-4 z-div pad=16px","DIV.z-south-body pad=0px","DIV.z-south z-south-noborder pad=0px","DIV.z-borderlayout pad=0px","DIV.z-py-3 z-div pad=12px 0px","DIV.z-mb-6 z-div pad=0px"] head null splitter {"l":0,"t":0,"r":0,"b":0,"w":0,"h":0}
   west   z-west z-west-noborder     body {"l":32,"t":120,"r":274,"b":300,"w":242,"h":180} bodyPad 0px size 20% scroll {"scrollHeight":180,"clientHeight":180,"scrollWidth":242,"clientWidth":242,"overflowY":"auto","fits":true} text "West Content" rangeL-bodyL 16 inkL-bodyL 16 inkT-bodyT 21 ink {"l":48,"t":141,"w":83,"h":10.5} base [247,249,252] 
        chain ["SPAN.z-label pad=0px","DIV.z-p-4 z-div pad=16px","DIV.z-west-body pad=0px","DIV.z-west z-west-noborder pad=0px"] 
        efp ["DIV.z-p-4 z-div pad=16px","DIV.z-west-body pad=0px","DIV.z-west z-west-noborder pad=0px","DIV.z-borderlayout pad=0px","DIV.z-py-3 z-div pad=12px 0px","DIV.z-mb-6 z-div pad=0px"] head null splitter {"l":0,"t":0,"r":0,"b":0,"w":0,"h":0}
   east   z-east z-east-noborder     body {"l":1000,"t":120,"r":1242,"b":300,"w":242,"h":180} bodyPad 0px size 20% scroll {"scrollHeight":180,"clientHeight":180,"scrollWidth":242,"clientWidth":242,"overflowY":"auto","fits":true} text "East Content" rangeL-bodyL 16 inkL-bodyL 17 inkT-bodyT 21 ink {"l":1017,"t":141,"w":77.5,"h":10.5} base [247,249,252] 
        chain ["SPAN.z-label pad=0px","DIV.z-p-4 z-div pad=16px","DIV.z-east-body pad=0px","DIV.z-east z-east-noborder pad=0px"] 
        efp ["DIV.z-p-4 z-div pad=16px","DIV.z-east-body pad=0px","DIV.z-east z-east-noborder pad=0px","DIV.z-borderlayout pad=0px","DIV.z-py-3 z-div pad=12px 0px","DIV.z-mb-6 z-div pad=0px"] head null splitter {"l":0,"t":0,"r":0,"b":0,"w":0,"h":0}
   center z-center z-center-noborder body {"l":274,"t":120,"r":1000,"b":300,"w":726,"h":180} bodyPad 0px size null scroll {"scrollHeight":180,"clientHeight":180,"scrollWidth":726,"clientWidth":726,"overflowY":"auto","fits":true} text "Center Content" rangeL-bodyL 16 inkL-bodyL 16.5 inkT-bodyT 21 ink {"l":290.5,"t":141,"w":93,"h":10.5} base [255,255,255] 
        chain ["SPAN.z-label pad=0px","DIV.z-p-4 z-div pad=16px","DIV.z-center-body pad=0px","DIV.z-center z-center-noborder pad=0px"] 
        efp ["DIV.z-p-4 z-div pad=16px","DIV.z-center-body pad=0px","DIV.z-center z-center-noborder pad=0px","DIV.z-borderlayout pad=0px","DIV.z-py-3 z-div pad=12px 0px","DIV.z-mb-6 z-div pad=0px"] head null splitter null
=== BL3 {"l":32,"t":60,"r":1242,"b":360,"w":1210,"h":300}
   north  z-north                    body {"l":32,"t":60,"r":1242,"b":119,"w":1210,"h":59} bodyPad 0px size 20% scroll {"scrollHeight":59,"clientHeight":59,"scrollWidth":1210,"clientWidth":1210,"overflowY":"auto","fits":true} text "North Content" rangeL-bodyL 0 inkL-bodyL 1 inkT-bodyT 5 ink {"l":33,"t":65,"w":86,"h":10.5} base [255,255,255] 
        chain ["SPAN.z-label pad=0px","DIV.z-north-body pad=0px","DIV.z-north pad=0px"] 
        efp ["SPAN.z-label pad=0px","DIV.z-north-body pad=0px","DIV.z-north pad=0px","DIV.z-borderlayout pad=0px","DIV.z-d-flex z-flex-col pad=0px","DIV.z-d-flex z-flex-col pad=12px 0px"] head null splitter {"l":0,"t":0,"r":0,"b":0,"w":0,"h":0}
   south  z-south                    body {"l":32,"t":301,"r":1242,"b":360,"w":1210,"h":59} bodyPad 0px size 20% scroll {"scrollHeight":59,"clientHeight":59,"scrollWidth":1210,"clientWidth":1210,"overflowY":"auto","fits":true} text "South Content" rangeL-bodyL 0 inkL-bodyL 0.5 inkT-bodyT 5 ink {"l":32.5,"t":306,"w":87.5,"h":10.5} base [255,255,255] 
        chain ["SPAN.z-label pad=0px","DIV.z-south-body pad=0px","DIV.z-south pad=0px"] 
        efp ["SPAN.z-label pad=0px","DIV.z-south-body pad=0px","DIV.z-south pad=0px","DIV.z-borderlayout pad=0px","DIV.z-d-flex z-flex-col pad=0px","DIV.z-d-flex z-flex-col pad=12px 0px"] head null splitter {"l":0,"t":0,"r":0,"b":0,"w":0,"h":0}
   west   z-west                     body {"l":32,"t":120,"r":273,"b":300,"w":241,"h":180} bodyPad 0px size 20% scroll {"scrollHeight":180,"clientHeight":180,"scrollWidth":241,"clientWidth":241,"overflowY":"auto","fits":true} text "West Content" rangeL-bodyL 0 inkL-bodyL 0 inkT-bodyT 5 ink {"l":32,"t":125,"w":83,"h":10.5} base [247,249,252] 
        chain ["SPAN.z-label pad=0px","DIV.z-west-body pad=0px","DIV.z-west pad=0px"] 
        efp ["SPAN.z-label pad=0px","DIV.z-west-body pad=0px","DIV.z-west pad=0px","DIV.z-borderlayout pad=0px","DIV.z-d-flex z-flex-col pad=0px","DIV.z-d-flex z-flex-col pad=12px 0px"] head null splitter {"l":0,"t":0,"r":0,"b":0,"w":0,"h":0}
   east   z-east                     body {"l":1001,"t":120,"r":1242,"b":300,"w":241,"h":180} bodyPad 0px size 20% scroll {"scrollHeight":180,"clientHeight":180,"scrollWidth":241,"clientWidth":241,"overflowY":"auto","fits":true} text "East Content" rangeL-bodyL 0 inkL-bodyL 1 inkT-bodyT 5 ink {"l":1002,"t":125,"w":77.5,"h":10.5} base [247,249,252] 
        chain ["SPAN.z-label pad=0px","DIV.z-east-body pad=0px","DIV.z-east pad=0px"] 
        efp ["SPAN.z-label pad=0px","DIV.z-east-body pad=0px","DIV.z-east pad=0px","DIV.z-borderlayout pad=0px","DIV.z-d-flex z-flex-col pad=0px","DIV.z-d-flex z-flex-col pad=12px 0px"] head null splitter {"l":0,"t":0,"r":0,"b":0,"w":0,"h":0}
   center z-center                   body {"l":274,"t":120,"r":1000,"b":300,"w":726,"h":180} bodyPad 0px size null scroll {"scrollHeight":270,"clientHeight":180,"scrollWidth":720,"clientWidth":720,"overflowY":"auto","fits":false} text "Center" rangeL-bodyL 0 inkL-bodyL 0.5 inkT-bodyT 5 ink {"l":274.5,"t":125,"w":41,"h":10.5} base [255,255,255] 
        chain ["SPAN.z-label pad=0px","DIV.z-vlayout-inner pad=0px 0px 5px","DIV.z-vlayout pad=0px","DIV.z-center-body pad=0px","DIV.z-center pad=0px"] 
        efp ["SPAN.z-label pad=0px","DIV.z-vlayout-inner pad=0px 0px 5px","DIV.z-vlayout pad=0px","DIV.z-center-body pad=0px","DIV.z-center pad=0px","DIV.z-borderlayout pad=0px"] head null splitter null
=== BL4 {"l":32,"t":179,"r":1242,"b":479,"w":1210,"h":300}
   north  z-north                    body {"l":32,"t":179,"r":1242,"b":238,"w":1210,"h":59} bodyPad 0px size 20% scroll {"scrollHeight":59,"clientHeight":59,"scrollWidth":1210,"clientWidth":1210,"overflowY":"auto","fits":true} text "North Content" rangeL-bodyL 0 inkL-bodyL 1 inkT-bodyT 5 ink {"l":33,"t":184,"w":86,"h":10.5} base [255,255,255] 
        chain ["SPAN.z-label pad=0px","DIV.z-north-body pad=0px","DIV.z-north pad=0px"] 
        efp ["SPAN.z-label pad=0px","DIV.z-north-body pad=0px","DIV.z-north pad=0px","DIV.z-borderlayout pad=0px","DIV.z-d-flex z-flex-col pad=0px","DIV.z-d-flex z-flex-col pad=12px 0px"] head null splitter {"l":0,"t":0,"r":0,"b":0,"w":0,"h":0}
   south  z-south                    body {"l":32,"t":420,"r":1242,"b":479,"w":1210,"h":59} bodyPad 0px size 20% scroll {"scrollHeight":59,"clientHeight":59,"scrollWidth":1210,"clientWidth":1210,"overflowY":"auto","fits":true} text "South Content" rangeL-bodyL 0 inkL-bodyL 0.5 inkT-bodyT 5 ink {"l":32.5,"t":425,"w":87.5,"h":10.5} base [255,255,255] 
        chain ["SPAN.z-label pad=0px","DIV.z-south-body pad=0px","DIV.z-south pad=0px"] 
        efp ["SPAN.z-label pad=0px","DIV.z-south-body pad=0px","DIV.z-south pad=0px","DIV.z-borderlayout pad=0px","DIV.z-d-flex z-flex-col pad=0px","DIV.z-d-flex z-flex-col pad=12px 0px"] head null splitter {"l":0,"t":0,"r":0,"b":0,"w":0,"h":0}
   west   z-west                     body {"l":32,"t":239,"r":273,"b":419,"w":241,"h":180} bodyPad 0px size 20% scroll {"scrollHeight":180,"clientHeight":180,"scrollWidth":241,"clientWidth":241,"overflowY":"auto","fits":true} text "West Content" rangeL-bodyL 0 inkL-bodyL 0 inkT-bodyT 5 ink {"l":32,"t":244,"w":83,"h":10.5} base [247,249,252] 
        chain ["SPAN.z-label pad=0px","DIV.z-west-body pad=0px","DIV.z-west pad=0px"] 
        efp ["SPAN.z-label pad=0px","DIV.z-west-body pad=0px","DIV.z-west pad=0px","DIV.z-borderlayout pad=0px","DIV.z-d-flex z-flex-col pad=0px","DIV.z-d-flex z-flex-col pad=12px 0px"] head null splitter {"l":0,"t":0,"r":0,"b":0,"w":0,"h":0}
   east   z-east                     body {"l":1001,"t":239,"r":1242,"b":419,"w":241,"h":180} bodyPad 0px size 20% scroll {"scrollHeight":180,"clientHeight":180,"scrollWidth":241,"clientWidth":241,"overflowY":"auto","fits":true} text "East Content" rangeL-bodyL 0 inkL-bodyL 1 inkT-bodyT 5 ink {"l":1002,"t":244,"w":77.5,"h":10.5} base [247,249,252] 
        chain ["SPAN.z-label pad=0px","DIV.z-east-body pad=0px","DIV.z-east pad=0px"] 
        efp ["SPAN.z-label pad=0px","DIV.z-east-body pad=0px","DIV.z-east pad=0px","DIV.z-borderlayout pad=0px","DIV.z-d-flex z-flex-col pad=0px","DIV.z-d-flex z-flex-col pad=12px 0px"] head null splitter {"l":0,"t":0,"r":0,"b":0,"w":0,"h":0}
   center z-center                   body {"l":284,"t":249,"r":990,"b":409,"w":706,"h":160} bodyPad 0px size null scroll {"scrollHeight":160,"clientHeight":160,"scrollWidth":706,"clientWidth":706,"overflowY":"auto","fits":true} text "Center Content" rangeL-bodyL 0 inkL-bodyL 0.5 inkT-bodyT 5 ink {"l":284.5,"t":254,"w":93,"h":10.5} base [255,255,255] 
        chain ["SPAN.z-label pad=0px","DIV.z-center-body pad=0px","DIV.z-center pad=0px"] 
        efp ["SPAN.z-label pad=0px","DIV.z-center-body pad=0px","DIV.z-center pad=0px","DIV.z-borderlayout pad=0px","DIV.z-d-flex z-flex-col pad=0px","DIV.z-d-flex z-flex-col pad=12px 0px"] head null splitter null
=== BL5 {"l":32,"t":532,"r":1242,"b":832,"w":1210,"h":300}
   north  z-north                    body {"l":32,"t":532,"r":1242,"b":591,"w":1210,"h":59} bodyPad 0px size 20% scroll {"scrollHeight":59,"clientHeight":59,"scrollWidth":1210,"clientWidth":1210,"overflowY":"auto","fits":true} text "North Content" rangeL-bodyL 0 inkL-bodyL 1 inkT-bodyT 5 ink {"l":33,"t":537,"w":86,"h":10.5} base [255,255,255] 
        chain ["SPAN.z-label pad=0px","DIV.z-north-body pad=0px","DIV.z-north pad=0px"] 
        efp ["SPAN.z-label pad=0px","DIV.z-north-body pad=0px","DIV.z-north pad=0px","DIV.z-borderlayout pad=0px","DIV.z-d-flex z-flex-col pad=0px","DIV.z-d-flex z-flex-col pad=12px 0px"] head null splitter {"l":0,"t":0,"r":0,"b":0,"w":0,"h":0}
   south  z-south                    body {"l":32,"t":773,"r":1242,"b":832,"w":1210,"h":59} bodyPad 0px size 20% scroll {"scrollHeight":59,"clientHeight":59,"scrollWidth":1210,"clientWidth":1210,"overflowY":"auto","fits":true} text "South Content" rangeL-bodyL 0 inkL-bodyL 0.5 inkT-bodyT 5 ink {"l":32.5,"t":778,"w":87.5,"h":10.5} base [255,255,255] 
        chain ["SPAN.z-label pad=0px","DIV.z-south-body pad=0px","DIV.z-south pad=0px"] 
        efp ["SPAN.z-label pad=0px","DIV.z-south-body pad=0px","DIV.z-south pad=0px","DIV.z-borderlayout pad=0px","DIV.z-d-flex z-flex-col pad=0px","DIV.z-d-flex z-flex-col pad=12px 0px"] head null splitter {"l":0,"t":0,"r":0,"b":0,"w":0,"h":0}
   west   z-west                     body {"l":32,"t":632,"r":273,"b":772,"w":241,"h":140} bodyPad 0px size 20% scroll {"scrollHeight":140,"clientHeight":140,"scrollWidth":241,"clientWidth":241,"overflowY":"auto","fits":true} text "West Content" rangeL-bodyL 0 inkL-bodyL 0 inkT-bodyT 5 ink {"l":32,"t":637,"w":83,"h":10.5} base [247,249,252] 
        chain ["SPAN.z-label pad=0px","DIV.z-west-body pad=0px","DIV.z-west pad=0px"] 
        efp ["SPAN.z-label pad=0px","DIV.z-west-body pad=0px","DIV.z-west pad=0px","DIV.z-borderlayout pad=0px","DIV.z-d-flex z-flex-col pad=0px","DIV.z-d-flex z-flex-col pad=12px 0px"] head {"l":32,"t":592,"r":273,"b":632,"w":241,"h":40} splitter {"l":0,"t":0,"r":0,"b":0,"w":0,"h":0}
   east   z-east                     body {"l":1001,"t":632,"r":1242,"b":772,"w":241,"h":140} bodyPad 0px size 20% scroll {"scrollHeight":140,"clientHeight":140,"scrollWidth":241,"clientWidth":241,"overflowY":"auto","fits":true} text "East Content" rangeL-bodyL 0 inkL-bodyL 1 inkT-bodyT 5 ink {"l":1002,"t":637,"w":77.5,"h":10.5} base [247,249,252] 
        chain ["SPAN.z-label pad=0px","DIV.z-east-body pad=0px","DIV.z-east pad=0px"] 
        efp ["SPAN.z-label pad=0px","DIV.z-east-body pad=0px","DIV.z-east pad=0px","DIV.z-borderlayout pad=0px","DIV.z-d-flex z-flex-col pad=0px","DIV.z-d-flex z-flex-col pad=12px 0px"] head {"l":1001,"t":592,"r":1242,"b":632,"w":241,"h":40} splitter {"l":0,"t":0,"r":0,"b":0,"w":0,"h":0}
   center z-center                   body {"l":274,"t":592,"r":1000,"b":772,"w":726,"h":180} bodyPad 0px size null scroll {"scrollHeight":180,"clientHeight":180,"scrollWidth":726,"clientWidth":726,"overflowY":"auto","fits":true} text "Center Content" rangeL-bodyL 0 inkL-bodyL 0.5 inkT-bodyT 5 ink {"l":274.5,"t":597,"w":93,"h":10.5} base [255,255,255] 
        chain ["SPAN.z-label pad=0px","DIV.z-center-body pad=0px","DIV.z-center pad=0px"] 
        efp ["SPAN.z-label pad=0px","DIV.z-center-body pad=0px","DIV.z-center pad=0px","DIV.z-borderlayout pad=0px","DIV.z-d-flex z-flex-col pad=0px","DIV.z-d-flex z-flex-col pad=12px 0px"] head null splitter null
cssFile []
