== R4 visual (gallery, chromium ONLY) -g 'tabbox'  23:54:44  pid 46159

Running 3 tests using 2 workers

  ✓  1 [gallery] › src/test/playwright/gallery-scan.spec.ts:48:9 › gallery › tabbox-misc (983ms)
  ✘  2 [chromium] › src/test/playwright/screenshot.spec.ts:776:7 › tabbox › gallery (3.3s)
  ✓  3 [chromium] › src/test/playwright/screenshot.spec.ts:780:7 › tabbox › hover (848ms)


  1) [chromium] › src/test/playwright/screenshot.spec.ts:776:7 › tabbox › gallery ──────────────────

    Error: [2mexpect([22m[31mlocator[39m[2m).[22mtoHaveScreenshot[2m([22m[32mexpected[39m[2m)[22m failed

    Locator: locator('.z-p-8').first()
      2006 pixels (ratio 0.01 of all image pixels) are different.

      Snapshot: tabbox-gallery.png

    Call log:
    [2m  - Expect "toHaveScreenshot(tabbox-gallery.png)" with timeout 5000ms[22m
    [2m    - verifying given screenshot expectation[22m
    [2m  - waiting for locator('.z-p-8').first()[22m
    [2m    - locator resolved to <div id="pHEG0" class="z-p-8 z-div">…</div>[22m
    [2m  - taking element screenshot[22m
    [2m    - disabled all CSS animations[22m
    [2m  - waiting for fonts to load...[22m
    [2m  - fonts loaded[22m
    [2m  - attempting scroll into view action[22m
    [2m    - waiting for element to be stable[22m
    [2m  - 5929 pixels (ratio 0.01 of all image pixels) are different.[22m
    [2m  - waiting 100ms before taking screenshot[22m
    [2m  - waiting for locator('.z-p-8').first()[22m
    [2m    - locator resolved to <div id="pHEG0" class="z-p-8 z-div">…</div>[22m
    [2m  - taking element screenshot[22m
    [2m    - disabled all CSS animations[22m
    [2m  - waiting for fonts to load...[22m
    [2m  - fonts loaded[22m
    [2m  - attempting scroll into view action[22m
    [2m    - waiting for element to be stable[22m
    [2m  - 3923 pixels (ratio 0.01 of all image pixels) are different.[22m
    [2m  - waiting 250ms before taking screenshot[22m
    [2m  - waiting for locator('.z-p-8').first()[22m
    [2m    - locator resolved to <div id="pHEG0" class="z-p-8 z-div">…</div>[22m
    [2m  - taking element screenshot[22m
    [2m    - disabled all CSS animations[22m
    [2m  - waiting for fonts to load...[22m
    [2m  - fonts loaded[22m
    [2m  - attempting scroll into view action[22m
    [2m    - waiting for element to be stable[22m
    [2m  - captured a stable screenshot[22m
    [2m  - 2006 pixels (ratio 0.01 of all image pixels) are different.[22m


      775 |
      776 |   test('gallery', async ({ page }) => {
    > 777 |     await expect(page.locator('.z-p-8').first()).toHaveScreenshot(`${DIR}-gallery.png`);
          |                                                  ^
      778 |   });
      779 |
      780 |   test('hover', async ({ page }) => {
        at /Users/hawk/Documents/workspace/ZK10/zk/zkpreview/src/test/playwright/screenshot.spec.ts:777:50

    attachment #1: tabbox-gallery (image/png) ──────────────────────────────────────────────────────
    Expected: doc/screenshots/tabbox-gallery.png
    Received: ../doc/jess-review/gates/batch11-final/pw-visual-r4/screenshot-tabbox-gallery-chromium/tabbox-gallery-actual.png
    Diff:     ../doc/jess-review/gates/batch11-final/pw-visual-r4/screenshot-tabbox-gallery-chromium/tabbox-gallery-diff.png
    ────────────────────────────────────────────────────────────────────────────────────────────────

    Error Context: ../doc/jess-review/gates/batch11-final/pw-visual-r4/screenshot-tabbox-gallery-chromium/error-context.md

  1 failed
    [chromium] › src/test/playwright/screenshot.spec.ts:776:7 › tabbox › gallery ───────────────────
  2 passed (5.4s)
== visual exit 1  23:54:50
== R4 forced-colors project -g 'tabbox|accordion'  23:54:50

Running 1 test using 1 worker

  ✓  1 [forced-colors] › src/test/playwright/forced-colors.spec.ts:186:7 › forced-colors (Windows High-Contrast) a11y guards › accordion selected tab uses the system selection color (293ms)

  1 passed (848ms)
== forced-colors exit 0  23:54:52
