== noPastMar2020 Mar 2020
   disabledWeekday {"n":22,"days":"2,3,4,5,6,9,10,11,12,13,16,17,18,19,20,23,24,25,26,27,30,31","computedColors":["rgba(0, 0, 0, 0.38)"],"darkestMedian":[98,98,98],"maxPairwiseDE":0,"td":["line-through"],"cursor":["not-allowed"],"pe":["none"],"opacity":["1"]}
   disabledWeekend {"n":9,"days":"1,7,8,14,15,21,22,28,29","computedColors":["rgba(0, 0, 0, 0.38)"],"darkestMedian":[98,98,98],"maxPairwiseDE":0,"td":["line-through"],"cursor":["not-allowed"],"pe":["none"],"opacity":["1"]}
   disabledOutside {"n":4,"days":"1,2,3,4","computedColors":["rgba(0, 0, 0, 0.38)"],"darkestMedian":[195,195,195],"maxPairwiseDE":0,"td":["line-through"],"cursor":["not-allowed"],"pe":["none"],"opacity":["0.38"]}
   cross {"disabledWeekdayVsWeekend_dE":0,"enabledWeekdayVsWeekend_dE":null,"disabledWeekdayVsEnabledWeekday_dE":null,"disabledWeekendVsEnabledWeekday_dE":null}
== noPastCurrent Oct 2026
   disabledWeekday {"n":5,"days":"1,2,5,6,7","computedColors":["rgba(0, 0, 0, 0.38)"],"darkestMedian":[98,98,98],"maxPairwiseDE":0,"td":["line-through"],"cursor":["not-allowed"],"pe":["none"],"opacity":["1"]}
   disabledWeekend {"n":2,"days":"3,4","computedColors":["rgba(0, 0, 0, 0.38)"],"darkestMedian":[98,98,98],"maxPairwiseDE":0,"td":["line-through"],"cursor":["not-allowed"],"pe":["none"],"opacity":["1"]}
   disabledOutside {"n":4,"days":"27,28,29,30","computedColors":["rgba(0, 0, 0, 0.38)"],"darkestMedian":[195,195,195],"maxPairwiseDE":0,"td":["line-through"],"cursor":["not-allowed"],"pe":["none"],"opacity":["0.38"]}
   enabledWeekday {"n":16,"days":"8,9,12,13,14,16,19,20,21,22,23,26,27,28,29,30","computedColors":["rgba(0, 0, 0, 0.87)"],"darkestMedian":[33,33,33],"maxPairwiseDE":0,"td":["none"],"cursor":["pointer"],"pe":["auto"],"opacity":["1"]}
   enabledWeekend {"n":7,"days":"10,11,17,18,24,25,31","computedColors":["rgba(0, 0, 0, 0.87)"],"darkestMedian":[33,33,33],"maxPairwiseDE":0,"td":["none"],"cursor":["pointer"],"pe":["auto"],"opacity":["1"]}
   cross {"disabledWeekdayVsWeekend_dE":0,"enabledWeekdayVsWeekend_dE":0,"disabledWeekdayVsEnabledWeekday_dE":28.81,"disabledWeekendVsEnabledWeekday_dE":28.81}
== noFutureCurrent Oct 2026
   disabledWeekday {"n":16,"days":"9,12,13,14,15,16,19,20,21,22,23,26,27,28,29,30","computedColors":["rgba(0, 0, 0, 0.38)"],"darkestMedian":[98,98,98],"maxPairwiseDE":0,"td":["line-through"],"cursor":["not-allowed"],"pe":["none"],"opacity":["1"]}
   disabledWeekend {"n":7,"days":"10,11,17,18,24,25,31","computedColors":["rgba(0, 0, 0, 0.38)"],"darkestMedian":[98,98,98],"maxPairwiseDE":0,"td":["line-through"],"cursor":["not-allowed"],"pe":["none"],"opacity":["1"]}
   enabledWeekday {"n":6,"days":"1,2,5,6,7,8","computedColors":["rgba(0, 0, 0, 0.87)"],"darkestMedian":[33,33,33],"maxPairwiseDE":0,"td":["none"],"cursor":["pointer"],"pe":["auto"],"opacity":["1"]}
   enabledWeekend {"n":2,"days":"3,4","computedColors":["rgba(0, 0, 0, 0.87)"],"darkestMedian":[33,33,33],"maxPairwiseDE":0,"td":["none"],"cursor":["pointer"],"pe":["auto"],"opacity":["1"]}
   outsideEnabled {"n":4,"days":"27,28,29,30","computedColors":["rgba(0, 0, 0, 0.87)"],"darkestMedian":[170,170,170],"maxPairwiseDE":0,"td":["none"],"cursor":["pointer"],"pe":["auto"],"opacity":["0.38"]}
   cross {"disabledWeekdayVsWeekend_dE":0,"enabledWeekdayVsWeekend_dE":0,"disabledWeekdayVsEnabledWeekday_dE":28.81,"disabledWeekendVsEnabledWeekday_dE":28.81}
== defaultMar2020 Mar 2020
   enabledWeekday {"n":22,"days":"2,3,4,5,6,9,10,11,12,13,16,17,18,19,20,23,24,25,26,27,30,31","computedColors":["rgba(0, 0, 0, 0.87)"],"darkestMedian":[33,33,33],"maxPairwiseDE":0,"td":["none"],"cursor":["pointer"],"pe":["auto"],"opacity":["1"]}
   enabledWeekend {"n":8,"days":"1,7,8,14,21,22,28,29","computedColors":["rgba(0, 0, 0, 0.87)"],"darkestMedian":[33,33,33],"maxPairwiseDE":0,"td":["none"],"cursor":["pointer"],"pe":["auto"],"opacity":["1"]}
   outsideEnabled {"n":4,"days":"1,2,3,4","computedColors":["rgba(0, 0, 0, 0.87)"],"darkestMedian":[170,170,170],"maxPairwiseDE":0,"td":["none"],"cursor":["pointer"],"pe":["auto"],"opacity":["0.38"]}
   cross {"disabledWeekdayVsWeekend_dE":null,"enabledWeekdayVsWeekend_dE":0,"disabledWeekdayVsEnabledWeekday_dE":null,"disabledWeekendVsEnabledWeekday_dE":null}
== noFutureMar2020 Mar 2020
   enabledWeekday {"n":22,"days":"2,3,4,5,6,9,10,11,12,13,16,17,18,19,20,23,24,25,26,27,30,31","computedColors":["rgba(0, 0, 0, 0.87)"],"darkestMedian":[33,33,33],"maxPairwiseDE":0,"td":["none"],"cursor":["pointer"],"pe":["auto"],"opacity":["1"]}
   enabledWeekend {"n":8,"days":"1,7,8,14,21,22,28,29","computedColors":["rgba(0, 0, 0, 0.87)"],"darkestMedian":[33,33,33],"maxPairwiseDE":0,"td":["none"],"cursor":["pointer"],"pe":["auto"],"opacity":["1"]}
   outsideEnabled {"n":4,"days":"1,2,3,4","computedColors":["rgba(0, 0, 0, 0.87)"],"darkestMedian":[170,170,170],"maxPairwiseDE":0,"td":["none"],"cursor":["pointer"],"pe":["auto"],"opacity":["0.38"]}
   cross {"disabledWeekdayVsWeekend_dE":null,"enabledWeekdayVsWeekend_dE":0,"disabledWeekdayVsEnabledWeekday_dE":null,"disabledWeekendVsEnabledWeekday_dE":null}
selected {"discMedian":[55,111,208],"lightestPixel":[255,255,255],"computedColor":"rgb(255, 255, 255)","computedBg":"rgba(0, 0, 0, 0)","innerColor":null,"innerBg":null,"cls":"z-calendar-cell z-calendar-weekend z-calendar-selected","txt":"15"}
hover default {"enabledWeekday":{"txt":"18","cls":"z-calendar-cell z-calendar-weekday","probeMedian":[237,237,237],"dEvsWhite":6.25,"hoverMatches":true,"computedBg":"rgba(0, 0, 0, 0)","computedColor":"rgba(0, 0, 0, 0.87)"},"enabledWeekend":{"txt":"21","cls":"z-calendar-cell z-calendar-weekend","probeMedian":[237,237,237],"dEvsWhite":6.25,"hoverMatches":true,"computedBg":"rgba(0, 0, 0, 0)","computedColor":"rgba(0, 0, 0, 0.87)"}}
hover nopast current {"enabledWeekday":{"txt":"8","cls":"z-calendar-cell z-calendar-weekday","probeMedian":[237,237,237],"dEvsWhite":6.25,"hoverMatches":true,"computedBg":"rgba(0, 0, 0, 0)","computedColor":"rgba(0, 0, 0, 0.87)"},"enabledWeekend":{"txt":"10","cls":"z-calendar-cell z-calendar-weekend","probeMedian":[237,237,237],"dEvsWhite":6.25,"hoverMatches":true,"computedBg":"rgba(0, 0, 0, 0)","computedColor":"rgba(0, 0, 0, 0.87)"},"disabledWeekday":{"txt":"1","cls":"z-calendar-cell z-calendar-weekday z-calendar-disabled","probeMedian":[255,255,255],"dEvsWhite":0,"hoverMatches":false,"computedBg":"rgba(0, 0, 0, 0)","computedColor":"rgba(0, 0, 0, 0.38)"},"disabledWeekend":{"txt":"3","cls":"z-calendar-cell z-calendar-weekend z-calendar-disabled","probeMedian":[255,255,255],"dEvsWhite":0,"hoverMatches":false,"computedBg":"rgba(0, 0, 0, 0)","computedColor":"rgba(0, 0, 0, 0.38)"}}
head nopast [["Sun","rgba(0, 0, 0, 0.6)"],["Mon","rgba(0, 0, 0, 0.6)"],["Tue","rgba(0, 0, 0, 0.6)"],["Wed","rgba(0, 0, 0, 0.6)"],["Thu","rgba(0, 0, 0, 0.6)"],["Fri","rgba(0, 0, 0, 0.6)"],["Sat","rgba(0, 0, 0, 0.6)"]]
selected+disabled {"noPastMar2020":[],"noPastCurrent":[],"noFutureCurrent":[]}
selected any {"noPastMar2020":[],"noPastCurrent":[{"txt":"15","cls":"z-calendar-cell z-calendar-weekday z-calendar-selected","color":"rgb(255, 255, 255)","darkest":[55,111,208]}],"noFutureCurrent":[]}
