
Running 27 tests using 1 worker

  ✓   1 [chromium] › src/test/playwright/screenshot.spec.ts:66:7 › button › gallery (1.1s)
  ✓   2 [chromium] › src/test/playwright/screenshot.spec.ts:77:11 › button › default-hover (790ms)
  ✓   3 [chromium] › src/test/playwright/screenshot.spec.ts:77:11 › button › default-focus (940ms)
  ✓   4 [chromium] › src/test/playwright/screenshot.spec.ts:77:11 › button › default-active (878ms)
  ✓   5 [chromium] › src/test/playwright/screenshot.spec.ts:77:11 › button › outlined-hover (809ms)
  ✓   6 [chromium] › src/test/playwright/screenshot.spec.ts:77:11 › button › outlined-focus (744ms)
  ✓   7 [chromium] › src/test/playwright/screenshot.spec.ts:77:11 › button › outlined-active (804ms)
  ✓   8 [chromium] › src/test/playwright/screenshot.spec.ts:92:7 › button › color-variant-disabled-state (689ms)
  ✓   9 [chromium] › src/test/playwright/screenshot.spec.ts:140:7 › button › graphic-and-label-have-md3-gap (677ms)
  ✓  10 [chromium] › src/test/playwright/screenshot.spec.ts:204:7 › checkbox › gallery (795ms)
  ✓  11 [chromium] › src/test/playwright/screenshot.spec.ts:209:9 › checkbox › hover (763ms)
  ✓  12 [chromium] › src/test/playwright/screenshot.spec.ts:209:9 › checkbox › focus (727ms)
  ✓  13 [chromium] › src/test/playwright/screenshot.spec.ts:221:7 › checkbox › tristate checked shows checkmark, indeterminate shows dash (676ms)
  ✓  14 [chromium] › src/test/playwright/screenshot.spec.ts:430:7 › combobox › comboitem icon is separated from its label (701ms)
  ✓  15 [chromium] › src/test/playwright/screenshot.spec.ts:820:7 › window › gallery (814ms)
  ✓  16 [chromium] › src/test/playwright/screenshot.spec.ts:1024:7 › coachmark › card is a neutral surface and nested button keeps the standard fill (684ms)
  ✓  17 [chromium] › src/test/playwright/screenshot.spec.ts:1054:7 › coachmark › close button is a circular icon-button target with symmetric corner inset (685ms)
  ✓  18 [chromium] › src/test/playwright/screenshot.spec.ts:1087:7 › coachmark › close button shows a hover state layer (885ms)
  ✓  19 [chromium] › src/test/playwright/screenshot.spec.ts:1260:9 › container-header-height › window header uses border-box and stays compact (703ms)
  ✓  20 [chromium] › src/test/playwright/screenshot.spec.ts:1760:7 › stepbar › wrapped-label-stacks-title-below-icon (690ms)
  ✓  21 [chromium] › src/test/playwright/screenshot.spec.ts:1785:7 › stepbar › wrapped-label-icons-share-one-baseline (680ms)
  ✓  22 [chromium] › src/test/playwright/screenshot.spec.ts:1955:9 › radiogroup › hover (788ms)
  ✓  23 [chromium] › src/test/playwright/screenshot.spec.ts:1955:9 › radiogroup › focus (725ms)
  ✓  24 [chromium] › src/test/playwright/screenshot.spec.ts:2198:7 › important-removal-guards › messagebox button row is flex with zeroed child margin without !important (819ms)
  ✓  25 [chromium] › src/test/playwright/screenshot.spec.ts:2267:11 › combobutton › hover (871ms)
  ✓  26 [chromium] › src/test/playwright/screenshot.spec.ts:2267:11 › combobutton › focus (945ms)
  ✓  27 [chromium] › src/test/playwright/screenshot.spec.ts:2439:9 › orphaned-helper-css › label-css-is-served (710ms)

  27 passed (21.9s)
exit 0
