tokens {"onSurfaceVariantRaw":"#0009","onSurfaceVariantComputed":"rgba(0, 0, 0, 0.6)","primaryComputed":"rgb(55, 111, 208)"}
PORTAL pane {"l":669,"t":233,"r":1228,"b":304,"w":559,"h":71} rows [233,268] gaps [0,0,0,0,0,0,-439,0,0,0,0]
PORTAL groups [[673,35,35,"none","auto","auto","rgba(0, 0, 0, 0)"],[708,79,35,"\"\"","1px","35px","rgba(0, 0, 0, 0.12)"],[787,44,35,"\"\"","1px","35px","rgba(0, 0, 0, 0.12)"],[831,114,35,"\"\"","1px","35px","rgba(0, 0, 0, 0.12)"],[945,79,35,"\"\"","1px","35px","rgba(0, 0, 0, 0.12)"],[1024,44,35,"\"\"","1px","35px","rgba(0, 0, 0, 0.12)"],[1068,44,35,"\"\"","1px","35px","rgba(0, 0, 0, 0.12)"],[673,149,35,"\"\"","1px","35px","rgba(0, 0, 0, 0.12)"],[822,79,35,"\"\"","1px","35px","rgba(0, 0, 0, 0.12)"],[901,44,35,"\"\"","1px","35px","rgba(0, 0, 0, 0.12)"],[945,44,35,"\"\"","1px","35px","rgba(0, 0, 0, 0.12)"],[989,44,35,"\"\"","1px","35px","rgba(0, 0, 0, 0.12)"]]
PORTAL TB View HTML                | btn 35x35 | svg 14x14 at [ 683.5, 243.5 ] in btn true | fill color(srgb 0 0 0) color color(srgb 0 0 0) opacity 0.6 | bbox 12x8 thick 2 core 2 runMed {"h":2,"v":2} ink [97,99,101] dark [96,98,100]
PORTAL TB Undo (Cmd + Z)           | btn 35x35 | svg 14x14 at [ 727.5, 243.5 ] in btn true | fill color(srgb 0 0 0) color color(srgb 0 0 0) opacity 0.6 | bbox 9.5x5.5 thick 1.5 core 1 runMed {"h":1.5,"v":1.5} ink [95,97,99] dark [95,97,99]
PORTAL TB Redo (Cmd + Y)           | btn 35x35 | svg 14x14 at [ 762.5, 243.5 ] in btn true | fill color(srgb 0 0 0) color color(srgb 0 0 0) opacity 0.6 | bbox 10x6 thick 1.5 core 1 runMed {"h":1.5,"v":1.5} ink [95,97,99] dark [95,97,99]
PORTAL TB Formatting               | btn 35x35 | svg 14x14 at [ 806.5, 243.5 ] in btn true | fill color(srgb 0 0 0) color color(srgb 0 0 0) opacity 0.6 | bbox 17x14 thick 2.5 core 1 runMed {"h":3,"v":2.5} ink [96,98,100] dark [95,97,99]
PORTAL TB Strong (Cmd + B)         | btn 35x35 | svg 14x14 at [ 850.5, 243.5 ] in btn true | fill color(srgb 0 0 0) color color(srgb 0 0 0) opacity 0.6 | bbox 6.5x8 thick 1.5 core 1 runMed {"h":1.5,"v":1.5} ink [95,97,99] dark [95,97,99]
PORTAL TB Emphasis (Cmd + I)       | btn 35x35 | svg 14x14 at [ 885.5, 243.5 ] in btn true | fill color(srgb 0 0 0) color color(srgb 0 0 0) opacity 0.6 | bbox 3.5x8 thick 1.5 core 1 runMed {"h":1.5,"v":3} ink [95,97,99] dark [95,97,99]
PORTAL TB Deleted                  | btn 35x35 | svg 14x14 at [ 920.5, 243.5 ] in btn true | fill color(srgb 0 0 0) color color(srgb 0 0 0) opacity 0.6 | bbox 9x8 thick 1 core 1 runMed {"h":2,"v":1} ink [130,132,135] dark [95,97,99]
PORTAL TB Superscript              | btn 35x35 | svg 14x14 at [ 964.5, 243.5 ] in btn true | fill color(srgb 0 0 0) color color(srgb 0 0 0) opacity 0.6 | bbox 9x8 thick 1.5 core 1 runMed {"h":1.5,"v":2} ink [95,97,99] dark [95,97,99]
PORTAL TB Subscript                | btn 35x35 | svg 14x14 at [ 999.5, 243.5 ] in btn true | fill color(srgb 0 0 0) color color(srgb 0 0 0) opacity 0.6 | bbox 11x9.5 thick 1.5 core 1 runMed {"h":1.5,"v":2} ink [95,97,99] dark [95,97,99]
PORTAL TB Link                     | btn 35x35 | svg 14x14 at [ 1043.5, 243.5 ] in btn true | fill color(srgb 0 0 0) color color(srgb 0 0 0) opacity 0.6 | bbox 19.5x15.5 thick 1.5 core 1 runMed {"h":1.5,"v":1.5} ink [97,99,101] dark [95,97,99]
PORTAL TB Insert Image             | btn 35x35 | svg 14x14 at [ 1087.5, 243.5 ] in btn true | fill color(srgb 0 0 0) color color(srgb 0 0 0) opacity 0.6 | bbox 14x11 thick 1.5 core 1 runMed {"h":1.5,"v":2} ink [95,97,99] dark [95,97,99]
PORTAL TB Align Left               | btn 35x35 | svg 14x14 at [ 692.5, 278.5 ] in btn true | fill color(srgb 0 0 0) color color(srgb 0 0 0) opacity 0.6 | bbox 11x9 thick 2 core 1 runMed {"h":10,"v":2} ink [167,170,174] dark [95,97,99]
PORTAL TB Align Center             | btn 35x35 | svg 14x14 at [ 727.5, 278.5 ] in btn true | fill color(srgb 0 0 0) color color(srgb 0 0 0) opacity 0.6 | bbox 11x9 thick 2 core 1 runMed {"h":10,"v":2} ink [167,170,174] dark [95,97,99]
PORTAL TB Align Right              | btn 35x35 | svg 14x14 at [ 762.5, 278.5 ] in btn true | fill color(srgb 0 0 0) color color(srgb 0 0 0) opacity 0.6 | bbox 11x9 thick 2 core 1 runMed {"h":10,"v":2} ink [167,170,174] dark [95,97,99]
PORTAL TB Align Justify            | btn 35x35 | svg 14x14 at [ 797.5, 278.5 ] in btn true | fill color(srgb 0 0 0) color color(srgb 0 0 0) opacity 0.6 | bbox 11x9 thick 2 core 1 runMed {"h":11,"v":2} ink [167,170,174] dark [95,97,99]
PORTAL TB Unordered list           | btn 35x35 | svg 14x14 at [ 841.5, 278.5 ] in btn true | fill color(srgb 0 0 0) color color(srgb 0 0 0) opacity 0.6 | bbox 11x9 thick 2 core 1 runMed {"h":6.5,"v":2} ink [167,170,174] dark [95,97,99]
PORTAL TB Ordered list             | btn 35x35 | svg 14x14 at [ 876.5, 278.5 ] in btn true | fill color(srgb 0 0 0) color color(srgb 0 0 0) opacity 0.6 | bbox 10.5x9 thick 2 core 1 runMed {"h":6.5,"v":2} ink [167,170,174] dark [95,97,99]
PORTAL TB Insert horizontal rule   | btn 35x35 | svg 14x14 at [ 920.5, 278.5 ] in btn true | fill color(srgb 0 0 0) color color(srgb 0 0 0) opacity 0.6 | bbox 11x2 thick 2 core 1 runMed {"h":11,"v":2} ink [167,170,174] dark [95,97,99]
PORTAL TB Remove format            | btn 35x35 | svg 14x14 at [ 964.5, 278.5 ] in btn true | fill color(srgb 0 0 0) color color(srgb 0 0 0) opacity 0.6 | bbox 10.5x9.5 thick 1 core 1 runMed {"h":2,"v":1} ink [97,99,101] dark [95,97,99]
PORTAL TB Fullscreen               | btn 35x35 | svg 14x14 at [ 1008.5, 278.5 ] in btn true | fill color(srgb 0 0 0) color color(srgb 0 0 0) opacity 0.6 | bbox 11x11 thick 2.5 core 2.5 runMed {"h":2.5,"v":2.5} ink [95,97,99] dark [95,97,99]
PORTAL J61-3 darkest pairwise: worst {"dE":0.41,"a":"View HTML","b":"Undo (Cmd + Z)","ca":[96,98,100],"cb":[95,97,99]} pairs>3: 0 / 190 []
TBPAGE pane {"l":33,"t":159,"r":1247,"b":195,"w":1214,"h":36} rows [159] gaps [0,0,0,0,0,0,0,0,0,0,0]
TBPAGE groups [[37,35,35,"none","auto","auto","rgba(0, 0, 0, 0)"],[72,79,35,"\"\"","1px","35px","rgba(0, 0, 0, 0.12)"],[151,44,35,"\"\"","1px","35px","rgba(0, 0, 0, 0.12)"],[195,114,35,"\"\"","1px","35px","rgba(0, 0, 0, 0.12)"],[309,79,35,"\"\"","1px","35px","rgba(0, 0, 0, 0.12)"],[388,44,35,"\"\"","1px","35px","rgba(0, 0, 0, 0.12)"],[432,44,35,"\"\"","1px","35px","rgba(0, 0, 0, 0.12)"],[476,149,35,"\"\"","1px","35px","rgba(0, 0, 0, 0.12)"],[625,79,35,"\"\"","1px","35px","rgba(0, 0, 0, 0.12)"],[704,44,35,"\"\"","1px","35px","rgba(0, 0, 0, 0.12)"],[748,44,35,"\"\"","1px","35px","rgba(0, 0, 0, 0.12)"],[792,44,35,"\"\"","1px","35px","rgba(0, 0, 0, 0.12)"]]
TBPAGE TB View HTML                | btn 35x35 | svg 14x14 at [ 47.5, 169.5 ] in btn true | fill color(srgb 0 0 0) color color(srgb 0 0 0) opacity 0.6 | bbox 12x8 thick 2 core 2 runMed {"h":2,"v":2} ink [97,99,101] dark [96,98,100]
TBPAGE TB Undo (Cmd + Z)           | btn 35x35 | svg 14x14 at [ 91.5, 169.5 ] in btn true | fill color(srgb 0 0 0) color color(srgb 0 0 0) opacity 0.6 | bbox 9.5x5.5 thick 1.5 core 1 runMed {"h":1.5,"v":1.5} ink [95,97,99] dark [95,97,99]
TBPAGE TB Redo (Cmd + Y)           | btn 35x35 | svg 14x14 at [ 126.5, 169.5 ] in btn true | fill color(srgb 0 0 0) color color(srgb 0 0 0) opacity 0.6 | bbox 10x6 thick 1.5 core 1 runMed {"h":1.5,"v":1.5} ink [95,97,99] dark [95,97,99]
TBPAGE TB Formatting               | btn 35x35 | svg 14x14 at [ 170.5, 169.5 ] in btn true | fill color(srgb 0 0 0) color color(srgb 0 0 0) opacity 0.6 | bbox 17x14 thick 2.5 core 1 runMed {"h":3,"v":2.5} ink [96,98,100] dark [95,97,99]
TBPAGE TB Strong (Cmd + B)         | btn 35x35 | svg 14x14 at [ 214.5, 169.5 ] in btn true | fill color(srgb 0 0 0) color color(srgb 0 0 0) opacity 0.6 | bbox 6.5x8 thick 1.5 core 1 runMed {"h":1.5,"v":1.5} ink [95,97,99] dark [95,97,99]
TBPAGE TB Emphasis (Cmd + I)       | btn 35x35 | svg 14x14 at [ 249.5, 169.5 ] in btn true | fill color(srgb 0 0 0) color color(srgb 0 0 0) opacity 0.6 | bbox 3.5x8 thick 1.5 core 1 runMed {"h":1.5,"v":3} ink [95,97,99] dark [95,97,99]
TBPAGE TB Deleted                  | btn 35x35 | svg 14x14 at [ 284.5, 169.5 ] in btn true | fill color(srgb 0 0 0) color color(srgb 0 0 0) opacity 0.6 | bbox 9x8 thick 1 core 1 runMed {"h":2,"v":1} ink [130,132,135] dark [95,97,99]
TBPAGE TB Superscript              | btn 35x35 | svg 14x14 at [ 328.5, 169.5 ] in btn true | fill color(srgb 0 0 0) color color(srgb 0 0 0) opacity 0.6 | bbox 9x8 thick 1.5 core 1 runMed {"h":1.5,"v":2} ink [95,97,99] dark [95,97,99]
TBPAGE TB Subscript                | btn 35x35 | svg 14x14 at [ 363.5, 169.5 ] in btn true | fill color(srgb 0 0 0) color color(srgb 0 0 0) opacity 0.6 | bbox 11x9.5 thick 1.5 core 1 runMed {"h":1.5,"v":2} ink [95,97,99] dark [95,97,99]
TBPAGE TB Link                     | btn 35x35 | svg 14x14 at [ 407.5, 169.5 ] in btn true | fill color(srgb 0 0 0) color color(srgb 0 0 0) opacity 0.6 | bbox 19.5x15.5 thick 1.5 core 1 runMed {"h":1.5,"v":1.5} ink [97,99,101] dark [95,97,99]
TBPAGE TB Insert Image             | btn 35x35 | svg 14x14 at [ 451.5, 169.5 ] in btn true | fill color(srgb 0 0 0) color color(srgb 0 0 0) opacity 0.6 | bbox 14x11 thick 1.5 core 1 runMed {"h":1.5,"v":2} ink [95,97,99] dark [95,97,99]
TBPAGE TB Align Left               | btn 35x35 | svg 14x14 at [ 495.5, 169.5 ] in btn true | fill color(srgb 0 0 0) color color(srgb 0 0 0) opacity 0.6 | bbox 11x9 thick 2 core 1 runMed {"h":10,"v":2} ink [167,170,174] dark [95,97,99]
TBPAGE TB Align Center             | btn 35x35 | svg 14x14 at [ 530.5, 169.5 ] in btn true | fill color(srgb 0 0 0) color color(srgb 0 0 0) opacity 0.6 | bbox 11x9 thick 2 core 1 runMed {"h":10,"v":2} ink [167,170,174] dark [95,97,99]
TBPAGE TB Align Right              | btn 35x35 | svg 14x14 at [ 565.5, 169.5 ] in btn true | fill color(srgb 0 0 0) color color(srgb 0 0 0) opacity 0.6 | bbox 11x9 thick 2 core 1 runMed {"h":10,"v":2} ink [167,170,174] dark [95,97,99]
TBPAGE TB Align Justify            | btn 35x35 | svg 14x14 at [ 600.5, 169.5 ] in btn true | fill color(srgb 0 0 0) color color(srgb 0 0 0) opacity 0.6 | bbox 11x9 thick 2 core 1 runMed {"h":11,"v":2} ink [167,170,174] dark [95,97,99]
TBPAGE TB Unordered list           | btn 35x35 | svg 14x14 at [ 644.5, 169.5 ] in btn true | fill color(srgb 0 0 0) color color(srgb 0 0 0) opacity 0.6 | bbox 11x9 thick 2 core 1 runMed {"h":6.5,"v":2} ink [167,170,174] dark [95,97,99]
TBPAGE TB Ordered list             | btn 35x35 | svg 14x14 at [ 679.5, 169.5 ] in btn true | fill color(srgb 0 0 0) color color(srgb 0 0 0) opacity 0.6 | bbox 10.5x9 thick 2 core 1 runMed {"h":6.5,"v":2} ink [167,170,174] dark [95,97,99]
TBPAGE TB Insert horizontal rule   | btn 35x35 | svg 14x14 at [ 723.5, 169.5 ] in btn true | fill color(srgb 0 0 0) color color(srgb 0 0 0) opacity 0.6 | bbox 11x2 thick 2 core 1 runMed {"h":11,"v":2} ink [167,170,174] dark [95,97,99]
TBPAGE TB Remove format            | btn 35x35 | svg 14x14 at [ 767.5, 169.5 ] in btn true | fill color(srgb 0 0 0) color color(srgb 0 0 0) opacity 0.6 | bbox 10.5x9.5 thick 1 core 1 runMed {"h":2,"v":1} ink [97,99,101] dark [95,97,99]
TBPAGE TB Fullscreen               | btn 35x35 | svg 14x14 at [ 811.5, 169.5 ] in btn true | fill color(srgb 0 0 0) color color(srgb 0 0 0) opacity 0.6 | bbox 11x11 thick 2.5 core 2.5 runMed {"h":2.5,"v":2.5} ink [95,97,99] dark [95,97,99]
TBPAGE J61-3 darkest pairwise: worst {"dE":0.41,"a":"View HTML","b":"Undo (Cmd + Z)","ca":[96,98,100],"cb":[95,97,99]} pairs>3: 0 / 190 []
ST View HTML                | rest rgba(0, 0, 0, 0) color(srgb 0 0 0) 0.6 [97,99,101] [96,98,100] | hover true color(srgb 0.215686 0.435294 0.815686 / 0.08) rgb(55, 111, 208) 1 ink [11,11,12] dark [0,0,0] bg [240,244,250] | active true oklch(0.92 0.0403278 260.564) rgb(55, 111, 208) 1 ink [14,15,16] dark [0,0,0] bg [240,244,250]
ST Undo (Cmd + Z)           | rest rgba(0, 0, 0, 0) color(srgb 0 0 0) 0.6 [95,97,99] [95,97,99] | hover true color(srgb 0.215686 0.435294 0.815686 / 0.08) rgb(55, 111, 208) 1 ink [55,111,208] dark [55,111,208] bg [240,244,250] | active true color(srgb 0.215686 0.435294 0.815686 / 0.08) rgb(55, 111, 208) 1 ink [55,111,208] dark [55,111,208] bg [240,244,250]
ST Redo (Cmd + Y)           | rest rgba(0, 0, 0, 0) color(srgb 0 0 0) 0.6 [95,97,99] [95,97,99] | hover true color(srgb 0.215686 0.435294 0.815686 / 0.08) rgb(55, 111, 208) 1 ink [55,111,208] dark [55,111,208] bg [240,244,250] | active true color(srgb 0.215686 0.435294 0.815686 / 0.08) rgb(55, 111, 208) 1 ink [55,111,208] dark [55,111,208] bg [240,244,250]
ST Formatting               | rest rgba(0, 0, 0, 0) color(srgb 0 0 0) 0.6 [96,98,100] [95,97,99] | hover true color(srgb 0.215686 0.435294 0.815686 / 0.08) rgb(55, 111, 208) 1 ink [90,111,208] dark [90,93,98] bg [240,244,250] | active true color(srgb 0.215686 0.435294 0.815686 / 0.08) rgb(55, 111, 208) 1 ink [90,111,208] dark [90,93,98] bg [240,244,250]
ST Strong (Cmd + B)         | rest rgba(0, 0, 0, 0) color(srgb 0 0 0) 0.6 [95,97,99] [95,97,99] | hover true color(srgb 0.215686 0.435294 0.815686 / 0.08) rgb(55, 111, 208) 1 ink [55,111,208] dark [55,111,208] bg [240,244,250] | active true color(srgb 0.215686 0.435294 0.815686 / 0.08) rgb(55, 111, 208) 1 ink [55,111,208] dark [55,111,208] bg [240,244,250]
ST Emphasis (Cmd + I)       | rest rgba(0, 0, 0, 0) color(srgb 0 0 0) 0.6 [95,97,99] [95,97,99] | hover true color(srgb 0.215686 0.435294 0.815686 / 0.08) rgb(55, 111, 208) 1 ink [60,115,209] dark [55,111,208] bg [240,244,250] | active true color(srgb 0.215686 0.435294 0.815686 / 0.08) rgb(55, 111, 208) 1 ink [60,115,209] dark [55,111,208] bg [240,244,250]
ST Deleted                  | rest rgba(0, 0, 0, 0) color(srgb 0 0 0) 0.6 [130,132,135] [95,97,99] | hover true color(srgb 0.215686 0.435294 0.815686 / 0.08) rgb(55, 111, 208) 1 ink [97,141,217] dark [55,111,208] bg [240,244,250] | active true color(srgb 0.215686 0.435294 0.815686 / 0.08) rgb(55, 111, 208) 1 ink [97,141,217] dark [55,111,208] bg [240,244,250]
ST Superscript              | rest rgba(0, 0, 0, 0) color(srgb 0 0 0) 0.6 [95,97,99] [95,97,99] | hover true color(srgb 0.215686 0.435294 0.815686 / 0.08) rgb(55, 111, 208) 1 ink [65,119,211] dark [55,111,208] bg [240,244,250] | active true color(srgb 0.215686 0.435294 0.815686 / 0.08) rgb(55, 111, 208) 1 ink [65,119,211] dark [55,111,208] bg [240,244,250]
ST Subscript                | rest rgba(0, 0, 0, 0) color(srgb 0 0 0) 0.6 [95,97,99] [95,97,99] | hover true color(srgb 0.215686 0.435294 0.815686 / 0.08) rgb(55, 111, 208) 1 ink [62,116,210] dark [55,111,208] bg [240,244,250] | active true color(srgb 0.215686 0.435294 0.815686 / 0.08) rgb(55, 111, 208) 1 ink [62,116,210] dark [55,111,208] bg [240,244,250]
ST Link                     | rest rgba(0, 0, 0, 0) color(srgb 0 0 0) 0.6 [97,99,101] [95,97,99] | hover true color(srgb 0.215686 0.435294 0.815686 / 0.08) rgb(55, 111, 208) 1 ink [90,116,208] dark [90,93,98] bg [240,244,250] | active true color(srgb 0.215686 0.435294 0.815686 / 0.08) rgb(55, 111, 208) 1 ink [90,116,208] dark [90,93,98] bg [240,244,250]
ST Insert Image             | rest rgba(0, 0, 0, 0) color(srgb 0 0 0) 0.6 [95,97,99] [95,97,99] | hover true color(srgb 0.215686 0.435294 0.815686 / 0.08) rgb(55, 111, 208) 1 ink [55,111,208] dark [55,111,208] bg [240,244,250] | active true color(srgb 0.215686 0.435294 0.815686 / 0.08) rgb(55, 111, 208) 1 ink [55,111,208] dark [55,111,208] bg [240,244,250]
ST Align Left               | rest rgba(0, 0, 0, 0) color(srgb 0 0 0) 0.6 [167,170,174] [95,97,99] | hover true color(srgb 0.215686 0.435294 0.815686 / 0.08) rgb(55, 111, 208) 1 ink [139,171,227] dark [55,111,208] bg [240,244,250] | active true color(srgb 0.215686 0.435294 0.815686 / 0.08) rgb(55, 111, 208) 1 ink [139,171,227] dark [55,111,208] bg [240,244,250]
ST Align Center             | rest rgba(0, 0, 0, 0) color(srgb 0 0 0) 0.6 [167,170,174] [95,97,99] | hover true color(srgb 0.215686 0.435294 0.815686 / 0.08) rgb(55, 111, 208) 1 ink [139,171,227] dark [55,111,208] bg [240,244,250] | active true color(srgb 0.215686 0.435294 0.815686 / 0.08) rgb(55, 111, 208) 1 ink [139,171,227] dark [55,111,208] bg [240,244,250]
ST Align Right              | rest rgba(0, 0, 0, 0) color(srgb 0 0 0) 0.6 [167,170,174] [95,97,99] | hover true color(srgb 0.215686 0.435294 0.815686 / 0.08) rgb(55, 111, 208) 1 ink [139,171,227] dark [55,111,208] bg [240,244,250] | active true color(srgb 0.215686 0.435294 0.815686 / 0.08) rgb(55, 111, 208) 1 ink [139,171,227] dark [55,111,208] bg [240,244,250]
ST Align Justify            | rest rgba(0, 0, 0, 0) color(srgb 0 0 0) 0.6 [167,170,174] [95,97,99] | hover true color(srgb 0.215686 0.435294 0.815686 / 0.08) rgb(55, 111, 208) 1 ink [139,171,227] dark [55,111,208] bg [240,244,250] | active true color(srgb 0.215686 0.435294 0.815686 / 0.08) rgb(55, 111, 208) 1 ink [139,171,227] dark [55,111,208] bg [240,244,250]
ST Unordered list           | rest rgba(0, 0, 0, 0) color(srgb 0 0 0) 0.6 [167,170,174] [95,97,99] | hover true color(srgb 0.215686 0.435294 0.815686 / 0.08) rgb(55, 111, 208) 1 ink [139,171,227] dark [55,111,208] bg [240,244,250] | active true color(srgb 0.215686 0.435294 0.815686 / 0.08) rgb(55, 111, 208) 1 ink [139,171,227] dark [55,111,208] bg [240,244,250]
ST Ordered list             | rest rgba(0, 0, 0, 0) color(srgb 0 0 0) 0.6 [167,170,174] [95,97,99] | hover true color(srgb 0.215686 0.435294 0.815686 / 0.08) rgb(55, 111, 208) 1 ink [139,171,227] dark [55,111,208] bg [240,244,250] | active true color(srgb 0.215686 0.435294 0.815686 / 0.08) rgb(55, 111, 208) 1 ink [139,171,227] dark [55,111,208] bg [240,244,250]
ST Insert horizontal rule   | rest rgba(0, 0, 0, 0) color(srgb 0 0 0) 0.6 [167,170,174] [95,97,99] | hover true color(srgb 0.215686 0.435294 0.815686 / 0.08) rgb(55, 111, 208) 1 ink [139,171,227] dark [55,111,208] bg [240,244,250] | active true color(srgb 0.215686 0.435294 0.815686 / 0.08) rgb(55, 111, 208) 1 ink [139,171,227] dark [55,111,208] bg [240,244,250]
ST Remove format            | rest rgba(0, 0, 0, 0) color(srgb 0 0 0) 0.6 [97,99,101] [95,97,99] | hover true color(srgb 0.215686 0.435294 0.815686 / 0.08) rgb(55, 111, 208) 1 ink [97,141,217] dark [55,111,208] bg [240,244,250] | active true color(srgb 0.215686 0.435294 0.815686 / 0.08) rgb(55, 111, 208) 1 ink [97,141,217] dark [55,111,208] bg [240,244,250]
ST Fullscreen               | rest rgba(0, 0, 0, 0) color(srgb 0 0 0) 0.6 [95,97,99] [95,97,99] | hover true color(srgb 0.215686 0.435294 0.815686 / 0.08) rgb(55, 111, 208) 1 ink [55,94,149] dark [0,0,0] bg [240,244,250] | active true color(srgb 0.215686 0.435294 0.815686 / 0.08) rgb(55, 111, 208) 1 ink [55,94,149] dark [0,0,0] bg [240,244,250]
DIS View HTML                | attr false cls false | btnOpacity 1 cursor pointer pe auto | svg rgb(55, 111, 208) color(srgb 0 0 0) op 1 | ink [14,15,16] dark [0,0,0] bg [240,244,250]
DIS Undo (Cmd + Z)           | attr false cls false | btnOpacity 1 cursor pointer pe auto | svg color(srgb 0 0 0) color(srgb 0 0 0) op 0.6 | ink [95,97,99] dark [95,97,99] bg [240,244,250]
DIS Redo (Cmd + Y)           | attr false cls false | btnOpacity 1 cursor pointer pe auto | svg color(srgb 0 0 0) color(srgb 0 0 0) op 0.6 | ink [95,97,99] dark [95,97,99] bg [240,244,250]
DIS Formatting               | attr false cls false | btnOpacity 1 cursor pointer pe auto | svg color(srgb 0 0 0) color(srgb 0 0 0) op 0.6 | ink [96,98,100] dark [95,97,99] bg [240,244,250]
DIS Strong (Cmd + B)         | attr false cls false | btnOpacity 1 cursor pointer pe auto | svg color(srgb 0 0 0) color(srgb 0 0 0) op 0.6 | ink [95,97,99] dark [95,97,99] bg [240,244,250]
DIS Emphasis (Cmd + I)       | attr false cls false | btnOpacity 1 cursor pointer pe auto | svg color(srgb 0 0 0) color(srgb 0 0 0) op 0.6 | ink [95,97,99] dark [95,97,99] bg [240,244,250]
DIS Deleted                  | attr false cls false | btnOpacity 1 cursor pointer pe auto | svg color(srgb 0 0 0) color(srgb 0 0 0) op 0.6 | ink [130,132,135] dark [95,97,99] bg [240,244,250]
DIS Superscript              | attr false cls false | btnOpacity 1 cursor pointer pe auto | svg color(srgb 0 0 0) color(srgb 0 0 0) op 0.6 | ink [95,97,99] dark [95,97,99] bg [240,244,250]
DIS Subscript                | attr false cls false | btnOpacity 1 cursor pointer pe auto | svg color(srgb 0 0 0) color(srgb 0 0 0) op 0.6 | ink [95,97,99] dark [95,97,99] bg [240,244,250]
DIS Link                     | attr false cls false | btnOpacity 1 cursor pointer pe auto | svg color(srgb 0 0 0) color(srgb 0 0 0) op 0.6 | ink [97,99,101] dark [95,97,99] bg [240,244,250]
DIS Insert Image             | attr false cls false | btnOpacity 1 cursor pointer pe auto | svg color(srgb 0 0 0) color(srgb 0 0 0) op 0.6 | ink [95,97,99] dark [95,97,99] bg [240,244,250]
DIS Align Left               | attr false cls false | btnOpacity 1 cursor pointer pe auto | svg color(srgb 0 0 0) color(srgb 0 0 0) op 0.6 | ink [167,170,174] dark [95,97,99] bg [240,244,250]
DIS Align Center             | attr false cls false | btnOpacity 1 cursor pointer pe auto | svg color(srgb 0 0 0) color(srgb 0 0 0) op 0.6 | ink [167,170,174] dark [95,97,99] bg [240,244,250]
DIS Align Right              | attr false cls false | btnOpacity 1 cursor pointer pe auto | svg color(srgb 0 0 0) color(srgb 0 0 0) op 0.6 | ink [167,170,174] dark [95,97,99] bg [240,244,250]
DIS Align Justify            | attr false cls false | btnOpacity 1 cursor pointer pe auto | svg color(srgb 0 0 0) color(srgb 0 0 0) op 0.6 | ink [167,170,174] dark [95,97,99] bg [240,244,250]
DIS Unordered list           | attr false cls false | btnOpacity 1 cursor pointer pe auto | svg color(srgb 0 0 0) color(srgb 0 0 0) op 0.6 | ink [167,170,174] dark [95,97,99] bg [240,244,250]
DIS Ordered list             | attr false cls false | btnOpacity 1 cursor pointer pe auto | svg color(srgb 0 0 0) color(srgb 0 0 0) op 0.6 | ink [167,170,174] dark [95,97,99] bg [240,244,250]
DIS Insert horizontal rule   | attr false cls false | btnOpacity 1 cursor pointer pe auto | svg color(srgb 0 0 0) color(srgb 0 0 0) op 0.6 | ink [167,170,174] dark [95,97,99] bg [240,244,250]
DIS Remove format            | attr false cls false | btnOpacity 1 cursor pointer pe auto | svg color(srgb 0 0 0) color(srgb 0 0 0) op 0.6 | ink [97,99,101] dark [95,97,99] bg [240,244,250]
DIS Fullscreen               | attr false cls false | btnOpacity 1 cursor pointer pe auto | svg color(srgb 0 0 0) color(srgb 0 0 0) op 0.6 | ink [95,97,99] dark [95,97,99] bg [240,244,250]
DIS restored disabled count 0
DD Paragraph        | rect 18x18 css 18px 18px | fill rgba(0, 0, 0, 0.6) color rgba(0, 0, 0, 0.87) op 1 | ink [102,102,102] dark [102,102,102]
DD Quote            | rect 18x18 css 18px 18px | fill rgba(0, 0, 0, 0.6) color rgba(0, 0, 0, 0.87) op 1 | ink [102,102,102] dark [102,102,102]
DD Header 1         | rect 18x18 css 18px 18px | fill rgba(0, 0, 0, 0.6) color rgba(0, 0, 0, 0.87) op 1 | ink [102,102,102] dark [102,102,102]
DD Header 2         | rect 18x18 css 18px 18px | fill rgba(0, 0, 0, 0.6) color rgba(0, 0, 0, 0.87) op 1 | ink [102,102,102] dark [102,102,102]
DD Header 3         | rect 18x18 css 18px 18px | fill rgba(0, 0, 0, 0.6) color rgba(0, 0, 0, 0.87) op 1 | ink [102,102,102] dark [102,102,102]
DD Header 4         | rect 18x18 css 18px 18px | fill rgba(0, 0, 0, 0.6) color rgba(0, 0, 0, 0.87) op 1 | ink [102,102,102] dark [102,102,102]
LT z-icon-volume-2                | rect 14x20 | before 14px 14px | ink bbox 13x11 thick 1.5 core 1 ink [68,120,211]
LT z-icon-search                  | rect 14x20 | before 14px 14px | ink bbox 12x12 thick 1.5 core 1 ink [61,116,209]
LT z-icon-edit                    | rect 14x20 | before 14px 14px | ink bbox 13x13 thick 2 core 1 ink [60,114,209]
LT z-icon-star                    | rect 14x20 | before 14px 14px | ink bbox 13x12.5 thick 2.5 core 1 ink [33,53,86]
LT z-icon-trash-2                 | rect 14x20 | before 14px 14px | ink bbox 11x13 thick 1 core 1 ink [178,199,237]
LT z-icon-file                    | rect 14x20 | before 14px 14px | ink bbox 11x13 thick 1.5 core 0.5 ink [88,135,216]
LT z-icon-folder-open             | rect 14x20 | before 14px 14px | ink bbox 13x11.5 thick 1.5 core 0.5 ink [88,135,216]
LT z-icon-scissors                | rect 14x20 | before 14px 14px | ink bbox 11.5x12 thick 1.5 core 1.5 ink [66,119,211]
LT z-icon-copy                    | rect 14x20 | before 14px 14px | ink bbox 13x13 thick 1.5 core 0.5 ink [97,141,218]
LT z-icon-clipboard               | rect 14x20 | before 14px 14px | ink bbox 11x13 thick 1.5 core 0.5 ink [88,135,216]
