== core projects (full): component-theming hit-target focus-scan forced-colors  17:22:56

Running 231 tests using 4 workers

  ✓    3 [forced-colors] › src/test/playwright/forced-colors.spec.ts:32:7 › forced-colors (Windows High-Contrast) a11y guards › forced-colors is actually emulated (473ms)
  ✓    1 [hit-target] › src/test/playwright/hit-target.spec.ts:68:7 › multislider: every knob owns its own centre (711ms)
  ✓    5 [forced-colors] › src/test/playwright/forced-colors.spec.ts:38:7 › forced-colors (Windows High-Contrast) a11y guards › checkbox checked/indeterminate opt out of the OS palette (glyph stays legible) (519ms)
  ✓    4 [focus-scan] › src/test/playwright/focus-ring-scan.spec.ts:266:9 › focus-ring scan › a (1.0s)
  ✓    6 [hit-target] › src/test/playwright/hit-target.spec.ts:68:7 › rangeslider: every knob owns its own centre (409ms)
  -    8 [focus-scan] › src/test/playwright/focus-ring-scan.spec.ts:266:9 › focus-ring scan › absolutelayout
  ✓    7 [forced-colors] › src/test/playwright/forced-colors.spec.ts:50:7 › forced-colors (Windows High-Contrast) a11y guards › text-input focus draws a real outline (box-shadow focus ring is stripped) (442ms)
  ✓    9 [hit-target] › src/test/playwright/hit-target.spec.ts:68:7 › slider: every knob owns its own centre (550ms)
  -   10 [focus-scan] › src/test/playwright/focus-ring-scan.spec.ts:266:9 › focus-ring scan › anchorlayout
  ✓   11 [forced-colors] › src/test/playwright/forced-colors.spec.ts:65:7 › forced-colors (Windows High-Contrast) a11y guards › selected list row uses the system selection colors (tint would otherwise vanish) (861ms)
  ✓   12 [focus-scan] › src/test/playwright/focus-ring-scan.spec.ts:266:9 › focus-ring scan › anchornav (430ms)
  ✓   13 [forced-colors] › src/test/playwright/forced-colors.spec.ts:81:7 › forced-colors (Windows High-Contrast) a11y guards › elevation-only surfaces gain a border (box-shadow is stripped) (414ms)
  ✓    2 [component-theming] › src/test/playwright/component-theming.spec.ts:34:7 › Component Theme Variables › regional override restyles scoped buttons only (2.7s)
  -   14 [focus-scan] › src/test/playwright/focus-ring-scan.spec.ts:266:9 › focus-ring scan › avatar
  ✓   15 [forced-colors] › src/test/playwright/forced-colors.spec.ts:92:7 › forced-colors (Windows High-Contrast) a11y guards › buttons are delineated by a border (398ms)
  ✓   17 [focus-scan] › src/test/playwright/focus-ring-scan.spec.ts:266:9 › focus-ring scan › badge (687ms)
  ✓   18 [forced-colors] › src/test/playwright/forced-colors.spec.ts:101:7 › forced-colors (Windows High-Contrast) a11y guards › elevation surface (groupbox) gains a border (674ms)
  -   19 [focus-scan] › src/test/playwright/focus-ring-scan.spec.ts:266:9 › focus-ring scan › bandbox
  ✓   20 [forced-colors] › src/test/playwright/forced-colors.spec.ts:112:7 › forced-colors (Windows High-Contrast) a11y guards › paging current page uses the system selection color (426ms)
  -   21 [focus-scan] › src/test/playwright/focus-ring-scan.spec.ts:266:9 › focus-ring scan › barcode
  ✓   16 [component-theming] › src/test/playwright/component-theming.spec.ts:48:7 › Component Theme Variables › disabled button keeps its disabled treatment inside a scoped region (1.8s)
  ✓   22 [forced-colors] › src/test/playwright/forced-colors.spec.ts:123:7 › forced-colors (Windows High-Contrast) a11y guards › calendar selected day keeps a visible filled disc (fill on ::before) (522ms)
  ✓   25 [forced-colors] › src/test/playwright/forced-colors.spec.ts:139:7 › forced-colors (Windows High-Contrast) a11y guards › spinner up/down arrow icons stay visible (fill is foreground, not page bg) (1.6s)
  ✓   23 [focus-scan] › src/test/playwright/focus-ring-scan.spec.ts:266:9 › focus-ring scan › biglistbox (2.1s)
  ✓   26 [forced-colors] › src/test/playwright/forced-colors.spec.ts:153:7 › forced-colors (Windows High-Contrast) a11y guards › combobox caret icon stays visible (unlayered fill beats the component rule) (261ms)
  ✓   24 [component-theming] › src/test/playwright/component-theming.spec.ts:54:7 › Component Theme Variables › whole-app :root override wins (loaded after norm.css.dsp) (2.4s)
  ✓   27 [focus-scan] › src/test/playwright/focus-ring-scan.spec.ts:266:9 › focus-ring scan › borderlayout (446ms)
  ✓   28 [forced-colors] › src/test/playwright/forced-colors.spec.ts:165:7 › forced-colors (Windows High-Contrast) a11y guards › selected list check keeps its baked box (icon-fill guard must not clobber it) (581ms)
  ✓   30 [focus-scan] › src/test/playwright/focus-ring-scan.spec.ts:266:9 › focus-ring scan › breadcrumb (404ms)
  ✓   31 [forced-colors] › src/test/playwright/forced-colors.spec.ts:186:7 › forced-colors (Windows High-Contrast) a11y guards › accordion selected tab uses the system selection color (488ms)
  ✓   33 [forced-colors] › src/test/playwright/forced-colors.spec.ts:197:7 › forced-colors (Windows High-Contrast) a11y guards › datebox popup gains a border (box-shadow elevation is stripped) (402ms)
  ✓   29 [component-theming] › src/test/playwright/component-theming.spec.ts:65:7 › Component Theme Variables › input — regional border/radius override, sibling untouched (1.7s)
  ✓   34 [forced-colors] › src/test/playwright/forced-colors.spec.ts:211:7 › forced-colors (Windows High-Contrast) a11y guards › confirmpopup gains a border and keeps its arrow (elevation + CSS-triangle beak) (402ms)
  ✓   32 [focus-scan] › src/test/playwright/focus-ring-scan.spec.ts:266:9 › focus-ring scan › button (1.3s)
  -   37 [focus-scan] › src/test/playwright/focus-ring-scan.spec.ts:266:9 › focus-ring scan › calendar
  ✓   36 [forced-colors] › src/test/playwright/forced-colors.spec.ts:225:7 › forced-colors (Windows High-Contrast) a11y guards › focus ring on a SELECTED navbar item stays visible (Highlight-on-Highlight) (450ms)
  ✓   38 [focus-scan] › src/test/playwright/focus-ring-scan.spec.ts:266:9 › focus-ring scan › caption (538ms)
  ✓   39 [forced-colors] › src/test/playwright/forced-colors.spec.ts:257:7 › forced-colors (Windows High-Contrast) a11y guards › datebox timezone selector keeps its top gap from the calendar (spacing is a margin, mode-independent) (565ms)
  ✓   40 [focus-scan] › src/test/playwright/focus-ring-scan.spec.ts:266:9 › focus-ring scan › cardlayout (387ms)
  ✓   35 [component-theming] › src/test/playwright/component-theming.spec.ts:77:7 › Component Theme Variables › window — regional surface/radius override, sibling untouched (1.4s)
  ✓   41 [focus-scan] › src/test/playwright/focus-ring-scan.spec.ts:266:9 › focus-ring scan › carousel (504ms)
  -   43 [focus-scan] › src/test/playwright/focus-ring-scan.spec.ts:266:9 › focus-ring scan › cascader
  ✓   44 [focus-scan] › src/test/playwright/focus-ring-scan.spec.ts:266:9 › focus-ring scan › checkbox (344ms)
  ✓   42 [component-theming] › src/test/playwright/component-theming.spec.ts:89:7 › Component Theme Variables › grid — regional border/radius override, sibling untouched (1.4s)
  ✓   45 [focus-scan] › src/test/playwright/focus-ring-scan.spec.ts:266:9 › focus-ring scan › chip (277ms)
  -   47 [focus-scan] › src/test/playwright/focus-ring-scan.spec.ts:266:9 › focus-ring scan › chosenbox
  ✓   48 [focus-scan] › src/test/playwright/focus-ring-scan.spec.ts:266:9 › focus-ring scan › coachmark (328ms)
  ✓   49 [focus-scan] › src/test/playwright/focus-ring-scan.spec.ts:266:9 › focus-ring scan › codeeditor (448ms)
  ✓   46 [component-theming] › src/test/playwright/component-theming.spec.ts:101:7 › Component Theme Variables › listbox — regional frame + selection override, sibling untouched (1.5s)
  -   50 [focus-scan] › src/test/playwright/focus-ring-scan.spec.ts:266:9 › focus-ring scan › colorbox
  -   52 [focus-scan] › src/test/playwright/focus-ring-scan.spec.ts:266:9 › focus-ring scan › columnlayout
  -   53 [focus-scan] › src/test/playwright/focus-ring-scan.spec.ts:266:9 › focus-ring scan › combobox
  -   54 [focus-scan] › src/test/playwright/focus-ring-scan.spec.ts:266:9 › focus-ring scan › combobutton
  ✓   51 [component-theming] › src/test/playwright/component-theming.spec.ts:115:7 › Component Theme Variables › tree — regional frame + selection override, sibling untouched (2.0s)
  ✓   56 [component-theming] › src/test/playwright/component-theming.spec.ts:131:7 › Component Theme Variables › panel — regional surface/radius override, sibling untouched (1.5s)
  ✓   55 [focus-scan] › src/test/playwright/focus-ring-scan.spec.ts:266:9 › focus-ring scan › component-theming (2.2s)
  ✓   58 [focus-scan] › src/test/playwright/focus-ring-scan.spec.ts:266:9 › focus-ring scan › confirmpopup (612ms)
  ✓   57 [component-theming] › src/test/playwright/component-theming.spec.ts:142:7 › Component Theme Variables › groupbox — regional frame override, sibling untouched (1.4s)
  -   59 [focus-scan] › src/test/playwright/focus-ring-scan.spec.ts:266:9 › focus-ring scan › cropper
  -   61 [focus-scan] › src/test/playwright/focus-ring-scan.spec.ts:266:9 › focus-ring scan › datebox
  -   62 [focus-scan] › src/test/playwright/focus-ring-scan.spec.ts:266:9 › focus-ring scan › daterangebox
  ✓   60 [component-theming] › src/test/playwright/component-theming.spec.ts:154:7 › Component Theme Variables › combobox — regional field override, sibling untouched (1.6s)
  -   63 [focus-scan] › src/test/playwright/focus-ring-scan.spec.ts:266:9 › focus-ring scan › decimalbox
  -   65 [focus-scan] › src/test/playwright/focus-ring-scan.spec.ts:266:9 › focus-ring scan › dnd
  -   66 [focus-scan] › src/test/playwright/focus-ring-scan.spec.ts:266:9 › focus-ring scan › doublebox
  -   67 [focus-scan] › src/test/playwright/focus-ring-scan.spec.ts:266:9 › focus-ring scan › doublespinner
  ✓   68 [focus-scan] › src/test/playwright/focus-ring-scan.spec.ts:266:9 › focus-ring scan › drawer (572ms)
  ✓   64 [component-theming] › src/test/playwright/component-theming.spec.ts:168:7 › Component Theme Variables › datebox — regional border/radius override, sibling untouched (1.5s)
  -   69 [focus-scan] › src/test/playwright/focus-ring-scan.spec.ts:266:9 › focus-ring scan › dropupload
  -   71 [focus-scan] › src/test/playwright/focus-ring-scan.spec.ts:266:9 › focus-ring scan › errorbox
  ✓   72 [focus-scan] › src/test/playwright/focus-ring-scan.spec.ts:266:9 › focus-ring scan › fisheyebar (539ms)
  -   73 [focus-scan] › src/test/playwright/focus-ring-scan.spec.ts:266:9 › focus-ring scan › goldenlayout
  ✓   70 [component-theming] › src/test/playwright/component-theming.spec.ts:179:7 › Component Theme Variables › timebox — regional border/radius override, sibling untouched (1.6s)
  ✓   74 [focus-scan] › src/test/playwright/focus-ring-scan.spec.ts:266:9 › focus-ring scan › grid (549ms)
  -   76 [focus-scan] › src/test/playwright/focus-ring-scan.spec.ts:266:9 › focus-ring scan › grid-detail
  -   77 [focus-scan] › src/test/playwright/focus-ring-scan.spec.ts:266:9 › focus-ring scan › grid-grouping
  ✓   75 [component-theming] › src/test/playwright/component-theming.spec.ts:190:7 › Component Theme Variables › spinner — regional border/radius override, sibling untouched (1.6s)
  ✓   78 [focus-scan] › src/test/playwright/focus-ring-scan.spec.ts:266:9 › focus-ring scan › grid-header (474ms)
  -   80 [focus-scan] › src/test/playwright/focus-ring-scan.spec.ts:266:9 › focus-ring scan › grid-livegrouping
  ✓   81 [focus-scan] › src/test/playwright/focus-ring-scan.spec.ts:266:9 › focus-ring scan › grid-paging (461ms)
  -   82 [focus-scan] › src/test/playwright/focus-ring-scan.spec.ts:266:9 › focus-ring scan › groupbox
  ✓   79 [component-theming] › src/test/playwright/component-theming.spec.ts:201:7 › Component Theme Variables › bandbox — regional border/radius override, sibling untouched (1.4s)
  ✓   83 [focus-scan] › src/test/playwright/focus-ring-scan.spec.ts:266:9 › focus-ring scan › hlayout (441ms)
  ✓   85 [focus-scan] › src/test/playwright/focus-ring-scan.spec.ts:266:9 › focus-ring scan › inputgroup (524ms)
  -   86 [focus-scan] › src/test/playwright/focus-ring-scan.spec.ts:266:9 › focus-ring scan › intbox
  ✓   84 [component-theming] › src/test/playwright/component-theming.spec.ts:216:7 › Component Theme Variables › daterangebox — regional border/radius override, sibling untouched (1.5s)
  ✓   87 [focus-scan] › src/test/playwright/focus-ring-scan.spec.ts:266:9 › focus-ring scan › label (467ms)
  ✓   89 [focus-scan] › src/test/playwright/focus-ring-scan.spec.ts:266:9 › focus-ring scan › linelayout (858ms)
  ✓   90 [focus-scan] › src/test/playwright/focus-ring-scan.spec.ts:266:9 › focus-ring scan › listbox (399ms)
  ✓   88 [component-theming] › src/test/playwright/component-theming.spec.ts:227:7 › Component Theme Variables › daterangebox — whole-app :root override wins (loaded after norm.css.dsp) (1.5s)
  ✓   91 [focus-scan] › src/test/playwright/focus-ring-scan.spec.ts:266:9 › focus-ring scan › listbox-grouping (410ms)
  ✓   93 [focus-scan] › src/test/playwright/focus-ring-scan.spec.ts:266:9 › focus-ring scan › listbox-header (488ms)
  -   94 [focus-scan] › src/test/playwright/focus-ring-scan.spec.ts:266:9 › focus-ring scan › longbox
  ✓   92 [component-theming] › src/test/playwright/component-theming.spec.ts:238:7 › Component Theme Variables › tabbox — regional accent/border override, sibling untouched (1.4s)
  ✓   95 [focus-scan] › src/test/playwright/focus-ring-scan.spec.ts:266:9 › focus-ring scan › menubar (339ms)
  ✓   97 [focus-scan] › src/test/playwright/focus-ring-scan.spec.ts:266:9 › focus-ring scan › messagebox (391ms)
  -   98 [focus-scan] › src/test/playwright/focus-ring-scan.spec.ts:266:9 › focus-ring scan › multislider
  ✓   99 [focus-scan] › src/test/playwright/focus-ring-scan.spec.ts:266:9 › focus-ring scan › navbar (491ms)
  ✓   96 [component-theming] › src/test/playwright/component-theming.spec.ts:253:7 › Component Theme Variables › menubar — regional surface override, sibling untouched (1.3s)
  ✓  100 [focus-scan] › src/test/playwright/focus-ring-scan.spec.ts:266:9 › focus-ring scan › notification (317ms)
  ✓  102 [focus-scan] › src/test/playwright/focus-ring-scan.spec.ts:266:9 › focus-ring scan › organigram (408ms)
  ✓  103 [focus-scan] › src/test/playwright/focus-ring-scan.spec.ts:266:9 › focus-ring scan › paging (486ms)
  -  104 [focus-scan] › src/test/playwright/focus-ring-scan.spec.ts:266:9 › focus-ring scan › panel
  ✓  101 [component-theming] › src/test/playwright/component-theming.spec.ts:264:7 › Component Theme Variables › avatar — regional fill override (hoisted base knob), sibling untouched (1.3s)
  ✓  105 [focus-scan] › src/test/playwright/focus-ring-scan.spec.ts:266:9 › focus-ring scan › pdfviewer (355ms)
  ✓  107 [focus-scan] › src/test/playwright/focus-ring-scan.spec.ts:266:9 › focus-ring scan › popup (429ms)
  -  108 [focus-scan] › src/test/playwright/focus-ring-scan.spec.ts:266:9 › focus-ring scan › portallayout
  ✓  106 [component-theming] › src/test/playwright/component-theming.spec.ts:274:7 › Component Theme Variables › badge — default fill region-overridable, non-default severity pinned (1.3s)
  ✓  109 [focus-scan] › src/test/playwright/focus-ring-scan.spec.ts:266:9 › focus-ring scan › progressmeter (311ms)
  ✓  111 [focus-scan] › src/test/playwright/focus-ring-scan.spec.ts:266:9 › focus-ring scan › radiogroup (352ms)
  -  112 [focus-scan] › src/test/playwright/focus-ring-scan.spec.ts:266:9 › focus-ring scan › rangeslider
  -  113 [focus-scan] › src/test/playwright/focus-ring-scan.spec.ts:266:9 › focus-ring scan › rating
  ✓  110 [component-theming] › src/test/playwright/component-theming.spec.ts:290:7 › Component Theme Variables › rating — regional accent override, sibling untouched (1.3s)
  ✓  114 [focus-scan] › src/test/playwright/focus-ring-scan.spec.ts:266:9 › focus-ring scan › responsive-grid (332ms)
  -  116 [focus-scan] › src/test/playwright/focus-ring-scan.spec.ts:266:9 › focus-ring scan › rowlayout
  ✓  117 [focus-scan] › src/test/playwright/focus-ring-scan.spec.ts:266:9 › focus-ring scan › runtime-error (467ms)
  -  118 [focus-scan] › src/test/playwright/focus-ring-scan.spec.ts:266:9 › focus-ring scan › scrollbar
  ✓  115 [component-theming] › src/test/playwright/component-theming.spec.ts:301:7 › Component Theme Variables › rating — whole-app :root override wins (loaded after norm.css.dsp) (1.4s)
  -  119 [focus-scan] › src/test/playwright/focus-ring-scan.spec.ts:266:9 › focus-ring scan › scrollview
  -  121 [focus-scan] › src/test/playwright/focus-ring-scan.spec.ts:266:9 › focus-ring scan › searchbox
  ✓  122 [focus-scan] › src/test/playwright/focus-ring-scan.spec.ts:266:9 › focus-ring scan › selectbox (484ms)
  ✓  120 [component-theming] › src/test/playwright/component-theming.spec.ts:314:7 › Component Theme Variables › progressmeter — regional track/fill override, sibling untouched (1.5s)
  -  123 [focus-scan] › src/test/playwright/focus-ring-scan.spec.ts:266:9 › focus-ring scan › separator
  ✓  125 [focus-scan] › src/test/playwright/focus-ring-scan.spec.ts:266:9 › focus-ring scan › signature (304ms)
  ✓  126 [focus-scan] › src/test/playwright/focus-ring-scan.spec.ts:266:9 › focus-ring scan › slider (343ms)
  ✓  127 [focus-scan] › src/test/playwright/focus-ring-scan.spec.ts:266:9 › focus-ring scan › space (247ms)
  -  128 [focus-scan] › src/test/playwright/focus-ring-scan.spec.ts:266:9 › focus-ring scan › spinner
  ✓  124 [component-theming] › src/test/playwright/component-theming.spec.ts:325:7 › Component Theme Variables › progressmeter — whole-app :root override wins (loaded after norm.css.dsp) (1.3s)
  -  129 [focus-scan] › src/test/playwright/focus-ring-scan.spec.ts:266:9 › focus-ring scan › splitlayout
  -  131 [focus-scan] › src/test/playwright/focus-ring-scan.spec.ts:266:9 › focus-ring scan › splitter
  -  132 [focus-scan] › src/test/playwright/focus-ring-scan.spec.ts:266:9 › focus-ring scan › stepbar
  ✓  133 [focus-scan] › src/test/playwright/focus-ring-scan.spec.ts:266:9 › focus-ring scan › tabbox (363ms)
  ✓  130 [component-theming] › src/test/playwright/component-theming.spec.ts:340:7 › Component Theme Variables › paging — regional radius/selected override, sibling untouched (1.3s)
  ✓  134 [focus-scan] › src/test/playwright/focus-ring-scan.spec.ts:266:9 › focus-ring scan › tabbox-misc (270ms)
  -  136 [focus-scan] › src/test/playwright/focus-ring-scan.spec.ts:266:9 › focus-ring scan › tablelayout
  -  137 [focus-scan] › src/test/playwright/focus-ring-scan.spec.ts:266:9 › focus-ring scan › tbeditor
  -  138 [focus-scan] › src/test/playwright/focus-ring-scan.spec.ts:266:9 › focus-ring scan › textbox
  -  139 [focus-scan] › src/test/playwright/focus-ring-scan.spec.ts:266:9 › focus-ring scan › timebox
  ✓  135 [component-theming] › src/test/playwright/component-theming.spec.ts:356:7 › Component Theme Variables › paging — whole-app :root override wins (loaded after norm.css.dsp) (1.2s)
  -  140 [focus-scan] › src/test/playwright/focus-ring-scan.spec.ts:266:9 › focus-ring scan › timepicker
  ✓  142 [focus-scan] › src/test/playwright/focus-ring-scan.spec.ts:266:9 › focus-ring scan › toast (534ms)
  ✓  143 [focus-scan] › src/test/playwright/focus-ring-scan.spec.ts:266:9 › focus-ring scan › toolbar (453ms)
  ✓  141 [component-theming] › src/test/playwright/component-theming.spec.ts:370:7 › Component Theme Variables › combobutton — regional bg/fg/radius override, sibling untouched (1.3s)
  ✓  144 [focus-scan] › src/test/playwright/focus-ring-scan.spec.ts:266:9 › focus-ring scan › tree (419ms)
  ✓  146 [focus-scan] › src/test/playwright/focus-ring-scan.spec.ts:266:9 › focus-ring scan › tree-header (357ms)
  ✓  147 [focus-scan] › src/test/playwright/focus-ring-scan.spec.ts:266:9 › focus-ring scan › vlayout (228ms)
  ✓  148 [focus-scan] › src/test/playwright/focus-ring-scan.spec.ts:266:9 › focus-ring scan › window (246ms)
  ✓  145 [component-theming] › src/test/playwright/component-theming.spec.ts:382:7 › Component Theme Variables › combobutton — whole-app :root override wins (loaded after norm.css.dsp) (1.2s)
  ✓  149 [focus-scan] › src/test/playwright/focus-ring-scan.spec.ts:373:9 › focus-ring scan — selected + focused under forced-colors › navbar: navbar item (276ms)
  ✓  151 [focus-scan] › src/test/playwright/focus-ring-scan.spec.ts:373:9 › focus-ring scan — selected + focused under forced-colors › tree: tree row (455ms)
  ✓  152 [focus-scan] › src/test/playwright/focus-ring-scan.spec.ts:373:9 › focus-ring scan — selected + focused under forced-colors › listbox: listbox row (371ms)
  ✓  150 [component-theming] › src/test/playwright/component-theming.spec.ts:395:7 › Component Theme Variables › selectbox — regional border/radius override, sibling untouched (1.2s)
  ✓  153 [focus-scan] › src/test/playwright/focus-ring-scan.spec.ts:373:9 › focus-ring scan — selected + focused under forced-colors › paging: paging button (276ms)
  ✓  155 [focus-scan] › src/test/playwright/focus-ring-scan.spec.ts:373:9 › focus-ring scan — selected + focused under forced-colors › organigram: organigram node (251ms)
  ✓  154 [component-theming] › src/test/playwright/component-theming.spec.ts:406:7 › Component Theme Variables › selectbox — whole-app :root override wins (loaded after norm.css.dsp) (1.3s)
  ✓  156 [component-theming] › src/test/playwright/component-theming.spec.ts:420:7 › Component Theme Variables › inputgroup — regional border/radius/addon override, sibling untouched (1.9s)
  ✓  157 [component-theming] › src/test/playwright/component-theming.spec.ts:438:7 › Component Theme Variables › inputgroup — whole-app :root override wins (loaded after norm.css.dsp) (1.8s)
  ✓  158 [component-theming] › src/test/playwright/component-theming.spec.ts:453:7 › Component Theme Variables › calendar — regional border/radius/accent override, sibling untouched (1.2s)
  ✓  159 [component-theming] › src/test/playwright/component-theming.spec.ts:472:7 › Component Theme Variables › calendar — whole-app :root override wins (loaded after norm.css.dsp) (1.3s)
  ✓  160 [component-theming] › src/test/playwright/component-theming.spec.ts:485:7 › Component Theme Variables › toolbar — regional bg/border override, sibling untouched (1.5s)
  ✓  161 [component-theming] › src/test/playwright/component-theming.spec.ts:496:7 › Component Theme Variables › toolbar — whole-app :root override wins (loaded after norm.css.dsp) (1.8s)
  ✓  162 [component-theming] › src/test/playwright/component-theming.spec.ts:510:7 › Component Theme Variables › toolbarbutton — regional fg/radius/checked override, sibling untouched (1.7s)
  ✓  163 [component-theming] › src/test/playwright/component-theming.spec.ts:527:7 › Component Theme Variables › toolbarbutton — whole-app :root override wins (loaded after norm.css.dsp) (1.2s)
  ✓  164 [component-theming] › src/test/playwright/component-theming.spec.ts:541:7 › Component Theme Variables › slider — regional track/accent/radius override, sibling untouched (1.3s)
  ✓  165 [component-theming] › src/test/playwright/component-theming.spec.ts:559:7 › Component Theme Variables › slider — whole-app :root override wins (loaded after norm.css.dsp) (1.4s)
  ✓  166 [component-theming] › src/test/playwright/component-theming.spec.ts:575:7 › Component Theme Variables › rangeslider — regional track/accent/radius override, sibling untouched (1.3s)
  ✓  167 [component-theming] › src/test/playwright/component-theming.spec.ts:597:7 › Component Theme Variables › rangeslider — whole-app :root override wins (loaded after norm.css.dsp) (1.2s)
  ✓  168 [component-theming] › src/test/playwright/component-theming.spec.ts:614:7 › Component Theme Variables › multislider — regional track/accent/radius override, sibling untouched (1.3s)
  ✓  169 [component-theming] › src/test/playwright/component-theming.spec.ts:636:7 › Component Theme Variables › multislider — whole-app :root override wins (loaded after norm.css.dsp) (1.3s)
  ✓  170 [component-theming] › src/test/playwright/component-theming.spec.ts:649:7 › Component Theme Variables › checkbox — regional border/accent override, sibling untouched (1.3s)
  ✓  171 [component-theming] › src/test/playwright/component-theming.spec.ts:664:7 › Component Theme Variables › checkbox — whole-app :root override wins (loaded after norm.css.dsp) (1.2s)
  ✓  172 [component-theming] › src/test/playwright/component-theming.spec.ts:679:7 › Component Theme Variables › radio — regional border/accent override, sibling untouched (1.2s)
  ✓  173 [component-theming] › src/test/playwright/component-theming.spec.ts:694:7 › Component Theme Variables › radio — whole-app :root override wins (loaded after norm.css.dsp) (1.2s)
  ✓  174 [component-theming] › src/test/playwright/component-theming.spec.ts:711:7 › Component Theme Variables › messagebox — zero-regression defaults (1.5s)
  ✓  175 [component-theming] › src/test/playwright/component-theming.spec.ts:721:7 › Component Theme Variables › messagebox — whole-app :root override wins (loaded after norm.css.dsp) (1.5s)
  ✓  176 [component-theming] › src/test/playwright/component-theming.spec.ts:749:7 › Component Theme Variables › popup — zero-regression defaults (1.7s)
  ✓  177 [component-theming] › src/test/playwright/component-theming.spec.ts:759:7 › Component Theme Variables › popup — whole-app :root override wins (loaded after norm.css.dsp) (2.0s)
  ✓  178 [component-theming] › src/test/playwright/component-theming.spec.ts:782:7 › Component Theme Variables › notification — regional bg/fg/radius override, sibling untouched (1.3s)
  ✓  179 [component-theming] › src/test/playwright/component-theming.spec.ts:802:7 › Component Theme Variables › notification — whole-app :root override wins (loaded after norm.css.dsp) (1.7s)
  ✓  180 [component-theming] › src/test/playwright/component-theming.spec.ts:818:7 › Component Theme Variables › toast — regional bg/fg/radius/accent override, sibling untouched (1.3s)
  ✓  181 [component-theming] › src/test/playwright/component-theming.spec.ts:849:7 › Component Theme Variables › toast — whole-app :root override wins (loaded after norm.css.dsp) (1.4s)
  ✓  182 [component-theming] › src/test/playwright/component-theming.spec.ts:861:7 › Component Theme Variables › a — regional fg override, sibling untouched (1.3s)
  ✓  183 [component-theming] › src/test/playwright/component-theming.spec.ts:873:7 › Component Theme Variables › a — whole-app :root override wins (loaded after norm.css.dsp) (1.4s)
  ✓  184 [component-theming] › src/test/playwright/component-theming.spec.ts:887:7 › Component Theme Variables › timepicker — regional border/radius override, sibling untouched (1.3s)
  ✓  185 [component-theming] › src/test/playwright/component-theming.spec.ts:898:7 › Component Theme Variables › timepicker — whole-app :root override wins (loaded after norm.css.dsp) (1.7s)
  ✓  186 [component-theming] › src/test/playwright/component-theming.spec.ts:914:7 › Component Theme Variables › chosenbox — regional border/radius/chip override, sibling untouched (1.4s)
  ✓  187 [component-theming] › src/test/playwright/component-theming.spec.ts:940:7 › Component Theme Variables › chosenbox — whole-app :root override wins (loaded after norm.css.dsp) (1.6s)
  ✓  188 [component-theming] › src/test/playwright/component-theming.spec.ts:956:7 › Component Theme Variables › cascader — regional border/radius/fg override, sibling untouched (1.2s)
  ✓  189 [component-theming] › src/test/playwright/component-theming.spec.ts:975:7 › Component Theme Variables › cascader — whole-app :root override wins (loaded after norm.css.dsp) (1.2s)
  ✓  190 [component-theming] › src/test/playwright/component-theming.spec.ts:991:7 › Component Theme Variables › searchbox — regional border/radius/fg override, sibling untouched (1.2s)
  ✓  191 [component-theming] › src/test/playwright/component-theming.spec.ts:1010:7 › Component Theme Variables › searchbox — whole-app :root override wins (loaded after norm.css.dsp) (1.3s)
  ✓  192 [component-theming] › src/test/playwright/component-theming.spec.ts:1028:7 › Component Theme Variables › drawer — zero-regression defaults (1.3s)
  ✓  193 [component-theming] › src/test/playwright/component-theming.spec.ts:1039:7 › Component Theme Variables › drawer — whole-app :root override wins (loaded after norm.css.dsp) (1.3s)
  ✓  194 [component-theming] › src/test/playwright/component-theming.spec.ts:1060:7 › Component Theme Variables › nav — regional bg/radius/selected override, sibling untouched (1.1s)
  ✓  195 [component-theming] › src/test/playwright/component-theming.spec.ts:1084:7 › Component Theme Variables › nav — whole-app :root override wins (loaded after norm.css.dsp) (1.2s)
  ✓  196 [component-theming] › src/test/playwright/component-theming.spec.ts:1102:7 › Component Theme Variables › anchornav — regional fg/accent override, sibling untouched (1.2s)
  ✓  197 [component-theming] › src/test/playwright/component-theming.spec.ts:1126:7 › Component Theme Variables › anchornav — whole-app :root override wins (loaded after norm.css.dsp) (1.3s)
  ✓  198 [component-theming] › src/test/playwright/component-theming.spec.ts:1150:7 › Component Theme Variables › stepbar — regional connector/icon/title override, sibling untouched (1.3s)
  ✓  199 [component-theming] › src/test/playwright/component-theming.spec.ts:1184:7 › Component Theme Variables › stepbar — whole-app :root override wins (loaded after norm.css.dsp) (1.2s)
  ✓  200 [component-theming] › src/test/playwright/component-theming.spec.ts:1204:7 › Component Theme Variables › coachmark — zero-regression defaults (1.4s)
  ✓  201 [component-theming] › src/test/playwright/component-theming.spec.ts:1214:7 › Component Theme Variables › coachmark — whole-app :root override wins (loaded after norm.css.dsp) (1.4s)
  ✓  202 [component-theming] › src/test/playwright/component-theming.spec.ts:1232:7 › Component Theme Variables › colorbox — regional border/radius override, sibling untouched (1.2s)
  ✓  203 [component-theming] › src/test/playwright/component-theming.spec.ts:1243:7 › Component Theme Variables › colorbox — whole-app :root override wins (loaded after norm.css.dsp) (1.1s)
  ✓  204 [component-theming] › src/test/playwright/component-theming.spec.ts:1254:7 › Component Theme Variables › biglistbox — regional border/radius/header-fg override, sibling untouched (1.2s)
  ✓  205 [component-theming] › src/test/playwright/component-theming.spec.ts:1267:7 › Component Theme Variables › biglistbox — whole-app :root override wins (loaded after norm.css.dsp) (1.2s)
  ✓  206 [component-theming] › src/test/playwright/component-theming.spec.ts:1282:7 › Component Theme Variables › fisheye — regional label/radius override, sibling untouched (1.2s)
  ✓  207 [component-theming] › src/test/playwright/component-theming.spec.ts:1295:7 › Component Theme Variables › fisheye — whole-app :root override wins (loaded after norm.css.dsp) (1.2s)
  ✓  208 [component-theming] › src/test/playwright/component-theming.spec.ts:1310:7 › Component Theme Variables › pdfviewer — regional border/radius/toolbar override, sibling untouched (1.2s)
  ✓  209 [component-theming] › src/test/playwright/component-theming.spec.ts:1323:7 › Component Theme Variables › pdfviewer — whole-app :root override wins (loaded after norm.css.dsp) (1.1s)
  ✓  210 [component-theming] › src/test/playwright/component-theming.spec.ts:1337:7 › Component Theme Variables › tbeditor — regional border/radius/toolbar override, sibling untouched (1.2s)
  ✓  211 [component-theming] › src/test/playwright/component-theming.spec.ts:1350:7 › Component Theme Variables › tbeditor — whole-app :root override wins (loaded after norm.css.dsp) (1.1s)
  ✓  212 [component-theming] › src/test/playwright/component-theming.spec.ts:1365:7 › Component Theme Variables › signature — regional border/radius override, sibling untouched (1.3s)
  ✓  213 [component-theming] › src/test/playwright/component-theming.spec.ts:1376:7 › Component Theme Variables › signature — whole-app :root override wins (loaded after norm.css.dsp) (1.1s)
  ✓  214 [component-theming] › src/test/playwright/component-theming.spec.ts:1391:7 › Component Theme Variables › cropper — regional border/radius/toolbar/text override, sibling untouched (1.2s)
  ✓  215 [component-theming] › src/test/playwright/component-theming.spec.ts:1408:7 › Component Theme Variables › cropper — whole-app :root override wins (loaded after norm.css.dsp) (1.2s)
  ✓  216 [component-theming] › src/test/playwright/component-theming.spec.ts:1422:7 › Component Theme Variables › dropupload — regional border/radius/bg override, sibling untouched (1.5s)
  ✓  217 [component-theming] › src/test/playwright/component-theming.spec.ts:1435:7 › Component Theme Variables › dropupload — whole-app :root override wins (loaded after norm.css.dsp) (1.2s)
  ✓  218 [component-theming] › src/test/playwright/component-theming.spec.ts:1452:7 › Component Theme Variables › organigram — regional border/radius/selected override, sibling untouched (1.2s)
  ✓  219 [component-theming] › src/test/playwright/component-theming.spec.ts:1476:7 › Component Theme Variables › organigram — whole-app :root override wins (loaded after norm.css.dsp) (1.2s)
  ✓  220 [component-theming] › src/test/playwright/component-theming.spec.ts:1494:7 › Component Theme Variables › goldenlayout — regional header/panel/accent override, sibling untouched (1.2s)
  ✓  221 [component-theming] › src/test/playwright/component-theming.spec.ts:1520:7 › Component Theme Variables › goldenlayout — whole-app :root override wins (loaded after norm.css.dsp) (1.2s)
  ✓  222 [component-theming] › src/test/playwright/component-theming.spec.ts:1539:7 › Component Theme Variables › portallayout — regional frame/counter override, sibling untouched (1.1s)
  ✓  223 [component-theming] › src/test/playwright/component-theming.spec.ts:1563:7 › Component Theme Variables › portallayout — whole-app :root override wins (loaded after norm.css.dsp) (1.2s)
  ✓  224 [component-theming] › src/test/playwright/component-theming.spec.ts:1584:7 › Component Theme Variables › confirmpopup — zero-regression defaults (1.4s)
  ✓  225 [component-theming] › src/test/playwright/component-theming.spec.ts:1601:7 › Component Theme Variables › confirmpopup — whole-app :root override wins (loaded after norm.css.dsp) (1.3s)
  ✓  226 [component-theming] › src/test/playwright/component-theming.spec.ts:1627:7 › Component Theme Variables › breadcrumb — regional fg/current-fg override, sibling untouched (1.1s)
  ✓  227 [component-theming] › src/test/playwright/component-theming.spec.ts:1642:7 › Component Theme Variables › breadcrumb — whole-app :root override wins (loaded after norm.css.dsp) (1.2s)
  ✓  228 [component-theming] › src/test/playwright/component-theming.spec.ts:1659:7 › Component Theme Variables › carousel — regional arrow-bg/indicator-active-bg override, sibling untouched (1.2s)
  ✓  229 [component-theming] › src/test/playwright/component-theming.spec.ts:1674:7 › Component Theme Variables › carousel — whole-app :root override wins (loaded after norm.css.dsp) (1.2s)
  ✓  230 [component-theming] › src/test/playwright/component-theming.spec.ts:1695:7 › Component Theme Variables › codeeditor — regional bg/border/gutter override, sibling untouched (1.1s)
  ✓  231 [component-theming] › src/test/playwright/component-theming.spec.ts:1711:7 › Component Theme Variables › codeeditor — whole-app :root override wins (loaded after norm.css.dsp) (1.1s)

  47 skipped
  184 passed (2.5m)
== core exit 0  17:25:27
== visual projects (gallery, chromium) filtered -g 'selectbox|bandbox|listbox'  17:25:27

Running 12 tests using 2 workers

  ✓   2 [chromium] › src/test/playwright/screenshot.spec.ts:367:7 › input focus (no layout shift) › datebox & bandbox open-state: inset ring, no border-width bump (810ms)
  ✓   1 [gallery] › src/test/playwright/gallery-scan.spec.ts:48:9 › gallery › biglistbox (1.2s)
  ✓   3 [chromium] › src/test/playwright/screenshot.spec.ts:467:7 › listbox › gallery (1.1s)
  ✓   4 [gallery] › src/test/playwright/gallery-scan.spec.ts:48:9 › gallery › listbox-grouping (908ms)
  ✓   5 [chromium] › src/test/playwright/screenshot.spec.ts:471:7 › listbox › hover (799ms)
  ✓   6 [gallery] › src/test/playwright/gallery-scan.spec.ts:48:9 › gallery › listbox-header (1.3s)
  ✓   7 [chromium] › src/test/playwright/screenshot.spec.ts:725:7 › bandbox › gallery (770ms)
  ✓   8 [chromium] › src/test/playwright/screenshot.spec.ts:730:9 › bandbox › hover (792ms)
  ✓   9 [chromium] › src/test/playwright/screenshot.spec.ts:730:9 › bandbox › focus (784ms)
  ✘  10 [chromium] › src/test/playwright/screenshot.spec.ts:752:7 › selectbox › gallery (1.0s)
  ✘  11 [chromium] › src/test/playwright/screenshot.spec.ts:757:9 › selectbox › hover (957ms)
  ✘  12 [chromium] › src/test/playwright/screenshot.spec.ts:757:9 › selectbox › focus (914ms)


  1) [chromium] › src/test/playwright/screenshot.spec.ts:752:7 › selectbox › gallery ───────────────

    Error: [2mexpect([22m[31mlocator[39m[2m).[22mtoHaveScreenshot[2m([22m[32mexpected[39m[2m)[22m failed

    Locator: locator('.z-p-8').first()
      64 pixels (ratio 0.01 of all image pixels) are different.

      Snapshot: selectbox-gallery.png

    Call log:
    [2m  - Expect "toHaveScreenshot(selectbox-gallery.png)" with timeout 5000ms[22m
    [2m    - verifying given screenshot expectation[22m
    [2m  - waiting for locator('.z-p-8').first()[22m
    [2m    - locator resolved to <div id="pLzI0" class="z-p-8 z-div">…</div>[22m
    [2m  - taking element screenshot[22m
    [2m    - disabled all CSS animations[22m
    [2m  - waiting for fonts to load...[22m
    [2m  - fonts loaded[22m
    [2m  - attempting scroll into view action[22m
    [2m    - waiting for element to be stable[22m
    [2m  - 64 pixels (ratio 0.01 of all image pixels) are different.[22m
    [2m  - waiting 100ms before taking screenshot[22m
    [2m  - waiting for locator('.z-p-8').first()[22m
    [2m    - locator resolved to <div id="pLzI0" class="z-p-8 z-div">…</div>[22m
    [2m  - taking element screenshot[22m
    [2m    - disabled all CSS animations[22m
    [2m  - waiting for fonts to load...[22m
    [2m  - fonts loaded[22m
    [2m  - attempting scroll into view action[22m
    [2m    - waiting for element to be stable[22m
    [2m  - captured a stable screenshot[22m
    [2m  - 64 pixels (ratio 0.01 of all image pixels) are different.[22m


      751 |
      752 |   test('gallery', async ({ page }) => {
    > 753 |     await expect(page.locator('.z-p-8').first()).toHaveScreenshot(`${DIR}-gallery.png`);
          |                                                  ^
      754 |   });
      755 |
      756 |   for (const { name, action } of hoverFocusStates) {
        at /Users/hawk/Documents/workspace/ZK10/zk/zkpreview/src/test/playwright/screenshot.spec.ts:753:50

    attachment #1: selectbox-gallery (image/png) ───────────────────────────────────────────────────
    Expected: doc/screenshots/selectbox-gallery.png
    Received: ../doc/jess-review/gates/batch7-final-r2/pw-visual/screenshot-selectbox-gallery-chromium/selectbox-gallery-actual.png
    Diff:     ../doc/jess-review/gates/batch7-final-r2/pw-visual/screenshot-selectbox-gallery-chromium/selectbox-gallery-diff.png
    ────────────────────────────────────────────────────────────────────────────────────────────────

    Error Context: ../doc/jess-review/gates/batch7-final-r2/pw-visual/screenshot-selectbox-gallery-chromium/error-context.md

  2) [chromium] › src/test/playwright/screenshot.spec.ts:757:9 › selectbox › hover ─────────────────

    Error: [2mexpect([22m[31mpage[39m[2m).[22mtoHaveScreenshot[2m([22m[32mexpected[39m[2m)[22m failed

      22 pixels (ratio 0.01 of all image pixels) are different.

      Snapshot: selectbox-hover.png

    Call log:
    [2m  - Expect "toHaveScreenshot(selectbox-hover.png)" with timeout 5000ms[22m
    [2m    - verifying given screenshot expectation[22m
    [2m  - taking page screenshot[22m
    [2m    - disabled all CSS animations[22m
    [2m  - waiting for fonts to load...[22m
    [2m  - fonts loaded[22m
    [2m  - 22 pixels (ratio 0.01 of all image pixels) are different.[22m
    [2m  - waiting 100ms before taking screenshot[22m
    [2m  - taking page screenshot[22m
    [2m    - disabled all CSS animations[22m
    [2m  - waiting for fonts to load...[22m
    [2m  - fonts loaded[22m
    [2m  - captured a stable screenshot[22m
    [2m  - 22 pixels (ratio 0.01 of all image pixels) are different.[22m


      23 |   const x = Math.max(0, box.x - PAD);
      24 |   const y = Math.max(0, box.y - PAD);
    > 25 |   await expect(page).toHaveScreenshot(name, {
         |                      ^
      26 |     clip: { x, y, width: box.x + box.width + PAD - x, height: box.y + box.height + PAD - y },
      27 |     animations: 'disabled',
      28 |     // Absolute floor for anti-aliasing flicker. These crops are small (a selectbox
        at padShot (/Users/hawk/Documents/workspace/ZK10/zk/zkpreview/src/test/playwright/screenshot.spec.ts:25:22)
        at /Users/hawk/Documents/workspace/ZK10/zk/zkpreview/src/test/playwright/screenshot.spec.ts:760:7

    attachment #1: selectbox-hover (image/png) ─────────────────────────────────────────────────────
    Expected: doc/screenshots/selectbox-hover.png
    Received: ../doc/jess-review/gates/batch7-final-r2/pw-visual/screenshot-selectbox-hover-chromium/selectbox-hover-actual.png
    Diff:     ../doc/jess-review/gates/batch7-final-r2/pw-visual/screenshot-selectbox-hover-chromium/selectbox-hover-diff.png
    ────────────────────────────────────────────────────────────────────────────────────────────────

    Error Context: ../doc/jess-review/gates/batch7-final-r2/pw-visual/screenshot-selectbox-hover-chromium/error-context.md

  3) [chromium] › src/test/playwright/screenshot.spec.ts:757:9 › selectbox › focus ─────────────────

    Error: [2mexpect([22m[31mpage[39m[2m).[22mtoHaveScreenshot[2m([22m[32mexpected[39m[2m)[22m failed

      22 pixels (ratio 0.01 of all image pixels) are different.

      Snapshot: selectbox-focus.png

    Call log:
    [2m  - Expect "toHaveScreenshot(selectbox-focus.png)" with timeout 5000ms[22m
    [2m    - verifying given screenshot expectation[22m
    [2m  - taking page screenshot[22m
    [2m    - disabled all CSS animations[22m
    [2m  - waiting for fonts to load...[22m
    [2m  - fonts loaded[22m
    [2m  - 22 pixels (ratio 0.01 of all image pixels) are different.[22m
    [2m  - waiting 100ms before taking screenshot[22m
    [2m  - taking page screenshot[22m
    [2m    - disabled all CSS animations[22m
    [2m  - waiting for fonts to load...[22m
    [2m  - fonts loaded[22m
    [2m  - captured a stable screenshot[22m
    [2m  - 22 pixels (ratio 0.01 of all image pixels) are different.[22m


      23 |   const x = Math.max(0, box.x - PAD);
      24 |   const y = Math.max(0, box.y - PAD);
    > 25 |   await expect(page).toHaveScreenshot(name, {
         |                      ^
      26 |     clip: { x, y, width: box.x + box.width + PAD - x, height: box.y + box.height + PAD - y },
      27 |     animations: 'disabled',
      28 |     // Absolute floor for anti-aliasing flicker. These crops are small (a selectbox
        at padShot (/Users/hawk/Documents/workspace/ZK10/zk/zkpreview/src/test/playwright/screenshot.spec.ts:25:22)
        at /Users/hawk/Documents/workspace/ZK10/zk/zkpreview/src/test/playwright/screenshot.spec.ts:760:7

    attachment #1: selectbox-focus (image/png) ─────────────────────────────────────────────────────
    Expected: doc/screenshots/selectbox-focus.png
    Received: ../doc/jess-review/gates/batch7-final-r2/pw-visual/screenshot-selectbox-focus-chromium/selectbox-focus-actual.png
    Diff:     ../doc/jess-review/gates/batch7-final-r2/pw-visual/screenshot-selectbox-focus-chromium/selectbox-focus-diff.png
    ────────────────────────────────────────────────────────────────────────────────────────────────

    Error Context: ../doc/jess-review/gates/batch7-final-r2/pw-visual/screenshot-selectbox-focus-chromium/error-context.md

  3 failed
    [chromium] › src/test/playwright/screenshot.spec.ts:752:7 › selectbox › gallery ────────────────
    [chromium] › src/test/playwright/screenshot.spec.ts:757:9 › selectbox › hover ──────────────────
    [chromium] › src/test/playwright/screenshot.spec.ts:757:9 › selectbox › focus ──────────────────
  9 passed (10.0s)
== visual exit 1  17:25:39
