{
 "liCls": "z-nav z-nav-open",
 "ulStyle": "",
 "chain": [
  {
   "tag": "UL",
   "cls": "",
   "id": "j5nOr1-cave",
   "rect": [
    423.61,
    356,
    215.27,
    128
   ],
   "position": "absolute",
   "overflow": "hidden",
   "visibility": "visible",
   "opacity": "1",
   "display": "block",
   "zIndex": "1000",
   "height": "128px",
   "clip": "none"
  },
  {
   "tag": "LI",
   "cls": "z-nav z-nav-open",
   "id": "j5nOr1",
   "rect": [
    423.61,
    316,
    180,
    40
   ],
   "position": "static",
   "overflow": "visible",
   "visibility": "visible",
   "opacity": "1",
   "display": "block",
   "zIndex": "auto",
   "height": "40px",
   "clip": "none"
  },
  {
   "tag": "UL",
   "cls": "",
   "id": "j5nOl1-cave",
   "rect": [
    423.61,
    132,
    180,
    228
   ],
   "position": "absolute",
   "overflow": "hidden",
   "visibility": "visible",
   "opacity": "1",
   "display": "block",
   "zIndex": "1000",
   "height": "228px",
   "clip": "none"
  },
  {
   "tag": "LI",
   "cls": "z-nav z-nav-open",
   "id": "j5nOl1",
   "rect": [
    423.61,
    226,
    152.78,
    40
   ],
   "position": "static",
   "overflow": "visible",
   "visibility": "visible",
   "opacity": "1",
   "display": "flex",
   "zIndex": "auto",
   "height": "40px",
   "clip": "none"
  },
  {
   "tag": "UL",
   "cls": "",
   "id": "j5nOd1-cave",
   "rect": [
    32,
    226,
    760.16,
    40
   ],
   "position": "static",
   "overflow": "visible",
   "visibility": "visible",
   "opacity": "1",
   "display": "flex",
   "zIndex": "auto",
   "height": "40px",
   "clip": "none"
  },
  {
   "tag": "NAV",
   "cls": "z-navbar z-navbar-horizontal",
   "id": "j5nOd1",
   "rect": [
    32,
    226,
    760.16,
    40
   ],
   "position": "relative",
   "overflow": "visible",
   "visibility": "visible",
   "opacity": "1",
   "display": "block",
   "zIndex": "auto",
   "height": "40px",
   "clip": "none"
  },
  {
   "tag": "DIV",
   "cls": "z-d-flex z-flex-col z-items-start z-gap-2 z-div",
   "id": "j5nOa1",
   "rect": [
    32,
    197,
    1210,
    69
   ],
   "position": "static",
   "overflow": "visible",
   "visibility": "visible",
   "opacity": "1",
   "display": "flex",
   "zIndex": "auto",
   "height": "69px",
   "clip": "none"
  },
  {
   "tag": "DIV",
   "cls": "z-d-flex z-flex-col z-gap-6 z-py-3 z-div",
   "id": "j5nO91",
   "rect": [
    32,
    185,
    1210,
    322
   ],
   "position": "static",
   "overflow": "visible",
   "visibility": "visible",
   "opacity": "1",
   "display": "flex",
   "zIndex": "auto",
   "height": "322px",
   "clip": "none"
  },
  {
   "tag": "DIV",
   "cls": "z-mb-6 z-div",
   "id": "j5nO61",
   "rect": [
    32,
    139,
    1210,
    368
   ],
   "position": "static",
   "overflow": "visible",
   "visibility": "visible",
   "opacity": "1",
   "display": "block",
   "zIndex": "auto",
   "height": "368px",
   "clip": "none"
  },
  {
   "tag": "DIV",
   "cls": "z-p-8 z-div",
   "id": "j5nO0",
   "rect": [
    0,
    -370,
    1274,
    1420
   ],
   "position": "static",
   "overflow": "visible",
   "visibility": "visible",
   "opacity": "1",
   "display": "block",
   "zIndex": "auto",
   "height": "1420px",
   "clip": "none"
  },
  {
   "tag": "DIV",
   "cls": "z-page",
   "id": "j5nO_",
   "rect": [
    0,
    -370,
    1274,
    1420
   ],
   "position": "static",
   "overflow": "visible",
   "visibility": "visible",
   "opacity": "1",
   "display": "block",
   "zIndex": "auto",
   "height": "1420px",
   "clip": "none"
  }
 ],
 "rows": [
  {
   "label": "Edit profile",
   "rect": [
    423.61,
    360,
    215.27,
    40
   ],
   "onTop": "DIV.z-d-flex z-flex-col z-items-start z-gap-2 z-div",
   "insideNested": false
  },
  {
   "label": "Keyboard shortcuts",
   "rect": [
    423.61,
    400,
    215.27,
    40
   ],
   "onTop": "DIV.z-d-flex z-flex-col z-gap-6 z-py-3 z-div",
   "insideNested": false
  },
  {
   "label": "Change password",
   "rect": [
    423.61,
    440,
    215.27,
    40
   ],
   "onTop": "A.z-navitem-content",
   "insideNested": false
  }
 ],
 "scrollY": 370,
 "navbarRect": [
  32,
  226,
  760.16,
  40
 ]
}
