toast info: bg 224,232,244 icon sat 0,127,171 contrast 3.68 (darkest 0,127,171 3.68) computed rgb(0, 127, 171) -> 3.68; text darkest 29,30,32 13.52; close 87,90,95
toast warning: bg 255,215,197 icon sat 122,54,30 contrast 6.65 (darkest 122,54,30 6.65) computed oklch(0.42 0.101341 39.5542) -> null; text darkest 33,28,26 12.67; close 99,83,76
toast error: bg 254,205,199 icon sat 127,0,10 contrast 7.75 (darkest 127,0,10 7.75) computed oklch(0.375 0.154155 26.4067) -> null; text darkest 33,27,26 11.95; close 99,80,77
toast live info: bg 224,232,244 icon sat 0,127,171 contrast 3.68
toast knob info: icon sat 103,80,164 dE vs default 44.89; bg dE 0
toast knob warning: icon sat 122,54,30 dE vs default 0; bg dE 0
toast knob error: icon sat 127,0,10 dE vs default 0; bg dE 0
toast forced info: bg 255,255,255 icon n 491 darkest 0,0,0 contrast 21
toast forced warning: bg 255,255,255 icon n 491 darkest 0,0,0 contrast 21
toast forced error: bg 255,255,255 icon n 566 darkest 0,0,0 contrast 21
notification forced info: bg 255,255,255 icon n 491 darkest 0,0,0 contrast 21
notification forced warning: bg 255,255,255 icon n 491 darkest 0,0,0 contrast 21
notification forced error: bg 255,255,255 icon n 566 darkest 0,0,0 contrast 21
notification info: bg 224,240,245 vs toast 224,232,244 dE 5.07; icon sat 0,127,171 contrast 3.88 (darkest 3.88) computed rgb(0, 127, 171) -> 3.88
notification warning: bg 247,232,224 vs toast 255,215,197 dE 11.97; icon sat 122,54,30 contrast 7.4 (darkest 7.4) computed oklch(0.42 0.101341 39.5542) -> null
notification error: bg 250,230,230 vs toast 254,205,199 dE 13.54; icon sat 127,0,10 contrast 9.19 (darkest 9.19) computed oklch(0.375 0.154155 26.4067) -> null
notification info left (end_center): pointer cls "z-notification-pointer z-notification-left" colour 0,127,171 under 55,111,208 dE vs content bg 52.64 (content bg 224,240,245) dE vs page 60.84; computed borders T rgba(0, 0, 0, 0) R rgb(0, 127, 171) B rgba(0, 0, 0, 0) L rgba(0, 0, 0, 0)
notification info right (start_center): pointer cls "z-notification-pointer z-notification-right" colour 224,232,244 under 55,111,208 dE vs content bg 5.07 (content bg 224,240,245) dE vs page 10.67; computed borders T rgba(0, 0, 0, 0) R rgba(0, 0, 0, 0) B rgba(0, 0, 0, 0) L rgb(224, 232, 244)
notification info up (after_center): pointer cls "z-notification-pointer z-notification-up" colour 224,232,244 under 55,111,208 dE vs content bg 5.07 (content bg 224,240,245) dE vs page 67.32; computed borders T rgba(0, 0, 0, 0) R rgba(0, 0, 0, 0) B rgb(224, 232, 244) L rgba(0, 0, 0, 0)
notification info down (before_center): pointer cls "z-notification-pointer z-notification-down" colour 224,232,244 under 55,111,208 dE vs content bg 5.07 (content bg 224,240,245) dE vs page 10.67; computed borders T rgb(224, 232, 244) R rgba(0, 0, 0, 0) B rgba(0, 0, 0, 0) L rgba(0, 0, 0, 0)
notification warning left (end_center): pointer cls "z-notification-pointer z-notification-left" colour 255,152,0 under 55,111,208 dE vs content bg 79.12 (content bg 247,232,224) dE vs page 87.57; computed borders T rgba(0, 0, 0, 0) R rgb(255, 152, 0) B rgba(0, 0, 0, 0) L rgba(0, 0, 0, 0)
notification warning right (start_center): pointer cls "z-notification-pointer z-notification-right" colour 241,226,218 under 55,111,208 dE vs content bg 2.11 (content bg 247,232,224) dE vs page 11.44; computed borders T rgba(0, 0, 0, 0) R rgba(0, 0, 0, 0) B rgba(0, 0, 0, 0) L color(srgb 0.741176 0.247059 0 / 0.12)
notification warning up (after_center): pointer cls "z-notification-pointer z-notification-up" colour 247,232,224 under 55,111,208 dE vs content bg 0 (content bg 247,232,224) dE vs page 76.8; computed borders T rgba(0, 0, 0, 0) R rgba(0, 0, 0, 0) B color(srgb 0.741176 0.247059 0 / 0.12) L rgba(0, 0, 0, 0)
notification warning down (before_center): pointer cls "z-notification-pointer z-notification-down" colour 235,220,212 under 55,111,208 dE vs content bg 4.22 (content bg 247,232,224) dE vs page 13.21; computed borders T color(srgb 0.741176 0.247059 0 / 0.12) R rgba(0, 0, 0, 0) B rgba(0, 0, 0, 0) L rgba(0, 0, 0, 0)
notification error left (end_center): pointer cls "z-notification-pointer z-notification-left" colour 239,83,80 under 55,111,208 dE vs content bg 71.58 (content bg 250,230,230) dE vs page 81.34; computed borders T rgba(0, 0, 0, 0) R rgb(239, 83, 80) B rgba(0, 0, 0, 0) L rgba(0, 0, 0, 0)
notification error right (start_center): pointer cls "z-notification-pointer z-notification-right" colour 244,224,224 under 55,111,208 dE vs content bg 2.11 (content bg 250,230,230) dE vs page 11.77; computed borders T rgba(0, 0, 0, 0) R rgba(0, 0, 0, 0) B rgba(0, 0, 0, 0) L color(srgb 0.827451 0.184314 0.184314 / 0.12)
notification error up (after_center): pointer cls "z-notification-pointer z-notification-up" colour 250,230,230 under 55,111,208 dE vs content bg 0 (content bg 250,230,230) dE vs page 73.77; computed borders T rgba(0, 0, 0, 0) R rgba(0, 0, 0, 0) B color(srgb 0.827451 0.184314 0.184314 / 0.12) L rgba(0, 0, 0, 0)
notification error down (before_center): pointer cls "z-notification-pointer z-notification-down" colour 238,218,218 under 55,111,208 dE vs content bg 4.22 (content bg 250,230,230) dE vs page 13.52; computed borders T color(srgb 0.827451 0.184314 0.184314 / 0.12) R rgba(0, 0, 0, 0) B rgba(0, 0, 0, 0) L rgba(0, 0, 0, 0)
