navbars: [{"i":0,"cls":"z-navbar z-navbar-vertical","orient":"vertical","collapsed":false,"rect":[32,187,176.2,268],"topItems":["Home","Get Started","About","z-navseparator","Contact","Freeze","Logout"]},{"i":1,"cls":"z-navbar z-navbar-vertical z-navbar-collapsed","orient":"vertical","collapsed":true,"rect":[232.2,235,50,238],"topItems":["Home","Get Started","About","z-navseparator","Contact","Freeze","Logout"]},{"i":2,"cls":"z-navbar z-navbar-vertical z-navbar-collapsed","orient":"vertical","collapsed":true,"rect":[408.9,235,50,238],"topItems":["Home","Get Started","About","z-navseparator","Contact","Freeze","Logout"]},{"i":3,"cls":"z-navbar z-navbar-horizontal","orient":"horizontal","collapsed":false,"rect":[32,596,760.2,40],"topItems":["Home","Get Started","About","z-navseparator","Contact","Freeze","Logout"]},{"i":4,"cls":"z-navbar z-navbar-horizontal z-navbar-collapsed","orient":"horizontal","collapsed":true,"rect":[32,737,327.7,35],"topItems":["Home","Get Started","About","z-navseparator","Contact","Freeze","Logout"]},{"i":5,"cls":"z-navbar z-navbar-horizontal","orient":"horizontal","collapsed":false,"rect":[32,825,693.2,40],"topItems":["Home","Dashboard","Products","Orders","Reports","Settings"]},{"i":6,"cls":"z-navbar z-navbar-vertical","orient":"vertical","collapsed":false,"rect":[32,988,169.1,364],"topItems":["Documents","Settings","Logout"]}]
horizontal Contact dropdown (Settings closed): {"ul":{"l":423.609,"t":336,"r":603.609,"b":564,"w":180,"h":228},"position":"absolute","bg":"rgb(240, 244, 250)","paddingLeft":"0px"}
  L1 navitem  Reply                cnt 423.609,340 180x40 padL 42px text.l 491.609 textInk.l 492.5 (ul+68.89) icon z-icon-reply iconInk.l 468.5 centre 474.5 base 240,244,250
  L1 navitem  Reply all            cnt 423.609,380 180x40 padL 42px text.l 491.609 textInk.l 492.5 (ul+68.89) icon z-icon-reply-all iconInk.l 467.5 centre 474.5 base 240,244,250
  L1 navitem  Inbox                cnt 423.609,420 180x40 padL 42px text.l 491.609 textInk.l 492.5 (ul+68.89) icon z-icon-inbox iconInk.l 467.5 centre 474.5 base 240,244,250
  L1 navitem  Edit                 cnt 423.609,460 180x40 padL 42px text.l 491.609 textInk.l 492.5 (ul+68.89) icon z-icon-edit iconInk.l 467.5 centre 474.5 base 240,244,250
  L1 separator                      cnt - padL null text.l - textInk.l undefined (ul+undefined) icon - iconInk.l undefined centre undefined base undefined
  L1 nav      Settings             cnt 423.609,520 180x40 padL 16px text.l 465.609 textInk.l 466 (ul+42.39) icon z-icon-cog iconInk.l 441.5 centre 448.5 base 240,244,250
horizontal Contact dropdown (Settings open): {"ul":{"l":423.609,"t":246,"r":603.609,"b":474,"w":180,"h":228}}
  L1 navitem  Reply                cnt 423.609,250 180x40 padL 42px text.l 491.609 textInk.l 492.5 (ul+68.89) icon z-icon-reply iconInk.l 468.5 centre 474.5 base 240,244,250
  L1 navitem  Reply all            cnt 423.609,290 180x40 padL 42px text.l 491.609 textInk.l 492.5 (ul+68.89) icon z-icon-reply-all iconInk.l 467.5 centre 474.5 base 240,244,250
  L1 navitem  Inbox                cnt 423.609,330 180x40 padL 42px text.l 491.609 textInk.l 492.5 (ul+68.89) icon z-icon-inbox iconInk.l 467.5 centre 474.5 base 240,244,250
  L1 navitem  Edit                 cnt 423.609,370 180x40 padL 42px text.l 491.609 textInk.l 492.5 (ul+68.89) icon z-icon-edit iconInk.l 467.5 centre 474.5 base 240,244,250
  L1 separator                      cnt - padL null text.l - textInk.l undefined (ul+undefined) icon - iconInk.l undefined centre undefined base undefined
  L1 nav      Settings             cnt 423.609,430 180x40 padL 16px text.l 465.609 textInk.l 466 (ul+42.39) icon z-icon-cog iconInk.l 441.5 centre 448.5 base 240,244,250 | subUl absolute {"l":423.609,"t":470,"r":638.875,"b":598,"w":215.266,"h":128} z 1000
  L2 navitem  Edit profile         cnt 423.609,474 215.266x40 padL 42px text.l 491.609 textInk.l null (ul+null) icon z-icon-user iconInk.l null centre null base 255,255,255
  L2 navitem  Keyboard shortcuts   cnt 423.609,514 215.266x40 padL 42px text.l 491.609 textInk.l null (ul+null) icon z-icon-keyboard iconInk.l null centre null base 255,255,255
  L2 navitem  Change password      cnt 423.609,554 215.266x40 padL 42px text.l 491.609 textInk.l 518.5 (ul+94.89) icon z-icon-key iconInk.l 464.5 centre 471 base 247,249,252
Reply hover extent {"l":423.609,"r":603.6089999999999,"color":[210,213,219]} ul 423.609 603.609
vertical Contact (Settings open):
  L1 navitem  Reply                cnt 32,185 241.266x40 padL 42px text.l 100 textInk.l 101 (ul+69) icon z-icon-reply iconInk.l 77.5 centre 83.5 base 247,249,252
  L1 navitem  Reply all            cnt 32,225 241.266x40 padL 42px text.l 100 textInk.l 101 (ul+69) icon z-icon-reply-all iconInk.l 76.5 centre 83.5 base 247,249,252
  L1 navitem  Inbox                cnt 32,265 241.266x40 padL 42px text.l 100 textInk.l 101 (ul+69) icon z-icon-inbox iconInk.l 76.5 centre 83.5 base 247,249,252
  L1 navitem  Edit                 cnt 32,305 241.266x40 padL 42px text.l 100 textInk.l 101 (ul+69) icon z-icon-edit iconInk.l 76.5 centre 83.5 base 247,249,252
  L1 separator                      cnt - padL null text.l - textInk.l undefined (ul+undefined) icon - iconInk.l undefined centre undefined base undefined
  L1 nav      Settings             cnt 32,365 241.266x40 padL 42px text.l 100 textInk.l 100.5 (ul+68.5) icon z-icon-cog iconInk.l 76.5 centre 83.5 base 247,249,252 | subUl static {"l":32,"t":405,"r":273.266,"b":525,"w":241.266,"h":120} z auto
  L2 navitem  Edit profile         cnt 32,405 241.266x40 padL 68px text.l 126 textInk.l 127 (ul+95) icon z-icon-user iconInk.l 104.5 centre 109.5 base 247,249,252
  L2 navitem  Keyboard shortcuts   cnt 32,445 241.266x40 padL 68px text.l 126 textInk.l 127 (ul+95) icon z-icon-keyboard iconInk.l 102.5 centre 109.5 base 247,249,252
  L2 navitem  Change password      cnt 32,485 241.266x40 padL 68px text.l 126 textInk.l 126.5 (ul+94.5) icon z-icon-key iconInk.l 102.5 centre 109.5 base 247,249,252
collapsed horizontal popup (Settings open): z-nav-popup z-nav-popup-horizontal
  L1 navitem  Reply                cnt 202,491 215.266x36 padL 16px text.l 244 textInk.l 245 (ul+43) icon z-icon-reply iconInk.l 221.5 centre 227.5 base 240,244,250
  L1 navitem  Reply all            cnt 202,527 215.266x36 padL 16px text.l 244 textInk.l 245 (ul+43) icon z-icon-reply-all iconInk.l 220.5 centre 227.5 base 240,244,250
  L1 navitem  Inbox                cnt 202,563 215.266x36 padL 16px text.l 244 textInk.l 245 (ul+43) icon z-icon-inbox iconInk.l 220.5 centre 227.5 base 240,244,250
  L1 navitem  Edit                 cnt 202,599 215.266x36 padL 16px text.l 244 textInk.l 245 (ul+43) icon z-icon-edit iconInk.l 220.5 centre 227.5 base 240,244,250
  L1 separator                      cnt - padL null text.l - textInk.l undefined (ul+undefined) icon - iconInk.l undefined centre undefined base undefined
  L1 nav      Settings             cnt 202,655 215.266x36 padL 16px text.l 244 textInk.l 244.5 (ul+42.5) icon z-icon-cog iconInk.l 220.5 centre 227.5 base 223,226,232 | subUl static {"l":202,"t":691,"r":417.266,"b":799,"w":215.266,"h":108} z auto
  L2 navitem  Edit profile         cnt 202,691 215.266x36 padL 42px text.l 270 textInk.l 271 (ul+69) icon z-icon-user iconInk.l 248.5 centre 253.5 base 240,244,250
  L2 navitem  Keyboard shortcuts   cnt 202,727 215.266x36 padL 42px text.l 270 textInk.l 271 (ul+69) icon z-icon-keyboard iconInk.l 246.5 centre 253.5 base 240,244,250
  L2 navitem  Change password      cnt 202,763 215.266x36 padL 42px text.l 270 textInk.l 270.5 (ul+68.5) icon z-icon-key iconInk.l 246.5 centre 253.5 base 240,244,250
