
Running 500 tests using 2 workers

  ✓    1 [gallery] › src/test/playwright/gallery-scan.spec.ts:48:9 › gallery › a (1.2s)
  ✓    2 [chromium] › src/test/playwright/screenshot.spec.ts:66:7 › button › gallery (1.4s)
  ✓    3 [gallery] › src/test/playwright/gallery-scan.spec.ts:48:9 › gallery › absolutelayout (825ms)
  ✓    4 [chromium] › src/test/playwright/screenshot.spec.ts:77:11 › button › default-hover (880ms)
  ✓    5 [gallery] › src/test/playwright/gallery-scan.spec.ts:48:9 › gallery › anchorlayout (876ms)
  ✓    6 [chromium] › src/test/playwright/screenshot.spec.ts:77:11 › button › default-focus (783ms)
  ✓    7 [gallery] › src/test/playwright/gallery-scan.spec.ts:48:9 › gallery › anchornav (883ms)
  ✓    8 [chromium] › src/test/playwright/screenshot.spec.ts:77:11 › button › default-active (825ms)
  ✓    9 [gallery] › src/test/playwright/gallery-scan.spec.ts:48:9 › gallery › avatar (812ms)
  ✓   10 [chromium] › src/test/playwright/screenshot.spec.ts:77:11 › button › outlined-hover (912ms)
  ✓   11 [gallery] › src/test/playwright/gallery-scan.spec.ts:48:9 › gallery › badge (768ms)
  ✓   12 [chromium] › src/test/playwright/screenshot.spec.ts:77:11 › button › outlined-focus (751ms)
  ✓   13 [gallery] › src/test/playwright/gallery-scan.spec.ts:48:9 › gallery › barcode (792ms)
  ✓   14 [chromium] › src/test/playwright/screenshot.spec.ts:77:11 › button › outlined-active (771ms)
  ✓   16 [chromium] › src/test/playwright/screenshot.spec.ts:92:7 › button › color-variant-disabled-state (713ms)
  ✓   15 [gallery] › src/test/playwright/gallery-scan.spec.ts:48:9 › gallery › biglistbox (1.4s)
  ✓   17 [chromium] › src/test/playwright/screenshot.spec.ts:140:7 › button › graphic-and-label-have-md3-gap (703ms)
  ✓   18 [gallery] › src/test/playwright/gallery-scan.spec.ts:48:9 › gallery › borderlayout (948ms)
  ✓   19 [chromium] › src/test/playwright/screenshot.spec.ts:180:7 › textbox › gallery (812ms)
  ✓   20 [gallery] › src/test/playwright/gallery-scan.spec.ts:48:9 › gallery › breadcrumb (931ms)
  ✓   21 [chromium] › src/test/playwright/screenshot.spec.ts:185:9 › textbox › hover (917ms)
  ✓   23 [chromium] › src/test/playwright/screenshot.spec.ts:185:9 › textbox › focus (745ms)
  ✓   22 [gallery] › src/test/playwright/gallery-scan.spec.ts:48:9 › gallery › calendar (1.0s)
  ✓   24 [chromium] › src/test/playwright/screenshot.spec.ts:204:7 › checkbox › gallery (801ms)
  ✓   25 [gallery] › src/test/playwright/gallery-scan.spec.ts:48:9 › gallery › caption (838ms)
  ✓   26 [chromium] › src/test/playwright/screenshot.spec.ts:209:9 › checkbox › hover (820ms)
  ✓   27 [gallery] › src/test/playwright/gallery-scan.spec.ts:48:9 › gallery › cardlayout (810ms)
  ✓   28 [chromium] › src/test/playwright/screenshot.spec.ts:209:9 › checkbox › focus (786ms)
  ✓   29 [gallery] › src/test/playwright/gallery-scan.spec.ts:48:9 › gallery › carousel (1.1s)
  ✓   30 [chromium] › src/test/playwright/screenshot.spec.ts:221:7 › checkbox › tristate checked shows checkmark, indeterminate shows dash (688ms)
  ✓   32 [chromium] › src/test/playwright/screenshot.spec.ts:277:7 › input focus (no layout shift) › textbox family: no border-width transition, content edge stable (681ms)
  ✓   31 [gallery] › src/test/playwright/gallery-scan.spec.ts:48:9 › gallery › cascader (990ms)
  ✓   33 [chromium] › src/test/playwright/screenshot.spec.ts:287:7 › input focus (no layout shift) › combobox input: no border-width transition, content edge stable (704ms)
  ✓   34 [gallery] › src/test/playwright/gallery-scan.spec.ts:48:9 › gallery › chip (798ms)
  ✓   35 [chromium] › src/test/playwright/screenshot.spec.ts:304:7 › input focus (no layout shift) › datebox timezone <select>: Mechanism A ring, no border-width transition (871ms)
  ✓   36 [gallery] › src/test/playwright/gallery-scan.spec.ts:48:9 › gallery › chosenbox (1.0s)
  ✓   37 [chromium] › src/test/playwright/screenshot.spec.ts:339:7 › input focus (no layout shift) › datebox open state (icon click): no border-width growth, no layout shift (984ms)
  ✓   38 [gallery] › src/test/playwright/gallery-scan.spec.ts:48:9 › gallery › coachmark (785ms)
  ✓   39 [chromium] › src/test/playwright/screenshot.spec.ts:367:7 › input focus (no layout shift) › datebox & bandbox open-state: inset ring, no border-width bump (721ms)
  ✓   40 [gallery] › src/test/playwright/gallery-scan.spec.ts:48:9 › gallery › codeeditor (854ms)
  ✓   41 [chromium] › src/test/playwright/screenshot.spec.ts:400:7 › combobox › gallery (767ms)
  ✓   42 [gallery] › src/test/playwright/gallery-scan.spec.ts:48:9 › gallery › colorbox (761ms)
  ✓   43 [chromium] › src/test/playwright/screenshot.spec.ts:405:9 › combobox › hover (764ms)
  ✓   44 [gallery] › src/test/playwright/gallery-scan.spec.ts:48:9 › gallery › columnlayout (2.2s)
  ✓   45 [chromium] › src/test/playwright/screenshot.spec.ts:405:9 › combobox › focus (2.3s)
  ✓   46 [gallery] › src/test/playwright/gallery-scan.spec.ts:48:9 › gallery › combobutton (1.8s)
  ✓   47 [chromium] › src/test/playwright/screenshot.spec.ts:416:7 › combobox › dropdown (2.5s)
  ✓   49 [chromium] › src/test/playwright/screenshot.spec.ts:430:7 › combobox › comboitem icon is separated from its label (922ms)
  ✓   50 [chromium] › src/test/playwright/screenshot.spec.ts:467:7 › listbox › gallery (1.5s)
  ✓   51 [chromium] › src/test/playwright/screenshot.spec.ts:471:7 › listbox › hover (878ms)
  ✓   52 [chromium] › src/test/playwright/screenshot.spec.ts:489:7 › grid › gallery (2.0s)
  ✓   53 [chromium] › src/test/playwright/screenshot.spec.ts:493:7 › grid › hover (875ms)
  ✓   54 [chromium] › src/test/playwright/screenshot.spec.ts:511:7 › datebox › gallery (870ms)
  ✓   55 [chromium] › src/test/playwright/screenshot.spec.ts:516:9 › datebox › hover (941ms)
  ✓   56 [chromium] › src/test/playwright/screenshot.spec.ts:516:9 › datebox › focus (775ms)
  ✘   48 [gallery] › src/test/playwright/gallery-scan.spec.ts:48:9 › gallery › component-theming (7.7s)
  ✓   57 [chromium] › src/test/playwright/screenshot.spec.ts:528:7 › datebox › input width follows cols (no field-sizing: content) (703ms)
  ✓   58 [chromium] › src/test/playwright/screenshot.spec.ts:564:7 › daterangebox › input hugs its date content (not the UA ~20ch default) (777ms)
  ✓   60 [chromium] › src/test/playwright/screenshot.spec.ts:585:7 › daterangebox › invalid state paints the error border (ZK-6133 workaround) (777ms)
  ✓   59 [gallery] › src/test/playwright/gallery-scan.spec.ts:48:9 › gallery › confirmpopup (996ms)
  ✓   61 [chromium] › src/test/playwright/screenshot.spec.ts:619:7 › timebox › gallery (786ms)
  ✓   62 [gallery] › src/test/playwright/gallery-scan.spec.ts:48:9 › gallery › cropper (814ms)
  ✓   63 [chromium] › src/test/playwright/screenshot.spec.ts:624:9 › timebox › hover (801ms)
  ✓   64 [gallery] › src/test/playwright/gallery-scan.spec.ts:48:9 › gallery › daterangebox (857ms)
  ✓   65 [chromium] › src/test/playwright/screenshot.spec.ts:624:9 › timebox › focus (771ms)
  ✓   66 [gallery] › src/test/playwright/gallery-scan.spec.ts:48:9 › gallery › decimalbox (764ms)
  ✓   67 [chromium] › src/test/playwright/screenshot.spec.ts:634:7 › timebox › input width follows cols (no field-sizing: content) (715ms)
  ✓   68 [gallery] › src/test/playwright/gallery-scan.spec.ts:48:9 › gallery › dnd (831ms)
  ✓   69 [chromium] › src/test/playwright/screenshot.spec.ts:673:7 › timepicker › input hugs its time content (field-sizing, no clip) (890ms)
  ✓   70 [gallery] › src/test/playwright/gallery-scan.spec.ts:48:9 › gallery › doublebox (774ms)
  ✓   71 [chromium] › src/test/playwright/screenshot.spec.ts:700:7 › spinner › gallery (784ms)
  ✓   72 [gallery] › src/test/playwright/gallery-scan.spec.ts:48:9 › gallery › doublespinner (795ms)
  ✓   73 [chromium] › src/test/playwright/screenshot.spec.ts:705:9 › spinner › hover (816ms)
  ✓   74 [gallery] › src/test/playwright/gallery-scan.spec.ts:48:9 › gallery › drawer (796ms)
  ✓   75 [chromium] › src/test/playwright/screenshot.spec.ts:705:9 › spinner › focus (757ms)
  ✓   76 [gallery] › src/test/playwright/gallery-scan.spec.ts:48:9 › gallery › dropupload (754ms)
  ✓   77 [chromium] › src/test/playwright/screenshot.spec.ts:725:7 › bandbox › gallery (790ms)
  ✓   78 [gallery] › src/test/playwright/gallery-scan.spec.ts:48:9 › gallery › errorbox (829ms)
  ✓   79 [chromium] › src/test/playwright/screenshot.spec.ts:730:9 › bandbox › hover (791ms)
  ✓   80 [gallery] › src/test/playwright/gallery-scan.spec.ts:48:9 › gallery › fisheyebar (804ms)
  ✓   81 [chromium] › src/test/playwright/screenshot.spec.ts:730:9 › bandbox › focus (744ms)
  ✓   82 [gallery] › src/test/playwright/gallery-scan.spec.ts:48:9 › gallery › goldenlayout (853ms)
  ✓   83 [chromium] › src/test/playwright/screenshot.spec.ts:752:7 › selectbox › gallery (753ms)
  ✓   84 [gallery] › src/test/playwright/gallery-scan.spec.ts:48:9 › gallery › grid-detail (831ms)
  ✓   85 [chromium] › src/test/playwright/screenshot.spec.ts:757:9 › selectbox › hover (768ms)
  ✓   86 [gallery] › src/test/playwright/gallery-scan.spec.ts:48:9 › gallery › grid-grouping (798ms)
  ✓   87 [chromium] › src/test/playwright/screenshot.spec.ts:757:9 › selectbox › focus (726ms)
  ✘   88 [gallery] › src/test/playwright/gallery-scan.spec.ts:48:9 › gallery › grid-header (2.7s)
  ✓   89 [chromium] › src/test/playwright/screenshot.spec.ts:776:7 › tabbox › gallery (3.0s)
  ✓   91 [chromium] › src/test/playwright/screenshot.spec.ts:780:7 › tabbox › hover (859ms)
  ✓   90 [gallery] › src/test/playwright/gallery-scan.spec.ts:48:9 › gallery › grid-livegrouping (998ms)
  ✘   93 [gallery] › src/test/playwright/gallery-scan.spec.ts:48:9 › gallery › grid-paging (1.6s)
  ✓   94 [gallery] › src/test/playwright/gallery-scan.spec.ts:48:9 › gallery › groupbox (902ms)
  ✘   92 [chromium] › src/test/playwright/screenshot.spec.ts:798:7 › tree › gallery (3.8s)
  ✓   95 [gallery] › src/test/playwright/gallery-scan.spec.ts:48:9 › gallery › hlayout (831ms)
  ✓   96 [gallery] › src/test/playwright/gallery-scan.spec.ts:48:9 › gallery › inputgroup (810ms)
  ✓   98 [gallery] › src/test/playwright/gallery-scan.spec.ts:48:9 › gallery › intbox (731ms)
  ✓   97 [chromium] › src/test/playwright/screenshot.spec.ts:802:7 › tree › hover (1.4s)
  ✓   99 [gallery] › src/test/playwright/gallery-scan.spec.ts:48:9 › gallery › label (796ms)
  ✓  100 [chromium] › src/test/playwright/screenshot.spec.ts:820:7 › window › gallery (930ms)
  ✓  101 [gallery] › src/test/playwright/gallery-scan.spec.ts:48:9 › gallery › linelayout (907ms)
  ✓  102 [chromium] › src/test/playwright/screenshot.spec.ts:836:7 › panel › gallery (886ms)
  ✓  103 [gallery] › src/test/playwright/gallery-scan.spec.ts:48:9 › gallery › listbox-grouping (793ms)
  ✓  104 [chromium] › src/test/playwright/screenshot.spec.ts:862:7 › navbar › selected item is a rounded tonal container with no left accent (830ms)
  ✓  106 [chromium] › src/test/playwright/screenshot.spec.ts:923:7 › navbar › submenu item keyboard focus ring is the theme inset ring and is not clipped (793ms)
  ✓  105 [gallery] › src/test/playwright/gallery-scan.spec.ts:48:9 › gallery › listbox-header (1.3s)
  ✓  107 [chromium] › src/test/playwright/screenshot.spec.ts:1024:7 › coachmark › card is a neutral surface and nested button keeps the standard fill (718ms)
  ✓  108 [gallery] › src/test/playwright/gallery-scan.spec.ts:48:9 › gallery › longbox (737ms)
  ✓  109 [chromium] › src/test/playwright/screenshot.spec.ts:1054:7 › coachmark › close button is a circular icon-button target with symmetric corner inset (677ms)
  ✓  110 [gallery] › src/test/playwright/gallery-scan.spec.ts:48:9 › gallery › menubar (795ms)
  ✓  111 [chromium] › src/test/playwright/screenshot.spec.ts:1087:7 › coachmark › close button shows a hover state layer (821ms)
  ✓  112 [gallery] › src/test/playwright/gallery-scan.spec.ts:48:9 › gallery › messagebox (753ms)
  ✓  113 [chromium] › src/test/playwright/screenshot.spec.ts:1106:7 › tablet-isolation › tablet.css is absent on a desktop UA (668ms)
  ✓  114 [gallery] › src/test/playwright/gallery-scan.spec.ts:48:9 › gallery › multislider (808ms)
  ✓  115 [chromium] › src/test/playwright/screenshot.spec.ts:1128:7 › viewport-fill › horizontal overflow must not spawn a spurious vertical scrollbar (677ms)
  ✓  116 [gallery] › src/test/playwright/gallery-scan.spec.ts:48:9 › gallery › navbar (875ms)
  ✓  117 [chromium] › src/test/playwright/screenshot.spec.ts:1165:7 › viewport-fill › colorbox popup dismisses on a click in the empty area below content (990ms)
  ✓  118 [gallery] › src/test/playwright/gallery-scan.spec.ts:48:9 › gallery › notification (760ms)
  ✓  119 [chromium] › src/test/playwright/screenshot.spec.ts:1212:7 › pv-cols-fill › state matrix columns fill the container width on desktop (670ms)
  ✓  120 [gallery] › src/test/playwright/gallery-scan.spec.ts:48:9 › gallery › organigram (835ms)
  ✓  121 [chromium] › src/test/playwright/screenshot.spec.ts:1260:9 › container-header-height › window header uses border-box and stays compact (690ms)
  ✓  123 [chromium] › src/test/playwright/screenshot.spec.ts:1260:9 › container-header-height › panel header uses border-box and stays compact (690ms)
  ✓  122 [gallery] › src/test/playwright/gallery-scan.spec.ts:48:9 › gallery › paging (843ms)
  ✓  124 [chromium] › src/test/playwright/screenshot.spec.ts:1260:9 › container-header-height › groupbox header uses border-box and stays compact (690ms)
  ✓  125 [gallery] › src/test/playwright/gallery-scan.spec.ts:48:9 › gallery › pdfviewer (930ms)
  ✓  127 [gallery] › src/test/playwright/gallery-scan.spec.ts:48:9 › gallery › popup (756ms)
  ✓  126 [chromium] › src/test/playwright/screenshot.spec.ts:1300:7 › errorbox-position-invariance › icon/close gaps are constant and the beak sits flush outside the content (1.2s)
  ✓  129 [chromium] › src/test/playwright/screenshot.spec.ts:1392:7 › notification › shell-is-bare-and-icon-clears-stripe (666ms)
  ✓  128 [gallery] › src/test/playwright/gallery-scan.spec.ts:48:9 › gallery › portallayout (950ms)
  ✓  130 [chromium] › src/test/playwright/screenshot.spec.ts:1419:7 › notification › variant-backgrounds-are-opaque (670ms)
  ✓  131 [gallery] › src/test/playwright/gallery-scan.spec.ts:48:9 › gallery › progressmeter (834ms)
  ✓  132 [chromium] › src/test/playwright/screenshot.spec.ts:1444:7 › notification › single-line-content-is-vertically-centered (698ms)
  ✓  133 [gallery] › src/test/playwright/gallery-scan.spec.ts:48:9 › gallery › radiogroup (769ms)
  ✓  134 [chromium] › src/test/playwright/screenshot.spec.ts:1476:7 › toast › gallery (754ms)
  ✓  135 [gallery] › src/test/playwright/gallery-scan.spec.ts:48:9 › gallery › rangeslider (801ms)
  ✓  136 [chromium] › src/test/playwright/screenshot.spec.ts:1480:7 › toast › base-content-has-no-dark-scrim-fill (677ms)
  ✓  137 [gallery] › src/test/playwright/gallery-scan.spec.ts:48:9 › gallery › rating (789ms)
  ✓  139 [gallery] › src/test/playwright/gallery-scan.spec.ts:48:9 › gallery › responsive-grid (1.1s)
  ✓  140 [gallery] › src/test/playwright/gallery-scan.spec.ts:48:9 › gallery › rowlayout (731ms)
  ✓  138 [chromium] › src/test/playwright/screenshot.spec.ts:1504:7 › tooltip › dark-popup-fill-and-text (2.8s)
  ✓  141 [gallery] › src/test/playwright/gallery-scan.spec.ts:48:9 › gallery › runtime-error (741ms)
  ✓  142 [chromium] › src/test/playwright/screenshot.spec.ts:1541:7 › linelayout › content-aligns-with-points (761ms)
  ✓  143 [gallery] › src/test/playwright/gallery-scan.spec.ts:48:9 › gallery › scrollview (792ms)
  ✓  144 [chromium] › src/test/playwright/screenshot.spec.ts:1590:7 › linelayout › point-content-centered (749ms)
  ✓  145 [gallery] › src/test/playwright/gallery-scan.spec.ts:48:9 › gallery › searchbox (821ms)
  ✓  147 [gallery] › src/test/playwright/gallery-scan.spec.ts:48:9 › gallery › separator (753ms)
  ✓  146 [chromium] › src/test/playwright/screenshot.spec.ts:1643:7 › splitter-family › bars-are-borderless-across-the-family (1.4s)
  ✓  148 [gallery] › src/test/playwright/gallery-scan.spec.ts:48:9 › gallery › signature (840ms)
  ✓  149 [chromium] › src/test/playwright/screenshot.spec.ts:1678:7 › splitter-family › pill-does-not-resize-on-hover (1.2s)
  ✓  150 [gallery] › src/test/playwright/gallery-scan.spec.ts:48:9 › gallery › slider (793ms)
  ✓  151 [chromium] › src/test/playwright/screenshot.spec.ts:1711:7 › stepbar › error-icon-glyph-renders (682ms)
  ✓  152 [gallery] › src/test/playwright/gallery-scan.spec.ts:48:9 › gallery › space (765ms)
  ✓  153 [chromium] › src/test/playwright/screenshot.spec.ts:1732:7 › stepbar › vertical-connector-centered-under-icon (678ms)
  ✓  154 [gallery] › src/test/playwright/gallery-scan.spec.ts:48:9 › gallery › splitlayout (830ms)
  ✓  155 [chromium] › src/test/playwright/screenshot.spec.ts:1760:7 › stepbar › wrapped-label-stacks-title-below-icon (694ms)
  ✓  156 [gallery] › src/test/playwright/gallery-scan.spec.ts:48:9 › gallery › splitter (804ms)
  ✓  157 [chromium] › src/test/playwright/screenshot.spec.ts:1785:7 › stepbar › wrapped-label-icons-share-one-baseline (665ms)
  ✓  159 [chromium] › src/test/playwright/screenshot.spec.ts:1815:7 › dropupload › no-phantom-state-rules (682ms)
  ✓  158 [gallery] › src/test/playwright/gallery-scan.spec.ts:48:9 › gallery › stepbar (953ms)
  ✓  160 [chromium] › src/test/playwright/screenshot.spec.ts:1846:7 › inputgroup › addon and input share a single 1px edge (prefix and suffix, number boxes) (744ms)
  ✓  161 [gallery] › src/test/playwright/gallery-scan.spec.ts:48:9 › gallery › tabbox-misc (882ms)
  ✓  162 [chromium] › src/test/playwright/screenshot.spec.ts:1887:7 › inputgroup › no-layout-shift-on-focus (718ms)
  ✓  163 [gallery] › src/test/playwright/gallery-scan.spec.ts:48:9 › gallery › tablelayout (825ms)
  ✓  164 [chromium] › src/test/playwright/screenshot.spec.ts:1955:9 › radiogroup › hover (804ms)
  ✓  165 [gallery] › src/test/playwright/gallery-scan.spec.ts:48:9 › gallery › tbeditor (854ms)
  ✓  166 [chromium] › src/test/playwright/screenshot.spec.ts:1955:9 › radiogroup › focus (750ms)
  ✓  168 [chromium] › src/test/playwright/screenshot.spec.ts:1977:7 › rating › iconSclass picks the glyph; the star mask is only the default (685ms)
  ✓  167 [gallery] › src/test/playwright/gallery-scan.spec.ts:48:9 › gallery › timepicker (968ms)
  ✓  169 [chromium] › src/test/playwright/screenshot.spec.ts:1996:7 › rating › hover (766ms)
  ✓  170 [gallery] › src/test/playwright/gallery-scan.spec.ts:48:9 › gallery › toolbar (873ms)
  ✓  171 [chromium] › src/test/playwright/screenshot.spec.ts:2016:9 › slider › hover (758ms)
  ✓  172 [gallery] › src/test/playwright/gallery-scan.spec.ts:48:9 › gallery › tree-header (1.1s)
  ✓  173 [chromium] › src/test/playwright/screenshot.spec.ts:2016:9 › slider › focus (767ms)
  ✓  174 [gallery] › src/test/playwright/gallery-scan.spec.ts:48:9 › gallery › vlayout (800ms)
  ✓  175 [chromium] › src/test/playwright/screenshot.spec.ts:2036:9 › colorbox › hover (761ms)
  ✓  176 [chromium] › src/test/playwright/screenshot.spec.ts:2036:9 › colorbox › focus (781ms)
  ✓  178 [chromium] › src/test/playwright/screenshot.spec.ts:2143:7 › codeeditor › focus ring is uniform on all four sides (gutter must not eat it) (453ms)
  ✓  179 [chromium] › src/test/playwright/screenshot.spec.ts:2159:7 › codeeditor › dark surface focus ring is uniform and legible against the fill (437ms)
  ✓  177 [component-theming] › src/test/playwright/component-theming.spec.ts:34:7 › Component Theme Variables › regional override restyles scoped buttons only (1.4s)
  ✓  180 [chromium] › src/test/playwright/screenshot.spec.ts:2187:7 › important-removal-guards › progressmeter fill bar stays display:block without !important (681ms)
  ✓  181 [component-theming] › src/test/playwright/component-theming.spec.ts:48:7 › Component Theme Variables › disabled button keeps its disabled treatment inside a scoped region (1.3s)
  ✓  182 [chromium] › src/test/playwright/screenshot.spec.ts:2198:7 › important-removal-guards › messagebox button row is flex with zeroed child margin without !important (963ms)
  ✓  183 [component-theming] › src/test/playwright/component-theming.spec.ts:54:7 › Component Theme Variables › whole-app :root override wins (loaded after norm.css.dsp) (1.2s)
  ✓  184 [chromium] › src/test/playwright/screenshot.spec.ts:2212:7 › important-removal-guards › menupopup separator keeps its 4px vertical margin without !important (1.1s)
  ✓  186 [chromium] › src/test/playwright/screenshot.spec.ts:2267:11 › intbox › hover (763ms)
  ✓  185 [component-theming] › src/test/playwright/component-theming.spec.ts:65:7 › Component Theme Variables › input — regional border/radius override, sibling untouched (1.2s)
  ✓  187 [chromium] › src/test/playwright/screenshot.spec.ts:2267:11 › intbox › focus (752ms)
  ✓  188 [component-theming] › src/test/playwright/component-theming.spec.ts:77:7 › Component Theme Variables › window — regional surface/radius override, sibling untouched (1.1s)
  ✓  189 [chromium] › src/test/playwright/screenshot.spec.ts:2267:11 › longbox › hover (766ms)
  ✓  191 [chromium] › src/test/playwright/screenshot.spec.ts:2267:11 › longbox › focus (714ms)
  ✓  190 [component-theming] › src/test/playwright/component-theming.spec.ts:89:7 › Component Theme Variables › grid — regional border/radius override, sibling untouched (1.2s)
  ✓  192 [chromium] › src/test/playwright/screenshot.spec.ts:2267:11 › doublebox › hover (742ms)
  ✓  193 [component-theming] › src/test/playwright/component-theming.spec.ts:101:7 › Component Theme Variables › listbox — regional frame + selection override, sibling untouched (1.2s)
  ✓  194 [chromium] › src/test/playwright/screenshot.spec.ts:2267:11 › doublebox › focus (785ms)
  ✓  196 [chromium] › src/test/playwright/screenshot.spec.ts:2267:11 › decimalbox › hover (734ms)
  ✓  195 [component-theming] › src/test/playwright/component-theming.spec.ts:115:7 › Component Theme Variables › tree — regional frame + selection override, sibling untouched (1.1s)
  ✓  197 [chromium] › src/test/playwright/screenshot.spec.ts:2267:11 › decimalbox › focus (718ms)
  ✓  199 [chromium] › src/test/playwright/screenshot.spec.ts:2267:11 › doublespinner › hover (819ms)
  ✓  198 [component-theming] › src/test/playwright/component-theming.spec.ts:131:7 › Component Theme Variables › panel — regional surface/radius override, sibling untouched (1.2s)
  ✓  200 [chromium] › src/test/playwright/screenshot.spec.ts:2267:11 › doublespinner › focus (759ms)
  ✓  201 [component-theming] › src/test/playwright/component-theming.spec.ts:142:7 › Component Theme Variables › groupbox — regional frame override, sibling untouched (1.2s)
  ✓  202 [chromium] › src/test/playwright/screenshot.spec.ts:2267:11 › chosenbox › hover (796ms)
  ✓  204 [chromium] › src/test/playwright/screenshot.spec.ts:2267:11 › chosenbox › focus (778ms)
  ✓  203 [component-theming] › src/test/playwright/component-theming.spec.ts:154:7 › Component Theme Variables › combobox — regional field override, sibling untouched (1.3s)
  ✓  205 [chromium] › src/test/playwright/screenshot.spec.ts:2267:11 › searchbox › hover (901ms)
  ✓  206 [component-theming] › src/test/playwright/component-theming.spec.ts:168:7 › Component Theme Variables › datebox — regional border/radius override, sibling untouched (1.2s)
  ✓  207 [chromium] › src/test/playwright/screenshot.spec.ts:2267:11 › searchbox › focus (762ms)
  ✓  209 [chromium] › src/test/playwright/screenshot.spec.ts:2267:11 › cascader › hover (818ms)
  ✓  208 [component-theming] › src/test/playwright/component-theming.spec.ts:179:7 › Component Theme Variables › timebox — regional border/radius override, sibling untouched (1.2s)
  ✓  210 [chromium] › src/test/playwright/screenshot.spec.ts:2267:11 › cascader › focus (809ms)
  ✓  211 [component-theming] › src/test/playwright/component-theming.spec.ts:190:7 › Component Theme Variables › spinner — regional border/radius override, sibling untouched (1.2s)
  ✓  212 [chromium] › src/test/playwright/screenshot.spec.ts:2267:11 › combobutton › hover (745ms)
  ✓  214 [chromium] › src/test/playwright/screenshot.spec.ts:2267:11 › combobutton › focus (736ms)
  ✓  213 [component-theming] › src/test/playwright/component-theming.spec.ts:201:7 › Component Theme Variables › bandbox — regional border/radius override, sibling untouched (1.1s)
  ✓  215 [chromium] › src/test/playwright/screenshot.spec.ts:2267:11 › multislider › hover (795ms)
  ✓  216 [component-theming] › src/test/playwright/component-theming.spec.ts:216:7 › Component Theme Variables › daterangebox — regional border/radius override, sibling untouched (1.2s)
  ✓  217 [chromium] › src/test/playwright/screenshot.spec.ts:2267:11 › multislider › focus (741ms)
  ✓  219 [chromium] › src/test/playwright/screenshot.spec.ts:2267:11 › rangeslider › hover (806ms)
  ✓  218 [component-theming] › src/test/playwright/component-theming.spec.ts:227:7 › Component Theme Variables › daterangebox — whole-app :root override wins (loaded after norm.css.dsp) (1.2s)
  ✓  220 [chromium] › src/test/playwright/screenshot.spec.ts:2267:11 › rangeslider › focus (748ms)
  ✓  221 [component-theming] › src/test/playwright/component-theming.spec.ts:238:7 › Component Theme Variables › tabbox — regional accent/border override, sibling untouched (1.2s)
  ✓  222 [chromium] › src/test/playwright/screenshot.spec.ts:2286:7 › searchbox dropdown › dropdown (1.2s)
  ✓  223 [component-theming] › src/test/playwright/component-theming.spec.ts:253:7 › Component Theme Variables › menubar — regional surface override, sibling untouched (1.2s)
  ✓  224 [chromium] › src/test/playwright/screenshot.spec.ts:2300:7 › chosenbox dropdown › dropdown (1.4s)
  ✓  225 [component-theming] › src/test/playwright/component-theming.spec.ts:264:7 › Component Theme Variables › avatar — regional fill override (hoisted base knob), sibling untouched (1.2s)
  ✓  226 [chromium] › src/test/playwright/screenshot.spec.ts:2315:7 › chosenbox dropdown › chip focus (896ms)
  ✓  227 [component-theming] › src/test/playwright/component-theming.spec.ts:274:7 › Component Theme Variables › badge — default fill region-overridable, non-default severity pinned (1.2s)
  ✓  228 [chromium] › src/test/playwright/screenshot.spec.ts:2344:7 › scrollbar › simulated-thumb-md3-radius-and-easing (920ms)
  ✓  229 [component-theming] › src/test/playwright/component-theming.spec.ts:290:7 › Component Theme Variables › rating — regional accent override, sibling untouched (1.2s)
  ✓  230 [chromium] › src/test/playwright/screenshot.spec.ts:2366:7 › scrollbar › embed-rail-and-hover-thumb-share-cross-axis-no-jump (1.2s)
  ✓  232 [chromium] › src/test/playwright/screenshot.spec.ts:2439:9 › orphaned-helper-css › label-css-is-served (1.1s)
  ✓  231 [component-theming] › src/test/playwright/component-theming.spec.ts:301:7 › Component Theme Variables › rating — whole-app :root override wins (loaded after norm.css.dsp) (1.5s)
  ✓  233 [chromium] › src/test/playwright/screenshot.spec.ts:2439:9 › orphaned-helper-css › div-css-is-served (833ms)
  ✓  234 [component-theming] › src/test/playwright/component-theming.spec.ts:314:7 › Component Theme Variables › progressmeter — regional track/fill override, sibling untouched (1.5s)
  ✓  235 [chromium] › src/test/playwright/screenshot.spec.ts:2439:9 › orphaned-helper-css › span-css-is-served (779ms)
  ✓  237 [chromium] › src/test/playwright/screenshot.spec.ts:2439:9 › orphaned-helper-css › html-css-is-served (773ms)
  ✓  236 [component-theming] › src/test/playwright/component-theming.spec.ts:325:7 › Component Theme Variables › progressmeter — whole-app :root override wins (loaded after norm.css.dsp) (1.5s)
  ✓  238 [chromium] › src/test/playwright/screenshot.spec.ts:2439:9 › orphaned-helper-css › image-css-is-served (845ms)
  ✓  240 [chromium] › src/test/playwright/screenshot.spec.ts:2439:9 › orphaned-helper-css › imagemap-css-is-served (711ms)
  ✓  239 [component-theming] › src/test/playwright/component-theming.spec.ts:340:7 › Component Theme Variables › paging — regional radius/selected override, sibling untouched (1.2s)
  ✓  241 [component-theming] › src/test/playwright/component-theming.spec.ts:356:7 › Component Theme Variables › paging — whole-app :root override wins (loaded after norm.css.dsp) (1.8s)
  ✓  243 [hit-target] › src/test/playwright/hit-target.spec.ts:68:7 › multislider: every knob owns its own centre (260ms)
  ✓  242 [component-theming] › src/test/playwright/component-theming.spec.ts:370:7 › Component Theme Variables › combobutton — regional bg/fg/radius override, sibling untouched (1.5s)
  ✓  244 [hit-target] › src/test/playwright/hit-target.spec.ts:68:7 › rangeslider: every knob owns its own centre (260ms)
  ✓  246 [hit-target] › src/test/playwright/hit-target.spec.ts:68:7 › slider: every knob owns its own centre (249ms)
  ✓  245 [component-theming] › src/test/playwright/component-theming.spec.ts:382:7 › Component Theme Variables › combobutton — whole-app :root override wins (loaded after norm.css.dsp) (1.2s)
  ✓  247 [component-theming] › src/test/playwright/component-theming.spec.ts:395:7 › Component Theme Variables › selectbox — regional border/radius override, sibling untouched (1.2s)
  ✓  248 [component-theming] › src/test/playwright/component-theming.spec.ts:406:7 › Component Theme Variables › selectbox — whole-app :root override wins (loaded after norm.css.dsp) (1.2s)
  ✓  249 [component-theming] › src/test/playwright/component-theming.spec.ts:420:7 › Component Theme Variables › inputgroup — regional border/radius/addon override, sibling untouched (1.2s)
  ✓  251 [focus-scan] › src/test/playwright/focus-ring-scan.spec.ts:266:9 › focus-ring scan › a (311ms)
  ✓  250 [component-theming] › src/test/playwright/component-theming.spec.ts:438:7 › Component Theme Variables › inputgroup — whole-app :root override wins (loaded after norm.css.dsp) (1.5s)
  -  252 [focus-scan] › src/test/playwright/focus-ring-scan.spec.ts:266:9 › focus-ring scan › absolutelayout
  -  254 [focus-scan] › src/test/playwright/focus-ring-scan.spec.ts:266:9 › focus-ring scan › anchorlayout
  ✓  255 [focus-scan] › src/test/playwright/focus-ring-scan.spec.ts:266:9 › focus-ring scan › anchornav (351ms)
  -  256 [focus-scan] › src/test/playwright/focus-ring-scan.spec.ts:266:9 › focus-ring scan › avatar
  ✓  257 [focus-scan] › src/test/playwright/focus-ring-scan.spec.ts:266:9 › focus-ring scan › badge (288ms)
  ✓  253 [component-theming] › src/test/playwright/component-theming.spec.ts:453:7 › Component Theme Variables › calendar — regional border/radius/accent override, sibling untouched (1.3s)
  -  258 [focus-scan] › src/test/playwright/focus-ring-scan.spec.ts:266:9 › focus-ring scan › bandbox
  -  260 [focus-scan] › src/test/playwright/focus-ring-scan.spec.ts:266:9 › focus-ring scan › barcode
  ✓  261 [focus-scan] › src/test/playwright/focus-ring-scan.spec.ts:266:9 › focus-ring scan › biglistbox (446ms)
  ✓  259 [component-theming] › src/test/playwright/component-theming.spec.ts:472:7 › Component Theme Variables › calendar — whole-app :root override wins (loaded after norm.css.dsp) (1.3s)
  ✓  262 [focus-scan] › src/test/playwright/focus-ring-scan.spec.ts:266:9 › focus-ring scan › borderlayout (279ms)
  ✓  264 [focus-scan] › src/test/playwright/focus-ring-scan.spec.ts:266:9 › focus-ring scan › breadcrumb (307ms)
  ✓  265 [focus-scan] › src/test/playwright/focus-ring-scan.spec.ts:266:9 › focus-ring scan › button (459ms)
  -  266 [focus-scan] › src/test/playwright/focus-ring-scan.spec.ts:266:9 › focus-ring scan › calendar
  ✓  263 [component-theming] › src/test/playwright/component-theming.spec.ts:485:7 › Component Theme Variables › toolbar — regional bg/border override, sibling untouched (1.2s)
  ✓  267 [focus-scan] › src/test/playwright/focus-ring-scan.spec.ts:266:9 › focus-ring scan › caption (283ms)
  ✓  269 [focus-scan] › src/test/playwright/focus-ring-scan.spec.ts:266:9 › focus-ring scan › cardlayout (242ms)
  ✓  270 [focus-scan] › src/test/playwright/focus-ring-scan.spec.ts:266:9 › focus-ring scan › carousel (349ms)
  -  271 [focus-scan] › src/test/playwright/focus-ring-scan.spec.ts:266:9 › focus-ring scan › cascader
  ✓  268 [component-theming] › src/test/playwright/component-theming.spec.ts:496:7 › Component Theme Variables › toolbar — whole-app :root override wins (loaded after norm.css.dsp) (1.3s)
  ✓  272 [focus-scan] › src/test/playwright/focus-ring-scan.spec.ts:266:9 › focus-ring scan › checkbox (391ms)
  ✓  274 [focus-scan] › src/test/playwright/focus-ring-scan.spec.ts:266:9 › focus-ring scan › chip (407ms)
  -  275 [focus-scan] › src/test/playwright/focus-ring-scan.spec.ts:266:9 › focus-ring scan › chosenbox
  ✓  276 [focus-scan] › src/test/playwright/focus-ring-scan.spec.ts:266:9 › focus-ring scan › coachmark (278ms)
  ✓  273 [component-theming] › src/test/playwright/component-theming.spec.ts:510:7 › Component Theme Variables › toolbarbutton — regional fg/radius/checked override, sibling untouched (1.4s)
  ✓  277 [focus-scan] › src/test/playwright/focus-ring-scan.spec.ts:266:9 › focus-ring scan › codeeditor (322ms)
  -  279 [focus-scan] › src/test/playwright/focus-ring-scan.spec.ts:266:9 › focus-ring scan › colorbox
  -  280 [focus-scan] › src/test/playwright/focus-ring-scan.spec.ts:266:9 › focus-ring scan › columnlayout
  -  281 [focus-scan] › src/test/playwright/focus-ring-scan.spec.ts:266:9 › focus-ring scan › combobox
  -  282 [focus-scan] › src/test/playwright/focus-ring-scan.spec.ts:266:9 › focus-ring scan › combobutton
  ✓  278 [component-theming] › src/test/playwright/component-theming.spec.ts:527:7 › Component Theme Variables › toolbarbutton — whole-app :root override wins (loaded after norm.css.dsp) (1.2s)
  ✓  284 [component-theming] › src/test/playwright/component-theming.spec.ts:541:7 › Component Theme Variables › slider — regional track/accent/radius override, sibling untouched (1.5s)
  ✓  283 [focus-scan] › src/test/playwright/focus-ring-scan.spec.ts:266:9 › focus-ring scan › component-theming (2.1s)
  ✓  286 [focus-scan] › src/test/playwright/focus-ring-scan.spec.ts:266:9 › focus-ring scan › confirmpopup (375ms)
  -  287 [focus-scan] › src/test/playwright/focus-ring-scan.spec.ts:266:9 › focus-ring scan › cropper
  -  288 [focus-scan] › src/test/playwright/focus-ring-scan.spec.ts:266:9 › focus-ring scan › datebox
  ✓  285 [component-theming] › src/test/playwright/component-theming.spec.ts:559:7 › Component Theme Variables › slider — whole-app :root override wins (loaded after norm.css.dsp) (1.4s)
  -  289 [focus-scan] › src/test/playwright/focus-ring-scan.spec.ts:266:9 › focus-ring scan › daterangebox
  -  291 [focus-scan] › src/test/playwright/focus-ring-scan.spec.ts:266:9 › focus-ring scan › decimalbox
  -  292 [focus-scan] › src/test/playwright/focus-ring-scan.spec.ts:266:9 › focus-ring scan › dnd
  -  293 [focus-scan] › src/test/playwright/focus-ring-scan.spec.ts:266:9 › focus-ring scan › doublebox
  -  294 [focus-scan] › src/test/playwright/focus-ring-scan.spec.ts:266:9 › focus-ring scan › doublespinner
  ✓  295 [focus-scan] › src/test/playwright/focus-ring-scan.spec.ts:266:9 › focus-ring scan › drawer (254ms)
  ✓  290 [component-theming] › src/test/playwright/component-theming.spec.ts:575:7 › Component Theme Variables › rangeslider — regional track/accent/radius override, sibling untouched (1.3s)
  -  296 [focus-scan] › src/test/playwright/focus-ring-scan.spec.ts:266:9 › focus-ring scan › dropupload
  -  298 [focus-scan] › src/test/playwright/focus-ring-scan.spec.ts:266:9 › focus-ring scan › errorbox
  ✓  299 [focus-scan] › src/test/playwright/focus-ring-scan.spec.ts:266:9 › focus-ring scan › fisheyebar (295ms)
  -  300 [focus-scan] › src/test/playwright/focus-ring-scan.spec.ts:266:9 › focus-ring scan › goldenlayout
  ✓  301 [focus-scan] › src/test/playwright/focus-ring-scan.spec.ts:266:9 › focus-ring scan › grid (283ms)
  ✓  297 [component-theming] › src/test/playwright/component-theming.spec.ts:597:7 › Component Theme Variables › rangeslider — whole-app :root override wins (loaded after norm.css.dsp) (1.2s)
  -  302 [focus-scan] › src/test/playwright/focus-ring-scan.spec.ts:266:9 › focus-ring scan › grid-detail
  -  304 [focus-scan] › src/test/playwright/focus-ring-scan.spec.ts:266:9 › focus-ring scan › grid-grouping
  ✓  305 [focus-scan] › src/test/playwright/focus-ring-scan.spec.ts:266:9 › focus-ring scan › grid-header (320ms)
  -  306 [focus-scan] › src/test/playwright/focus-ring-scan.spec.ts:266:9 › focus-ring scan › grid-livegrouping
  ✓  303 [component-theming] › src/test/playwright/component-theming.spec.ts:614:7 › Component Theme Variables › multislider — regional track/accent/radius override, sibling untouched (1.2s)
  ✓  307 [focus-scan] › src/test/playwright/focus-ring-scan.spec.ts:266:9 › focus-ring scan › grid-paging (400ms)
  -  309 [focus-scan] › src/test/playwright/focus-ring-scan.spec.ts:266:9 › focus-ring scan › groupbox
  ✓  310 [focus-scan] › src/test/playwright/focus-ring-scan.spec.ts:266:9 › focus-ring scan › hlayout (274ms)
  ✓  311 [focus-scan] › src/test/playwright/focus-ring-scan.spec.ts:266:9 › focus-ring scan › inputgroup (212ms)
  -  312 [focus-scan] › src/test/playwright/focus-ring-scan.spec.ts:266:9 › focus-ring scan › intbox
  ✓  308 [component-theming] › src/test/playwright/component-theming.spec.ts:636:7 › Component Theme Variables › multislider — whole-app :root override wins (loaded after norm.css.dsp) (1.2s)
  ✓  313 [focus-scan] › src/test/playwright/focus-ring-scan.spec.ts:266:9 › focus-ring scan › label (296ms)
  ✓  315 [focus-scan] › src/test/playwright/focus-ring-scan.spec.ts:266:9 › focus-ring scan › linelayout (311ms)
  ✓  316 [focus-scan] › src/test/playwright/focus-ring-scan.spec.ts:266:9 › focus-ring scan › listbox (306ms)
  ✓  317 [focus-scan] › src/test/playwright/focus-ring-scan.spec.ts:266:9 › focus-ring scan › listbox-grouping (233ms)
  ✓  314 [component-theming] › src/test/playwright/component-theming.spec.ts:649:7 › Component Theme Variables › checkbox — regional border/accent override, sibling untouched (1.2s)
  ✓  318 [focus-scan] › src/test/playwright/focus-ring-scan.spec.ts:266:9 › focus-ring scan › listbox-header (368ms)
  -  320 [focus-scan] › src/test/playwright/focus-ring-scan.spec.ts:266:9 › focus-ring scan › longbox
  ✓  321 [focus-scan] › src/test/playwright/focus-ring-scan.spec.ts:266:9 › focus-ring scan › menubar (328ms)
  ✓  322 [focus-scan] › src/test/playwright/focus-ring-scan.spec.ts:266:9 › focus-ring scan › messagebox (249ms)
  ✓  319 [component-theming] › src/test/playwright/component-theming.spec.ts:664:7 › Component Theme Variables › checkbox — whole-app :root override wins (loaded after norm.css.dsp) (1.2s)
  -  323 [focus-scan] › src/test/playwright/focus-ring-scan.spec.ts:266:9 › focus-ring scan › multislider
  ✓  325 [focus-scan] › src/test/playwright/focus-ring-scan.spec.ts:266:9 › focus-ring scan › navbar (354ms)
  ✓  326 [focus-scan] › src/test/playwright/focus-ring-scan.spec.ts:266:9 › focus-ring scan › notification (258ms)
  ✓  327 [focus-scan] › src/test/playwright/focus-ring-scan.spec.ts:266:9 › focus-ring scan › organigram (270ms)
  ✓  324 [component-theming] › src/test/playwright/component-theming.spec.ts:679:7 › Component Theme Variables › radio — regional border/accent override, sibling untouched (1.2s)
  ✓  328 [focus-scan] › src/test/playwright/focus-ring-scan.spec.ts:266:9 › focus-ring scan › paging (558ms)
  -  330 [focus-scan] › src/test/playwright/focus-ring-scan.spec.ts:266:9 › focus-ring scan › panel
  ✓  331 [focus-scan] › src/test/playwright/focus-ring-scan.spec.ts:266:9 › focus-ring scan › pdfviewer (308ms)
  ✓  329 [component-theming] › src/test/playwright/component-theming.spec.ts:694:7 › Component Theme Variables › radio — whole-app :root override wins (loaded after norm.css.dsp) (1.3s)
  ✓  332 [focus-scan] › src/test/playwright/focus-ring-scan.spec.ts:266:9 › focus-ring scan › popup (279ms)
  -  334 [focus-scan] › src/test/playwright/focus-ring-scan.spec.ts:266:9 › focus-ring scan › portallayout
  ✓  335 [focus-scan] › src/test/playwright/focus-ring-scan.spec.ts:266:9 › focus-ring scan › progressmeter (269ms)
  ✓  336 [focus-scan] › src/test/playwright/focus-ring-scan.spec.ts:266:9 › focus-ring scan › radiogroup (254ms)
  -  337 [focus-scan] › src/test/playwright/focus-ring-scan.spec.ts:266:9 › focus-ring scan › rangeslider
  -  338 [focus-scan] › src/test/playwright/focus-ring-scan.spec.ts:266:9 › focus-ring scan › rating
  ✓  333 [component-theming] › src/test/playwright/component-theming.spec.ts:711:7 › Component Theme Variables › messagebox — zero-regression defaults (1.3s)
  ✓  339 [focus-scan] › src/test/playwright/focus-ring-scan.spec.ts:266:9 › focus-ring scan › responsive-grid (289ms)
  -  341 [focus-scan] › src/test/playwright/focus-ring-scan.spec.ts:266:9 › focus-ring scan › rowlayout
  ✓  342 [focus-scan] › src/test/playwright/focus-ring-scan.spec.ts:266:9 › focus-ring scan › runtime-error (219ms)
  -  343 [focus-scan] › src/test/playwright/focus-ring-scan.spec.ts:266:9 › focus-ring scan › scrollbar
  -  344 [focus-scan] › src/test/playwright/focus-ring-scan.spec.ts:266:9 › focus-ring scan › scrollview
  -  345 [focus-scan] › src/test/playwright/focus-ring-scan.spec.ts:266:9 › focus-ring scan › searchbox
  ✓  340 [component-theming] › src/test/playwright/component-theming.spec.ts:721:7 › Component Theme Variables › messagebox — whole-app :root override wins (loaded after norm.css.dsp) (1.4s)
  ✓  346 [focus-scan] › src/test/playwright/focus-ring-scan.spec.ts:266:9 › focus-ring scan › selectbox (256ms)
  -  348 [focus-scan] › src/test/playwright/focus-ring-scan.spec.ts:266:9 › focus-ring scan › separator
  ✓  349 [focus-scan] › src/test/playwright/focus-ring-scan.spec.ts:266:9 › focus-ring scan › signature (260ms)
  ✓  350 [focus-scan] › src/test/playwright/focus-ring-scan.spec.ts:266:9 › focus-ring scan › slider (224ms)
  ✓  351 [focus-scan] › src/test/playwright/focus-ring-scan.spec.ts:266:9 › focus-ring scan › space (247ms)
  ✓  347 [component-theming] › src/test/playwright/component-theming.spec.ts:749:7 › Component Theme Variables › popup — zero-regression defaults (1.3s)
  -  352 [focus-scan] › src/test/playwright/focus-ring-scan.spec.ts:266:9 › focus-ring scan › spinner
  -  354 [focus-scan] › src/test/playwright/focus-ring-scan.spec.ts:266:9 › focus-ring scan › splitlayout
  -  355 [focus-scan] › src/test/playwright/focus-ring-scan.spec.ts:266:9 › focus-ring scan › splitter
  -  356 [focus-scan] › src/test/playwright/focus-ring-scan.spec.ts:266:9 › focus-ring scan › stepbar
  ✓  357 [focus-scan] › src/test/playwright/focus-ring-scan.spec.ts:266:9 › focus-ring scan › tabbox (299ms)
  ✓  353 [component-theming] › src/test/playwright/component-theming.spec.ts:759:7 › Component Theme Variables › popup — whole-app :root override wins (loaded after norm.css.dsp) (1.3s)
  ✓  358 [focus-scan] › src/test/playwright/focus-ring-scan.spec.ts:266:9 › focus-ring scan › tabbox-misc (314ms)
  -  360 [focus-scan] › src/test/playwright/focus-ring-scan.spec.ts:266:9 › focus-ring scan › tablelayout
  -  361 [focus-scan] › src/test/playwright/focus-ring-scan.spec.ts:266:9 › focus-ring scan › tbeditor
  -  362 [focus-scan] › src/test/playwright/focus-ring-scan.spec.ts:266:9 › focus-ring scan › textbox
  -  363 [focus-scan] › src/test/playwright/focus-ring-scan.spec.ts:266:9 › focus-ring scan › timebox
  ✓  359 [component-theming] › src/test/playwright/component-theming.spec.ts:782:7 › Component Theme Variables › notification — regional bg/fg/radius override, sibling untouched (1.4s)
  -  364 [focus-scan] › src/test/playwright/focus-ring-scan.spec.ts:266:9 › focus-ring scan › timepicker
  ✓  366 [focus-scan] › src/test/playwright/focus-ring-scan.spec.ts:266:9 › focus-ring scan › toast (311ms)
  ✓  367 [focus-scan] › src/test/playwright/focus-ring-scan.spec.ts:266:9 › focus-ring scan › toolbar (441ms)
  ✓  365 [component-theming] › src/test/playwright/component-theming.spec.ts:802:7 › Component Theme Variables › notification — whole-app :root override wins (loaded after norm.css.dsp) (1.3s)
  ✓  368 [focus-scan] › src/test/playwright/focus-ring-scan.spec.ts:266:9 › focus-ring scan › tree (409ms)
  ✓  370 [focus-scan] › src/test/playwright/focus-ring-scan.spec.ts:266:9 › focus-ring scan › tree-header (321ms)
  ✓  371 [focus-scan] › src/test/playwright/focus-ring-scan.spec.ts:266:9 › focus-ring scan › vlayout (326ms)
  ✓  372 [focus-scan] › src/test/playwright/focus-ring-scan.spec.ts:266:9 › focus-ring scan › window (223ms)
  ✓  369 [component-theming] › src/test/playwright/component-theming.spec.ts:818:7 › Component Theme Variables › toast — regional bg/fg/radius/accent override, sibling untouched (1.2s)
  ✓  373 [focus-scan] › src/test/playwright/focus-ring-scan.spec.ts:373:9 › focus-ring scan — selected + focused under forced-colors › navbar: navbar item (266ms)
  ✓  375 [focus-scan] › src/test/playwright/focus-ring-scan.spec.ts:373:9 › focus-ring scan — selected + focused under forced-colors › tree: tree row (328ms)
  ✓  376 [focus-scan] › src/test/playwright/focus-ring-scan.spec.ts:373:9 › focus-ring scan — selected + focused under forced-colors › listbox: listbox row (328ms)
  ✓  377 [focus-scan] › src/test/playwright/focus-ring-scan.spec.ts:373:9 › focus-ring scan — selected + focused under forced-colors › paging: paging button (290ms)
  ✓  374 [component-theming] › src/test/playwright/component-theming.spec.ts:849:7 › Component Theme Variables › toast — whole-app :root override wins (loaded after norm.css.dsp) (1.2s)
  ✓  378 [focus-scan] › src/test/playwright/focus-ring-scan.spec.ts:373:9 › focus-ring scan — selected + focused under forced-colors › organigram: organigram node (254ms)
  ✓  379 [component-theming] › src/test/playwright/component-theming.spec.ts:861:7 › Component Theme Variables › a — regional fg override, sibling untouched (1.2s)
  ✓  380 [forced-colors] › src/test/playwright/forced-colors.spec.ts:32:7 › forced-colors (Windows High-Contrast) a11y guards › forced-colors is actually emulated (307ms)
  ✓  382 [forced-colors] › src/test/playwright/forced-colors.spec.ts:38:7 › forced-colors (Windows High-Contrast) a11y guards › checkbox checked/indeterminate opt out of the OS palette (glyph stays legible) (328ms)
  ✓  383 [forced-colors] › src/test/playwright/forced-colors.spec.ts:50:7 › forced-colors (Windows High-Contrast) a11y guards › text-input focus draws a real outline (box-shadow focus ring is stripped) (294ms)
  ✓  381 [component-theming] › src/test/playwright/component-theming.spec.ts:873:7 › Component Theme Variables › a — whole-app :root override wins (loaded after norm.css.dsp) (1.2s)
  ✓  384 [forced-colors] › src/test/playwright/forced-colors.spec.ts:65:7 › forced-colors (Windows High-Contrast) a11y guards › selected list row uses the system selection colors (tint would otherwise vanish) (503ms)
  ✓  386 [forced-colors] › src/test/playwright/forced-colors.spec.ts:81:7 › forced-colors (Windows High-Contrast) a11y guards › elevation-only surfaces gain a border (box-shadow is stripped) (223ms)
  ✓  387 [forced-colors] › src/test/playwright/forced-colors.spec.ts:92:7 › forced-colors (Windows High-Contrast) a11y guards › buttons are delineated by a border (267ms)
  ✓  388 [forced-colors] › src/test/playwright/forced-colors.spec.ts:101:7 › forced-colors (Windows High-Contrast) a11y guards › elevation surface (groupbox) gains a border (244ms)
  ✓  385 [component-theming] › src/test/playwright/component-theming.spec.ts:887:7 › Component Theme Variables › timepicker — regional border/radius override, sibling untouched (1.2s)
  ✓  389 [forced-colors] › src/test/playwright/forced-colors.spec.ts:112:7 › forced-colors (Windows High-Contrast) a11y guards › paging current page uses the system selection color (269ms)
  ✓  391 [forced-colors] › src/test/playwright/forced-colors.spec.ts:123:7 › forced-colors (Windows High-Contrast) a11y guards › calendar selected day keeps a visible filled disc (fill on ::before) (409ms)
  ✓  392 [forced-colors] › src/test/playwright/forced-colors.spec.ts:139:7 › forced-colors (Windows High-Contrast) a11y guards › spinner up/down arrow icons stay visible (fill is foreground, not page bg) (326ms)
  ✓  393 [forced-colors] › src/test/playwright/forced-colors.spec.ts:153:7 › forced-colors (Windows High-Contrast) a11y guards › combobox caret icon stays visible (unlayered fill beats the component rule) (202ms)
  ✓  390 [component-theming] › src/test/playwright/component-theming.spec.ts:898:7 › Component Theme Variables › timepicker — whole-app :root override wins (loaded after norm.css.dsp) (1.3s)
  ✓  394 [forced-colors] › src/test/playwright/forced-colors.spec.ts:165:7 › forced-colors (Windows High-Contrast) a11y guards › selected list check keeps its baked box (icon-fill guard must not clobber it) (490ms)
  ✓  396 [forced-colors] › src/test/playwright/forced-colors.spec.ts:186:7 › forced-colors (Windows High-Contrast) a11y guards › accordion selected tab uses the system selection color (307ms)
  ✓  397 [forced-colors] › src/test/playwright/forced-colors.spec.ts:197:7 › forced-colors (Windows High-Contrast) a11y guards › datebox popup gains a border (box-shadow elevation is stripped) (336ms)
  ✓  398 [forced-colors] › src/test/playwright/forced-colors.spec.ts:211:7 › forced-colors (Windows High-Contrast) a11y guards › confirmpopup gains a border and keeps its arrow (elevation + CSS-triangle beak) (204ms)
  ✓  395 [component-theming] › src/test/playwright/component-theming.spec.ts:914:7 › Component Theme Variables › chosenbox — regional border/radius/chip override, sibling untouched (1.4s)
  ✓  399 [forced-colors] › src/test/playwright/forced-colors.spec.ts:225:7 › forced-colors (Windows High-Contrast) a11y guards › focus ring on a SELECTED navbar item stays visible (Highlight-on-Highlight) (400ms)
  ✓  401 [forced-colors] › src/test/playwright/forced-colors.spec.ts:257:7 › forced-colors (Windows High-Contrast) a11y guards › datebox timezone selector keeps its top gap from the calendar (spacing is a margin, mode-independent) (401ms)
  ✓  400 [component-theming] › src/test/playwright/component-theming.spec.ts:940:7 › Component Theme Variables › chosenbox — whole-app :root override wins (loaded after norm.css.dsp) (1.2s)
  ✓  402 [component-theming] › src/test/playwright/component-theming.spec.ts:956:7 › Component Theme Variables › cascader — regional border/radius/fg override, sibling untouched (1.2s)
  ✓  403 [tablet] › src/test/playwright/tablet.spec.ts:38:7 › tablet-stylesheet › tablet.css is enabled on a mobile UA (778ms)
  ✓  405 [tablet] › src/test/playwright/tablet.spec.ts:59:9 › tablet-touch-size › button meets MD3 minimum touch target (770ms)
  ✓  404 [component-theming] › src/test/playwright/component-theming.spec.ts:975:7 › Component Theme Variables › cascader — whole-app :root override wins (loaded after norm.css.dsp) (1.2s)
  ✓  406 [tablet] › src/test/playwright/tablet.spec.ts:59:9 › tablet-touch-size › textbox meets MD3 minimum touch target (730ms)
  ✓  407 [component-theming] › src/test/playwright/component-theming.spec.ts:991:7 › Component Theme Variables › searchbox — regional border/radius/fg override, sibling untouched (1.2s)
  ✓  408 [tablet] › src/test/playwright/tablet.spec.ts:59:9 › tablet-touch-size › combobox meets MD3 minimum touch target (763ms)
  ✓  410 [tablet] › src/test/playwright/tablet.spec.ts:59:9 › tablet-touch-size › datebox meets MD3 minimum touch target (735ms)
  ✓  409 [component-theming] › src/test/playwright/component-theming.spec.ts:1010:7 › Component Theme Variables › searchbox — whole-app :root override wins (loaded after norm.css.dsp) (1.2s)
  ✓  411 [tablet] › src/test/playwright/tablet.spec.ts:88:9 › tablet-no-horizontal-overflow › /combobox.zul content fits the viewport width (682ms)
  ✓  413 [tablet] › src/test/playwright/tablet.spec.ts:88:9 › tablet-no-horizontal-overflow › /datebox.zul content fits the viewport width (717ms)
  ✓  412 [component-theming] › src/test/playwright/component-theming.spec.ts:1028:7 › Component Theme Variables › drawer — zero-regression defaults (1.3s)
  ✓  414 [tablet] › src/test/playwright/tablet.spec.ts:88:9 › tablet-no-horizontal-overflow › /timebox.zul content fits the viewport width (713ms)
  ✓  416 [tablet] › src/test/playwright/tablet.spec.ts:88:9 › tablet-no-horizontal-overflow › /spinner.zul content fits the viewport width (718ms)
  ✓  415 [component-theming] › src/test/playwright/component-theming.spec.ts:1039:7 › Component Theme Variables › drawer — whole-app :root override wins (loaded after norm.css.dsp) (1.4s)
  ✓  417 [tablet] › src/test/playwright/tablet.spec.ts:88:9 › tablet-no-horizontal-overflow › /textbox.zul content fits the viewport width (685ms)
  ✓  418 [component-theming] › src/test/playwright/component-theming.spec.ts:1060:7 › Component Theme Variables › nav — regional bg/radius/selected override, sibling untouched (1.2s)
  ✓  419 [tablet] › src/test/playwright/tablet.spec.ts:112:7 › tablet-matrix-scroll-usable › matrix scrolls horizontally and inputs stay usable on a phone (1.1s)
  ✓  420 [component-theming] › src/test/playwright/component-theming.spec.ts:1084:7 › Component Theme Variables › nav — whole-app :root override wins (loaded after norm.css.dsp) (1.3s)
  ✓  421 [tablet] › src/test/playwright/tablet.spec.ts:155:7 › tablet-matrix-label-readable › the row-label column keeps its width on a phone (not collapsed to 0) (1.1s)
  ✓  422 [component-theming] › src/test/playwright/component-theming.spec.ts:1102:7 › Component Theme Variables › anchornav — regional fg/accent override, sibling untouched (1.1s)
  ✓  423 [tablet] › src/test/playwright/tablet.spec.ts:241:9 › tablet-datebox-wheel › picker opens on-screen with a bounded scroll wheel (1.8s)
  ✓  424 [component-theming] › src/test/playwright/component-theming.spec.ts:1126:7 › Component Theme Variables › anchornav — whole-app :root override wins (loaded after norm.css.dsp) (1.2s)
  ✓  425 [tablet] › src/test/playwright/tablet.spec.ts:279:9 › tablet-datebox-wheel › mobile-readonly trigger stays interactive (698ms)
  ✓  426 [component-theming] › src/test/playwright/component-theming.spec.ts:1150:7 › Component Theme Variables › stepbar — regional connector/icon/title override, sibling untouched (1.2s)
  ✓  427 [tablet] › src/test/playwright/tablet.spec.ts:298:9 › tablet-datebox-wheel › tapping the input lands the sheet flush (not below the fold) (1.8s)
  ✓  428 [component-theming] › src/test/playwright/component-theming.spec.ts:1184:7 › Component Theme Variables › stepbar — whole-app :root override wins (loaded after norm.css.dsp) (1.2s)
  ✓  430 [component-theming] › src/test/playwright/component-theming.spec.ts:1204:7 › Component Theme Variables › coachmark — zero-regression defaults (1.4s)
  ✓  429 [tablet] › src/test/playwright/tablet.spec.ts:241:9 › tablet-timebox-wheel › picker opens on-screen with a bounded scroll wheel (1.8s)
  ✓  432 [tablet] › src/test/playwright/tablet.spec.ts:279:9 › tablet-timebox-wheel › mobile-readonly trigger stays interactive (780ms)
  ✓  431 [component-theming] › src/test/playwright/component-theming.spec.ts:1214:7 › Component Theme Variables › coachmark — whole-app :root override wins (loaded after norm.css.dsp) (1.4s)
  ✓  434 [component-theming] › src/test/playwright/component-theming.spec.ts:1232:7 › Component Theme Variables › colorbox — regional border/radius override, sibling untouched (1.2s)
  ✓  433 [tablet] › src/test/playwright/tablet.spec.ts:298:9 › tablet-timebox-wheel › tapping the input lands the sheet flush (not below the fold) (1.8s)
  ✓  435 [component-theming] › src/test/playwright/component-theming.spec.ts:1243:7 › Component Theme Variables › colorbox — whole-app :root override wins (loaded after norm.css.dsp) (1.1s)
  ✓  436 [tablet] › src/test/playwright/tablet.spec.ts:347:7 › tablet-combobox-sheet › opens as a bottom-sheet pinned flush to the viewport bottom (1.3s)
  ✓  437 [component-theming] › src/test/playwright/component-theming.spec.ts:1254:7 › Component Theme Variables › biglistbox — regional border/radius/header-fg override, sibling untouched (1.2s)
  ✓  438 [tablet] › src/test/playwright/tablet.spec.ts:364:7 › tablet-combobox-sheet › stays flush to the bottom when the page is scrolled (1.3s)
  ✓  439 [component-theming] › src/test/playwright/component-theming.spec.ts:1267:7 › Component Theme Variables › biglistbox — whole-app :root override wins (loaded after norm.css.dsp) (1.2s)
  ✓  440 [tablet] › src/test/playwright/tablet.spec.ts:469:9 › tablet-textbox › gallery (930ms)
  ✓  442 [tablet] › src/test/playwright/tablet.spec.ts:469:9 › tablet-intbox › gallery (801ms)
  ✓  441 [component-theming] › src/test/playwright/component-theming.spec.ts:1282:7 › Component Theme Variables › fisheye — regional label/radius override, sibling untouched (1.3s)
  ✓  443 [tablet] › src/test/playwright/tablet.spec.ts:469:9 › tablet-longbox › gallery (749ms)
  ✓  444 [component-theming] › src/test/playwright/component-theming.spec.ts:1295:7 › Component Theme Variables › fisheye — whole-app :root override wins (loaded after norm.css.dsp) (1.2s)
  ✓  445 [tablet] › src/test/playwright/tablet.spec.ts:469:9 › tablet-doublebox › gallery (738ms)
  ✓  447 [tablet] › src/test/playwright/tablet.spec.ts:469:9 › tablet-decimalbox › gallery (726ms)
  ✓  446 [component-theming] › src/test/playwright/component-theming.spec.ts:1310:7 › Component Theme Variables › pdfviewer — regional border/radius/toolbar override, sibling untouched (1.1s)
  ✓  448 [tablet] › src/test/playwright/tablet.spec.ts:469:9 › tablet-combobox › gallery (763ms)
  ✓  449 [component-theming] › src/test/playwright/component-theming.spec.ts:1323:7 › Component Theme Variables › pdfviewer — whole-app :root override wins (loaded after norm.css.dsp) (1.1s)
  ✓  450 [tablet] › src/test/playwright/tablet.spec.ts:469:9 › tablet-bandbox › gallery (802ms)
  ✓  452 [tablet] › src/test/playwright/tablet.spec.ts:469:9 › tablet-datebox › gallery (782ms)
  ✓  451 [component-theming] › src/test/playwright/component-theming.spec.ts:1337:7 › Component Theme Variables › tbeditor — regional border/radius/toolbar override, sibling untouched (1.2s)
  ✓  453 [tablet] › src/test/playwright/tablet.spec.ts:469:9 › tablet-timebox › gallery (845ms)
  ✓  454 [component-theming] › src/test/playwright/component-theming.spec.ts:1350:7 › Component Theme Variables › tbeditor — whole-app :root override wins (loaded after norm.css.dsp) (1.2s)
  ✓  455 [tablet] › src/test/playwright/tablet.spec.ts:469:9 › tablet-spinner › gallery (773ms)
  ✓  457 [tablet] › src/test/playwright/tablet.spec.ts:469:9 › tablet-doublespinner › gallery (763ms)
  ✓  456 [component-theming] › src/test/playwright/component-theming.spec.ts:1365:7 › Component Theme Variables › signature — regional border/radius override, sibling untouched (1.2s)
  ✓  459 [component-theming] › src/test/playwright/component-theming.spec.ts:1376:7 › Component Theme Variables › signature — whole-app :root override wins (loaded after norm.css.dsp) (1.2s)
  ✘  458 [tablet] › src/test/playwright/tablet.spec.ts:469:9 › tablet-calendar › gallery (1.6s)
  ✓  460 [component-theming] › src/test/playwright/component-theming.spec.ts:1391:7 › Component Theme Variables › cropper — regional border/radius/toolbar/text override, sibling untouched (1.2s)
  ✓  461 [tablet] › src/test/playwright/tablet.spec.ts:469:9 › tablet-checkbox › gallery (816ms)
  ✓  462 [component-theming] › src/test/playwright/component-theming.spec.ts:1408:7 › Component Theme Variables › cropper — whole-app :root override wins (loaded after norm.css.dsp) (1.2s)
  ✓  463 [tablet] › src/test/playwright/tablet.spec.ts:469:9 › tablet-radiogroup › gallery (753ms)
  ✓  465 [tablet] › src/test/playwright/tablet.spec.ts:469:9 › tablet-button › gallery (865ms)
  ✓  464 [component-theming] › src/test/playwright/component-theming.spec.ts:1422:7 › Component Theme Variables › dropupload — regional border/radius/bg override, sibling untouched (1.2s)
  ✓  466 [tablet] › src/test/playwright/tablet.spec.ts:469:9 › tablet-combobutton › gallery (884ms)
  ✓  467 [component-theming] › src/test/playwright/component-theming.spec.ts:1435:7 › Component Theme Variables › dropupload — whole-app :root override wins (loaded after norm.css.dsp) (1.2s)
  ✘  468 [tablet] › src/test/playwright/tablet.spec.ts:469:9 › tablet-toolbar › gallery (1.6s)
  ✓  469 [component-theming] › src/test/playwright/component-theming.spec.ts:1452:7 › Component Theme Variables › organigram — regional border/radius/selected override, sibling untouched (1.3s)
  ✓  470 [component-theming] › src/test/playwright/component-theming.spec.ts:1476:7 › Component Theme Variables › organigram — whole-app :root override wins (loaded after norm.css.dsp) (1.2s)
  ✓  471 [tablet] › src/test/playwright/tablet.spec.ts:469:9 › tablet-menubar › gallery (892ms)
  ✓  472 [component-theming] › src/test/playwright/component-theming.spec.ts:1494:7 › Component Theme Variables › goldenlayout — regional header/panel/accent override, sibling untouched (1.2s)
  ✓  473 [tablet] › src/test/playwright/tablet.spec.ts:469:9 › tablet-tabbox › gallery (1.1s)
  ✓  475 [tablet] › src/test/playwright/tablet.spec.ts:469:9 › tablet-listbox › gallery (924ms)
  ✓  474 [component-theming] › src/test/playwright/component-theming.spec.ts:1520:7 › Component Theme Variables › goldenlayout — whole-app :root override wins (loaded after norm.css.dsp) (1.2s)
  ✓  476 [tablet] › src/test/playwright/tablet.spec.ts:469:9 › tablet-grid › gallery (904ms)
  ✓  477 [component-theming] › src/test/playwright/component-theming.spec.ts:1539:7 › Component Theme Variables › portallayout — regional frame/counter override, sibling untouched (1.2s)
  ✓  479 [component-theming] › src/test/playwright/component-theming.spec.ts:1563:7 › Component Theme Variables › portallayout — whole-app :root override wins (loaded after norm.css.dsp) (1.1s)
  ✓  478 [tablet] › src/test/playwright/tablet.spec.ts:469:9 › tablet-tree › gallery (1.6s)
  ✓  481 [tablet] › src/test/playwright/tablet.spec.ts:469:9 › tablet-paging › gallery (871ms)
  ✓  480 [component-theming] › src/test/playwright/component-theming.spec.ts:1584:7 › Component Theme Variables › confirmpopup — zero-regression defaults (1.4s)
  ✘  482 [tablet] › src/test/playwright/tablet.spec.ts:469:9 › tablet-biglistbox › gallery (1.3s)
  ✓  483 [component-theming] › src/test/playwright/component-theming.spec.ts:1601:7 › Component Theme Variables › confirmpopup — whole-app :root override wins (loaded after norm.css.dsp) (1.3s)
  ✓  485 [tablet] › src/test/playwright/tablet.spec.ts:469:9 › tablet-window › gallery (885ms)
  ✓  484 [component-theming] › src/test/playwright/component-theming.spec.ts:1627:7 › Component Theme Variables › breadcrumb — regional fg/current-fg override, sibling untouched (1.2s)
  ✓  487 [component-theming] › src/test/playwright/component-theming.spec.ts:1642:7 › Component Theme Variables › breadcrumb — whole-app :root override wins (loaded after norm.css.dsp) (1.2s)
  ✘  486 [tablet] › src/test/playwright/tablet.spec.ts:469:9 › tablet-panel › gallery (1.8s)
  ✓  488 [component-theming] › src/test/playwright/component-theming.spec.ts:1659:7 › Component Theme Variables › carousel — regional arrow-bg/indicator-active-bg override, sibling untouched (1.2s)
  ✓  489 [tablet] › src/test/playwright/tablet.spec.ts:469:9 › tablet-errorbox › gallery (849ms)
  ✓  490 [component-theming] › src/test/playwright/component-theming.spec.ts:1674:7 › Component Theme Variables › carousel — whole-app :root override wins (loaded after norm.css.dsp) (1.2s)
  ✓  491 [tablet] › src/test/playwright/tablet.spec.ts:469:9 › tablet-notification › gallery (802ms)
  ✓  492 [component-theming] › src/test/playwright/component-theming.spec.ts:1695:7 › Component Theme Variables › codeeditor — regional bg/border/gutter override, sibling untouched (1.2s)
  ✘  493 [tablet] › src/test/playwright/tablet.spec.ts:469:9 › tablet-slider › gallery (1.2s)
  ✓  494 [component-theming] › src/test/playwright/component-theming.spec.ts:1711:7 › Component Theme Variables › codeeditor — whole-app :root override wins (loaded after norm.css.dsp) (1.2s)
  ✘  495 [tablet] › src/test/playwright/tablet.spec.ts:469:9 › tablet-selectbox › gallery (1.0s)
  ✓  496 [tablet] › src/test/playwright/tablet.spec.ts:490:7 › tablet-colorbox-dismiss › outside tap closes the popup (no display:block left on the reattached popup) (1.1s)
  ✓  497 [tablet] › src/test/playwright/tablet.spec.ts:515:7 › tablet-colorbox-dismiss › selecting a color leaves no visible popup/palette-button artifact (1.1s)
  ✓  498 [tablet] › src/test/playwright/tablet.spec.ts:557:7 › tablet-scrollview-affordance › the overlay scrollbar is present, proportional and inert to touch (684ms)
  ✓  499 [tablet] › src/test/playwright/tablet.spec.ts:641:7 › tablet-scrollview-affordance › a touch drag moves the content (1.6s)
  ✓  500 [tablet] › src/test/playwright/tablet.spec.ts:682:7 › tablet-scrollview-affordance › gallery — overlay scrollbar revealed (786ms)


  1) [chromium] › src/test/playwright/screenshot.spec.ts:798:7 › tree › gallery ────────────────────

    Error: [2mexpect([22m[31mlocator[39m[2m).[22mtoHaveScreenshot[2m([22m[32mexpected[39m[2m)[22m failed

    Locator: locator('.z-p-8').first()
      1737 pixels (ratio 0.01 of all image pixels) are different.

      Snapshot: tree-gallery.png

    Call log:
    [2m  - Expect "toHaveScreenshot(tree-gallery.png)" with timeout 5000ms[22m
    [2m    - verifying given screenshot expectation[22m
    [2m  - waiting for locator('.z-p-8').first()[22m
    [2m    - locator resolved to <div id="pScU0" class="z-p-8 z-div">…</div>[22m
    [2m  - taking element screenshot[22m
    [2m    - disabled all CSS animations[22m
    [2m  - waiting for fonts to load...[22m
    [2m  - fonts loaded[22m
    [2m  - attempting scroll into view action[22m
    [2m    - waiting for element to be stable[22m
    [2m  - 1737 pixels (ratio 0.01 of all image pixels) are different.[22m
    [2m  - waiting 100ms before taking screenshot[22m
    [2m  - waiting for locator('.z-p-8').first()[22m
    [2m    - locator resolved to <div id="pScU0" class="z-p-8 z-div">…</div>[22m
    [2m  - taking element screenshot[22m
    [2m    - disabled all CSS animations[22m
    [2m  - waiting for fonts to load...[22m
    [2m  - fonts loaded[22m
    [2m  - attempting scroll into view action[22m
    [2m    - waiting for element to be stable[22m
    [2m  - captured a stable screenshot[22m
    [2m  - 1737 pixels (ratio 0.01 of all image pixels) are different.[22m


      797 |
      798 |   test('gallery', async ({ page }) => {
    > 799 |     await expect(page.locator('.z-p-8').first()).toHaveScreenshot(`${DIR}-gallery.png`);
          |                                                  ^
      800 |   });
      801 |
      802 |   test('hover', async ({ page }) => {
        at /Users/hawk/Documents/workspace/ZK10/zk/zkpreview/src/test/playwright/screenshot.spec.ts:799:50

    attachment #1: tree-gallery (image/png) ────────────────────────────────────────────────────────
    Expected: doc/screenshots/tree-gallery.png
    Received: ../doc/jess-review/gates/merge-1/test-results/screenshot-tree-gallery-chromium/tree-gallery-actual.png
    Diff:     ../doc/jess-review/gates/merge-1/test-results/screenshot-tree-gallery-chromium/tree-gallery-diff.png
    ────────────────────────────────────────────────────────────────────────────────────────────────

    Error Context: ../doc/jess-review/gates/merge-1/test-results/screenshot-tree-gallery-chromium/error-context.md

  2) [gallery] › src/test/playwright/gallery-scan.spec.ts:48:9 › gallery › component-theming ───────

    Error: [2mexpect([22m[31mlocator[39m[2m).[22mtoHaveScreenshot[2m([22m[32mexpected[39m[2m)[22m failed

    Locator: locator('.z-p-8').first()
    Timeout: 5000ms
      Timeout 5000ms exceeded.

      Snapshot: component-theming-gallery.png

    Call log:
    [2m  - Expect "toHaveScreenshot(component-theming-gallery.png)" with timeout 5000ms[22m
    [2m    - verifying given screenshot expectation[22m
    [2m  - waiting for locator('.z-p-8').first()[22m
    [2m    - locator resolved to <div id="pSUN0" class="z-p-8 z-div">…</div>[22m
    [2m  - taking element screenshot[22m
    [2m    - disabled all CSS animations[22m
    [2m  - waiting for fonts to load...[22m
    [2m  - fonts loaded[22m
    [2m  - attempting scroll into view action[22m
    [2m    - waiting for element to be stable[22m
    [2m  - Expected an image 1280px by 18387px, received 1280px by 18391px.[22m
    [2m  - waiting 100ms before taking screenshot[22m
    [2m  - waiting for locator('.z-p-8').first()[22m
    [2m    - locator resolved to <div id="pSUN0" class="z-p-8 z-div">…</div>[22m
    [2m  - taking element screenshot[22m
    [2m    - disabled all CSS animations[22m
    [2m  - waiting for fonts to load...[22m
    [2m  - fonts loaded[22m
    [2m  - attempting scroll into view action[22m
    [2m    - waiting for element to be stable[22m
    [2m  - Timeout 5000ms exceeded.[22m


      68 |       ).toBeVisible();
      69 |       // Flat layout: doc/screenshots/<comp>-gallery.png (single hyphenated name).
    > 70 |       await expect(wrapper).toHaveScreenshot(`${comp}-gallery.png`, {
         |                             ^
      71 |         animations: 'disabled',
      72 |         // small tolerance for sub-pixel AA differences across runs
      73 |         maxDiffPixelRatio: 0.01,
        at /Users/hawk/Documents/workspace/ZK10/zk/zkpreview/src/test/playwright/gallery-scan.spec.ts:70:29

    attachment #1: component-theming-gallery (image/png) ───────────────────────────────────────────
    Expected: doc/screenshots/component-theming-gallery.png
    Received: ../doc/jess-review/gates/merge-1/test-results/gallery-scan-gallery-component-theming-gallery/component-theming-gallery-actual.png
    Diff:     ../doc/jess-review/gates/merge-1/test-results/gallery-scan-gallery-component-theming-gallery/component-theming-gallery-diff.png
    ────────────────────────────────────────────────────────────────────────────────────────────────

    Error Context: ../doc/jess-review/gates/merge-1/test-results/gallery-scan-gallery-component-theming-gallery/error-context.md

  3) [gallery] › src/test/playwright/gallery-scan.spec.ts:48:9 › gallery › grid-header ─────────────

    Error: [2mexpect([22m[31mlocator[39m[2m).[22mtoHaveScreenshot[2m([22m[32mexpected[39m[2m)[22m failed

    Locator: locator('.z-p-8').first()
      Expected an image 1280px by 4525px, received 1280px by 4522px. 

      Snapshot: grid-header-gallery.png

    Call log:
    [2m  - Expect "toHaveScreenshot(grid-header-gallery.png)" with timeout 5000ms[22m
    [2m    - verifying given screenshot expectation[22m
    [2m  - waiting for locator('.z-p-8').first()[22m
    [2m    - locator resolved to <div id="bN7W0" class="z-p-8 z-div">…</div>[22m
    [2m  - taking element screenshot[22m
    [2m    - disabled all CSS animations[22m
    [2m  - waiting for fonts to load...[22m
    [2m  - fonts loaded[22m
    [2m  - attempting scroll into view action[22m
    [2m    - waiting for element to be stable[22m
    [2m  - Expected an image 1280px by 4525px, received 1280px by 4522px.[22m
    [2m  - waiting 100ms before taking screenshot[22m
    [2m  - waiting for locator('.z-p-8').first()[22m
    [2m    - locator resolved to <div id="bN7W0" class="z-p-8 z-div">…</div>[22m
    [2m  - taking element screenshot[22m
    [2m    - disabled all CSS animations[22m
    [2m  - waiting for fonts to load...[22m
    [2m  - fonts loaded[22m
    [2m  - attempting scroll into view action[22m
    [2m    - waiting for element to be stable[22m
    [2m  - captured a stable screenshot[22m
    [2m  - Expected an image 1280px by 4525px, received 1280px by 4522px.[22m


      68 |       ).toBeVisible();
      69 |       // Flat layout: doc/screenshots/<comp>-gallery.png (single hyphenated name).
    > 70 |       await expect(wrapper).toHaveScreenshot(`${comp}-gallery.png`, {
         |                             ^
      71 |         animations: 'disabled',
      72 |         // small tolerance for sub-pixel AA differences across runs
      73 |         maxDiffPixelRatio: 0.01,
        at /Users/hawk/Documents/workspace/ZK10/zk/zkpreview/src/test/playwright/gallery-scan.spec.ts:70:29

    attachment #1: grid-header-gallery (image/png) ─────────────────────────────────────────────────
    Expected: doc/screenshots/grid-header-gallery.png
    Received: ../doc/jess-review/gates/merge-1/test-results/gallery-scan-gallery-grid-header-gallery/grid-header-gallery-actual.png
    Diff:     ../doc/jess-review/gates/merge-1/test-results/gallery-scan-gallery-grid-header-gallery/grid-header-gallery-diff.png
    ────────────────────────────────────────────────────────────────────────────────────────────────

    Error Context: ../doc/jess-review/gates/merge-1/test-results/gallery-scan-gallery-grid-header-gallery/error-context.md

  4) [gallery] › src/test/playwright/gallery-scan.spec.ts:48:9 › gallery › grid-paging ─────────────

    Error: [2mexpect([22m[31mlocator[39m[2m).[22mtoHaveScreenshot[2m([22m[32mexpected[39m[2m)[22m failed

    Locator: locator('.z-p-8').first()
      Expected an image 1280px by 1376px, received 1280px by 1336px. 24918 pixels (ratio 0.02 of all image pixels) are different.

      Snapshot: grid-paging-gallery.png

    Call log:
    [2m  - Expect "toHaveScreenshot(grid-paging-gallery.png)" with timeout 5000ms[22m
    [2m    - verifying given screenshot expectation[22m
    [2m  - waiting for locator('.z-p-8').first()[22m
    [2m    - locator resolved to <div id="lKuI0" class="z-p-8 z-div">…</div>[22m
    [2m  - taking element screenshot[22m
    [2m    - disabled all CSS animations[22m
    [2m  - waiting for fonts to load...[22m
    [2m  - fonts loaded[22m
    [2m  - attempting scroll into view action[22m
    [2m    - waiting for element to be stable[22m
    [2m  - Expected an image 1280px by 1376px, received 1280px by 1336px. 24918 pixels (ratio 0.02 of all image pixels) are different.[22m
    [2m  - waiting 100ms before taking screenshot[22m
    [2m  - waiting for locator('.z-p-8').first()[22m
    [2m    - locator resolved to <div id="lKuI0" class="z-p-8 z-div">…</div>[22m
    [2m  - taking element screenshot[22m
    [2m    - disabled all CSS animations[22m
    [2m  - waiting for fonts to load...[22m
    [2m  - fonts loaded[22m
    [2m  - attempting scroll into view action[22m
    [2m    - waiting for element to be stable[22m
    [2m  - captured a stable screenshot[22m
    [2m  - Expected an image 1280px by 1376px, received 1280px by 1336px. 24918 pixels (ratio 0.02 of all image pixels) are different.[22m


      68 |       ).toBeVisible();
      69 |       // Flat layout: doc/screenshots/<comp>-gallery.png (single hyphenated name).
    > 70 |       await expect(wrapper).toHaveScreenshot(`${comp}-gallery.png`, {
         |                             ^
      71 |         animations: 'disabled',
      72 |         // small tolerance for sub-pixel AA differences across runs
      73 |         maxDiffPixelRatio: 0.01,
        at /Users/hawk/Documents/workspace/ZK10/zk/zkpreview/src/test/playwright/gallery-scan.spec.ts:70:29

    attachment #1: grid-paging-gallery (image/png) ─────────────────────────────────────────────────
    Expected: doc/screenshots/grid-paging-gallery.png
    Received: ../doc/jess-review/gates/merge-1/test-results/gallery-scan-gallery-grid-paging-gallery/grid-paging-gallery-actual.png
    Diff:     ../doc/jess-review/gates/merge-1/test-results/gallery-scan-gallery-grid-paging-gallery/grid-paging-gallery-diff.png
    ────────────────────────────────────────────────────────────────────────────────────────────────

    Error Context: ../doc/jess-review/gates/merge-1/test-results/gallery-scan-gallery-grid-paging-gallery/error-context.md

  5) [tablet] › src/test/playwright/tablet.spec.ts:469:9 › tablet-calendar › gallery ───────────────

    Error: [2mexpect([22m[31mlocator[39m[2m).[22mtoHaveScreenshot[2m([22m[32mexpected[39m[2m)[22m failed

    Locator: locator('.z-p-8').first()
      1145 pixels (ratio 0.01 of all image pixels) are different.

      Snapshot: calendar-tablet.png

    Call log:
    [2m  - Expect "toHaveScreenshot(calendar-tablet.png)" with timeout 5000ms[22m
    [2m    - verifying given screenshot expectation[22m
    [2m  - waiting for locator('.z-p-8').first()[22m
    [2m    - locator resolved to <div id="gXYB0" class="z-p-8 z-div">…</div>[22m
    [2m  - taking element screenshot[22m
    [2m    - disabled all CSS animations[22m
    [2m  - waiting for fonts to load...[22m
    [2m  - fonts loaded[22m
    [2m  - attempting scroll into view action[22m
    [2m    - waiting for element to be stable[22m
    [2m  - 1145 pixels (ratio 0.01 of all image pixels) are different.[22m
    [2m  - waiting 100ms before taking screenshot[22m
    [2m  - waiting for locator('.z-p-8').first()[22m
    [2m    - locator resolved to <div id="gXYB0" class="z-p-8 z-div">…</div>[22m
    [2m  - taking element screenshot[22m
    [2m    - disabled all CSS animations[22m
    [2m  - waiting for fonts to load...[22m
    [2m  - fonts loaded[22m
    [2m  - attempting scroll into view action[22m
    [2m    - waiting for element to be stable[22m
    [2m  - captured a stable screenshot[22m
    [2m  - 1145 pixels (ratio 0.01 of all image pixels) are different.[22m


      472 |       await page.evaluate(() => document.fonts.ready.then(() => true));
      473 |       await expect(page.locator('.z-p-8').first())
    > 474 |         .toHaveScreenshot(`${comp}-tablet.png`, maxDiffPixelRatio ? { maxDiffPixelRatio } : {});
          |          ^
      475 |     });
      476 |   });
      477 | }
        at /Users/hawk/Documents/workspace/ZK10/zk/zkpreview/src/test/playwright/tablet.spec.ts:474:10

    attachment #1: calendar-tablet (image/png) ─────────────────────────────────────────────────────
    Expected: doc/screenshots/calendar-tablet.png
    Received: ../doc/jess-review/gates/merge-1/test-results/tablet-tablet-calendar-gallery-tablet/calendar-tablet-actual.png
    Diff:     ../doc/jess-review/gates/merge-1/test-results/tablet-tablet-calendar-gallery-tablet/calendar-tablet-diff.png
    ────────────────────────────────────────────────────────────────────────────────────────────────

    Error Context: ../doc/jess-review/gates/merge-1/test-results/tablet-tablet-calendar-gallery-tablet/error-context.md

  6) [tablet] › src/test/playwright/tablet.spec.ts:469:9 › tablet-toolbar › gallery ────────────────

    Error: [2mexpect([22m[31mlocator[39m[2m).[22mtoHaveScreenshot[2m([22m[32mexpected[39m[2m)[22m failed

    Locator: locator('.z-p-8').first()
      Expected an image 834px by 1539px, received 834px by 1495px. 620 pixels (ratio 0.01 of all image pixels) are different.

      Snapshot: toolbar-tablet.png

    Call log:
    [2m  - Expect "toHaveScreenshot(toolbar-tablet.png)" with timeout 5000ms[22m
    [2m    - verifying given screenshot expectation[22m
    [2m  - waiting for locator('.z-p-8').first()[22m
    [2m    - locator resolved to <div id="o2nP0" class="z-p-8 z-div">…</div>[22m
    [2m  - taking element screenshot[22m
    [2m    - disabled all CSS animations[22m
    [2m  - waiting for fonts to load...[22m
    [2m  - fonts loaded[22m
    [2m  - attempting scroll into view action[22m
    [2m    - waiting for element to be stable[22m
    [2m  - Expected an image 834px by 1539px, received 834px by 1495px. 620 pixels (ratio 0.01 of all image pixels) are different.[22m
    [2m  - waiting 100ms before taking screenshot[22m
    [2m  - waiting for locator('.z-p-8').first()[22m
    [2m    - locator resolved to <div id="o2nP0" class="z-p-8 z-div">…</div>[22m
    [2m  - taking element screenshot[22m
    [2m    - disabled all CSS animations[22m
    [2m  - waiting for fonts to load...[22m
    [2m  - fonts loaded[22m
    [2m  - attempting scroll into view action[22m
    [2m    - waiting for element to be stable[22m
    [2m  - captured a stable screenshot[22m
    [2m  - Expected an image 834px by 1539px, received 834px by 1495px. 620 pixels (ratio 0.01 of all image pixels) are different.[22m


      472 |       await page.evaluate(() => document.fonts.ready.then(() => true));
      473 |       await expect(page.locator('.z-p-8').first())
    > 474 |         .toHaveScreenshot(`${comp}-tablet.png`, maxDiffPixelRatio ? { maxDiffPixelRatio } : {});
          |          ^
      475 |     });
      476 |   });
      477 | }
        at /Users/hawk/Documents/workspace/ZK10/zk/zkpreview/src/test/playwright/tablet.spec.ts:474:10

    attachment #1: toolbar-tablet (image/png) ──────────────────────────────────────────────────────
    Expected: doc/screenshots/toolbar-tablet.png
    Received: ../doc/jess-review/gates/merge-1/test-results/tablet-tablet-toolbar-gallery-tablet/toolbar-tablet-actual.png
    Diff:     ../doc/jess-review/gates/merge-1/test-results/tablet-tablet-toolbar-gallery-tablet/toolbar-tablet-diff.png
    ────────────────────────────────────────────────────────────────────────────────────────────────

    Error Context: ../doc/jess-review/gates/merge-1/test-results/tablet-tablet-toolbar-gallery-tablet/error-context.md

  7) [tablet] › src/test/playwright/tablet.spec.ts:469:9 › tablet-biglistbox › gallery ─────────────

    Error: [2mexpect([22m[31mlocator[39m[2m).[22mtoHaveScreenshot[2m([22m[32mexpected[39m[2m)[22m failed

    Locator: locator('.z-p-8').first()
      38 pixels (ratio 0.01 of all image pixels) are different.

      Snapshot: biglistbox-tablet.png

    Call log:
    [2m  - Expect "toHaveScreenshot(biglistbox-tablet.png)" with timeout 5000ms[22m
    [2m    - verifying given screenshot expectation[22m
    [2m  - waiting for locator('.z-p-8').first()[22m
    [2m    - locator resolved to <div id="c2hX0" class="z-p-8 z-div">…</div>[22m
    [2m  - taking element screenshot[22m
    [2m    - disabled all CSS animations[22m
    [2m  - waiting for fonts to load...[22m
    [2m  - fonts loaded[22m
    [2m  - attempting scroll into view action[22m
    [2m    - waiting for element to be stable[22m
    [2m  - 38 pixels (ratio 0.01 of all image pixels) are different.[22m
    [2m  - waiting 100ms before taking screenshot[22m
    [2m  - waiting for locator('.z-p-8').first()[22m
    [2m    - locator resolved to <div id="c2hX0" class="z-p-8 z-div">…</div>[22m
    [2m  - taking element screenshot[22m
    [2m    - disabled all CSS animations[22m
    [2m  - waiting for fonts to load...[22m
    [2m  - fonts loaded[22m
    [2m  - attempting scroll into view action[22m
    [2m    - waiting for element to be stable[22m
    [2m  - captured a stable screenshot[22m
    [2m  - 38 pixels (ratio 0.01 of all image pixels) are different.[22m


      472 |       await page.evaluate(() => document.fonts.ready.then(() => true));
      473 |       await expect(page.locator('.z-p-8').first())
    > 474 |         .toHaveScreenshot(`${comp}-tablet.png`, maxDiffPixelRatio ? { maxDiffPixelRatio } : {});
          |          ^
      475 |     });
      476 |   });
      477 | }
        at /Users/hawk/Documents/workspace/ZK10/zk/zkpreview/src/test/playwright/tablet.spec.ts:474:10

    attachment #1: biglistbox-tablet (image/png) ───────────────────────────────────────────────────
    Expected: doc/screenshots/biglistbox-tablet.png
    Received: ../doc/jess-review/gates/merge-1/test-results/tablet-tablet-biglistbox-gallery-tablet/biglistbox-tablet-actual.png
    Diff:     ../doc/jess-review/gates/merge-1/test-results/tablet-tablet-biglistbox-gallery-tablet/biglistbox-tablet-diff.png
    ────────────────────────────────────────────────────────────────────────────────────────────────

    Error Context: ../doc/jess-review/gates/merge-1/test-results/tablet-tablet-biglistbox-gallery-tablet/error-context.md

  8) [tablet] › src/test/playwright/tablet.spec.ts:469:9 › tablet-panel › gallery ──────────────────

    Error: [2mexpect([22m[31mlocator[39m[2m).[22mtoHaveScreenshot[2m([22m[32mexpected[39m[2m)[22m failed

    Locator: locator('.z-p-8').first()
      Expected an image 834px by 2510px, received 834px by 2514px. 15195 pixels (ratio 0.01 of all image pixels) are different.

      Snapshot: panel-tablet.png

    Call log:
    [2m  - Expect "toHaveScreenshot(panel-tablet.png)" with timeout 5000ms[22m
    [2m    - verifying given screenshot expectation[22m
    [2m  - waiting for locator('.z-p-8').first()[22m
    [2m    - locator resolved to <div id="dBNG0" class="z-p-8 z-div">…</div>[22m
    [2m  - taking element screenshot[22m
    [2m    - disabled all CSS animations[22m
    [2m  - waiting for fonts to load...[22m
    [2m  - fonts loaded[22m
    [2m  - attempting scroll into view action[22m
    [2m    - waiting for element to be stable[22m
    [2m  - Expected an image 834px by 2510px, received 834px by 2514px. 15195 pixels (ratio 0.01 of all image pixels) are different.[22m
    [2m  - waiting 100ms before taking screenshot[22m
    [2m  - waiting for locator('.z-p-8').first()[22m
    [2m    - locator resolved to <div id="dBNG0" class="z-p-8 z-div">…</div>[22m
    [2m  - taking element screenshot[22m
    [2m    - disabled all CSS animations[22m
    [2m  - waiting for fonts to load...[22m
    [2m  - fonts loaded[22m
    [2m  - attempting scroll into view action[22m
    [2m    - waiting for element to be stable[22m
    [2m  - captured a stable screenshot[22m
    [2m  - Expected an image 834px by 2510px, received 834px by 2514px. 15195 pixels (ratio 0.01 of all image pixels) are different.[22m


      472 |       await page.evaluate(() => document.fonts.ready.then(() => true));
      473 |       await expect(page.locator('.z-p-8').first())
    > 474 |         .toHaveScreenshot(`${comp}-tablet.png`, maxDiffPixelRatio ? { maxDiffPixelRatio } : {});
          |          ^
      475 |     });
      476 |   });
      477 | }
        at /Users/hawk/Documents/workspace/ZK10/zk/zkpreview/src/test/playwright/tablet.spec.ts:474:10

    attachment #1: panel-tablet (image/png) ────────────────────────────────────────────────────────
    Expected: doc/screenshots/panel-tablet.png
    Received: ../doc/jess-review/gates/merge-1/test-results/tablet-tablet-panel-gallery-tablet/panel-tablet-actual.png
    Diff:     ../doc/jess-review/gates/merge-1/test-results/tablet-tablet-panel-gallery-tablet/panel-tablet-diff.png
    ────────────────────────────────────────────────────────────────────────────────────────────────

    Error Context: ../doc/jess-review/gates/merge-1/test-results/tablet-tablet-panel-gallery-tablet/error-context.md

  9) [tablet] › src/test/playwright/tablet.spec.ts:469:9 › tablet-slider › gallery ─────────────────

    Error: [2mexpect([22m[31mlocator[39m[2m).[22mtoHaveScreenshot[2m([22m[32mexpected[39m[2m)[22m failed

    Locator: locator('.z-p-8').first()
      2354 pixels (ratio 0.01 of all image pixels) are different.

      Snapshot: slider-tablet.png

    Call log:
    [2m  - Expect "toHaveScreenshot(slider-tablet.png)" with timeout 5000ms[22m
    [2m    - verifying given screenshot expectation[22m
    [2m  - waiting for locator('.z-p-8').first()[22m
    [2m    - locator resolved to <div id="kAUK0" class="z-p-8 z-div">…</div>[22m
    [2m  - taking element screenshot[22m
    [2m    - disabled all CSS animations[22m
    [2m  - waiting for fonts to load...[22m
    [2m  - fonts loaded[22m
    [2m  - attempting scroll into view action[22m
    [2m    - waiting for element to be stable[22m
    [2m  - 2354 pixels (ratio 0.01 of all image pixels) are different.[22m
    [2m  - waiting 100ms before taking screenshot[22m
    [2m  - waiting for locator('.z-p-8').first()[22m
    [2m    - locator resolved to <div id="kAUK0" class="z-p-8 z-div">…</div>[22m
    [2m  - taking element screenshot[22m
    [2m    - disabled all CSS animations[22m
    [2m  - waiting for fonts to load...[22m
    [2m  - fonts loaded[22m
    [2m  - attempting scroll into view action[22m
    [2m    - waiting for element to be stable[22m
    [2m  - captured a stable screenshot[22m
    [2m  - 2354 pixels (ratio 0.01 of all image pixels) are different.[22m


      472 |       await page.evaluate(() => document.fonts.ready.then(() => true));
      473 |       await expect(page.locator('.z-p-8').first())
    > 474 |         .toHaveScreenshot(`${comp}-tablet.png`, maxDiffPixelRatio ? { maxDiffPixelRatio } : {});
          |          ^
      475 |     });
      476 |   });
      477 | }
        at /Users/hawk/Documents/workspace/ZK10/zk/zkpreview/src/test/playwright/tablet.spec.ts:474:10

    attachment #1: slider-tablet (image/png) ───────────────────────────────────────────────────────
    Expected: doc/screenshots/slider-tablet.png
    Received: ../doc/jess-review/gates/merge-1/test-results/tablet-tablet-slider-gallery-tablet/slider-tablet-actual.png
    Diff:     ../doc/jess-review/gates/merge-1/test-results/tablet-tablet-slider-gallery-tablet/slider-tablet-diff.png
    ────────────────────────────────────────────────────────────────────────────────────────────────

    Error Context: ../doc/jess-review/gates/merge-1/test-results/tablet-tablet-slider-gallery-tablet/error-context.md

  10) [tablet] › src/test/playwright/tablet.spec.ts:469:9 › tablet-selectbox › gallery ─────────────

    Error: [2mexpect([22m[31mlocator[39m[2m).[22mtoHaveScreenshot[2m([22m[32mexpected[39m[2m)[22m failed

    Locator: locator('.z-p-8').first()
      56 pixels (ratio 0.01 of all image pixels) are different.

      Snapshot: selectbox-tablet.png

    Call log:
    [2m  - Expect "toHaveScreenshot(selectbox-tablet.png)" with timeout 5000ms[22m
    [2m    - verifying given screenshot expectation[22m
    [2m  - waiting for locator('.z-p-8').first()[22m
    [2m    - locator resolved to <div id="fToJ0" class="z-p-8 z-div">…</div>[22m
    [2m  - taking element screenshot[22m
    [2m    - disabled all CSS animations[22m
    [2m  - waiting for fonts to load...[22m
    [2m  - fonts loaded[22m
    [2m  - attempting scroll into view action[22m
    [2m    - waiting for element to be stable[22m
    [2m  - 56 pixels (ratio 0.01 of all image pixels) are different.[22m
    [2m  - waiting 100ms before taking screenshot[22m
    [2m  - waiting for locator('.z-p-8').first()[22m
    [2m    - locator resolved to <div id="fToJ0" class="z-p-8 z-div">…</div>[22m
    [2m  - taking element screenshot[22m
    [2m    - disabled all CSS animations[22m
    [2m  - waiting for fonts to load...[22m
    [2m  - fonts loaded[22m
    [2m  - attempting scroll into view action[22m
    [2m    - waiting for element to be stable[22m
    [2m  - captured a stable screenshot[22m
    [2m  - 56 pixels (ratio 0.01 of all image pixels) are different.[22m


      472 |       await page.evaluate(() => document.fonts.ready.then(() => true));
      473 |       await expect(page.locator('.z-p-8').first())
    > 474 |         .toHaveScreenshot(`${comp}-tablet.png`, maxDiffPixelRatio ? { maxDiffPixelRatio } : {});
          |          ^
      475 |     });
      476 |   });
      477 | }
        at /Users/hawk/Documents/workspace/ZK10/zk/zkpreview/src/test/playwright/tablet.spec.ts:474:10

    attachment #1: selectbox-tablet (image/png) ────────────────────────────────────────────────────
    Expected: doc/screenshots/selectbox-tablet.png
    Received: ../doc/jess-review/gates/merge-1/test-results/tablet-tablet-selectbox-gallery-tablet/selectbox-tablet-actual.png
    Diff:     ../doc/jess-review/gates/merge-1/test-results/tablet-tablet-selectbox-gallery-tablet/selectbox-tablet-diff.png
    ────────────────────────────────────────────────────────────────────────────────────────────────

    Error Context: ../doc/jess-review/gates/merge-1/test-results/tablet-tablet-selectbox-gallery-tablet/error-context.md

  10 failed
    [chromium] › src/test/playwright/screenshot.spec.ts:798:7 › tree › gallery ─────────────────────
    [gallery] › src/test/playwright/gallery-scan.spec.ts:48:9 › gallery › component-theming ────────
    [gallery] › src/test/playwright/gallery-scan.spec.ts:48:9 › gallery › grid-header ──────────────
    [gallery] › src/test/playwright/gallery-scan.spec.ts:48:9 › gallery › grid-paging ──────────────
    [tablet] › src/test/playwright/tablet.spec.ts:469:9 › tablet-calendar › gallery ────────────────
    [tablet] › src/test/playwright/tablet.spec.ts:469:9 › tablet-toolbar › gallery ─────────────────
    [tablet] › src/test/playwright/tablet.spec.ts:469:9 › tablet-biglistbox › gallery ──────────────
    [tablet] › src/test/playwright/tablet.spec.ts:469:9 › tablet-panel › gallery ───────────────────
    [tablet] › src/test/playwright/tablet.spec.ts:469:9 › tablet-slider › gallery ──────────────────
    [tablet] › src/test/playwright/tablet.spec.ts:469:9 › tablet-selectbox › gallery ───────────────
  47 skipped
  443 passed (3.8m)
exit=1
