=== A_file {"l":48,"t":350,"r":208,"b":504,"w":160,"h":154} inner {"l":49,"t":355,"r":207,"b":499,"w":158,"h":144} bg [255,255,255]
{"label":"New","kind":"menuitem","iconKind":"iconSclass","rowT":355,"rowH":36,"iconEl":[65,363,18,20],"iconInk":[67,363.5,14,17],"textSpanL":91,"textRangeL":91,"textInkL":92,"iconInkL":67,"textFromInner":43,"iconFromInner":18,"arrowEl":null,"arrowInk":null,"opacity":"1","base":[255,255,255]}
{"label":"Open","kind":"menu","iconKind":"iconSclass","rowT":391,"rowH":36,"iconEl":[65,399,18,20],"iconInk":[65.5,400.5,17,14.5],"textSpanL":91,"textRangeL":91,"textInkL":91.5,"iconInkL":65.5,"textFromInner":42.5,"iconFromInner":16.5,"arrowEl":[179,399,12,20],"arrowInk":[183,405.5,4,7],"opacity":"1","base":[255,255,255]}
{"label":"Save","kind":"menuitem","iconKind":"iconSclass","rowT":427,"rowH":36,"iconEl":[65,435,18,20],"iconInk":[66.5,436.5,15,15],"textSpanL":91,"textRangeL":91,"textInkL":91.5,"iconInkL":66.5,"textFromInner":42.5,"iconFromInner":17.5,"arrowEl":null,"arrowInk":null,"opacity":"1","base":[255,255,255]}
{"label":"Exit","kind":"menuitem","iconKind":"iconSclass","rowT":463,"rowH":36,"iconEl":[65,471,18,20],"iconInk":[68.5,474.5,11,11],"textSpanL":91,"textRangeL":91,"textInkL":92,"iconInkL":68.5,"textFromInner":43,"iconFromInner":19.5,"arrowEl":null,"arrowInk":null,"opacity":"1","base":[255,255,255]}
=== B_open_submenu {"l":207,"t":393,"r":367,"b":475,"w":160,"h":82} inner {"l":208,"t":398,"r":366,"b":470,"w":158,"h":72} bg [255,255,255]
{"label":"Project...","kind":"menuitem","iconKind":"iconSclass","rowT":398,"rowH":36,"iconEl":[224,406,18,20],"iconInk":[224.5,407.5,17,14.5],"textSpanL":250,"textRangeL":250,"textInkL":251,"iconInkL":224.5,"textFromInner":43,"iconFromInner":16.5,"arrowEl":null,"arrowInk":null,"opacity":"1","base":[255,255,255]}
{"label":"File...","kind":"menuitem","iconKind":"iconSclass","rowT":434,"rowH":36,"iconEl":[224,442,18,20],"iconInk":[226,442.5,14,17],"textSpanL":250,"textRangeL":250,"textInkL":251,"iconInkL":226,"textFromInner":43,"iconFromInner":18,"arrowEl":null,"arrowInk":null,"opacity":"1","base":[255,255,255]}
=== C_project {"l":48,"t":208,"r":208,"b":443,"w":160,"h":235} inner {"l":49,"t":213,"r":207,"b":438,"w":158,"h":225} bg [255,255,255]
{"label":"New","kind":"menuitem","iconKind":"image","rowT":213,"rowH":36,"iconEl":[65,223,16,16],"iconInk":[65,223,16,16],"textSpanL":89,"textRangeL":89,"textInkL":90,"iconInkL":65,"textFromInner":41,"iconFromInner":16,"arrowEl":null,"arrowInk":null,"opacity":"1","base":[255,255,255]}
{"label":"Open","kind":"menuitem","iconKind":"image","rowT":249,"rowH":36,"iconEl":[65,259,16,16],"iconInk":[65.5,259.5,15,15.5],"textSpanL":89,"textRangeL":89,"textInkL":89.5,"iconInkL":65.5,"textFromInner":40.5,"iconFromInner":16.5,"arrowEl":null,"arrowInk":null,"opacity":"1","base":[255,255,255]}
{"label":"Save","kind":"menuitem","iconKind":"image","rowT":285,"rowH":36,"iconEl":[65,295,16,16],"iconInk":[65,296.5,16,14.5],"textSpanL":89,"textRangeL":89,"textInkL":89.5,"iconInkL":65,"textFromInner":40.5,"iconFromInner":16,"arrowEl":null,"arrowInk":null,"opacity":"1","base":[255,255,255]}
{"label":"Save As...","kind":"menuitem/disabled","iconKind":"iconSclass","rowT":321,"rowH":36,"iconEl":[65,329,18,20],"iconInk":[66.5,330.5,15,15],"textSpanL":91,"textRangeL":91,"textInkL":91.5,"iconInkL":66.5,"textFromInner":42.5,"iconFromInner":17.5,"arrowEl":null,"arrowInk":null,"opacity":"0.38","base":[255,255,255]}
{"kind":"separator","h":1,"t":361,"color":[224,224,224]}
{"label":"Exit","kind":"menuitem","iconKind":"image","rowT":366,"rowH":36,"iconEl":[65,376,16,16],"iconInk":[66,376,14,16],"textSpanL":89,"textRangeL":89,"textInkL":90,"iconInkL":66,"textFromInner":41,"iconFromInner":17,"arrowEl":null,"arrowInk":null,"opacity":"1","base":[255,255,255]}
{"label":"Restart","kind":"menuitem","iconKind":"iconSclass","rowT":402,"rowH":36,"iconEl":[65,410,18,20],"iconInk":[66.5,411.5,15,15],"textSpanL":91,"textRangeL":91,"textInkL":92,"iconInkL":66.5,"textFromInner":43,"iconFromInner":17.5,"arrowEl":null,"arrowInk":null,"opacity":"1","base":[255,255,255]}
=== D_help {"l":232,"t":492,"r":392,"b":574,"w":160,"h":82} inner {"l":233,"t":497,"r":391,"b":569,"w":158,"h":72} bg [255,255,255]
{"label":"Index","kind":"menuitem","iconKind":"none","rowT":497,"rowH":36,"iconEl":null,"iconInk":null,"textSpanL":249,"textRangeL":249,"textInkL":250,"iconInkL":null,"textFromInner":17,"iconFromInner":null,"arrowEl":null,"arrowInk":null,"opacity":"1","base":[255,255,255]}
{"label":"About","kind":"menu","iconKind":"none","rowT":533,"rowH":36,"iconEl":null,"iconInk":null,"textSpanL":249,"textRangeL":249,"textInkL":249,"iconInkL":null,"textFromInner":16,"iconFromInner":null,"arrowEl":[363,541,12,20],"arrowInk":[367,547.5,4,7],"opacity":"1","base":[255,255,255]}
=== E_about_submenu {"l":391,"t":535,"r":551,"b":617,"w":160,"h":82} inner {"l":392,"t":540,"r":550,"b":612,"w":158,"h":72} bg [255,255,255]
{"label":"About ZK","kind":"menuitem","iconKind":"none","rowT":540,"rowH":36,"iconEl":null,"iconInk":null,"textSpanL":408,"textRangeL":408,"textInkL":408,"iconInkL":null,"textFromInner":16,"iconFromInner":null,"arrowEl":null,"arrowInk":null,"opacity":"1","base":[255,255,255]}
{"label":"About Potix","kind":"menuitem","iconKind":"none","rowT":576,"rowH":36,"iconEl":null,"iconInk":null,"textSpanL":408,"textRangeL":408,"textInkL":408,"iconInkL":null,"textFromInner":16,"iconFromInner":null,"arrowEl":null,"arrowInk":null,"opacity":"1","base":[255,255,255]}
=== F_standalone {"l":109,"t":737,"r":269,"b":900,"w":160,"h":163} inner {"l":110,"t":742,"r":268,"b":895,"w":158,"h":153} bg [255,255,255]
{"label":"New","kind":"menuitem","iconKind":"image","rowT":742,"rowH":36,"iconEl":[126,752,16,16],"iconInk":[126,752,16,16],"textSpanL":150,"textRangeL":150,"textInkL":151,"iconInkL":126,"textFromInner":41,"iconFromInner":16,"arrowEl":null,"arrowInk":null,"opacity":"1","base":[255,255,255]}
{"label":"Open","kind":"menuitem","iconKind":"image","rowT":778,"rowH":36,"iconEl":[126,788,16,16],"iconInk":[126.5,788.5,15,15.5],"textSpanL":150,"textRangeL":150,"textInkL":150.5,"iconInkL":126.5,"textFromInner":40.5,"iconFromInner":16.5,"arrowEl":null,"arrowInk":null,"opacity":"1","base":[255,255,255]}
{"label":"Save","kind":"menuitem","iconKind":"image","rowT":814,"rowH":36,"iconEl":[126,824,16,16],"iconInk":[126,825.5,16,14.5],"textSpanL":150,"textRangeL":150,"textInkL":150.5,"iconInkL":126,"textFromInner":40.5,"iconFromInner":16,"arrowEl":null,"arrowInk":null,"opacity":"1","base":[255,255,255]}
{"kind":"separator","h":1,"t":854,"color":[224,224,224]}
{"label":"Exit","kind":"menuitem","iconKind":"image","rowT":859,"rowH":36,"iconEl":[126,869,16,16],"iconInk":[127,869,14,16],"textSpanL":150,"textRangeL":150,"textInkL":151,"iconInkL":127,"textFromInner":41,"iconFromInner":17,"arrowEl":null,"arrowInk":null,"opacity":"1","base":[255,255,255]}
=== hover {"A_new":{"label":"New","cnt":{"l":49,"t":355,"r":207,"b":391,"w":158,"h":36},"layer":[237,237,237],"dE":6.25,"hExtent":{"l":48,"r":208},"vExtent":{"t":355,"b":391},"popupInner":{"l":49,"r":207},"popup":{"l":48,"r":208}},"A_open":{"label":"Open","cnt":{"l":49,"t":391,"r":207,"b":427,"w":158,"h":36},"layer":[237,237,237],"dE":6.25,"hExtent":{"l":48,"r":208},"vExtent":{"t":391,"b":427},"popupInner":{"l":49,"r":207},"popup":{"l":48,"r":208}},"C_new":{"label":"New","cnt":{"l":49,"t":213,"r":207,"b":249,"w":158,"h":36},"layer":[237,237,237],"dE":6.25,"hExtent":{"l":48,"r":208},"vExtent":{"t":213,"b":362},"popupInner":{"l":49,"r":207},"popup":{"l":48,"r":208}},"C_restart":{"label":"Restart","cnt":{"l":49,"t":402,"r":207,"b":438,"w":158,"h":36},"layer":[237,237,237],"dE":6.25,"hExtent":{"l":48,"r":208},"vExtent":{"t":361,"b":438},"popupInner":{"l":49,"r":207},"popup":{"l":48,"r":208}}}
=== tops [{"i":0,"items":[{"cls":"z-menu","text":"Project","rect":[48,158,118.19,48],"textL":84},{"cls":"z-menuseparator","text":"","rect":[166.19,181.5,3.66,1],"textL":null},{"cls":"z-menu","text":"Help","rect":[169.84,158,101.83,48],"textL":205.84},{"cls":"z-menu","text":"","rect":[271.67,158,71,48],"textL":307.67},{"cls":"z-menuitem","text":"Menuitem","rect":[342.67,158,90.66,48],"textL":354.67},{"cls":"z-menuitem z-menuitem-disabled","text":"Menuitem (disabled)","rect":[433.33,158,181.41,48],"textL":465.33}]},{"i":1,"items":[{"cls":"z-menu","text":"File","rect":[48,300,92.53,48],"textL":82},{"cls":"z-menu","text":"View","rect":[140.53,300,84.05,48],"textL":156.53},{"cls":"z-menuseparator","text":"","rect":[224.58,323.5,3.66,1],"textL":null},{"cls":"z-menuitem","text":"Help","rect":[228.23,300,76.83,48],"textL":262.23}]}]
final48 exit 0
