z-button-text rest | shadow: none | halo4 worst dE 0 over1 0/3904 | halo8 worst 0 | sides {"top":0,"bottom":0,"left":0,"right":0} | before op 0 | color rgb(55, 111, 208) | cursor pointer | flags h/f/fv/a false false false false 
z-button-text hover | shadow: none | halo4 worst dE 0 over1 0/3904 | halo8 worst 0 | sides {"top":0,"bottom":0,"left":0,"right":0} | before op 0.08 | color rgb(55, 111, 208) | cursor pointer | flags h/f/fv/a true false false false 
z-button-text focus | shadow: none | halo4 worst dE 77.55 over1 1291/3904 | halo8 worst 77.55 | sides {"top":77.55,"bottom":0,"left":77.55,"right":77.55} | before op 0.12 | color rgb(55, 111, 208) | cursor pointer | flags h/f/fv/a false true true false prev
z-button-text pressed | shadow: none | halo4 worst dE 0 over1 0/3904 | halo8 worst 0 | sides {"top":0,"bottom":0,"left":0,"right":0} | before op 0.12 | color rgb(55, 111, 208) | cursor pointer | flags h/f/fv/a true true false true 
z-button-text-secondary rest | shadow: SET | halo4 worst dE 2.79 over1 634/3904 | halo8 worst 2.79 | sides {"top":0.35,"bottom":2.79,"left":1.04,"right":0.69} | before op 0 | color oklch(0.54 0.0661376 260.564) | cursor pointer | flags h/f/fv/a false false false false 
z-button-text-secondary hover | shadow: SET | halo4 worst dE 2.79 over1 634/3904 | halo8 worst 2.79 | sides {"top":0.35,"bottom":2.79,"left":1.04,"right":0.69} | before op 0.08 | color oklch(0.54 0.0661376 260.564) | cursor pointer | flags h/f/fv/a true false false false 
z-button-text-secondary focus | shadow: SET | halo4 worst dE 77.55 over1 2623/3904 | halo8 worst 77.55 | sides {"top":77.55,"bottom":77.55,"left":77.55,"right":77.55} | before op 0.12 | color oklch(0.54 0.0661376 260.564) | cursor pointer | flags h/f/fv/a false true true false prev
z-button-text-secondary pressed | shadow: SET | halo4 worst dE 2.79 over1 634/3904 | halo8 worst 2.79 | sides {"top":0.35,"bottom":2.79,"left":1.04,"right":0.69} | before op 0.12 | color oklch(0.54 0.0661376 260.564) | cursor pointer | flags h/f/fv/a true true false true 
z-button-text-success rest | shadow: SET | halo4 worst dE 2.79 over1 634/3904 | halo8 worst 2.79 | sides {"top":0.35,"bottom":2.79,"left":1.04,"right":0.69} | before op 0 | color rgb(46, 125, 50) | cursor pointer | flags h/f/fv/a false false false false 
z-button-text-success hover | shadow: SET | halo4 worst dE 2.79 over1 634/3904 | halo8 worst 2.79 | sides {"top":0.35,"bottom":2.79,"left":1.04,"right":0.69} | before op 0.08 | color rgb(46, 125, 50) | cursor pointer | flags h/f/fv/a true false false false 
z-button-text-success focus | shadow: SET | halo4 worst dE 77.55 over1 2623/3904 | halo8 worst 77.55 | sides {"top":77.55,"bottom":77.55,"left":77.55,"right":77.55} | before op 0.12 | color rgb(46, 125, 50) | cursor pointer | flags h/f/fv/a false true true false prev
z-button-text-success pressed | shadow: SET | halo4 worst dE 2.79 over1 634/3904 | halo8 worst 2.79 | sides {"top":0.35,"bottom":2.79,"left":1.04,"right":0.69} | before op 0.12 | color rgb(46, 125, 50) | cursor pointer | flags h/f/fv/a true true false true 
z-button-text-warning rest | shadow: SET | halo4 worst dE 2.79 over1 634/3904 | halo8 worst 2.79 | sides {"top":0.35,"bottom":2.79,"left":1.04,"right":0.69} | before op 0 | color rgb(189, 63, 0) | cursor pointer | flags h/f/fv/a false false false false 
z-button-text-warning hover | shadow: SET | halo4 worst dE 2.79 over1 634/3904 | halo8 worst 2.79 | sides {"top":0.35,"bottom":2.79,"left":1.04,"right":0.69} | before op 0.08 | color rgb(189, 63, 0) | cursor pointer | flags h/f/fv/a true false false false 
z-button-text-warning focus | shadow: SET | halo4 worst dE 77.55 over1 2623/3904 | halo8 worst 77.55 | sides {"top":77.55,"bottom":77.55,"left":77.55,"right":77.55} | before op 0.12 | color rgb(189, 63, 0) | cursor pointer | flags h/f/fv/a false true true false prev
z-button-text-warning pressed | shadow: SET | halo4 worst dE 2.79 over1 634/3904 | halo8 worst 2.79 | sides {"top":0.35,"bottom":2.79,"left":1.04,"right":0.69} | before op 0.12 | color rgb(189, 63, 0) | cursor pointer | flags h/f/fv/a true true false true 
z-button-text-error rest | shadow: SET | halo4 worst dE 2.79 over1 634/3904 | halo8 worst 2.79 | sides {"top":0.35,"bottom":2.79,"left":1.04,"right":0.69} | before op 0 | color rgb(211, 47, 47) | cursor pointer | flags h/f/fv/a false false false false 
z-button-text-error hover | shadow: SET | halo4 worst dE 2.79 over1 634/3904 | halo8 worst 2.79 | sides {"top":0.35,"bottom":2.79,"left":1.04,"right":0.69} | before op 0.08 | color rgb(211, 47, 47) | cursor pointer | flags h/f/fv/a true false false false 
z-button-text-error focus | shadow: SET | halo4 worst dE 77.55 over1 2623/3904 | halo8 worst 77.55 | sides {"top":77.55,"bottom":77.55,"left":77.55,"right":77.55} | before op 0.12 | color rgb(211, 47, 47) | cursor pointer | flags h/f/fv/a false true true false prev
z-button-text-error pressed | shadow: SET | halo4 worst dE 2.79 over1 634/3904 | halo8 worst 2.79 | sides {"top":0.35,"bottom":2.79,"left":1.04,"right":0.69} | before op 0.12 | color rgb(211, 47, 47) | cursor pointer | flags h/f/fv/a true true false true 
z-button-text-info rest | shadow: SET | halo4 worst dE 1.04 over1 60/3904 | halo8 worst 2.79 | sides {"top":0.35,"bottom":0,"left":1.04,"right":0.69} | before op 0 | color rgb(0, 127, 171) | cursor pointer | flags h/f/fv/a false false false false 
z-button-text-info hover | shadow: SET | halo4 worst dE 1.04 over1 60/3904 | halo8 worst 2.79 | sides {"top":0.35,"bottom":0,"left":1.04,"right":0.69} | before op 0.08 | color rgb(0, 127, 171) | cursor pointer | flags h/f/fv/a true false false false 
z-button-text-info focus | shadow: SET | halo4 worst dE 77.55 over1 1362/3904 | halo8 worst 77.55 | sides {"top":77.55,"bottom":0,"left":77.55,"right":77.55} | before op 0.12 | color rgb(0, 127, 171) | cursor pointer | flags h/f/fv/a false true true false prev
z-button-text-info pressed | shadow: SET | halo4 worst dE 1.04 over1 60/3904 | halo8 worst 2.79 | sides {"top":0.35,"bottom":0,"left":1.04,"right":0.69} | before op 0.12 | color rgb(0, 127, 171) | cursor pointer | flags h/f/fv/a true true false true 
P filled rest | shadow: rgba(50, 50, 93, 0.024) 0px 2px 5px -1px, rgba(0, 0, 0, 0.05) 0px 1px 3px -1px | halo4 2.79 | rect 76.6875 36 | disabled shadow none
P filled hover | shadow: rgba(0, 0, 0, 0.12) 0px 2px 6px 0px, rgba(0, 0, 0, 0.14) 0px 1px 2px 0px | halo4 16.52 | rect 76.6875 36 | disabled shadow none
P outlined rest | shadow: none | halo4 0 | rect 78.6875 36 | disabled shadow none
P outlined hover | shadow: none | halo4 0 | rect 78.6875 36 | disabled shadow none
P secondary rest | shadow: rgba(50, 50, 93, 0.024) 0px 2px 5px -1px, rgba(0, 0, 0, 0.05) 0px 1px 3px -1px | halo4 2.79 | rect 76.6875 36 | disabled shadow none
P secondary hover | shadow: rgba(0, 0, 0, 0.12) 0px 2px 6px 0px, rgba(0, 0, 0, 0.14) 0px 1px 2px 0px | halo4 16.52 | rect 76.6875 36 | disabled shadow none
P outlined-secondary rest | shadow: rgba(50, 50, 93, 0.024) 0px 2px 5px -1px, rgba(0, 0, 0, 0.05) 0px 1px 3px -1px | halo4 2.79 | rect 78.6875 36 | disabled shadow none
P outlined-secondary hover | shadow: rgba(50, 50, 93, 0.024) 0px 2px 5px -1px, rgba(0, 0, 0, 0.05) 0px 1px 3px -1px | halo4 2.79 | rect 78.6875 36 | disabled shadow none
P iconOnly rest | shadow: rgba(50, 50, 93, 0.024) 0px 2px 5px -1px, rgba(0, 0, 0, 0.05) 0px 1px 3px -1px | halo4 2.79 | rect 46 36 | disabled shadow none
P iconOnly hover | shadow: rgba(0, 0, 0, 0.12) 0px 2px 6px 0px, rgba(0, 0, 0, 0.14) 0px 1px 2px 0px | halo4 16.52 | rect 46 36 | disabled shadow none
disabled all none: true 22
