pane {"rect":{"l":669,"t":233,"r":1228,"b":304,"w":559,"h":71},"padding":"0px 4px","gap":"normal","display":"flex","flexWrap":"wrap","bg":"rgb(240, 244, 250)","borderBottom":"1px rgba(0, 0, 0, 0.12)"} rows [233,268] gaps [0,0,0,0,0,0,-439,0,0,0,0]
groups [{"rect":{"l":673,"t":233,"r":708,"b":268,"w":35,"h":35},"borderLeft":"0px none rgba(0, 0, 0, 0.87)","borderRight":"0px none rgba(0, 0, 0, 0.87)","margin":"0px","padding":"0px","gap":"normal","display":"flex","before":"none","after":"none"},{"rect":{"l":708,"t":233,"r":787,"b":268,"w":79,"h":35},"borderLeft":"0px none rgba(0, 0, 0, 0.87)","borderRight":"0px none rgba(0, 0, 0, 0.87)","margin":"0px","padding":"0px","gap":"normal","display":"flex","before":"\"\"","after":"none"},{"rect":{"l":787,"t":233,"r":831,"b":268,"w":44,"h":35},"borderLeft":"0px none rgba(0, 0, 0, 0.87)","borderRight":"0px none rgba(0, 0, 0, 0.87)","margin":"0px","padding":"0px","gap":"normal","display":"flex","before":"\"\"","after":"none"}]
TB View HTML              | btn 35x35 pad 0px | render svg<use> | svg 35x150 0 0 72 72 shapes 1 ["currentColor/8/none"] | fill rgba(0, 0, 0, 0.6) color rgb(0, 0, 0) stroke none 1px | ink bbox 32x20 thick 5.5 core 5 runMed {"h":5.5,"v":6} ink [0,0,0] dark [0,0,0] cov 0.191
TB Undo (Cmd + Z)         | btn 35x35 pad 0px | render svg<use> | svg 35x150 0 0 72 72 shapes 1 ["//"] | fill rgba(0, 0, 0, 0.6) color rgb(0, 0, 0) stroke none 1px | ink bbox 24.5x14.5 thick 3.5 core 3 runMed {"h":4,"v":3.5} ink [96,98,100] dark [96,98,100] cov 0.11
TB Redo (Cmd + Y)         | btn 35x35 pad 0px | render svg<use> | svg 35x150 0 0 72 72 shapes 1 ["//"] | fill rgba(0, 0, 0, 0.6) color rgb(0, 0, 0) stroke none 1px | ink bbox 24.5x14.5 thick 3.5 core 3 runMed {"h":4,"v":3.5} ink [96,98,100] dark [96,98,100] cov 0.109
TB Formatting             | btn 35x35 pad 0px | render svg<use> | svg 35x150 0 0 72 72 shapes 1 ["//"] | fill rgba(0, 0, 0, 0.6) color rgb(0, 0, 0) stroke none 1px | ink bbox 21.5x20 thick 3 core 3.5 runMed {"h":3.5,"v":3} ink [96,98,100] dark [96,98,100] cov 0.141
TB Strong (Cmd + B)       | btn 35x35 pad 0px | render svg<use> | svg 35x150 0 0 72 72 shapes 1 ["//"] | fill rgba(0, 0, 0, 0.6) color rgb(0, 0, 0) stroke none 1px | ink bbox 16x21 thick 3.5 core 3 runMed {"h":4,"v":3.5} ink [96,98,100] dark [96,98,100] cov 0.205
TB Emphasis (Cmd + I)     | btn 35x35 pad 0px | render svg<use> | svg 35x150 0 0 72 72 shapes 1 ["//"] | fill rgba(0, 0, 0, 0.6) color rgb(0, 0, 0) stroke none 1px | ink bbox 8.5x21 thick 3.5 core 3 runMed {"h":3.5,"v":9.5} ink [96,98,100] dark [96,98,100] cov 0.071
TB Deleted                | btn 35x35 pad 0px | render svg<use> | svg 35x150 0 0 72 72 shapes 1 ["//"] | fill rgba(0, 0, 0, 0.6) color rgb(0, 0, 0) stroke none 1px | ink bbox 23x21 thick 3.5 core 2.5 runMed {"h":4,"v":3.5} ink [96,98,100] dark [96,98,100] cov 0.176
TB Superscript            | btn 35x35 pad 0px | render svg<use> | svg 35x150 0 0 72 72 shapes 1 ["//"] | fill rgba(0, 0, 0, 0.6) color rgb(0, 0, 0) stroke none 1px | ink bbox 21.5x21 thick 3.5 core 2.5 runMed {"h":3.5,"v":4} ink [96,98,100] dark [96,98,100] cov 0.183
TB Subscript              | btn 35x35 pad 0px | render svg<use> | svg 35x150 0 0 72 72 shapes 1 ["//"] | fill rgba(0, 0, 0, 0.6) color rgb(0, 0, 0) stroke none 1px | ink bbox 26x24 thick 3.5 core 3 runMed {"h":3.5,"v":3.5} ink [96,98,100] dark [96,98,100] cov 0.185
TB Link                   | btn 35x35 pad 0px | render svg<use> | svg 35x150 0 0 72 72 shapes 2 ["//","//"] | fill rgba(0, 0, 0, 0.6) color rgb(0, 0, 0) stroke none 1px | ink bbox 28x26 thick 4 core 3.5 runMed {"h":4,"v":4} ink [96,98,100] dark [96,98,100] cov 0.191
TB Insert Image           | btn 35x35 pad 0px | render svg<use> | svg 35x150 0 0 72 72 shapes 2 ["//","//"] | fill rgba(0, 0, 0, 0.6) color rgb(0, 0, 0) stroke none 1px | ink bbox 33x26 thick 3 core 2.5 runMed {"h":3,"v":4} ink [96,98,100] dark [96,98,100] cov 0.471
TB Align Left             | btn 35x35 pad 0px | render svg<use> | svg 35x150 0 0 72 72 shapes 1 ["//"] | fill rgba(0, 0, 0, 0.6) color rgb(0, 0, 0) stroke none 1px | ink bbox 26x22 thick 4.5 core 3.5 runMed {"h":26,"v":4.5} ink [96,98,100] dark [96,98,100] cov 0.279
TB Align Center           | btn 35x35 pad 0px | render svg<use> | svg 35x150 0 0 72 72 shapes 1 ["//"] | fill rgba(0, 0, 0, 0.6) color rgb(0, 0, 0) stroke none 1px | ink bbox 26x22 thick 4.5 core 3.5 runMed {"h":26,"v":4.5} ink [96,98,100] dark [96,98,100] cov 0.281
TB Align Right            | btn 35x35 pad 0px | render svg<use> | svg 35x150 0 0 72 72 shapes 1 ["//"] | fill rgba(0, 0, 0, 0.6) color rgb(0, 0, 0) stroke none 1px | ink bbox 26x22 thick 4.5 core 3.5 runMed {"h":26,"v":4.5} ink [96,98,100] dark [96,98,100] cov 0.279
TB Align Justify          | btn 35x35 pad 0px | render svg<use> | svg 35x150 0 0 72 72 shapes 1 ["//"] | fill rgba(0, 0, 0, 0.6) color rgb(0, 0, 0) stroke none 1px | ink bbox 26x22 thick 4.5 core 3.5 runMed {"h":26,"v":4.5} ink [96,98,100] dark [96,98,100] cov 0.31
TB Unordered list         | btn 35x35 pad 0px | render svg<use> | svg 35x150 0 0 72 72 shapes 1 ["//"] | fill rgba(0, 0, 0, 0.6) color rgb(0, 0, 0) stroke none 1px | ink bbox 26x22 thick 4.5 core 3.5 runMed {"h":17.5,"v":4.5} ink [96,98,100] dark [96,98,100] cov 0.262
TB Ordered list           | btn 35x35 pad 0px | render svg<use> | svg 35x150 0 0 72 72 shapes 1 ["//"] | fill rgba(0, 0, 0, 0.6) color rgb(0, 0, 0) stroke none 1px | ink bbox 26x22 thick 4.5 core 2 runMed {"h":17.5,"v":4.5} ink [96,98,100] dark [96,98,100] cov 0.225
TB Insert horizontal rule | btn 35x35 pad 0px | render svg<use> | svg 35x150 0 0 72 72 shapes 1 ["//"] | fill rgba(0, 0, 0, 0.6) color rgb(0, 0, 0) stroke none 1px | ink bbox 26.5x4 thick 4 core 4 runMed {"h":26.5,"v":4} ink [96,98,100] dark [96,98,100] cov 0.097
TB Remove format          | btn 35x35 pad 0px | render svg<use> | svg 35x150 0 0 72 72 shapes 1 ["//"] | fill rgba(0, 0, 0, 0.6) color rgb(0, 0, 0) stroke none 1px | ink bbox 25x24 thick 3 core 3 runMed {"h":4,"v":3} ink [96,98,100] dark [96,98,100] cov 0.17
TB Fullscreen             | btn 35x35 pad 0px | render svg<use> | svg 35x150 0 0 72 72 shapes 2 ["//","//currentColor"] | fill rgba(0, 0, 0, 0.6) color rgb(0, 0, 0) stroke none 1px | ink bbox 28x28 thick 6 core 4.5 runMed {"h":6,"v":6} ink [0,0,0] dark [0,0,0] cov 0.311
EXP X1_svg17 rows [233,268] pane {"l":669,"t":233,"r":1228,"b":304,"w":559,"h":71} [["View HTML",[35,35],[17,17],[15,10],3,2],["Undo (Cmd + ",[35,35],[17,17],[12,7],2,1],["Redo (Cmd + ",[35,35],[17,17],[12,7],2,1],["Formatting",[35,35],[17,17],[18,15.5],2,1.5],["Strong (Cmd ",[35,35],[17,17],[7.5,10],2,1.5],["Emphasis (Cm",[35,35],[17,17],[4,10],2,1.5],["Deleted",[35,35],[17,17],[11,10],1.5,1],["Superscript",[35,35],[17,17],[11,10],1.5,1],["Subscript",[35,35],[17,17],[13.5,11.5],1.5,1],["Link",[35,35],[17,17],[21,17],2,1.5],["Insert Image",[35,35],[17,17],[17,13],2,1.5],["Align Left",[35,35],[17,17],[13,11],2.5,1.5],["Align Center",[35,35],[17,17],[13,11],2.5,1.5],["Align Right",[35,35],[17,17],[13,11],2.5,1.5],["Align Justif",[35,35],[17,17],[13,11],2.5,1.5],["Unordered li",[35,35],[17,17],[13,11],2.5,1.5],["Ordered list",[35,35],[17,17],[13,11],2.5,1.5],["Insert horiz",[35,35],[17,17],[13,2],2,2],["Remove forma",[35,35],[17,17],[12.5,11.5],1.5,1],["Fullscreen",[35,35],[17,17],[14,14],3.5,2.5]]
EXP X2_svg14 rows [233,268] pane {"l":669,"t":233,"r":1228,"b":304,"w":559,"h":71} [["View HTML",[35,35],[14,14],[13,8],2.5,2],["Undo (Cmd + ",[35,35],[14,14],[9.5,5.5],1.5,1],["Redo (Cmd + ",[35,35],[14,14],[10,6],1.5,1],["Formatting",[35,35],[14,14],[17,14],2.5,1],["Strong (Cmd ",[35,35],[14,14],[6.5,8],1.5,1],["Emphasis (Cm",[35,35],[14,14],[3.5,8],1.5,1],["Deleted",[35,35],[14,14],[9,8],1,1],["Superscript",[35,35],[14,14],[9,8],1.5,1],["Subscript",[35,35],[14,14],[11,9.5],1.5,1],["Link",[35,35],[14,14],[19.5,15.5],1.5,1],["Insert Image",[35,35],[14,14],[14,11],1.5,1],["Align Left",[35,35],[14,14],[11,9],2,1],["Align Center",[35,35],[14,14],[11,9],2,1],["Align Right",[35,35],[14,14],[11,9],2,1],["Align Justif",[35,35],[14,14],[11,9],2,1],["Unordered li",[35,35],[14,14],[11,9],2,1],["Ordered list",[35,35],[14,14],[10.5,9],2,1],["Insert horiz",[35,35],[14,14],[11,2],2,1],["Remove forma",[35,35],[14,14],[10.5,9.5],1,1],["Fullscreen",[35,35],[14,14],[11,11],3,1.5]]
EXP X3_svg20 rows [233,268] pane {"l":669,"t":233,"r":1228,"b":304,"w":559,"h":71} [["View HTML",[35,35],[20,20],[18,12],3.5,2.5],["Undo (Cmd + ",[35,35],[20,20],[14,8.5],2,1.5],["Redo (Cmd + ",[35,35],[20,20],[14,8.5],2,1.5],["Formatting",[35,35],[20,20],[18,16],2,1.5],["Strong (Cmd ",[35,35],[20,20],[9.5,12],2,1.5],["Emphasis (Cm",[35,35],[20,20],[5,12],2,1.5],["Deleted",[35,35],[20,20],[13,12],2,1.5],["Superscript",[35,35],[20,20],[12.5,12],2,1.5],["Subscript",[35,35],[20,20],[15.5,14],2,1.5],["Link",[35,35],[20,20],[22,17.5],2.5,2],["Insert Image",[35,35],[20,20],[20,15],2.5,2],["Align Left",[35,35],[20,20],[15,12],2,2],["Align Center",[35,35],[20,20],[15,12],2,2],["Align Right",[35,35],[20,20],[15,12],2,2],["Align Justif",[35,35],[20,20],[15,12],2,2],["Unordered li",[35,35],[20,20],[15,12],2,2],["Ordered list",[35,35],[20,20],[15,12],2,2],["Insert horiz",[35,35],[20,20],[15,2],2,2],["Remove forma",[35,35],[20,20],[15,14],2,1.5],["Fullscreen",[35,35],[20,20],[16,16],3.5,2.5]]
LT z-icon-volume-2                | rect 14x20 fs 14px | before 14px 14px rgb(55, 111, 208) url("http://127.0.0.1:8105/zkres/web/80d | host 91.11x36 0px 8px | ink bbox 13x11 thick 1.5 core 1 runMed {"h":1.5,"v":2} ink [68,120,211] dark [55,111,208] cov 0.16
LT z-icon-search                  | rect 14x20 fs 14px | before 14px 14px rgb(55, 111, 208) url("http://127.0.0.1:8105/zkres/web/80d | host 36x36 0px 8px | ink bbox 12x12 thick 1.5 core 1 runMed {"h":1.5,"v":1.5} ink [61,116,209] dark [55,111,208] cov 0.126
LT z-icon-edit                    | rect 14x20 fs 14px | before 14px 14px rgb(55, 111, 208) url("http://127.0.0.1:8105/zkres/web/80d | host 36x36 0px 8px | ink bbox 13x13 thick 2 core 1 runMed {"h":2,"v":2} ink [60,114,209] dark [55,111,208] cov 0.143
LT z-icon-star                    | rect 14x20 fs 14px | before 14px 14px oklch(0.23 0.0725901 260.564) url("http://127.0.0.1:8105/zkres/web/80d | host 36x36 0px 8px | ink bbox 13x12.5 thick 2.5 core 1 runMed {"h":2.5,"v":2.5} ink [33,53,86] dark [7,27,62] cov 0.184
LT z-icon-trash-2                 | rect 14x20 fs 14px | before 14px 14px rgb(55, 111, 208) url("http://127.0.0.1:8105/zkres/web/80d | host 36x36 0px 8px | ink bbox 11x13 thick 1 core 1 runMed {"h":1,"v":1} ink [178,199,237] dark [178,199,237] cov 0.148
LT z-icon-file                    | rect 14x20 fs 14px | before 14px 14px rgb(55, 111, 208) url("http://127.0.0.1:8105/zkres/web/80d | host 67.92x36 0px 8px | ink bbox 11x13 thick 1.5 core 0.5 runMed {"h":1.5,"v":1.5} ink [88,135,216] dark [55,111,208] cov 0.185
LT z-icon-folder-open             | rect 14x20 fs 14px | before 14px 14px rgb(55, 111, 208) url("http://127.0.0.1:8105/zkres/web/80d | host 73.77x36 0px 8px | ink bbox 13x11.5 thick 1.5 core 0.5 runMed {"h":1.5,"v":1.5} ink [88,135,216] dark [55,111,208] cov 0.205
LT z-icon-scissors                | rect 14x20 fs 14px | before 14px 14px rgb(55, 111, 208) url("http://127.0.0.1:8105/zkres/web/80d | host 61.19x36 0px 8px | ink bbox 11.5x12 thick 1.5 core 1.5 runMed {"h":1.5,"v":1.5} ink [66,119,211] dark [55,111,208] cov 0.145
LT z-icon-copy                    | rect 14x20 fs 14px | before 14px 14px rgb(55, 111, 208) url("http://127.0.0.1:8105/zkres/web/80d | host 72.91x36 0px 8px | ink bbox 13x13 thick 1.5 core 0.5 runMed {"h":1.5,"v":1.5} ink [97,141,218] dark [55,111,208] cov 0.204
LT z-icon-clipboard               | rect 14x20 fs 14px | before 14px 14px rgb(55, 111, 208) url("http://127.0.0.1:8105/zkres/web/80d | host 75x36 0px 8px | ink bbox 11x13 thick 1.5 core 0.5 runMed {"h":1.5,"v":1.5} ink [88,135,216] dark [55,111,208] cov 0.19
LB z-icon-volume-2                | rect 14x20 fs 14px | before 14px 14px rgb(255, 255, 255) | host 98.69x36 | ink bbox 13x11 thick 1.5 core 0.5 ink [242,246,252]
LB z-icon-volume-2                | rect 14x20 fs 14px | before 14px 14px rgba(0, 0, 0, 0.38) | host 98.69x36 | ink bbox 13x11 thick 1.5 core 0.5 ink [242,246,252]
LB z-icon-settings                | rect 14x20 fs 14px | before 14px 14px rgb(255, 255, 255) | host 46x36 | ink bbox 12x13 thick 2 core 0.5 ink [246,248,253]
LG code                 | rect 24x24 fs 24px | before 24px 24px rgb(55, 111, 208) | ink bbox 22x14 thick 3.5 core 2.5 runMed {"h":3.5,"v":3.5} ink [55,111,208] cov 0.135
LG undo                 | rect 24x24 fs 24px | before 24px 24px rgb(55, 111, 208) | ink bbox 20x12 thick 2.5 core 2 runMed {"h":2.5,"v":2.5} ink [55,111,208] cov 0.118
LG redo                 | rect 24x24 fs 24px | before 24px 24px rgb(55, 111, 208) | ink bbox 20x12 thick 2.5 core 2 runMed {"h":2.5,"v":2.5} ink [55,111,208] cov 0.118
LG pilcrow              | rect 24x24 fs 24px | before 24px 24px rgb(55, 111, 208) | ink bbox 16x18 thick 2 core 2 runMed {"h":2,"v":2.5} ink [55,111,208] cov 0.18
LG bold                 | rect 24x24 fs 24px | before 24px 24px rgb(55, 111, 208) | ink bbox 15x18 thick 2 core 2 runMed {"h":2.5,"v":2} ink [55,111,208] cov 0.196
LG italic               | rect 24x24 fs 24px | before 24px 24px rgb(55, 111, 208) | ink bbox 16x18 thick 2 core 2 runMed {"h":2.5,"v":2} ink [55,111,208] cov 0.114
LG strikethrough        | rect 24x24 fs 24px | before 24px 24px rgb(55, 111, 208) | ink bbox 18x18 thick 2 core 2 runMed {"h":3,"v":2} ink [55,111,208] cov 0.157
LG superscript          | rect 24x24 fs 24px | before 24px 24px rgb(55, 111, 208) | ink bbox 18x16 thick 3 core 2.5 runMed {"h":3.5,"v":3} ink [55,111,208] cov 0.143
LG subscript            | rect 24x24 fs 24px | before 24px 24px rgb(55, 111, 208) | ink bbox 18x16 thick 3 core 2.5 runMed {"h":3.5,"v":3} ink [55,111,208] cov 0.143
LG link                 | rect 24x24 fs 24px | before 24px 24px rgb(55, 111, 208) | ink bbox 22x22 thick 2.5 core 2 runMed {"h":3,"v":2.5} ink [55,111,208] cov 0.217
LG image                | rect 24x24 fs 24px | before 24px 24px rgb(55, 111, 208) | ink bbox 20x20 thick 2 core 2 runMed {"h":2,"v":2} ink [55,111,208] cov 0.308
LG align-left           | rect 24x24 fs 24px | before 24px 24px rgb(55, 111, 208) | ink bbox 20x16 thick 2 core 2 runMed {"h":16,"v":2} ink [55,111,208] cov 0.148
LG align-center         | rect 24x24 fs 24px | before 24px 24px rgb(55, 111, 208) | ink bbox 20x16 thick 2 core 2 runMed {"h":16,"v":2} ink [55,111,208] cov 0.142
LG align-right          | rect 24x24 fs 24px | before 24px 24px rgb(55, 111, 208) | ink bbox 20x16 thick 2 core 2 runMed {"h":16,"v":2} ink [55,111,208] cov 0.148
LG align-justify        | rect 24x24 fs 24px | before 24px 24px rgb(55, 111, 208) | ink bbox 20x16 thick 2 core 2 runMed {"h":20,"v":2} ink [55,111,208] cov 0.178
LG list                 | rect 24x24 fs 24px | before 24px 24px rgb(55, 111, 208) | ink bbox 20x16 thick 2 core 2 runMed {"h":15,"v":2} ink [55,111,208] cov 0.151
LG list-ordered         | rect 24x24 fs 24px | before 24px 24px rgb(55, 111, 208) | ink bbox 19.5x18 thick 2 core 2 runMed {"h":4,"v":2} ink [55,111,208] cov 0.175
LG minus                | rect 24x24 fs 24px | before 24px 24px rgb(55, 111, 208) | ink bbox 16x2 thick 2 core 2 runMed {"h":16,"v":2} ink [55,111,208] cov 0.047
LG remove-formatting    | rect 24x24 fs 24px | before 24px 24px rgb(55, 111, 208) | ink bbox 18x18 thick 2.5 core 2 runMed {"h":2.5,"v":2.5} ink [55,111,208] cov 0.197
LG maximize             | rect 24x24 fs 24px | before 24px 24px rgb(55, 111, 208) | ink bbox 20x20 thick 2 core 2 runMed {"h":2,"v":2} ink [55,111,208] cov 0.135
