clicked Project z-menu
visible popups [{"i":0,"rect":[48,208,160,235],"text":"NewOpenSaveSave As... ExitRestart"}]
Project popup {"popup":{"l":48,"t":208,"r":208,"b":443,"w":160,"h":235},"content":{"l":49,"t":213,"r":207,"b":438,"w":158,"h":225},"paddingLeft":"0px","bg":"rgb(255, 255, 255)"}
  menuitem New            image               cnt.l 49 h 36 iconBox 66-82 16x16 text.l 91 | textInk.l 92 (popup+44) iconInk 66-82 w16 h16 cx 74.00 cy 231.00 darkest 43,50,52 rowCentreY 231.00 arrow -
  menuitem Open           image               cnt.l 49 h 36 iconBox 66-82 16x16 text.l 91 | textInk.l 91.5 (popup+43.5) iconInk 66.5-81.5 w15 h15.5 cx 74.00 cy 267.25 darkest 30,27,15 rowCentreY 267.00 arrow -
  menuitem Save           image               cnt.l 49 h 36 iconBox 66-82 16x16 text.l 91 | textInk.l 91.5 (popup+43.5) iconInk 66-82 w16 h14.5 cx 74.00 cy 303.75 darkest 45,48,49 rowCentreY 303.00 arrow -
  menuitem Save As...     iconSclass disabled cnt.l 49 h 36 iconBox 65-83 18x20 text.l 91 | textInk.l 91.5 (popup+43.5) iconInk 66.5-81.5 w15 h15 cx 74.00 cy 338.00 darkest 197,197,197 rowCentreY 339.00 arrow -
  ---- separator {"l":49,"t":361,"r":207,"b":362,"w":158,"h":1}
  menuitem Exit           image               cnt.l 49 h 36 iconBox 66-82 16x16 text.l 91 | textInk.l 92 (popup+44) iconInk 67-81 w14 h16 cx 74.00 cy 384.00 darkest 59,51,36 rowCentreY 384.00 arrow -
  menuitem Restart        iconSclass          cnt.l 49 h 36 iconBox 65-83 18x20 text.l 91 | textInk.l 92 (popup+44) iconInk 66.5-81.5 w15 h15 cx 74.00 cy 419.00 darkest 102,102,102 rowCentreY 420.00 arrow -
Project: text ink left spread (icon rows) 0.5px; icon centre x spread 0px; icon centre y offset spread 1.75px; text spread all rows 0.5px; row heights 36
images [{"src":"BriefcaseSpark-16x16.png;jsessionid=node01hb06wrw6lsiu1le46l4qyywil29.node0","natural":[16,16],"box":[16,16],"cls":"z-menuitem-image","display":"block"},{"src":"BriefcaseOpen-16x16.png;jsessionid=node01hb06wrw6lsiu1le46l4qyywil29.node0","natural":[16,16],"box":[16,16],"cls":"z-menuitem-image","display":"block"},{"src":"DisketteBlack-16x16.png;jsessionid=node01hb06wrw6lsiu1le46l4qyywil29.node0","natural":[16,16],"box":[16,16],"cls":"z-menuitem-image","display":"block"},{"src":"DoorOpen-16x16.png;jsessionid=node01hb06wrw6lsiu1le46l4qyywil29.node0","natural":[16,16],"box":[16,16],"cls":"z-menuitem-image","display":"block"}]
hover Open base [ 237, 237, 237 ] dE vs popup 6.25
clicked File z-menu
visible popups [{"i":0,"rect":[48,350,160,154],"text":"NewOpenSaveExit"}]
File popup {"popup":{"l":48,"t":350,"r":208,"b":504,"w":160,"h":154},"content":{"l":49,"t":355,"r":207,"b":499,"w":158,"h":144},"paddingLeft":"0px"}
  menuitem New            iconSclass          cnt.l 49 h 36 iconBox 65-83 18x20 text.l 91 | textInk.l 92 (popup+44) iconInk 67-81 w14 h17 cx 74.00 cy 372.00 darkest 102,102,102 rowCentreY 373.00 arrow -
  menu     Open           iconSclass          cnt.l 49 h 36 iconBox 65-83 18x20 text.l 91 | textInk.l 91.5 (popup+43.5) iconInk 65.5-82.5 w17 h14.5 cx 74.00 cy 407.75 darkest 33,33,33 rowCentreY 409.00 arrow 183-187
  menuitem Save           iconSclass          cnt.l 49 h 36 iconBox 65-83 18x20 text.l 91 | textInk.l 91.5 (popup+43.5) iconInk 66.5-81.5 w15 h15 cx 74.00 cy 444.00 darkest 102,102,102 rowCentreY 445.00 arrow -
  menuitem Exit           iconSclass          cnt.l 49 h 36 iconBox 65-83 18x20 text.l 91 | textInk.l 92 (popup+44) iconInk 68.5-79.5 w11 h11 cx 74.00 cy 480.00 darkest 102,102,102 rowCentreY 481.00 arrow -
File (#48 mix): text ink left spread (icon rows) 0.5px; icon centre x spread 0px; icon centre y offset spread 0.25px; text spread all rows 0.5px; row heights 36
visible popups after hover Open [{"i":0,"rect":[48,350,160,154],"text":"NewOpenSaveExit"},{"i":1,"rect":[207,393,160,82],"text":"Project...File..."}]
File > Open submenu
  menuitem Project...     iconSclass          cnt.l 208 h 36 iconBox 224-242 18x20 text.l 250 | textInk.l 251 (popup+44) iconInk 224.5-241.5 w17 h14.5 cx 233.00 cy 414.75 darkest 102,102,102 rowCentreY 416.00 arrow -
  menuitem File...        iconSclass          cnt.l 208 h 36 iconBox 224-242 18x20 text.l 250 | textInk.l 251 (popup+44) iconInk 226-240 w14 h17 cx 233.00 cy 451.00 darkest 102,102,102 rowCentreY 452.00 arrow -
File>Open submenu: text ink left spread (icon rows) 0px; icon centre x spread 0px; icon centre y offset spread 0.25px; text spread all rows 0px; row heights 36
visible popups [{"i":0,"rect":[109,530,160,163],"text":"NewOpenSave Exit"}]
standalone menupopup
  menuitem New            image               cnt.l 110 h 36 iconBox 127-143 16x16 text.l 152 | textInk.l 153 (popup+44) iconInk 127-143 w16 h16 cx 135.00 cy 553.00 darkest 43,50,52 rowCentreY 553.00 arrow -
  menuitem Open           image               cnt.l 110 h 36 iconBox 127-143 16x16 text.l 152 | textInk.l 152.5 (popup+43.5) iconInk 127.5-142.5 w15 h15.5 cx 135.00 cy 589.25 darkest 30,27,15 rowCentreY 589.00 arrow -
  menuitem Save           image               cnt.l 110 h 36 iconBox 127-143 16x16 text.l 152 | textInk.l 152.5 (popup+43.5) iconInk 127-143 w16 h14.5 cx 135.00 cy 625.75 darkest 45,48,49 rowCentreY 625.00 arrow -
  ---- separator {"l":110,"t":647,"r":268,"b":648,"w":158,"h":1}
  menuitem Exit           image               cnt.l 110 h 36 iconBox 127-143 16x16 text.l 152 | textInk.l 153 (popup+44) iconInk 128-142 w14 h16 cx 135.00 cy 670.00 darkest 59,51,36 rowCentreY 670.00 arrow -
standalone (images only): text ink left spread (icon rows) 0.5px; icon centre x spread 0px; icon centre y offset spread 0.75px; text spread all rows 0.5px; row heights 36
menubar1 top row: Project: cnt 48-166.19 h48 textInk.l 85 imgInk 64.5-79.5 | : cnt - textInk.l - imgInk - | Help: cnt 169.84-271.67 h48 textInk.l 207 imgInk 187-202 | : cnt 271.67-342.67 h48 textInk.l - imgInk 288-303.5 | Menuitem: cnt 342.67-433.33 h48 textInk.l 355.5 imgInk - | Menuitem (disabled): cnt 433.33-614.73 h48 textInk.l 466.5 imgInk 445-460.5
