injected nested menus into menubar1 Project popup {"imgSrc":"/zkres/web/80d82658/img/Centigrade-Widget-Icons/Briefcase-16x16.png;jsessionid=node01xryreh6q202tszfmy5llgf8k130.node0","n":9}
clicked Project
visible popups [{"i":0,"rect":[48,208,162.61,307],"text":"NewOpenSaveSave As... ExitRestartNested imgNested icon"}]
Project popup + injected nested z-menu rows:
  menuitem New            image               h 36 iconBox 66-82 16x16 (z-menuitem-image) | textInk popup+44 iconInk 66-82 w16 h16 cx popup+26.00 cyOff 0.00 arrow -
  menuitem Open           image               h 36 iconBox 66-82 16x16 (z-menuitem-image) | textInk popup+43.5 iconInk 66.5-81.5 w15 h15.5 cx popup+26.00 cyOff 0.25 arrow -
  menuitem Save           image               h 36 iconBox 66-82 16x16 (z-menuitem-image) | textInk popup+43.5 iconInk 66-82 w16 h14.5 cx popup+26.00 cyOff 0.75 arrow -
  menuitem Save As...     iconSclass disabled h 36 iconBox 65-83 18x20 (z-icon-save) | textInk popup+43.5 iconInk 66.5-81.5 w15 h15 cx popup+26.00 cyOff -1.00 arrow -
  ---- separator
  menuitem Exit           image               h 36 iconBox 66-82 16x16 (z-menuitem-image) | textInk popup+44 iconInk 67-81 w14 h16 cx popup+26.00 cyOff 0.00 arrow -
  menuitem Restart        iconSclass          h 36 iconBox 65-83 18x20 (z-icon-rotate-ccw) | textInk popup+44 iconInk 66.5-81.5 w15 h15 cx popup+26.00 cyOff -1.00 arrow -
  menu     Nested img     image               h 36 iconBox 66-82 16x16 (z-menu-image) | textInk popup+44 iconInk 66.5-81.5 w15 h14.5 cx popup+26.00 cyOff 0.75 arrow 186-190
  menu     Nested icon    iconSclass          h 36 iconBox 65-83 18x20 (z-icon-folder-open) | textInk popup+44 iconInk 65.5-82.5 w17 h14.5 cx popup+26.00 cyOff -1.25 arrow 186-190
  spread: text ink (icon rows) 0.5px, icon centre x 0px, row heights 36
  imgs [{"cls":"z-menuitem-image","box":[16,16],"ml":"1px","mr":"1px","natural":[16,16]},{"cls":"z-menuitem-image","box":[16,16],"ml":"1px","mr":"1px","natural":[16,16]},{"cls":"z-menuitem-image","box":[16,16],"ml":"1px","mr":"1px","natural":[16,16]},{"cls":"z-menuitem-image","box":[16,16],"ml":"1px","mr":"1px","natural":[16,16]},{"cls":"z-menu-image","box":[16,16],"ml":"1px","mr":"1px","natural":[16,16]}]
menubar2 3 Project visible popups [{"i":0,"rect":[48,692,160,163],"text":"NewOpenSave Exit"}]
menubar2 Project popup (image rows only):
  menuitem New            image               h 36 iconBox 66-82 16x16 (z-menuitem-image) | textInk popup+44 iconInk 66-82 w16 h16 cx popup+26.00 cyOff 0.00 arrow -
  menuitem Open           image               h 36 iconBox 66-82 16x16 (z-menuitem-image) | textInk popup+43.5 iconInk 66.5-81.5 w15 h15.5 cx popup+26.00 cyOff 0.25 arrow -
  menuitem Save           image               h 36 iconBox 66-82 16x16 (z-menuitem-image) | textInk popup+43.5 iconInk 66-82 w16 h14.5 cx popup+26.00 cyOff 0.75 arrow -
  ---- separator
  menuitem Exit           image               h 36 iconBox 66-82 16x16 (z-menuitem-image) | textInk popup+44 iconInk 67-81 w14 h16 cx popup+26.00 cyOff 0.00 arrow -
  spread: text ink 0.5px, icon centre x 0px
colorbox.zul menubars [{"rect":[32,389,1216,48],"text":"FormatQuick ColourHEXRGBR.G.B.HSVH.S.V.","heading":"Colorbox in Menu"}] 
  menu images [{"cls":"z-menu-image","rect":[0,0,0,0],"display":"none","inPopup":false,"label":"Format"},{"cls":"z-menu-image z-colorbox-color","rect":[0,0,0,0],"display":"none","inPopup":false,"label":"Quick ColourHEXRGBR.G.B.HSVH.S"}] 
  colorbox inside menus []
