{"tag":"DIV","cls":"z-borderlayout","rect":{"l":32,"t":158,"r":1242,"b":558,"w":1210,"h":400},"kids":[{"tag":"DIV","cls":"","rect":{"l":32,"t":158,"r":1242,"b":158,"w":1210,"h":0},"kids":[{"tag":"DIV","cls":"z-center","rect":{"l":282,"t":226,"r":992,"b":490,"w":710,"h":264},"kids":[{"tag":"DIV","cls":"z-center-body","rect":{"l":282,"t":226,"r":992,"b":490,"w":710,"h":264},"kids":[{"tag":"DIV","cls":"z-p-4 z-div","rect":{"l":282,"t":226,"r":992,"b":278,"w":710,"h":52},"kids":[null]}]}]}]},{"tag":"DIV","cls":"","rect":{"l":32,"t":158,"r":1242,"b":158,"w":1210,"h":0},"kids":[{"tag":"DIV","cls":"z-west","rect":{"l":32,"t":226,"r":274,"b":490,"w":242,"h":264},"kids":[{"tag":"DIV","cls":"z-west-header","rect":{"l":32,"t":226,"r":273,"b":266,"w":241,"h":40},"kids":[{"tag":"I","cls":"z-borderlayout-icon z-icon-angle-double-left","rect":{"l":48,"t":235.5,"r":62,"b":255.5,"w":14,"h":20},"kids":[]}]},{"tag":"DIV","cls":"z-west-body","rect":{"l":32,"t":266,"r":273,"b":490,"w":241,"h":224},"kids":[{"tag":"DIV","cls":"z-p-4 z-div","rect":{"l":32,"t":266,"r":273,"b":318,"w":241,"h":52},"kids":[null]}]}]},{"tag":"DIV","cls":"z-west-splitter","rect":{"l":274,"t":226,"r":282,"b":490,"w":8,"h":264},"kids":[{"tag":"SPAN","cls":"z-west-splitter-button","rect":{"l":274,"t":344,"r":282,"b":372,"w":8,"h":28},"kids":[{"tag":"I","cls":"z-west-icon z-icon-ellipsis-v","rect":{"l":274,"t":344,"r":282,"b":352,"w":8,"h":8},"kids":[]},{"tag":"I","cls":"z-west-icon z-icon-caret-left","rect":{"l":274,"t":354,"r":282,"b":362,"w":8,"h":8},"kids":[]},{"tag":"I","cls":"z-west-icon z-icon-ellipsis-v","rect":{"l":274,"t":364,"r":282,"b":372,"w":8,"h":8},"kids":[]}]}]},{"tag":"DIV","cls":"z-west-collapsed","rect":{"l":0,"t":0,"r":0,"b":0,"w":0,"h":0},"kids":[{"tag":"I","cls":"z-borderlayout-icon z-icon-angle-double-right","rect":{"l":0,"t":0,"r":0,"b":0,"w":0,"h":0},"kids":[]},{"tag":"DIV","cls":"z-west-title","rect":{"l":0,"t":0,"r":0,"b":0,"w":0,"h":0},"kids":[]}]}]},{"tag":"DIV","cls":"","rect":{"l":32,"t":158,"r":1242,"b":158,"w":1210,"h":0},"kids":[{"tag":"DIV","cls":"z-east","rect":{"l":1000,"t":226,"r":1242,"b":490,"w":242,"h":264},"kids":[{"tag":"DIV","cls":"z-east-header","rect":{"l":1001,"t":226,"r":1242,"b":266,"w":241,"h":40},"kids":[{"tag":"I","cls":"z-borderlayout-icon z-icon-angle-double-right","rect":{"l":1017,"t":235.5,"r":1031,"b":255.5,"w":14,"h":20},"kids":[]}]},{"tag":"DIV","cls":"z-east-body","rect":{"l":1001,"t":266,"r":1242,"b":490,"w":241,"h":224},"kids":[{"tag":"DIV","cls":"z-p-4 z-div","rect":{"l":1001,"t":266,"r":1242,"b":318,"w":241,"h":52},"kids":[null]}]}]},{"tag":"DIV","cls":"z-east-splitter","rect":{"l":992,"t":226,"r":1000,"b":490,"w":8,"h":264},"kids":[{"tag":"SPAN","cls":"z-east-splitter-button","rect":{"l":992,"t":344,"r":1000,"b":372,"w":8,"h":28},"kids":[{"tag":"I","cls":"z-east-icon z-icon-ellipsis-v","rect":{"l":992,"t":344,"r":1000,"b":352,"w":8,"h":8},"kids":[]},{"tag":"I","cls":"z-east-icon z-icon-caret-right","rect":{"l":992,"t":354,"r":1000,
BL 0 {"l":32,"t":158,"r":1242,"b":558,"w":1210,"h":400}
   north z-north rect {"l":32,"t":158,"r":1242,"b":218,"w":1210,"h":60} head {"l":32,"t":158,"r":1242,"b":198,"w":1210,"h":40} body {"l":32,"t":198,"r":1242,"b":217,"w":1210,"h":19} pad 0px border 0px none rgba(0, 0, 0, 0.87) bg rgba(0, 0, 0, 0) ovf auto regionCs {"border":"","bg":"rgb(255, 255, 255)"} 
      first SPAN.z-label {"l":32,"t":200,"r":118.91,"b":216,"w":86.91,"h":16} pad 0px children ["SPAN.z-label"]
   south z-south rect {"l":32,"t":498,"r":1242,"b":558,"w":1210,"h":60} head {"l":32,"t":499,"r":1242,"b":539,"w":1210,"h":40} body {"l":32,"t":539,"r":1242,"b":558,"w":1210,"h":19} pad 0px border 0px none rgba(0, 0, 0, 0.87) bg rgba(0, 0, 0, 0) ovf auto regionCs {"border":"","bg":"rgb(255, 255, 255)"} 
      first SPAN.z-label {"l":32,"t":541,"r":120.03,"b":557,"w":88.03,"h":16} pad 0px children ["SPAN.z-label"]
   west z-west rect {"l":32,"t":226,"r":274,"b":490,"w":242,"h":264} head {"l":32,"t":226,"r":273,"b":266,"w":241,"h":40} body {"l":32,"t":266,"r":273,"b":490,"w":241,"h":224} pad 0px border 0px none rgba(0, 0, 0, 0.87) bg rgba(0, 0, 0, 0) ovf auto regionCs {"border":"","bg":"rgb(247, 249, 252)"} 
      first DIV.z-p-4 z-div {"l":32,"t":266,"r":273,"b":318,"w":241,"h":52} pad 16px children ["DIV.z-p-4 z-div"]
   east z-east rect {"l":1000,"t":226,"r":1242,"b":490,"w":242,"h":264} head {"l":1001,"t":226,"r":1242,"b":266,"w":241,"h":40} body {"l":1001,"t":266,"r":1242,"b":490,"w":241,"h":224} pad 0px border 0px none rgba(0, 0, 0, 0.87) bg rgba(0, 0, 0, 0) ovf auto regionCs {"border":"","bg":"rgb(247, 249, 252)"} 
      first DIV.z-p-4 z-div {"l":1001,"t":266,"r":1242,"b":318,"w":241,"h":52} pad 16px children ["DIV.z-p-4 z-div"]
   center z-center rect {"l":282,"t":226,"r":992,"b":490,"w":710,"h":264} head null body {"l":282,"t":226,"r":992,"b":490,"w":710,"h":264} pad 0px border 0px none rgba(0, 0, 0, 0.87) bg rgba(0, 0, 0, 0) ovf auto regionCs {"border":"0px none rgba(0, 0, 0, 0.87)","bg":"rgb(255, 255, 255)"} 
      first DIV.z-p-4 z-div {"l":282,"t":226,"r":992,"b":278,"w":710,"h":52} pad 16px children ["DIV.z-p-4 z-div"]
BL 1 {"l":32,"t":652,"r":1242,"b":952,"w":1210,"h":300}
   north z-north rect {"l":32,"t":652,"r":1242,"b":712,"w":1210,"h":60} head {"l":32,"t":652,"r":1242,"b":692,"w":1210,"h":40} body {"l":32,"t":692,"r":1242,"b":711,"w":1210,"h":19} pad 0px border 0px none rgba(0, 0, 0, 0.87) bg rgba(0, 0, 0, 0) ovf auto regionCs {"border":"","bg":"rgb(255, 255, 255)"} 
      first SPAN.z-label {"l":32,"t":694,"r":118.91,"b":710,"w":86.91,"h":16} pad 0px children ["SPAN.z-label"]
   south z-south rect {"l":32,"t":892,"r":1242,"b":952,"w":1210,"h":60} head {"l":32,"t":893,"r":1242,"b":933,"w":1210,"h":40} body {"l":32,"t":933,"r":1242,"b":952,"w":1210,"h":19} pad 0px border 0px none rgba(0, 0, 0, 0.87) bg rgba(0, 0, 0, 0) ovf auto regionCs {"border":"","bg":"rgb(255, 255, 255)"} 
      first SPAN.z-label {"l":32,"t":935,"r":120.03,"b":951,"w":88.03,"h":16} pad 0px children ["SPAN.z-label"]
   west z-west rect {"l":32,"t":712,"r":274,"b":892,"w":242,"h":180} head {"l":32,"t":712,"r":273,"b":752,"w":241,"h":40} body {"l":32,"t":752,"r":273,"b":892,"w":241,"h":140} pad 0px border 0px none rgba(0, 0, 0, 0.87) bg rgba(0, 0, 0, 0) ovf auto regionCs {"border":"","bg":"rgb(247, 249, 252)"} 
      first DIV.z-p-4 z-div {"l":32,"t":752,"r":273,"b":804,"w":241,"h":52} pad 16px children ["DIV.z-p-4 z-div"]
   east z-east rect {"l":1000,"t":712,"r":1242,"b":892,"w":242,"h":180} head {"l":1001,"t":712,"r":1242,"b":752,"w":241,"h":40} body {"l":1001,"t":752,"r":1242,"b":892,"w":241,"h":140} pad 0px border 0px none rgba(0, 0, 0, 0.87) bg rgba(0, 0, 0, 0) ovf auto regionCs {"border":"","bg":"rgb(247, 249, 252)"} 
      first DIV.z-p-4 z-div {"l":1001,"t":752,"r":1242,"b":804,"w":241,"h":52} pad 16px children ["DIV.z-p-4 z-div"]
   center z-center rect {"l":274,"t":712,"r":1000,"b":892,"w":726,"h":180} head {"l":274,"t":712,"r":1000,"b":752,"w":726,"h":40} body {"l":274,"t":752,"r":1000,"b":892,"w":726,"h":140} pad 0px border 0px none rgba(0, 0, 0, 0.87) bg rgba(0, 0, 0, 0) ovf auto regionCs {"border":"0px none rgba(0, 0, 0, 0.87)","bg":"rgb(255, 255, 255)"} 
      first DIV.z-p-4 z-div {"l":274,"t":752,"r":1000,"b":804,"w":726,"h":52} pad 16px children ["DIV.z-p-4 z-div"]
BL 2 {"l":32,"t":1046,"r":1242,"b":1346,"w":1210,"h":300}
   north z-north z-north-noborder rect {"l":32,"t":1046,"r":1242,"b":1106,"w":1210,"h":60} head null body {"l":32,"t":1046,"r":1242,"b":1106,"w":1210,"h":60} pad 0px border 0px none rgba(0, 0, 0, 0.87) bg rgba(0, 0, 0, 0) ovf auto regionCs {"border":"0px none rgba(0, 0, 0, 0.87)","bg":"rgb(255, 255, 255)"} 
      first SPAN.z-label {"l":32,"t":1048,"r":118.91,"b":1064,"w":86.91,"h":16} pad 0px children ["SPAN.z-label"]
   south z-south z-south-noborder rect {"l":32,"t":1286,"r":1242,"b":1346,"w":1210,"h":60} head null body {"l":32,"t":1286,"r":1242,"b":1346,"w":1210,"h":60} pad 0px border 0px none rgba(0, 0, 0, 0.87) bg rgba(0, 0, 0, 0) ovf auto regionCs {"border":"0px none rgba(0, 0, 0, 0.87)","bg":"rgb(255, 255, 255)"} 
      first SPAN.z-label {"l":32,"t":1288,"r":120.03,"b":1304,"w":88.03,"h":16} pad 0px children ["SPAN.z-label"]
   west z-west z-west-noborder rect {"l":32,"t":1106,"r":274,"b":1286,"w":242,"h":180} head null body {"l":32,"t":1106,"r":274,"b":1286,"w":242,"h":180} pad 0px border 0px none rgba(0, 0, 0, 0.87) bg rgba(0, 0, 0, 0) ovf auto regionCs {"border":"0px none rgba(0, 0, 0, 0.87)","bg":"rgb(247, 249, 252)"} 
      first DIV.z-p-4 z-div {"l":32,"t":1106,"r":274,"b":1158,"w":242,"h":52} pad 16px children ["DIV.z-p-4 z-div"]
   east z-east z-east-noborder rect {"l":1000,"t":1106,"r":1242,"b":1286,"w":242,"h":180} head null body {"l":1000,"t":1106,"r":1242,"b":1286,"w":242,"h":180} pad 0px border 0px none rgba(0, 0, 0, 0.87) bg rgba(0, 0, 0, 0) ovf auto regionCs {"border":"0px none rgba(0, 0, 0, 0.87)","bg":"rgb(247, 249, 252)"} 
      first DIV.z-p-4 z-div {"l":1000,"t":1106,"r":1242,"b":1158,"w":242,"h":52} pad 16px children ["DIV.z-p-4 z-div"]
   center z-center z-center-noborder rect {"l":274,"t":1106,"r":1000,"b":1286,"w":726,"h":180} head null body {"l":274,"t":1106,"r":1000,"b":1286,"w":726,"h":180} pad 0px border 0px none rgba(0, 0, 0, 0.87) bg rgba(0, 0, 0, 0) ovf auto regionCs {"border":"0px none rgba(0, 0, 0, 0.87)","bg":"rgb(255, 255, 255)"} 
      first DIV.z-p-4 z-div {"l":274,"t":1106,"r":1000,"b":1158,"w":726,"h":52} pad 16px children ["DIV.z-p-4 z-div"]
BL 3 {"l":32,"t":1469,"r":1242,"b":1769,"w":1210,"h":300}
   north z-north rect {"l":32,"t":1469,"r":1242,"b":1529,"w":1210,"h":60} head null body {"l":32,"t":1469,"r":1242,"b":1528,"w":1210,"h":59} pad 0px border 0px none rgba(0, 0, 0, 0.87) bg rgba(0, 0, 0, 0) ovf auto regionCs {"border":"","bg":"rgb(255, 255, 255)"} 
      first SPAN.z-label {"l":32,"t":1471,"r":118.91,"b":1487,"w":86.91,"h":16} pad 0px children ["SPAN.z-label"]
   south z-south rect {"l":32,"t":1709,"r":1242,"b":1769,"w":1210,"h":60} head null body {"l":32,"t":1710,"r":1242,"b":1769,"w":1210,"h":59} pad 0px border 0px none rgba(0, 0, 0, 0.87) bg rgba(0, 0, 0, 0) ovf auto regionCs {"border":"","bg":"rgb(255, 255, 255)"} 
      first SPAN.z-label {"l":32,"t":1712,"r":120.03,"b":1728,"w":88.03,"h":16} pad 0px children ["SPAN.z-label"]
   west z-west rect {"l":32,"t":1529,"r":274,"b":1709,"w":242,"h":180} head null body {"l":32,"t":1529,"r":273,"b":1709,"w":241,"h":180} pad 0px border 0px none rgba(0, 0, 0, 0.87) bg rgba(0, 0, 0, 0) ovf auto regionCs {"border":"","bg":"rgb(247, 249, 252)"} 
      first SPAN.z-label {"l":32,"t":1531,"r":115.13,"b":1547,"w":83.13,"h":16} pad 0px children ["SPAN.z-label"]
   east z-east rect {"l":1000,"t":1529,"r":1242,"b":1709,"w":242,"h":180} head null body {"l":1001,"t":1529,"r":1242,"b":1709,"w":241,"h":180} pad 0px border 0px none rgba(0, 0, 0, 0.87) bg rgba(0, 0, 0, 0) ovf auto regionCs {"border":"","bg":"rgb(247, 249, 252)"} 
      first SPAN.z-label {"l":1001,"t":1531,"r":1079.5,"b":1547,"w":78.5,"h":16} pad 0px children ["SPAN.z-label"]
   center z-center rect {"l":274,"t":1529,"r":1000,"b":1709,"w":726,"h":180} head null body {"l":274,"t":1529,"r":1000,"b":1709,"w":726,"h":180} pad 0px border 0px none rgba(0, 0, 0, 0.87) bg rgba(0, 0, 0, 0) ovf auto regionCs {"border":"0px none rgba(0, 0, 0, 0.87)","bg":"rgb(255, 255, 255)"} 
      first DIV.z-vlayout {"l":274,"t":1529,"r":994,"b":1799,"w":720,"h":270} pad 0px children ["DIV.z-vlayout"]
BL 4 {"l":32,"t":1822,"r":1242,"b":2122,"w":1210,"h":300}
   north z-north rect {"l":32,"t":1822,"r":1242,"b":1882,"w":1210,"h":60} head null body {"l":32,"t":1822,"r":1242,"b":1881,"w":1210,"h":59} pad 0px border 0px none rgba(0, 0, 0, 0.87) bg rgba(0, 0, 0, 0) ovf auto regionCs {"border":"","bg":"rgb(255, 255, 255)"} 
      first SPAN.z-label {"l":32,"t":1824,"r":118.91,"b":1840,"w":86.91,"h":16} pad 0px children ["SPAN.z-label"]
   south z-south rect {"l":32,"t":2062,"r":1242,"b":2122,"w":1210,"h":60} head null body {"l":32,"t":2063,"r":1242,"b":2122,"w":1210,"h":59} pad 0px border 0px none rgba(0, 0, 0, 0.87) bg rgba(0, 0, 0, 0) ovf auto regionCs {"border":"","bg":"rgb(255, 255, 255)"} 
      first SPAN.z-label {"l":32,"t":2065,"r":120.03,"b":2081,"w":88.03,"h":16} pad 0px children ["SPAN.z-label"]
   west z-west rect {"l":32,"t":1882,"r":274,"b":2062,"w":242,"h":180} head null body {"l":32,"t":1882,"r":273,"b":2062,"w":241,"h":180} pad 0px border 0px none rgba(0, 0, 0, 0.87) bg rgba(0, 0, 0, 0) ovf auto regionCs {"border":"","bg":"rgb(247, 249, 252)"} 
      first SPAN.z-label {"l":32,"t":1884,"r":115.13,"b":1900,"w":83.13,"h":16} pad 0px children ["SPAN.z-label"]
   east z-east rect {"l":1000,"t":1882,"r":1242,"b":2062,"w":242,"h":180} head null body {"l":1001,"t":1882,"r":1242,"b":2062,"w":241,"h":180} pad 0px border 0px none rgba(0, 0, 0, 0.87) bg rgba(0, 0, 0, 0) ovf auto regionCs {"border":"","bg":"rgb(247, 249, 252)"} 
      first SPAN.z-label {"l":1001,"t":1884,"r":1079.5,"b":1900,"w":78.5,"h":16} pad 0px children ["SPAN.z-label"]
   center z-center rect {"l":284,"t":1892,"r":990,"b":2052,"w":706,"h":160} head null body {"l":284,"t":1892,"r":990,"b":2052,"w":706,"h":160} pad 0px border 0px none rgba(0, 0, 0, 0.87) bg rgba(0, 0, 0, 0) ovf auto regionCs {"border":"0px none rgba(0, 0, 0, 0.87)","bg":"rgb(255, 255, 255)"} 
      first SPAN.z-label {"l":284,"t":1894,"r":377.63,"b":1910,"w":93.63,"h":16} pad 0px children ["SPAN.z-label"]
BL 5 {"l":32,"t":2175,"r":1242,"b":2475,"w":1210,"h":300}
   north z-north rect {"l":32,"t":2175,"r":1242,"b":2235,"w":1210,"h":60} head null body {"l":32,"t":2175,"r":1242,"b":2234,"w":1210,"h":59} pad 0px border 0px none rgba(0, 0, 0, 0.87) bg rgba(0, 0, 0, 0) ovf auto regionCs {"border":"","bg":"rgb(255, 255, 255)"} 
      first SPAN.z-label {"l":32,"t":2177,"r":118.91,"b":2193,"w":86.91,"h":16} pad 0px children ["SPAN.z-label"]
   south z-south rect {"l":32,"t":2415,"r":1242,"b":2475,"w":1210,"h":60} head null body {"l":32,"t":2416,"r":1242,"b":2475,"w":1210,"h":59} pad 0px border 0px none rgba(0, 0, 0, 0.87) bg rgba(0, 0, 0, 0) ovf auto regionCs {"border":"","bg":"rgb(255, 255, 255)"} 
      first SPAN.z-label {"l":32,"t":2418,"r":120.03,"b":2434,"w":88.03,"h":16} pad 0px children ["SPAN.z-label"]
   west z-west rect {"l":32,"t":2235,"r":274,"b":2415,"w":242,"h":180} head {"l":32,"t":2235,"r":273,"b":2275,"w":241,"h":40} body {"l":32,"t":2275,"r":273,"b":2415,"w":241,"h":140} pad 0px border 0px none rgba(0, 0, 0, 0.87) bg rgba(0, 0, 0, 0) ovf auto regionCs {"border":"","bg":"rgb(247, 249, 252)"} 
      first SPAN.z-label {"l":32,"t":2277,"r":115.13,"b":2293,"w":83.13,"h":16} pad 0px children ["SPAN.z-label"]
   east z-east rect {"l":1000,"t":2235,"r":1242,"b":2415,"w":242,"h":180} head {"l":1001,"t":2235,"r":1242,"b":2275,"w":241,"h":40} body {"l":1001,"t":2275,"r":1242,"b":2415,"w":241,"h":140} pad 0px border 0px none rgba(0, 0, 0, 0.87) bg rgba(0, 0, 0, 0) ovf auto regionCs {"border":"","bg":"rgb(247, 249, 252)"} 
      first SPAN.z-label {"l":1001,"t":2277,"r":1079.5,"b":2293,"w":78.5,"h":16} pad 0px children ["SPAN.z-label"]
   center z-center rect {"l":274,"t":2235,"r":1000,"b":2415,"w":726,"h":180} head null body {"l":274,"t":2235,"r":1000,"b":2415,"w":726,"h":180} pad 0px border 0px none rgba(0, 0, 0, 0.87) bg rgba(0, 0, 0, 0) ovf auto regionCs {"border":"0px none rgba(0, 0, 0, 0.87)","bg":"rgb(255, 255, 255)"} 
      first SPAN.z-label {"l":274,"t":2237,"r":367.63,"b":2253,"w":93.63,"h":16} pad 0px children ["SPAN.z-label"]
