=== normal pageBg rgb(255, 255, 255)
0 rounded "Panel" open true | z-panel z-panel-noborder | rect {"l":32,"t":40,"r":252,"b":156,"w":220,"h":116} head {"l":32,"t":40,"r":252,"b":96,"w":220,"h":56} body {"l":32,"t":96,"r":252,"b":156,"w":220,"h":60} 
   cs {"border":"0px none rgba(0, 0, 0, 0.87)","borderRadius":"6px","boxShadow":"none","bg":"rgb(255, 255, 255)","boxSizing":"border-box"} headBB 0px none rgba(0, 0, 0, 0.87) 
   bg [255,255,255] edges {"left":[255,255,255],"right":[255,255,255],"top":[255,255,255],"bottom":[255,255,255]} edgeDE {"left":0,"right":0,"top":0,"bottom":0} corners {"tl":[255,255,255],"tr":[255,255,255],"bl":[255,255,255],"br":[255,255,255]} cornerDE {"tl":0,"tr":0,"bl":0,"br":0} radiusRun null 
   shadow [[1,"255,255,255",0],[2,"255,255,255",0],[3,"255,255,255",0],[4,"255,255,255",0],[5,"255,255,255",0],[6,"255,255,255",0]] headSep [[94,"255,255,255",0],[95,"255,255,255",0],[96,"255,255,255",0],[97,"255,255,255",0]] 
   titleInk {"l":49,"t":62,"w":40.5,"h":12.5} childInk {"l":48.5,"t":117,"w":48,"h":10.5} icons [] toolbars []
1 rounded "Panel (rounded)" open true | z-panel z-panel-noborder | rect {"l":32,"t":40,"r":312,"b":290,"w":280,"h":250} head {"l":32,"t":40,"r":312,"b":100,"w":280,"h":60} body {"l":32,"t":100,"r":312,"b":290,"w":280,"h":190} 
   cs {"border":"0px none rgba(0, 0, 0, 0.87)","borderRadius":"6px","boxShadow":"none","bg":"rgb(255, 255, 255)","boxSizing":"border-box"} headBB 0px none rgba(0, 0, 0, 0.87) 
   bg [255,255,255] edges {"left":[255,255,255],"right":[255,255,255],"top":[255,255,255],"bottom":[224,224,224]} edgeDE {"left":0,"right":0,"top":0,"bottom":10.82} corners {"tl":[255,255,255],"tr":[255,255,255],"bl":[255,255,255],"br":[255,255,255]} cornerDE {"tl":0,"tr":0,"bl":0,"br":0} radiusRun null 
   shadow [[1,"255,255,255",0],[2,"255,255,255",0],[3,"255,255,255",0],[4,"255,255,255",0],[5,"255,255,255",0],[6,"255,255,255",0]] headSep [[98,"255,255,255",0],[99,"255,255,255",0],[100,"255,255,255",0],[101,"255,255,255",0]] 
   titleInk {"l":49,"t":63.5,"w":120,"h":15} childInk {"l":49,"t":171,"w":85,"h":10.5} icons [{"cls":"z-panel-expand","ink":{"l":182,"t":67.5,"w":8,"h":5}},{"cls":"z-panel-minimize","ink":{"l":213,"t":69,"w":10,"h":2}},{"cls":"z-panel-maximize","ink":{"l":244,"t":64,"w":12,"h":12}},{"cls":"z-panel-close","ink":{"l":278,"t":66,"w":8,"h":8}}] toolbars [{"l":32,"t":100,"r":312,"b":149,"w":280,"h":49},{"l":32,"t":241,"r":312,"b":290,"w":280,"h":49}]
2 normal "Panel (normal)" open true | z-panel z-panel-noframe | rect {"l":336,"t":40,"r":616,"b":290,"w":280,"h":250} head {"l":337,"t":41,"r":615,"b":102,"w":278,"h":61} body {"l":337,"t":102,"r":615,"b":289,"w":278,"h":187} 
   cs {"border":"1px solid rgba(0, 0, 0, 0.12)","borderRadius":"0px","boxShadow":"rgba(50, 50, 93, 0.024) 0px 2px 5px -1px, rgba(0, 0, 0, 0.05) 0px 1px 3px -1px","bg":"rgb(255, 255, 255)","boxSizing":"border-box"} headBB 1px solid rgba(0, 0, 0, 0.12) 
   bg [255,255,255] edges {"left":[224,224,224],"right":[224,224,224],"top":[224,224,224],"bottom":[224,224,224]} edgeDE {"left":10.82,"right":10.82,"top":10.82,"bottom":10.82} corners {"tl":[224,224,224],"tr":[224,224,224],"bl":[224,224,224],"br":[224,224,224]} cornerDE {"tl":10.82,"tr":10.82,"bl":10.82,"br":10.82} radiusRun 0 
   shadow [[1,"248,248,249",2.45],[2,"252,252,252",1.04],[3,"254,254,254",0.35],[4,"255,255,255",0],[5,"255,255,255",0],[6,"255,255,255",0]] headSep [[100,"255,255,255",0],[101,"224,224,224",10.82],[102,"255,255,255",0],[103,"255,255,255",0]] 
   titleInk {"l":354,"t":64.5,"w":109.5,"h":15} childInk {"l":354,"t":173,"w":85,"h":10.5} icons [{"cls":"z-panel-expand","ink":{"l":485,"t":68.5,"w":8,"h":5}},{"cls":"z-panel-minimize","ink":{"l":516,"t":70,"w":10,"h":2}},{"cls":"z-panel-maximize","ink":{"l":547,"t":65,"w":12,"h":12}},{"cls":"z-panel-close","ink":{"l":581,"t":67,"w":8,"h":8}}] toolbars [{"l":337,"t":102,"r":615,"b":151,"w":278,"h":49},{"l":337,"t":240,"r":615,"b":289,"w":278,"h":49}]
3 none "Panel (no border)" open true | z-panel z-panel-noborder z-panel-noframe | rect {"l":32,"t":40,"r":312,"b":290,"w":280,"h":250} head {"l":32,"t":40,"r":312,"b":100,"w":280,"h":60} body {"l":32,"t":100,"r":312,"b":290,"w":280,"h":190} 
   cs {"border":"0px none rgba(0, 0, 0, 0.87)","borderRadius":"0px","boxShadow":"none","bg":"rgb(255, 255, 255)","boxSizing":"border-box"} headBB 0px none rgba(0, 0, 0, 0.87) 
   bg [255,255,255] edges {"left":[255,255,255],"right":[255,255,255],"top":[255,255,255],"bottom":[224,224,224]} edgeDE {"left":0,"right":0,"top":0,"bottom":10.82} corners {"tl":[255,255,255],"tr":[255,255,255],"bl":[224,224,224],"br":[224,224,224]} cornerDE {"tl":0,"tr":0,"bl":10.82,"br":10.82} radiusRun null 
   shadow [[1,"255,255,255",0],[2,"255,255,255",0],[3,"255,255,255",0],[4,"255,255,255",0],[5,"255,255,255",0],[6,"255,255,255",0]] headSep [[98,"255,255,255",0],[99,"255,255,255",0],[100,"255,255,255",0],[101,"255,255,255",0]] 
   titleInk {"l":49,"t":63.5,"w":130.5,"h":15} childInk {"l":49,"t":171,"w":85,"h":10.5} icons [{"cls":"z-panel-expand","ink":{"l":179,"t":67.5,"w":20,"h":6.5}},{"cls":"z-panel-minimize","ink":{"l":222,"t":69,"w":10,"h":2}},{"cls":"z-panel-maximize","ink":{"l":253,"t":64,"w":12,"h":12}},{"cls":"z-panel-close","ink":{"l":287,"t":66,"w":8,"h":8}}] toolbars [{"l":32,"t":100,"r":312,"b":149,"w":280,"h":49},{"l":32,"t":241,"r":312,"b":290,"w":280,"h":49}]
4 rounded "Panel (rounded)" open true | z-panel z-panel-noborder | rect {"l":32,"t":40,"r":312,"b":240,"w":280,"h":200} head {"l":32,"t":40,"r":312,"b":100,"w":280,"h":60} body {"l":32,"t":100,"r":312,"b":240,"w":280,"h":140} 
   cs {"border":"0px none rgba(0, 0, 0, 0.87)","borderRadius":"6px","boxShadow":"none","bg":"rgb(255, 255, 255)","boxSizing":"border-box"} headBB 0px none rgba(0, 0, 0, 0.87) 
   bg [255,255,255] edges {"left":[255,255,255],"right":[255,255,255],"top":[255,255,255],"bottom":[255,255,255]} edgeDE {"left":0,"right":0,"top":0,"bottom":0} corners {"tl":[255,255,255],"tr":[255,255,255],"bl":[255,255,255],"br":[255,255,255]} cornerDE {"tl":0,"tr":0,"bl":0,"br":0} radiusRun null 
   shadow [[1,"255,255,255",0],[2,"255,255,255",0],[3,"255,255,255",0],[4,"255,255,255",0],[5,"255,255,255",0],[6,"255,255,255",0]] headSep [[98,"255,255,255",0],[99,"255,255,255",0],[100,"255,255,255",0],[101,"255,255,255",0]] 
   titleInk {"l":49,"t":63.5,"w":120,"h":15} childInk {"l":49,"t":121,"w":85,"h":10.5} icons [{"cls":"z-panel-expand","ink":{"l":182,"t":67.5,"w":8,"h":5}},{"cls":"z-panel-minimize","ink":{"l":213,"t":69,"w":10,"h":2}},{"cls":"z-panel-maximize","ink":{"l":244,"t":64,"w":12,"h":12}},{"cls":"z-panel-close","ink":{"l":278,"t":66,"w":8,"h":8}}] toolbars []
5 normal "Panel (normal)" open true | z-panel z-panel-noframe | rect {"l":336,"t":40,"r":616,"b":240,"w":280,"h":200} head {"l":337,"t":41,"r":615,"b":102,"w":278,"h":61} body {"l":337,"t":102,"r":615,"b":239,"w":278,"h":137} 
   cs {"border":"1px solid rgba(0, 0, 0, 0.12)","borderRadius":"0px","boxShadow":"rgba(50, 50, 93, 0.024) 0px 2px 5px -1px, rgba(0, 0, 0, 0.05) 0px 1px 3px -1px","bg":"rgb(255, 255, 255)","boxSizing":"border-box"} headBB 1px solid rgba(0, 0, 0, 0.12) 
   bg [255,255,255] edges {"left":[224,224,224],"right":[224,224,224],"top":[224,224,224],"bottom":[224,224,224]} edgeDE {"left":10.82,"right":10.82,"top":10.82,"bottom":10.82} corners {"tl":[224,224,224],"tr":[224,224,224],"bl":[224,224,224],"br":[224,224,224]} cornerDE {"tl":10.82,"tr":10.82,"bl":10.82,"br":10.82} radiusRun 0 
   shadow [[1,"248,248,249",2.45],[2,"252,252,252",1.04],[3,"254,254,254",0.35],[4,"255,255,255",0],[5,"255,255,255",0],[6,"255,255,255",0]] headSep [[100,"255,255,255",0],[101,"224,224,224",10.82],[102,"255,255,255",0],[103,"255,255,255",0]] 
   titleInk {"l":354,"t":64.5,"w":109.5,"h":15} childInk {"l":354,"t":123,"w":85,"h":10.5} icons [{"cls":"z-panel-expand","ink":{"l":485,"t":68.5,"w":8,"h":5}},{"cls":"z-panel-minimize","ink":{"l":516,"t":70,"w":10,"h":2}},{"cls":"z-panel-maximize","ink":{"l":547,"t":65,"w":12,"h":12}},{"cls":"z-panel-close","ink":{"l":581,"t":67,"w":8,"h":8}}] toolbars []
6 none "Panel (no border)" open true | z-panel z-panel-noborder z-panel-noframe | rect {"l":640,"t":40,"r":920,"b":240,"w":280,"h":200} head {"l":640,"t":40,"r":920,"b":100,"w":280,"h":60} body {"l":640,"t":100,"r":920,"b":240,"w":280,"h":140} 
   cs {"border":"0px none rgba(0, 0, 0, 0.87)","borderRadius":"0px","boxShadow":"none","bg":"rgb(255, 255, 255)","boxSizing":"border-box"} headBB 0px none rgba(0, 0, 0, 0.87) 
   bg [255,255,255] edges {"left":[255,255,255],"right":[255,255,255],"top":[255,255,255],"bottom":[255,255,255]} edgeDE {"left":0,"right":0,"top":0,"bottom":0} corners {"tl":[255,255,255],"tr":[255,255,255],"bl":[255,255,255],"br":[255,255,255]} cornerDE {"tl":0,"tr":0,"bl":0,"br":0} radiusRun null 
   shadow [[1,"255,255,255",0],[2,"255,255,255",0],[3,"255,255,255",0],[4,"255,255,255",0],[5,"255,255,255",0],[6,"255,255,255",0]] headSep [[98,"255,255,255",0],[99,"255,255,255",0],[100,"255,255,255",0],[101,"255,255,255",0]] 
   titleInk {"l":657,"t":63.5,"w":130.5,"h":15} childInk {"l":657,"t":121,"w":85,"h":10.5} icons [{"cls":"z-panel-expand","ink":{"l":787,"t":67.5,"w":20,"h":6.5}},{"cls":"z-panel-minimize","ink":{"l":830,"t":69,"w":10,"h":2}},{"cls":"z-panel-maximize","ink":{"l":861,"t":64,"w":12,"h":12}},{"cls":"z-panel-close","ink":{"l":895,"t":66,"w":8,"h":8}}] toolbars []
7 rounded "" open true | z-panel z-panel-noborder z-panel-noheader | rect {"l":944,"t":40,"r":1224,"b":240,"w":280,"h":200} head null body {"l":944,"t":40,"r":1224,"b":240,"w":280,"h":200} 
   cs {"border":"0px none rgba(0, 0, 0, 0.87)","borderRadius":"6px","boxShadow":"none","bg":"rgb(255, 255, 255)","boxSizing":"border-box"} headBB null 
   bg [255,255,255] edges {"left":[255,255,255],"right":[255,255,255],"top":[255,255,255],"bottom":[255,255,255]} edgeDE {"left":0,"right":0,"top":0,"bottom":0} corners {"tl":[255,255,255],"tr":[255,255,255],"bl":[255,255,255],"br":[255,255,255]} cornerDE {"tl":0,"tr":0,"bl":0,"br":0} radiusRun null 
   shadow [[1,"255,255,255",0],[2,"255,255,255",0],[3,"255,255,255",0],[4,"255,255,255",0],[5,"255,255,255",0],[6,"255,255,255",0]] headSep null 
   titleInk null childInk {"l":961,"t":61,"w":138.5,"h":12} icons [] toolbars []
8 normal "" open true | z-panel z-panel-noheader z-panel-noframe | rect {"l":32,"t":95,"r":312,"b":295,"w":280,"h":200} head null body {"l":33,"t":96,"r":311,"b":294,"w":278,"h":198} 
   cs {"border":"1px solid rgba(0, 0, 0, 0.12)","borderRadius":"0px","boxShadow":"rgba(50, 50, 93, 0.024) 0px 2px 5px -1px, rgba(0, 0, 0, 0.05) 0px 1px 3px -1px","bg":"rgb(255, 255, 255)","boxSizing":"border-box"} headBB null 
   bg [255,255,255] edges {"left":[224,224,224],"right":[224,224,224],"top":[224,224,224],"bottom":[224,224,224]} edgeDE {"left":10.82,"right":10.82,"top":10.82,"bottom":10.82} corners {"tl":[224,224,224],"tr":[224,224,224],"bl":[224,224,224],"br":[224,224,224]} cornerDE {"tl":10.82,"tr":10.82,"bl":10.82,"br":10.82} radiusRun 0 
   shadow [[1,"248,248,249",2.45],[2,"252,252,252",1.04],[3,"254,254,254",0.35],[4,"255,255,255",0],[5,"255,255,255",0],[6,"255,255,255",0]] headSep null 
   titleInk null childInk {"l":50,"t":117,"w":138.5,"h":12} icons [] toolbars []
9 none "" open true | z-panel z-panel-noborder z-panel-noheader z-panel-noframe | rect {"l":336,"t":95,"r":616,"b":295,"w":280,"h":200} head null body {"l":336,"t":95,"r":616,"b":295,"w":280,"h":200} 
   cs {"border":"0px none rgba(0, 0, 0, 0.87)","borderRadius":"0px","boxShadow":"none","bg":"rgb(255, 255, 255)","boxSizing":"border-box"} headBB null 
   bg [255,255,255] edges {"left":[255,255,255],"right":[255,255,255],"top":[255,255,255],"bottom":[255,255,255]} edgeDE {"left":0,"right":0,"top":0,"bottom":0} corners {"tl":[255,255,255],"tr":[255,255,255],"bl":[255,255,255],"br":[255,255,255]} cornerDE {"tl":0,"tr":0,"bl":0,"br":0} radiusRun null 
   shadow [[1,"255,255,255",0],[2,"255,255,255",0],[3,"255,255,255",0],[4,"255,255,255",0],[5,"255,255,255",0],[6,"255,255,255",0]] headSep null 
   titleInk null childInk {"l":353,"t":116,"w":138.5,"h":12} icons [] toolbars []
10 normal "Panel with Overflow Content" open true | z-panel z-panel-noframe | rect {"l":32,"t":389,"r":332,"b":589,"w":300,"h":200} head {"l":33,"t":390,"r":331,"b":447,"w":298,"h":57} body {"l":33,"t":447,"r":331,"b":588,"w":298,"h":141} 
   cs {"border":"1px solid rgba(0, 0, 0, 0.12)","borderRadius":"0px","boxShadow":"rgba(50, 50, 93, 0.024) 0px 2px 5px -1px, rgba(0, 0, 0, 0.05) 0px 1px 3px -1px","bg":"rgb(255, 255, 255)","boxSizing":"border-box"} headBB 1px solid rgba(0, 0, 0, 0.12) 
   bg [255,255,255] edges {"left":[224,224,224],"right":[224,224,224],"top":[224,224,224],"bottom":[224,224,224]} edgeDE {"left":10.82,"right":10.82,"top":10.82,"bottom":10.82} corners {"tl":[224,224,224],"tr":[224,224,224],"bl":[224,224,224],"br":[224,224,224]} cornerDE {"tl":10.82,"tr":10.82,"bl":10.82,"br":10.82} radiusRun 0 
   shadow [[1,"248,248,249",2.45],[2,"252,252,252",1.04],[3,"254,254,254",0.35],[4,"255,255,255",0],[5,"255,255,255",0],[6,"255,255,255",0]] headSep [[445,"255,255,255",0],[446,"224,224,224",10.82],[447,"255,255,255",0],[448,"255,255,255",0]] 
   titleInk {"l":50,"t":411.5,"w":217,"h":13} childInk null icons [] toolbars []
11 rounded "Collapsed Panel" open false | z-panel z-panel-noborder z-panel-collapsed | rect {"l":32,"t":712,"r":312,"b":772,"w":280,"h":60} head {"l":32,"t":712,"r":312,"b":772,"w":280,"h":60} body {"l":0,"t":0,"r":0,"b":0,"w":0,"h":0} 
   cs {"border":"0px none rgba(0, 0, 0, 0.87)","borderRadius":"6px","boxShadow":"none","bg":"rgb(255, 255, 255)","boxSizing":"border-box"} headBB 0px none rgba(0, 0, 0, 0.87) 
   bg [255,255,255] edges {"left":[255,255,255],"right":[255,255,255],"top":[255,255,255],"bottom":[255,255,255]} edgeDE {"left":0,"right":0,"top":0,"bottom":0} corners {"tl":[255,255,255],"tr":[255,255,255],"bl":[255,255,255],"br":[255,255,255]} cornerDE {"tl":0,"tr":0,"bl":0,"br":0} radiusRun null 
   shadow [[1,"255,255,255",0],[2,"255,255,255",0],[3,"255,255,255",0],[4,"255,255,255",0],[5,"255,255,255",0],[6,"255,255,255",0]] headSep [[770,"255,255,255",0],[771,"255,255,255",0],[772,"255,255,255",0],[773,"255,255,255",0]] 
   titleInk {"l":48.5,"t":736,"w":121.5,"h":15.5} childInk null icons [{"cls":"z-panel-expand","ink":{"l":278,"t":739.5,"w":8,"h":5}}] toolbars []
12 rounded "Expanded Panel" open true | z-panel z-panel-noborder | rect {"l":336,"t":712,"r":616,"b":832,"w":280,"h":120} head {"l":336,"t":712,"r":616,"b":772,"w":280,"h":60} body {"l":336,"t":772,"r":616,"b":832,"w":280,"h":60} 
   cs {"border":"0px none rgba(0, 0, 0, 0.87)","borderRadius":"6px","boxShadow":"none","bg":"rgb(255, 255, 255)","boxSizing":"border-box"} headBB 0px none rgba(0, 0, 0, 0.87) 
   bg [255,255,255] edges {"left":[255,255,255],"right":[255,255,255],"top":[255,255,255],"bottom":[255,255,255]} edgeDE {"left":0,"right":0,"top":0,"bottom":0} corners {"tl":[255,255,255],"tr":[255,255,255],"bl":[255,255,255],"br":[255,255,255]} cornerDE {"tl":0,"tr":0,"bl":0,"br":0} radiusRun null 
   shadow [[1,"255,255,255",0],[2,"255,255,255",0],[3,"255,255,255",0],[4,"255,255,255",0],[5,"255,255,255",0],[6,"255,255,255",0]] headSep [[770,"255,255,255",0],[771,"255,255,255",0],[772,"255,255,255",0],[773,"255,255,255",0]] 
   titleInk {"l":353,"t":736,"w":121,"h":15.5} childInk {"l":353,"t":793,"w":85,"h":10.5} icons [{"cls":"z-panel-expand","ink":{"l":582,"t":739.5,"w":8,"h":5}}] toolbars []
=== forced pageBg rgb(255, 255, 255)
0 rounded "Panel" open true | z-panel z-panel-noborder | rect {"l":32,"t":40,"r":252,"b":158,"w":220,"h":118} head {"l":33,"t":41,"r":251,"b":97,"w":218,"h":56} body {"l":33,"t":97,"r":251,"b":157,"w":218,"h":60} 
   cs {"border":"1px solid rgb(0, 0, 0)","borderRadius":"6px","boxShadow":"none","bg":"rgb(255, 255, 255)","boxSizing":"border-box"} headBB 0px none rgb(0, 0, 0) 
   bg [255,255,255] edges {"left":[0,0,0],"right":[0,0,0],"top":[0,0,0],"bottom":[0,0,0]} edgeDE {"left":100,"right":100,"top":100,"bottom":100} corners {"tl":[255,255,255],"tr":[255,255,255],"bl":[255,255,255],"br":[255,255,255]} cornerDE {"tl":0,"tr":0,"bl":0,"br":0} radiusRun 3.5 
   shadow [[1,"255,255,255",0],[2,"255,255,255",0],[3,"255,255,255",0],[4,"255,255,255",0],[5,"255,255,255",0],[6,"255,255,255",0]] headSep [[95,"255,255,255",0],[96,"255,255,255",0],[97,"255,255,255",0],[98,"255,255,255",0]] 
   titleInk {"l":50,"t":63,"w":40.5,"h":12.5} childInk {"l":49.5,"t":118,"w":48,"h":10.5} icons [] toolbars []
1 rounded "Panel (rounded)" open true | z-panel z-panel-noborder | rect {"l":32,"t":40,"r":312,"b":290,"w":280,"h":250} head {"l":33,"t":41,"r":311,"b":101,"w":278,"h":60} body {"l":33,"t":101,"r":311,"b":289,"w":278,"h":188} 
   cs {"border":"1px solid rgb(0, 0, 0)","borderRadius":"6px","boxShadow":"none","bg":"rgb(255, 255, 255)","boxSizing":"border-box"} headBB 0px none rgb(0, 0, 0) 
   bg [255,255,255] edges {"left":[0,0,0],"right":[0,0,0],"top":[0,0,0],"bottom":[0,0,0]} edgeDE {"left":100,"right":100,"top":100,"bottom":100} corners {"tl":[255,255,255],"tr":[255,255,255],"bl":[255,255,255],"br":[255,255,255]} cornerDE {"tl":0,"tr":0,"bl":0,"br":0} radiusRun 3.5 
   shadow [[1,"255,255,255",0],[2,"255,255,255",0],[3,"255,255,255",0],[4,"255,255,255",0],[5,"255,255,255",0],[6,"255,255,255",0]] headSep [[99,"255,255,255",0],[100,"255,255,255",0],[101,"255,255,255",0],[102,"255,255,255",0]] 
   titleInk {"l":50,"t":64.5,"w":120,"h":15} childInk {"l":50,"t":172,"w":85,"h":10.5} icons [{"cls":"z-panel-expand","ink":{"l":169.5,"t":68.5,"w":20.5,"h":7}},{"cls":"z-panel-minimize","ink":{"l":213,"t":70,"w":10,"h":2}},{"cls":"z-panel-maximize","ink":{"l":244,"t":65,"w":12,"h":12}},{"cls":"z-panel-close","ink":{"l":278,"t":67,"w":8,"h":8}}] toolbars [{"l":33,"t":101,"r":311,"b":150,"w":278,"h":49},{"l":33,"t":240,"r":311,"b":289,"w":278,"h":49}]
2 normal "Panel (normal)" open true | z-panel z-panel-noframe | rect {"l":336,"t":40,"r":616,"b":290,"w":280,"h":250} head {"l":337,"t":41,"r":615,"b":102,"w":278,"h":61} body {"l":337,"t":102,"r":615,"b":289,"w":278,"h":187} 
   cs {"border":"1px solid rgb(0, 0, 0)","borderRadius":"0px","boxShadow":"none","bg":"rgb(255, 255, 255)","boxSizing":"border-box"} headBB 1px solid rgb(0, 0, 0) 
   bg [255,255,255] edges {"left":[0,0,0],"right":[0,0,0],"top":[0,0,0],"bottom":[0,0,0]} edgeDE {"left":100,"right":100,"top":100,"bottom":100} corners {"tl":[0,0,0],"tr":[0,0,0],"bl":[0,0,0],"br":[0,0,0]} cornerDE {"tl":100,"tr":100,"bl":100,"br":100} radiusRun 0 
   shadow [[1,"255,255,255",0],[2,"255,255,255",0],[3,"255,255,255",0],[4,"255,255,255",0],[5,"255,255,255",0],[6,"255,255,255",0]] headSep [[100,"255,255,255",0],[101,"0,0,0",100],[102,"255,255,255",0],[103,"255,255,255",0]] 
   titleInk {"l":354,"t":64.5,"w":109.5,"h":15} childInk {"l":354,"t":173,"w":85,"h":10.5} icons [{"cls":"z-panel-expand","ink":{"l":484.5,"t":68.5,"w":8.5,"h":5}},{"cls":"z-panel-minimize","ink":{"l":516,"t":70,"w":10,"h":2}},{"cls":"z-panel-maximize","ink":{"l":547,"t":65,"w":12,"h":12}},{"cls":"z-panel-close","ink":{"l":581,"t":67,"w":8,"h":8}}] toolbars [{"l":337,"t":102,"r":615,"b":151,"w":278,"h":49},{"l":337,"t":240,"r":615,"b":289,"w":278,"h":49}]
3 none "Panel (no border)" open true | z-panel z-panel-noborder z-panel-noframe | rect {"l":32,"t":40,"r":312,"b":290,"w":280,"h":250} head {"l":33,"t":41,"r":311,"b":101,"w":278,"h":60} body {"l":33,"t":101,"r":311,"b":289,"w":278,"h":188} 
   cs {"border":"1px solid rgb(0, 0, 0)","borderRadius":"0px","boxShadow":"none","bg":"rgb(255, 255, 255)","boxSizing":"border-box"} headBB 0px none rgb(0, 0, 0) 
   bg [255,255,255] edges {"left":[0,0,0],"right":[0,0,0],"top":[0,0,0],"bottom":[0,0,0]} edgeDE {"left":100,"right":100,"top":100,"bottom":100} corners {"tl":[0,0,0],"tr":[0,0,0],"bl":[0,0,0],"br":[0,0,0]} cornerDE {"tl":100,"tr":100,"bl":100,"br":100} radiusRun 0 
   shadow [[1,"255,255,255",0],[2,"255,255,255",0],[3,"255,255,255",0],[4,"255,255,255",0],[5,"255,255,255",0],[6,"255,255,255",0]] headSep [[99,"255,255,255",0],[100,"255,255,255",0],[101,"255,255,255",0],[102,"255,255,255",0]] 
   titleInk {"l":50,"t":64.5,"w":130.5,"h":15} childInk {"l":50,"t":172,"w":85,"h":10.5} icons [{"cls":"z-panel-expand","ink":{"l":180,"t":68.5,"w":20,"h":7}},{"cls":"z-panel-minimize","ink":{"l":223,"t":70,"w":10,"h":2}},{"cls":"z-panel-maximize","ink":{"l":254,"t":65,"w":12,"h":12}},{"cls":"z-panel-close","ink":{"l":288,"t":67,"w":8,"h":8}}] toolbars [{"l":33,"t":101,"r":311,"b":150,"w":278,"h":49},{"l":33,"t":240,"r":311,"b":289,"w":278,"h":49}]
4 rounded "Panel (rounded)" open true | z-panel z-panel-noborder | rect {"l":32,"t":40,"r":312,"b":240,"w":280,"h":200} head {"l":33,"t":41,"r":311,"b":101,"w":278,"h":60} body {"l":33,"t":101,"r":311,"b":239,"w":278,"h":138} 
   cs {"border":"1px solid rgb(0, 0, 0)","borderRadius":"6px","boxShadow":"none","bg":"rgb(255, 255, 255)","boxSizing":"border-box"} headBB 0px none rgb(0, 0, 0) 
   bg [255,255,255] edges {"left":[0,0,0],"right":[0,0,0],"top":[0,0,0],"bottom":[0,0,0]} edgeDE {"left":100,"right":100,"top":100,"bottom":100} corners {"tl":[255,255,255],"tr":[255,255,255],"bl":[255,255,255],"br":[255,255,255]} cornerDE {"tl":0,"tr":0,"bl":0,"br":0} radiusRun 3.5 
   shadow [[1,"255,255,255",0],[2,"255,255,255",0],[3,"255,255,255",0],[4,"255,255,255",0],[5,"255,255,255",0],[6,"255,255,255",0]] headSep [[99,"255,255,255",0],[100,"255,255,255",0],[101,"255,255,255",0],[102,"255,255,255",0]] 
   titleInk {"l":50,"t":64.5,"w":120,"h":15} childInk {"l":50,"t":122,"w":85,"h":10.5} icons [{"cls":"z-panel-expand","ink":{"l":169.5,"t":68.5,"w":20.5,"h":7}},{"cls":"z-panel-minimize","ink":{"l":213,"t":70,"w":10,"h":2}},{"cls":"z-panel-maximize","ink":{"l":244,"t":65,"w":12,"h":12}},{"cls":"z-panel-close","ink":{"l":278,"t":67,"w":8,"h":8}}] toolbars []
5 normal "Panel (normal)" open true | z-panel z-panel-noframe | rect {"l":336,"t":40,"r":616,"b":240,"w":280,"h":200} head {"l":337,"t":41,"r":615,"b":102,"w":278,"h":61} body {"l":337,"t":102,"r":615,"b":239,"w":278,"h":137} 
   cs {"border":"1px solid rgb(0, 0, 0)","borderRadius":"0px","boxShadow":"none","bg":"rgb(255, 255, 255)","boxSizing":"border-box"} headBB 1px solid rgb(0, 0, 0) 
   bg [255,255,255] edges {"left":[0,0,0],"right":[0,0,0],"top":[0,0,0],"bottom":[0,0,0]} edgeDE {"left":100,"right":100,"top":100,"bottom":100} corners {"tl":[0,0,0],"tr":[0,0,0],"bl":[0,0,0],"br":[0,0,0]} cornerDE {"tl":100,"tr":100,"bl":100,"br":100} radiusRun 0 
   shadow [[1,"255,255,255",0],[2,"255,255,255",0],[3,"255,255,255",0],[4,"255,255,255",0],[5,"255,255,255",0],[6,"255,255,255",0]] headSep [[100,"255,255,255",0],[101,"0,0,0",100],[102,"255,255,255",0],[103,"255,255,255",0]] 
   titleInk {"l":354,"t":64.5,"w":109.5,"h":15} childInk {"l":354,"t":123,"w":85,"h":10.5} icons [{"cls":"z-panel-expand","ink":{"l":484.5,"t":68.5,"w":8.5,"h":5}},{"cls":"z-panel-minimize","ink":{"l":516,"t":70,"w":10,"h":2}},{"cls":"z-panel-maximize","ink":{"l":547,"t":65,"w":12,"h":12}},{"cls":"z-panel-close","ink":{"l":581,"t":67,"w":8,"h":8}}] toolbars []
6 none "Panel (no border)" open true | z-panel z-panel-noborder z-panel-noframe | rect {"l":640,"t":40,"r":920,"b":240,"w":280,"h":200} head {"l":641,"t":41,"r":919,"b":101,"w":278,"h":60} body {"l":641,"t":101,"r":919,"b":239,"w":278,"h":138} 
   cs {"border":"1px solid rgb(0, 0, 0)","borderRadius":"0px","boxShadow":"none","bg":"rgb(255, 255, 255)","boxSizing":"border-box"} headBB 0px none rgb(0, 0, 0) 
   bg [255,255,255] edges {"left":[0,0,0],"right":[0,0,0],"top":[0,0,0],"bottom":[0,0,0]} edgeDE {"left":100,"right":100,"top":100,"bottom":100} corners {"tl":[0,0,0],"tr":[0,0,0],"bl":[0,0,0],"br":[0,0,0]} cornerDE {"tl":100,"tr":100,"bl":100,"br":100} radiusRun 0 
   shadow [[1,"255,255,255",0],[2,"255,255,255",0],[3,"255,255,255",0],[4,"255,255,255",0],[5,"255,255,255",0],[6,"255,255,255",0]] headSep [[99,"255,255,255",0],[100,"255,255,255",0],[101,"255,255,255",0],[102,"255,255,255",0]] 
   titleInk {"l":658,"t":64.5,"w":130.5,"h":15} childInk {"l":658,"t":122,"w":85,"h":10.5} icons [{"cls":"z-panel-expand","ink":{"l":788,"t":68.5,"w":20,"h":7}},{"cls":"z-panel-minimize","ink":{"l":831,"t":70,"w":10,"h":2}},{"cls":"z-panel-maximize","ink":{"l":862,"t":65,"w":12,"h":12}},{"cls":"z-panel-close","ink":{"l":896,"t":67,"w":8,"h":8}}] toolbars []
7 rounded "" open true | z-panel z-panel-noborder z-panel-noheader | rect {"l":944,"t":40,"r":1224,"b":240,"w":280,"h":200} head null body {"l":945,"t":41,"r":1223,"b":239,"w":278,"h":198} 
   cs {"border":"1px solid rgb(0, 0, 0)","borderRadius":"6px","boxShadow":"none","bg":"rgb(255, 255, 255)","boxSizing":"border-box"} headBB null 
   bg [255,255,255] edges {"left":[0,0,0],"right":[0,0,0],"top":[0,0,0],"bottom":[0,0,0]} edgeDE {"left":100,"right":100,"top":100,"bottom":100} corners {"tl":[255,255,255],"tr":[255,255,255],"bl":[255,255,255],"br":[255,255,255]} cornerDE {"tl":0,"tr":0,"bl":0,"br":0} radiusRun 3.5 
   shadow [[1,"255,255,255",0],[2,"255,255,255",0],[3,"255,255,255",0],[4,"255,255,255",0],[5,"255,255,255",0],[6,"255,255,255",0]] headSep null 
   titleInk null childInk {"l":962,"t":62,"w":138.5,"h":12} icons [] toolbars []
8 normal "" open true | z-panel z-panel-noheader z-panel-noframe | rect {"l":32,"t":93,"r":312,"b":293,"w":280,"h":200} head null body {"l":33,"t":94,"r":311,"b":292,"w":278,"h":198} 
   cs {"border":"1px solid rgb(0, 0, 0)","borderRadius":"0px","boxShadow":"none","bg":"rgb(255, 255, 255)","boxSizing":"border-box"} headBB null 
   bg [255,255,255] edges {"left":[0,0,0],"right":[0,0,0],"top":[0,0,0],"bottom":[0,0,0]} edgeDE {"left":100,"right":100,"top":100,"bottom":100} corners {"tl":[0,0,0],"tr":[0,0,0],"bl":[0,0,0],"br":[0,0,0]} cornerDE {"tl":100,"tr":100,"bl":100,"br":100} radiusRun 0 
   shadow [[1,"255,255,255",0],[2,"255,255,255",0],[3,"255,255,255",0],[4,"255,255,255",0],[5,"255,255,255",0],[6,"255,255,255",0]] headSep null 
   titleInk null childInk {"l":50,"t":115,"w":138.5,"h":12} icons [] toolbars []
9 none "" open true | z-panel z-panel-noborder z-panel-noheader z-panel-noframe | rect {"l":336,"t":93,"r":616,"b":293,"w":280,"h":200} head null body {"l":337,"t":94,"r":615,"b":292,"w":278,"h":198} 
   cs {"border":"1px solid rgb(0, 0, 0)","borderRadius":"0px","boxShadow":"none","bg":"rgb(255, 255, 255)","boxSizing":"border-box"} headBB null 
   bg [255,255,255] edges {"left":[0,0,0],"right":[0,0,0],"top":[0,0,0],"bottom":[0,0,0]} edgeDE {"left":100,"right":100,"top":100,"bottom":100} corners {"tl":[0,0,0],"tr":[0,0,0],"bl":[0,0,0],"br":[0,0,0]} cornerDE {"tl":100,"tr":100,"bl":100,"br":100} radiusRun 0 
   shadow [[1,"255,255,255",0],[2,"255,255,255",0],[3,"255,255,255",0],[4,"255,255,255",0],[5,"255,255,255",0],[6,"255,255,255",0]] headSep null 
   titleInk null childInk {"l":354,"t":115,"w":138.5,"h":12} icons [] toolbars []
10 normal "Panel with Overflow Content" open true | z-panel z-panel-noframe | rect {"l":32,"t":387,"r":332,"b":587,"w":300,"h":200} head {"l":33,"t":388,"r":331,"b":445,"w":298,"h":57} body {"l":33,"t":445,"r":331,"b":586,"w":298,"h":141} 
   cs {"border":"1px solid rgb(0, 0, 0)","borderRadius":"0px","boxShadow":"none","bg":"rgb(255, 255, 255)","boxSizing":"border-box"} headBB 1px solid rgb(0, 0, 0) 
   bg [255,255,255] edges {"left":[0,0,0],"right":[0,0,0],"top":[0,0,0],"bottom":[0,0,0]} edgeDE {"left":100,"right":100,"top":100,"bottom":100} corners {"tl":[0,0,0],"tr":[0,0,0],"bl":[0,0,0],"br":[0,0,0]} cornerDE {"tl":100,"tr":100,"bl":100,"br":100} radiusRun 0 
   shadow [[1,"255,255,255",0],[2,"255,255,255",0],[3,"255,255,255",0],[4,"255,255,255",0],[5,"255,255,255",0],[6,"255,255,255",0]] headSep [[443,"255,255,255",0],[444,"0,0,0",100],[445,"255,255,255",0],[446,"255,255,255",0]] 
   titleInk {"l":50,"t":409.5,"w":217,"h":13} childInk null icons [] toolbars []
11 rounded "Collapsed Panel" open false | z-panel z-panel-noborder z-panel-collapsed | rect {"l":32,"t":710,"r":312,"b":772,"w":280,"h":62} head {"l":33,"t":711,"r":311,"b":771,"w":278,"h":60} body {"l":0,"t":0,"r":0,"b":0,"w":0,"h":0} 
   cs {"border":"1px solid rgb(0, 0, 0)","borderRadius":"6px","boxShadow":"none","bg":"rgb(255, 255, 255)","boxSizing":"border-box"} headBB 0px none rgb(0, 0, 0) 
   bg [255,255,255] edges {"left":[0,0,0],"right":[0,0,0],"top":[0,0,0],"bottom":[0,0,0]} edgeDE {"left":100,"right":100,"top":100,"bottom":100} corners {"tl":[255,255,255],"tr":[255,255,255],"bl":[255,255,255],"br":[255,255,255]} cornerDE {"tl":0,"tr":0,"bl":0,"br":0} radiusRun 3.5 
   shadow [[1,"255,255,255",0],[2,"255,255,255",0],[3,"255,255,255",0],[4,"255,255,255",0],[5,"255,255,255",0],[6,"255,255,255",0]] headSep [[769,"255,255,255",0],[770,"255,255,255",0],[771,"0,0,0",100],[772,"255,255,255",0]] 
   titleInk {"l":49.5,"t":735,"w":121.5,"h":15.5} childInk null icons [{"cls":"z-panel-expand","ink":{"l":276.5,"t":738.5,"w":8.5,"h":5}}] toolbars []
12 rounded "Expanded Panel" open true | z-panel z-panel-noborder | rect {"l":336,"t":710,"r":616,"b":832,"w":280,"h":122} head {"l":337,"t":711,"r":615,"b":771,"w":278,"h":60} body {"l":337,"t":771,"r":615,"b":831,"w":278,"h":60} 
   cs {"border":"1px solid rgb(0, 0, 0)","borderRadius":"6px","boxShadow":"none","bg":"rgb(255, 255, 255)","boxSizing":"border-box"} headBB 0px none rgb(0, 0, 0) 
   bg [255,255,255] edges {"left":[0,0,0],"right":[0,0,0],"top":[0,0,0],"bottom":[0,0,0]} edgeDE {"left":100,"right":100,"top":100,"bottom":100} corners {"tl":[255,255,255],"tr":[255,255,255],"bl":[255,255,255],"br":[255,255,255]} cornerDE {"tl":0,"tr":0,"bl":0,"br":0} radiusRun 3.5 
   shadow [[1,"255,255,255",0],[2,"255,255,255",0],[3,"255,255,255",0],[4,"255,255,255",0],[5,"255,255,255",0],[6,"255,255,255",0]] headSep [[769,"255,255,255",0],[770,"255,255,255",0],[771,"255,255,255",0],[772,"255,255,255",0]] 
   titleInk {"l":354,"t":735,"w":121,"h":15.5} childInk {"l":354,"t":792,"w":85,"h":10.5} icons [{"cls":"z-panel-expand","ink":{"l":580.5,"t":738.5,"w":8.5,"h":5}}] toolbars []
=== windowBorders [{"cls":"z-window z-window-embedded","border":"normal","mode":"embedded","cssBorder":"1px solid rgba(0, 0, 0, 0.12)","radius":"4px"},{"cls":"z-window z-window-noborder z-window-embedded","border":"none","mode":"embedded","cssBorder":"0px none rgba(0, 0, 0, 0.87)","radius":"4px"},{"cls":"z-window z-window-embedded","border":"normal","mode":"embedded","cssBorder":"1px solid rgba(0, 0, 0, 0.12)","radius":"4px"},{"cls":"z-window z-window-noborder z-window-embedded","border":"none","mode":"embedded","cssBorder":"0px none rgba(0, 0, 0, 0.87)","radius":"4px"},{"cls":"z-window z-window-noheader z-window-embedded","border":"normal","mode":"embedded","cssBorder":"1px solid rgba(0, 0, 0, 0.12)","radius":"4px"},{"cls":"z-window z-window-noborder z-window-noheader z-window-embedded","border":"none","mode":"embedded","cssBorder":"0px none rgba(0, 0, 0, 0.87)","radius":"4px"},{"cls":"z-window z-window-embedded","border":"normal","mode":"embedded","cssBorder":"1px solid rgba(0, 0, 0, 0.12)","radius":"4px"},{"cls":"z-window z-window-noborder z-window-embedded","border":"none","mode":"embedded","cssBorder":"0px none rgba(0, 0, 0, 0.87)","radius":"4px"},{"cls":"z-window z-window-overlapped z-window-shadow","border":"normal","mode":"overlapped","cssBorder":"1px solid rgba(0, 0, 0, 0.12)","radius":"4px"},{"cls":"z-window z-window-noborder z-window-overlapped z-window-shadow","border":"none","mode":"overlapped","cssBorder":"0px none rgba(0, 0, 0, 0.87)","radius":"4px"},{"cls":"z-window z-window-popup z-window-shadow","border":"normal","mode":"popup","cssBorder":"1px solid rgba(0, 0, 0, 0.12)","radius":"4px"},{"cls":"z-window z-window-noborder z-window-popup z-window-shadow","border":"none","mode":"popup","cssBorder":"0px none rgba(0, 0, 0, 0.87)","radius":"4px"}]
