grid.zul #0 z-grid  fk 0 rows 4  stray []
grid.zul #1 z-grid  fk 0 rows 3  stray []
grid.zul #2 z-grid  fk 0 rows 2  stray []
grid.zul #3 z-grid  fk 0 rows 1  stray []
grid.zul #4 z-grid  fk 2 rows 4 withLine 4 stray []
grid.zul #5 z-grid  fk 0 rows 0  stray []
grid.zul #6 z-grid-noborder z-grid  fk 0 rows 2  stray []
listbox.zul #0 z-listbox  fk 0 rows 4  stray []
listbox.zul #1 z-listbox  fk 0 rows 4  stray []
listbox.zul #2 z-listbox  fk 0 rows 4  stray []
listbox.zul #3 z-listbox  fk 0 rows 3  stray []
listbox.zul #4 z-listbox  fk 0 rows 3  stray []
listbox.zul #5 z-listbox  fk 2 rows 3 withLine 3 stray []
listbox.zul #6 z-listbox  fk 0 rows 0  stray []
listbox.zul #7 z-listbox-noborder z-listbox  fk 0 rows 2  stray []
tree.zul #0 z-tree  fk 0 rows 6  stray []
tree.zul #1 z-tree  fk 0 rows 6  stray []
tree.zul #2 z-tree  fk 0 rows 6  stray []
tree.zul #3 z-tree  fk 0 rows 6  stray []
tree.zul #4 z-tree  fk 0 rows 5  stray []
tree.zul #5 z-tree  fk 0 rows 3  stray []
tree.zul #6 z-tree  fk 0 rows 6  stray []
tree.zul #7 z-tree  fk 2 rows 5 withLine 5 stray []
tree.zul #8 z-tree  fk 0 rows 6  stray []
tree.zul #9 z-tree-noborder z-tree  fk 0 rows 3  stray []
grid-header.zul #0 z-grid  fk 0 rows 1  stray []
grid-header.zul #1 z-grid  fk 0 rows 1  stray []
grid-header.zul #2 z-grid  fk 0 rows 1  stray []
grid-header.zul #3 z-grid  fk 0 rows 1  stray []
grid-header.zul #4 z-grid  fk 0 rows 1  stray []
grid-header.zul #5 z-grid  fk 0 rows 1  stray []
grid-header.zul #6 z-grid  fk 0 rows 2  stray []
grid-header.zul #7 z-grid  fk 0 rows 2  stray []
grid-header.zul #8 z-grid  fk 0 rows 2  stray []
grid-header.zul #9 z-grid  fk 0 rows 2  stray []
grid-header.zul #10 z-grid  fk 0 rows 3  stray []
grid-header.zul #11 z-grid  fk 0 rows 2  stray []
grid-header.zul #12 z-grid  fk 2 rows 4 withLine 4 stray []
grid-header.zul #13 z-sticky-header z-grid  fk 0 rows 6  stray []
grid-header.zul #14 z-grid  fk 0 rows 3  stray []
grid-header.zul #15 z-grid  fk 0 rows 3  stray []
listbox-header.zul #0 z-listbox  fk 0 rows 1  stray []
listbox-header.zul #1 z-listbox  fk 0 rows 1  stray []
listbox-header.zul #2 z-listbox  fk 0 rows 1  stray []
listbox-header.zul #3 z-listbox  fk 0 rows 4  stray []
listbox-header.zul #4 z-listbox  fk 0 rows 4  stray []
listbox-header.zul #5 z-listbox  fk 0 rows 4  stray []
listbox-header.zul #6 z-listbox  fk 0 rows 2  stray []
listbox-header.zul #7 z-listbox  fk 0 rows 2  stray []
listbox-header.zul #8 z-listbox  fk 0 rows 2  stray []
listbox-header.zul #9 z-listbox  fk 0 rows 5  stray []
listbox-header.zul #10 z-listbox  fk 0 rows 2  stray []
listbox-header.zul #11 z-listbox  fk 0 rows 2  stray []
listbox-header.zul #12 z-listbox  fk 0 rows 2  stray []
listbox-header.zul #13 z-listbox  fk 0 rows 2  stray []
listbox-header.zul #14 z-listbox  fk 0 rows 2  stray []
listbox-header.zul #15 z-listbox  fk 2 rows 4 withLine 4 stray []
listbox-header.zul #16 z-sticky-header z-listbox  fk 0 rows 6  stray []
listbox-header.zul #17 z-listbox  fk 0 rows 4  stray []
tree-header.zul #0 z-tree  fk 0 rows 4  stray []
tree-header.zul #1 z-tree  fk 0 rows 2  stray []
tree-header.zul #2 z-tree  fk 0 rows 2  stray []
tree-header.zul #3 z-tree  fk 0 rows 1  stray []
tree-header.zul #4 z-tree  fk 0 rows 1  stray []
tree-header.zul #5 z-tree  fk 0 rows 1  stray []
tree-header.zul #6 z-tree  fk 0 rows 2  stray []
tree-header.zul #7 z-tree  fk 0 rows 2  stray []
tree-header.zul #8 z-tree  fk 0 rows 3  stray []
tree-header.zul #9 z-tree  fk 0 rows 2  stray []
tree-header.zul #10 z-tree  fk 2 rows 5 withLine 5 stray []
tree-header.zul #11 z-sticky-header z-tree  fk 0 rows 6  stray []
tree-header.zul #12 z-tree  fk 0 rows 2  stray []
