removed rules: {
 "tmp-b3final-r2-frozen.zul": [
  ":is(.z-grid, .z-listbox, .z-tree):has(> :is(.z-grid-header, .z-listbox-header, .z-tree-header) > table > tbody > :is(.z-columns, .z-listhead, .z-treecols) > .z-frozen-col:first-child):not(:has(> :is(.z-grid-header, .z-listbox-header, .z-tree-header) > table > tbody > :is(.z-columns, .z-listhead, .z-treecols) > .z-frozen-col:nth-child(2))) > :is(.z-grid-body, .z-listbox-body, .z-tree-body) > table > tbody > :is(.z-row, .z-listitem, .z-treerow) > :first-child, :is(.z-grid, .z-listbox, .z-tree):has(> :is(.z-grid-header, .z-listbox-header, .z-tree-header) > table > tbody > :is(.z-columns, .z-listhead, .z-treecols) > .z-frozen-col:nth-child(2)):not(:has(> :is(.z-grid-header, .z-listbox-header, .z-tree-header) > table > tbody > :is(.z-columns, .z-listhead, .z-treecols) > .z-frozen-col:nth-child(3))) > :is(.z-grid-body, .z-listbox-body, .z-tree-body) > table > tbody > :is(.z-row, .z-listitem, .z-treerow) > :nth-child(2), :is(.z-grid, .z-listbox, .z-tree):has(> :is(.z-grid-header, .z-listbox-header, .z-tree-header) > table > tbody > :is(.z-columns, .z-listhead, .z-treecols) > .z-frozen-col:nth-child(3)):not(:has(> :is(.z-grid-header, .z-listbox-header, .z-tree-header) > table > tbody > :is(.z-columns, .z-listhead, .z-treecols) > .z-frozen-col:nth-child(4))) > :is(.z-grid-body, .z-listbox-body, .z-tree-body) > table > tbody > :is(.z-row, .z-listitem, .z-treerow) > :nth-child(3), :is(.z-grid, .z-listbox, .z-tree):has(> :is(.z-grid-header, .z-listbox-header, .z-tree-header) > table > tbody > :is(.z-columns, .z-listhead, .z-treecols) > .z-frozen-col:nth-child(4)):not(:has(> :is(.z-grid-header, .z-listbox-header, .z-tree-header) > table > tbody > :is(.z-columns, .z-listhead, .z-treecols) > .z-frozen-col:nth-child(5))) > :is(.z-grid-body, .z-listbox-body, .z-tree-body) > table > tbody > :is(.z-row, .z-listitem, .z-treerow) > :nth-child(4) {box-shadow: inset -1px 0 0 var(--zk-color-outline-variant);}"
 ],
 "grid.zul": [
  ":is(.z-grid, .z-listbox, .z-tree):has(> :is(.z-grid-header, .z-listbox-header, .z-tree-header) > table > tbody > :is(.z-columns, .z-listhead, .z-treecols) > .z-frozen-col:first-child):not(:has(> :is(.z-grid-header, .z-listbox-header, .z-tree-header) > table > tbody > :is(.z-columns, .z-listhead, .z-treecols) > .z-frozen-col:nth-child(2))) > :is(.z-grid-body, .z-listbox-body, .z-tree-body) > table > tbody > :is(.z-row, .z-listitem, .z-treerow) > :first-child, :is(.z-grid, .z-listbox, .z-tree):has(> :is(.z-grid-header, .z-listbox-header, .z-tree-header) > table > tbody > :is(.z-columns, .z-listhead, .z-treecols) > .z-frozen-col:nth-child(2)):not(:has(> :is(.z-grid-header, .z-listbox-header, .z-tree-header) > table > tbody > :is(.z-columns, .z-listhead, .z-treecols) > .z-frozen-col:nth-child(3))) > :is(.z-grid-body, .z-listbox-body, .z-tree-body) > table > tbody > :is(.z-row, .z-listitem, .z-treerow) > :nth-child(2), :is(.z-grid, .z-listbox, .z-tree):has(> :is(.z-grid-header, .z-listbox-header, .z-tree-header) > table > tbody > :is(.z-columns, .z-listhead, .z-treecols) > .z-frozen-col:nth-child(3)):not(:has(> :is(.z-grid-header, .z-listbox-header, .z-tree-header) > table > tbody > :is(.z-columns, .z-listhead, .z-treecols) > .z-frozen-col:nth-child(4))) > :is(.z-grid-body, .z-listbox-body, .z-tree-body) > table > tbody > :is(.z-row, .z-listitem, .z-treerow) > :nth-child(3), :is(.z-grid, .z-listbox, .z-tree):has(> :is(.z-grid-header, .z-listbox-header, .z-tree-header) > table > tbody > :is(.z-columns, .z-listhead, .z-treecols) > .z-frozen-col:nth-child(4)):not(:has(> :is(.z-grid-header, .z-listbox-header, .z-tree-header) > table > tbody > :is(.z-columns, .z-listhead, .z-treecols) > .z-frozen-col:nth-child(5))) > :is(.z-grid-body, .z-listbox-body, .z-tree-body) > table > tbody > :is(.z-row, .z-listitem, .z-treerow) > :nth-child(4) {box-shadow: inset -1px 0 0 var(--zk-color-outline-variant);}"
 ],
 "listbox.zul": [
  ":is(.z-grid, .z-listbox, .z-tree):has(> :is(.z-grid-header, .z-listbox-header, .z-tree-header) > table > tbody > :is(.z-columns, .z-listhead, .z-treecols) > .z-frozen-col:first-child):not(:has(> :is(.z-grid-header, .z-listbox-header, .z-tree-header) > table > tbody > :is(.z-columns, .z-listhead, .z-treecols) > .z-frozen-col:nth-child(2))) > :is(.z-grid-body, .z-listbox-body, .z-tree-body) > table > tbody > :is(.z-row, .z-listitem, .z-treerow) > :first-child, :is(.z-grid, .z-listbox, .z-tree):has(> :is(.z-grid-header, .z-listbox-header, .z-tree-header) > table > tbody > :is(.z-columns, .z-listhead, .z-treecols) > .z-frozen-col:nth-child(2)):not(:has(> :is(.z-grid-header, .z-listbox-header, .z-tree-header) > table > tbody > :is(.z-columns, .z-listhead, .z-treecols) > .z-frozen-col:nth-child(3))) > :is(.z-grid-body, .z-listbox-body, .z-tree-body) > table > tbody > :is(.z-row, .z-listitem, .z-treerow) > :nth-child(2), :is(.z-grid, .z-listbox, .z-tree):has(> :is(.z-grid-header, .z-listbox-header, .z-tree-header) > table > tbody > :is(.z-columns, .z-listhead, .z-treecols) > .z-frozen-col:nth-child(3)):not(:has(> :is(.z-grid-header, .z-listbox-header, .z-tree-header) > table > tbody > :is(.z-columns, .z-listhead, .z-treecols) > .z-frozen-col:nth-child(4))) > :is(.z-grid-body, .z-listbox-body, .z-tree-body) > table > tbody > :is(.z-row, .z-listitem, .z-treerow) > :nth-child(3), :is(.z-grid, .z-listbox, .z-tree):has(> :is(.z-grid-header, .z-listbox-header, .z-tree-header) > table > tbody > :is(.z-columns, .z-listhead, .z-treecols) > .z-frozen-col:nth-child(4)):not(:has(> :is(.z-grid-header, .z-listbox-header, .z-tree-header) > table > tbody > :is(.z-columns, .z-listhead, .z-treecols) > .z-frozen-col:nth-child(5))) > :is(.z-grid-body, .z-listbox-body, .z-tree-body) > table > tbody > :is(.z-row, .z-listitem, .z-treerow) > :nth-child(4) {box-shadow: inset -1px 0 0 var(--zk-color-outline-variant);}"
 ],
 "tree.zul": [
  ":is(.z-grid, .z-listbox, .z-tree):has(> :is(.z-grid-header, .z-listbox-header, .z-tree-header) > table > tbody > :is(.z-columns, .z-listhead, .z-treecols) > .z-frozen-col:first-child):not(:has(> :is(.z-grid-header, .z-listbox-header, .z-tree-header) > table > tbody > :is(.z-columns, .z-listhead, .z-treecols) > .z-frozen-col:nth-child(2))) > :is(.z-grid-body, .z-listbox-body, .z-tree-body) > table > tbody > :is(.z-row, .z-listitem, .z-treerow) > :first-child, :is(.z-grid, .z-listbox, .z-tree):has(> :is(.z-grid-header, .z-listbox-header, .z-tree-header) > table > tbody > :is(.z-columns, .z-listhead, .z-treecols) > .z-frozen-col:nth-child(2)):not(:has(> :is(.z-grid-header, .z-listbox-header, .z-tree-header) > table > tbody > :is(.z-columns, .z-listhead, .z-treecols) > .z-frozen-col:nth-child(3))) > :is(.z-grid-body, .z-listbox-body, .z-tree-body) > table > tbody > :is(.z-row, .z-listitem, .z-treerow) > :nth-child(2), :is(.z-grid, .z-listbox, .z-tree):has(> :is(.z-grid-header, .z-listbox-header, .z-tree-header) > table > tbody > :is(.z-columns, .z-listhead, .z-treecols) > .z-frozen-col:nth-child(3)):not(:has(> :is(.z-grid-header, .z-listbox-header, .z-tree-header) > table > tbody > :is(.z-columns, .z-listhead, .z-treecols) > .z-frozen-col:nth-child(4))) > :is(.z-grid-body, .z-listbox-body, .z-tree-body) > table > tbody > :is(.z-row, .z-listitem, .z-treerow) > :nth-child(3), :is(.z-grid, .z-listbox, .z-tree):has(> :is(.z-grid-header, .z-listbox-header, .z-tree-header) > table > tbody > :is(.z-columns, .z-listhead, .z-treecols) > .z-frozen-col:nth-child(4)):not(:has(> :is(.z-grid-header, .z-listbox-header, .z-tree-header) > table > tbody > :is(.z-columns, .z-listhead, .z-treecols) > .z-frozen-col:nth-child(5))) > :is(.z-grid-body, .z-listbox-body, .z-tree-body) > table > tbody > :is(.z-row, .z-listitem, .z-treerow) > :nth-child(4) {box-shadow: inset -1px 0 0 var(--zk-color-outline-variant);}"
 ]
}
tmp-b3final-r2-frozen.zul .L-f1 [frozen] rest K 1 x0 233 geomEqual true rows: data:L(10.82/0)+[232] data:L(10.82/0)+[232] data:L(10.82/0)+[232] data:L(10.82/0)+[232]
tmp-b3final-r2-frozen.zul .L-f1 [frozen] end K 1 x0 233 geomEqual true rows: data:L(10.82/0)+[232] data:L(10.82/0)+[232] data:L(10.82/0)+[232] data:L(10.82/0)+[232]
tmp-b3final-r2-frozen.zul .L-f2 [frozen] rest K 2 x0 433 geomEqual true rows: data:L(10.82/0)+[432] data:L(10.82/0)+[432] data:L(10.82/0)+[432] data:L(10.82/0)+[432]
tmp-b3final-r2-frozen.zul .L-f2 [frozen] end K 2 x0 433 geomEqual true rows: data:L(10.82/0)+[432] data:L(10.82/0)+[432] data:L(10.82/0)+[432] data:L(10.82/0)+[432]
tmp-b3final-r2-frozen.zul .L-f3 [frozen] rest K 3 x0 733 geomEqual true rows: data:L(10.82/0)+[732] data:L(10.82/0)+[732] data:L(10.82/0)+[732] data:L(10.82/0)+[732]
tmp-b3final-r2-frozen.zul .L-f3 [frozen] end K 3 x0 733 geomEqual true rows: data:L(10.82/0)+[732] data:L(10.82/0)+[732] data:L(10.82/0)+[732] data:L(10.82/0)+[732]
tmp-b3final-r2-frozen.zul .L-f4 [frozen] rest K 4 x0 1033 geomEqual true rows: data:L(10.82/0)+[1032] data:L(10.82/0)+[1032] data:L(10.82/0)+[1032] data:L(10.82/0)+[1032]
tmp-b3final-r2-frozen.zul .L-f4 [frozen] end K 4 x0 1033 geomEqual true rows: data:L(10.82/0)+[1032] data:L(10.82/0)+[1032] data:L(10.82/0)+[1032] data:L(10.82/0)+[1032]
tmp-b3final-r2-frozen.zul .L-f5 [record] rest K 5 x0 1333 geomEqual true rows: data:-(null/null)+[] data:-(null/null)+[] data:-(null/null)+[] data:-(null/null)+[]
tmp-b3final-r2-frozen.zul .L-f5 [record] end K 5 x0 1333 geomEqual true rows: data:-(null/null)+[] data:-(null/null)+[] data:-(null/null)+[] data:-(null/null)+[]
tmp-b3final-r2-frozen.zul .L-grp [frozen] rest K 2 x0 433 geomEqual true rows: group:-(0/0)+[] data:L(10.82/0)+[432] data:L(10.82/0)+[432] group:-(0/0)+[] data:L(10.82/0)+[432] data:L(10.82/0)+[432] groupfoot:-(0/0)+[]
tmp-b3final-r2-frozen.zul .L-grp [frozen] end K 2 x0 433 geomEqual true rows: group:-(0/0)+[] data:L(10.82/0)+[432] data:L(10.82/0)+[432] group:-(0/0)+[] data:L(10.82/0)+[432] data:L(10.82/0)+[432] groupfoot:-(0/0)+[]
tmp-b3final-r2-frozen.zul .L-aux [frozen] rest K 2 x0 433 geomEqual true rows: data:L(10.82/0)+[432] data:L(10.82/0)+[432] data:L(10.82/0)+[432] data:L(10.82/0)+[432]
tmp-b3final-r2-frozen.zul .L-aux [frozen] end K 2 x0 433 geomEqual true rows: data:L(10.82/0)+[432] data:L(10.82/0)+[432] data:L(10.82/0)+[432] data:L(10.82/0)+[432]
tmp-b3final-r2-frozen.zul .L-start1 [frozen] rest K 2 x0 433 geomEqual true rows: data:L(10.82/0)+[432] data:L(10.82/0)+[432] data:L(10.82/0)+[432] data:L(10.82/0)+[432]
tmp-b3final-r2-frozen.zul .L-start1 [frozen] end K 2 x0 433 geomEqual true rows: data:L(10.82/0)+[432] data:L(10.82/0)+[432] data:L(10.82/0)+[432] data:L(10.82/0)+[432]
tmp-b3final-r2-frozen.zul .L-lbcm [frozen] rest K 2 x0 433 geomEqual true rows: data:L(10.82/0)+[432] data:L(10.82/0)+[432] data:L(10.82/0)+[432] data:L(10.82/0)+[432]
tmp-b3final-r2-frozen.zul .L-lbcm [frozen] end K 2 x0 433 geomEqual true rows: data:L(10.82/0)+[432] data:L(10.82/0)+[432] data:L(10.82/0)+[432] data:L(10.82/0)+[432]
tmp-b3final-r2-frozen.zul .L-lb [frozen] rest K 2 x0 433 geomEqual true rows: data:L(10.82/0)+[432] data:L(10.82/0)+[432] data:L(10.82/0)+[432] data:L(10.82/0)+[432]
tmp-b3final-r2-frozen.zul .L-lb [frozen] end K 2 x0 433 geomEqual true rows: data:L(10.82/0)+[432] data:L(10.82/0)+[432] data:L(10.82/0)+[432] data:L(10.82/0)+[432]
tmp-b3final-r2-frozen.zul .L-tree [frozen] rest K 2 x0 433 geomEqual true rows: data:L(10.82/0)+[432] data:L(10.82/0)+[432] data:L(10.82/0)+[432] data:L(10.82/0)+[432] data:L(10.82/0)+[432]
tmp-b3final-r2-frozen.zul .L-tree [frozen] end K 2 x0 433 geomEqual true rows: data:L(10.82/0)+[432] data:L(10.82/0)+[432] data:L(10.82/0)+[432] data:L(10.82/0)+[432] data:L(10.82/0)+[432]
tmp-b3final-r2-frozen.zul .L-nest [frozen] rest K 2 x0 433 geomEqual true rows: data:L(10.82/0)+[432] data:L(10.82/0)+[432] data:L(10.82/0)+[432] data:L(10.82/0)+[432]
tmp-b3final-r2-frozen.zul .L-nest [frozen] end K 2 x0 433 geomEqual true rows: data:L(10.82/0)+[432] data:L(10.82/0)+[432] data:L(10.82/0)+[432] data:L(10.82/0)+[432]
tmp-b3final-r2-frozen.zul .L-inner [none] rest K 0 x0 170 geomEqual true rows: data:-(0/0)+[] data:-(0/0)+[]
tmp-b3final-r2-frozen.zul .L-inner end n/a
tmp-b3final-r2-frozen.zul .L-inner2 [none] rest K 0 x0 570 geomEqual true rows: data:-(0/0)+[]
tmp-b3final-r2-frozen.zul .L-inner2 end n/a
tmp-b3final-r2-frozen.zul .L-innerlb [none] rest K 0 x0 870 geomEqual true rows: data:-(0/0)+[]
tmp-b3final-r2-frozen.zul .L-innerlb end n/a
tmp-b3final-r2-frozen.zul .L-f5n [record] rest K 5 x0 783 geomEqual true rows: data:-(0/0)+[] data:-(0/0)+[] data:-(0/0)+[]
tmp-b3final-r2-frozen.zul .L-f5n [record] end K 5 x0 783 geomEqual true rows: data:-(0/0)+[] data:-(0/0)+[] data:-(0/0)+[]
tmp-b3final-r2-frozen.zul .L-colspan [record] rest K 2 x0 433 geomEqual true rows: data:L(10.82/0)+[432] colspan:-(0/0)+[732] colspan:-(0/0)+[1032] data:L(10.82/0)+[432]
tmp-b3final-r2-frozen.zul .L-colspan [record] end K 2 x0 433 geomEqual true rows: data:L(10.82/0)+[432] colspan:-(0/0)+[] colspan:-(0/0)+[] data:L(10.82/0)+[432]
tmp-b3final-r2-frozen.zul .L-nfg [none] rest K 0 x0 433 geomEqual true rows: data:-(0/0)+[] data:-(0/0)+[] data:-(0/0)+[] data:-(0/0)+[]
tmp-b3final-r2-frozen.zul .L-nfg end n/a
tmp-b3final-r2-frozen.zul .L-nfl [none] rest K 0 x0 433 geomEqual true rows: data:-(0/0)+[] data:-(0/0)+[] data:-(0/0)+[]
tmp-b3final-r2-frozen.zul .L-nfl end n/a
tmp-b3final-r2-frozen.zul .L-nft [none] rest K 0 x0 433 geomEqual true rows: data:-(0/0)+[] data:-(0/0)+[] data:-(0/0)+[] data:-(0/0)+[]
tmp-b3final-r2-frozen.zul .L-nft end n/a
tmp-b3final-r2-frozen.zul .R-nestF [frozen] rest K 2 x0 433 geomEqual true rows: data:L(10.82/0)+[432] data:L(10.82/0)+[432] data:L(10.82/0)+[432] data:L(10.82/0)+[432]
tmp-b3final-r2-frozen.zul .R-nestF [frozen] end K 2 x0 433 geomEqual true rows: data:L(10.82/0)+[432] data:L(10.82/0)+[432] data:L(10.82/0)+[432] data:L(10.82/0)+[432]
tmp-b3final-r2-frozen.zul .R-inG [none] rest K 0 x0 170 geomEqual true rows: data:-(0/0)+[] data:-(0/0)+[]
tmp-b3final-r2-frozen.zul .R-inG end n/a
tmp-b3final-r2-frozen.zul .R-inL [none] rest K 0 x0 170 geomEqual true rows: data:-(0/0)+[] data:-(0/0)+[]
tmp-b3final-r2-frozen.zul .R-inL end n/a
tmp-b3final-r2-frozen.zul .R-inT [none] rest K 0 x0 170 geomEqual true rows: data:-(0/0)+[] data:-(0/0)+[]
tmp-b3final-r2-frozen.zul .R-inT end n/a
tmp-b3final-r2-frozen.zul .R-nestN [frozen] rest K 2 x0 433 geomEqual true rows: data:L(10.82/0)+[432] data:L(10.82/0)+[432] data:L(10.82/0)+[432] data:L(10.82/0)+[432]
tmp-b3final-r2-frozen.zul .R-nestN [frozen] end K 2 x0 433 geomEqual true rows: data:L(10.82/0)+[432] data:L(10.82/0)+[432] data:L(10.82/0)+[432] data:L(10.82/0)+[432]
tmp-b3final-r2-frozen.zul .R-nG [none] rest K 0 x0 570 geomEqual true rows: data:-(0/0)+[] data:-(0/0)+[]
tmp-b3final-r2-frozen.zul .R-nG end n/a
tmp-b3final-r2-frozen.zul .R-nL [none] rest K 0 x0 570 geomEqual true rows: data:-(0/0)+[] data:-(0/0)+[]
tmp-b3final-r2-frozen.zul .R-nL end n/a
tmp-b3final-r2-frozen.zul .R-nT [none] rest K 0 x0 570 geomEqual true rows: data:-(0/0)+[] data:-(0/0)+[]
tmp-b3final-r2-frozen.zul .R-nT end n/a
tmp-b3final-r2-frozen.zul .R-nestFF [frozen] rest K 2 x0 433 geomEqual true rows: data:L(10.82/0)+[432] data:L(10.82/0)+[432] data:L(10.82/0)+[432] data:L(10.82/0)+[432]
tmp-b3final-r2-frozen.zul .R-nestFF [frozen] end K 2 x0 433 geomEqual true rows: data:L(10.82/0)+[432] data:L(10.82/0)+[432] data:L(10.82/0)+[432] data:L(10.82/0)+[432]
tmp-b3final-r2-frozen.zul .R-ffG [frozen] rest K 1 x0 130 geomEqual true rows: data:L(10.82/0)+[129] data:L(10.82/0)+[129]
tmp-b3final-r2-frozen.zul .R-ffG [frozen] end K 1 x0 130 geomEqual true rows: data:L(10.82/0)+[129] data:L(10.82/0)+[129]
tmp-b3final-r2-frozen.zul .R-ffL [frozen] rest K 1 x0 530 geomEqual true rows: data:L(10.82/0)+[529] data:L(10.82/0)+[529]
tmp-b3final-r2-frozen.zul .R-ffL [frozen] end K 1 x0 530 geomEqual true rows: data:L(10.82/0)+[529] data:L(10.82/0)+[529]
tmp-b3final-r2-frozen.zul .R-ffT [frozen] rest K 1 x0 530 geomEqual true rows: data:L(10.82/0)+[529] data:L(10.82/0)+[529]
tmp-b3final-r2-frozen.zul .R-ffT [frozen] end K 1 x0 530 geomEqual true rows: data:L(10.82/0)+[529] data:L(10.82/0)+[529]
grid.zul .z-grid:nth-of-type(1)@4 [frozen] rest K 2 x0 433 geomEqual true rows: data:L(10.82/0)+[432] data:L(10.82/0)+[432] data:L(10.82/0)+[432] data:L(10.82/0)+[432]
grid.zul .z-grid:nth-of-type(1)@4 [frozen] end K 2 x0 433 geomEqual true rows: data:L(10.82/0)+[432] data:L(10.82/0)+[432] data:L(10.82/0)+[432] data:L(10.82/0)+[432]
listbox.zul .z-listbox@5 [frozen] rest K 2 x0 433 geomEqual true rows: data:L(10.82/0)+[432] data:L(10.82/0)+[432] data:L(10.82/0)+[432]
listbox.zul .z-listbox@5 [frozen] end K 2 x0 433 geomEqual true rows: data:L(10.82/0)+[432] data:L(10.82/0)+[432] data:L(10.82/0)+[432]
tree.zul .z-tree@7 [frozen] rest K 2 x0 733 geomEqual true rows: data:L(10.82/0)+[732] data:L(10.82/0)+[732] data:L(10.82/0)+[732] data:L(10.82/0)+[732] data:L(10.82/0)+[732]
tree.zul .z-tree@7 [frozen] end K 2 x0 733 geomEqual true rows: data:L(10.82/0)+[732] data:L(10.82/0)+[732] data:L(10.82/0)+[732] data:L(10.82/0)+[732] data:L(10.82/0)+[732]
